[2026-03-30 16:43:04] === IMPORT PURCHASE STARTED ===
[2026-03-30 16:43:04] Company ID from session: 5
[2026-03-30 16:43:04] Database connection included
[2026-03-30 16:43:04] License functions included
[2026-03-30 16:43:04] License type: FL-III
[2026-03-30 16:43:04] Available classes: [
    {
        "SGROUP": "W",
        "DESC": "Whisky\/Spirit"
    },
    {
        "SGROUP": "V",
        "DESC": "Wine"
    },
    {
        "SGROUP": "M",
        "DESC": "Mild Beer"
    },
    {
        "SGROUP": "F",
        "DESC": "Strong Beer"
    },
    {
        "SGROUP": "D",
        "DESC": "Brandy\/Cognac"
    },
    {
        "SGROUP": "K",
        "DESC": "Vodka"
    },
    {
        "SGROUP": "G",
        "DESC": "Gin"
    },
    {
        "SGROUP": "R",
        "DESC": "Rum"
    }
]
[2026-03-30 16:43:04] Allowed class SGROUP values: [
    "W",
    "V",
    "M",
    "F",
    "D",
    "K",
    "G",
    "R"
]
[2026-03-30 16:43:04] === FORM SUBMISSION STARTED ===
[2026-03-30 16:43:04] Import settings: {
    "mode": "ALL",
    "default_status": "T",
    "update_mrp": true,
    "update_stock": true
}
[2026-03-30 16:43:04] Number of files uploaded: 1
[2026-03-30 16:43:04] Processing file 1: TPDetails.xls
[2026-03-30 16:43:04] Processing Excel file: TPDetails.xls: C:\xampp\tmp\phpCC4A.tmp
[2026-03-30 16:43:04] File appears to be HTML format, will use Excel parser instead of CSV fallback
[2026-03-30 16:43:04] Identified file type: Html
[2026-03-30 16:43:04] File identified as HTML, processing as CSV instead.
[2026-03-30 16:43:04] Processing CSV file: TPDetails.xls: C:\xampp\tmp\phpCC4A.tmp
[2026-03-30 16:43:04] CSV file loaded, total rows count: 1
[2026-03-30 16:43:04] === FIRST 15 ROWS OF CSV FILE ===
[2026-03-30 16:43:04] Row 1: ["<table  border='1' bgColor='#ffffff' borderColor='#000000' cellSpacing='0' cellPadding='0' style='font-size:10.0pt; font-family:Calibri; background:white;'  ><tr><td colspan='27' align='left'>Licensee: HOTEL GARVA (492)<\/td><\/tr><tr><td colspan='27' align='left'>TP Details<\/td><\/tr><\/tr><td>Received Date<\/td><td>Auto TP No<\/td><td>Manual TP No<\/td><td>TP Date<\/td><td>District<\/td><td>SCM Party Code<\/td><td>Party Name<\/td><td>SrNo<\/td><td>SCM Item Code<\/td><td>Item Name<\/td><td>Size<\/td><td>Qty (Cases)<\/td><td>Qty (Bottles)<\/td><td>Batch No<\/td><td>Mfg. Month<\/td><td>MRP<\/td><td>B.L.<\/td><td>V\/v %<\/td><td>Total Bot. Qty<\/td><td>Transporter Name<\/td><td>Transporter Address<\/td><td>Route<\/td><td>Vehicle No<\/td><td>Driver Name<\/td><td>Driver Mob. No<\/td><td>Driver Lic. No.<\/td><td>Driver City<\/td><\/tr><\/tr><td>08-Apr-2021<\/td><td>FL1305-070421\/34<\/td><td>49<\/td><td>07-Apr-2021<\/td><td>Kolhapur<\/td><td>SCM15180032249<\/td><td>AMAR TRADERS<\/td><td>1<\/td><td>SCMWN0019724<\/td><td>Sula Port Wine 1000<\/td><td>375 ML<\/td><td>1.00<\/td><td>12.00<\/td><td>DD024<\/td><td>Jan-2021<\/td><td>148.00<\/td><td>13.50<\/td><td>13.0<\/td><td>36.00<\/td><td><\/td><td><\/td><td>WIA SAGLI<\/td><td>MH.12.LT.0193<\/td><td><\/td><td><\/td><td><\/td><td><\/td><\/tr><\/tr><td>08-Apr-2021<\/td><td>FL168-080421\/18<\/td><td>18<\/td><td>08-Apr-2021<\/td><td>Kolhapur<\/td><td>SCM15180009803<\/td><td>SAI TRADERS<\/td><td>1<\/td><td>SCMPL0010198<\/td><td>MASTER NOI DR BRANDY<\/td><td>180 ML<\/td><td>5.00<\/td><td>0.00<\/td><td>209<\/td><td>Feb-2021<\/td><td>104.00<\/td><td>43.20<\/td><td>25.0<\/td><td>240.00<\/td><td>SACHIN GAVADE<\/td><td>PULACHI SHIROLI<\/td><td>SANGLI<\/td><td>MH12-LT-0193<\/td><td>SACHIN GAVADE<\/td><td>8421863969<\/td><td>MH09 20100020816<\/td><td>SHIROLI PULACHI<\/td><\/tr><\/tr><td>08-Apr-2021<\/td><td>FL168-080421\/18<\/td><td>18<\/td><td>08-Apr-2021<\/td><td>Kolhapur<\/td><td>SCM15180009803<\/td><td>SAI TRADERS<\/td><td>2<\/td><td>SCMPL0012496<\/td><td>JAMBO P WHISKY(35.0)<\/td><td>180 ML<\/td><td>30.00<\/td><td>0.00<\/td><td>216<\/td><td>Mar-2021<\/td><td>92.00<\/td><td>259.20<\/td><td>35.0<\/td><td>1440.00<\/td><td>SACHIN GAVADE<\/td><td>PULACHI SHIROLI<\/td><td>SANGLI<\/td><td>MH12-LT-0193<\/td><td>SACHIN GAVADE<\/td><td>8421863969<\/td><td>MH09 20100020816<\/td><td>SHIROLI PULACHI<\/td><\/tr><\/tr><td>08-Apr-2021<\/td><td>FL170-080421\/218<\/td><td>240<\/td><td>08-Apr-2021<\/td><td>Kolhapur<\/td><td>SCM15180009805<\/td><td>HARESH TRADERS<\/td><td>1<\/td><td>SCMPL0012597<\/td><td>McDowell's No.1 Celebration XXX Matured Rum<\/td><td>1000 ML(Pet)<\/td><td>2.00<\/td><td>0.00<\/td><td>359<\/td><td>Mar-2021<\/td><td>660.00<\/td><td>18.00<\/td><td>25.0<\/td><td>18.00<\/td><td><\/td><td><\/td><td>SANGALI<\/td><td>MH-12-LT-0193<\/td><td><\/td><td><\/td><td><\/td><td><\/td><\/tr><\/tr><td>08-Apr-2021<\/td><td>FL170-080421\/218<\/td><td>240<\/td><td>08-Apr-2021<\/td><td>Kolhapur<\/td><td>SCM15180009805<\/td><td>HARESH TRADERS<\/td><td>2<\/td><td>SCMPL0010445<\/td><td>Directors Special Black Deluxe Whisky<\/td><td>180 ML<\/td><td>4.00<\/td><td>0.00<\/td><td>990<\/td><td>Mar-2021<\/td><td>140.00<\/td><td>34.56<\/td><td>25.0<\/td><td>192.00<\/td><td><\/td><td><\/td><td>SANGALI<\/td><td>MH-12-LT-0193<\/td><td><\/td><td><\/td><td><\/td><td><\/td><\/tr><\/tr><td>08-Apr-2021<\/td><td>FL170-080421\/218<\/td><td>240<\/td><td>08-Apr-2021<\/td><td>Kolhapur<\/td><td>SCM15180009805<\/td><td>HARESH TRADERS<\/td><td>3<\/td><td>SCMPL0010612<\/td><td>Directors Special Black Deluxe Whisky<\/td><td>90 ML (Pet)-100<\/td><td>1.00<\/td><td>0.00<\/td><td>990<\/td><td>Mar-2021<\/td><td>75.00<\/td><td>9.00<\/td><td>25.0<\/td><td>100.00<\/td><td><\/td><td><\/td><td>SANGALI<\/td><td>MH-12-LT-0193<\/td><td><\/td><td><\/td><td><\/td><td><\/td><\/tr><\/tr><td>08-Apr-2021<\/td><td>FL170-080421\/218<\/td><td>240<\/td><td>08-Apr-2021<\/td><td>Kolhapur<\/td><td>SCM15180009805<\/td><td>HARESH TRADERS<\/td><td>4<\/td><td>SCMPL0010451<\/td><td>McDowell's No. 1 Original Reserve Whisky<\/td><td>180 ML<\/td><td>50.00<\/td><td>0.00<\/td><td>1073<\/td><td>Mar-2021<\/td><td>150.00<\/td><td>432.00<\/td><td>25.0<\/td><td>2400.00<\/td><td><\/td><td><\/td><td>SANGALI<\/td><td>MH-12-LT-0193<\/td><td><\/td><td><\/td><td><\/td><td><\/td><\/tr><\/tr><td>08-Apr-2021<\/td><td>FL177-080421\/151<\/td><td>161<\/td><td>08-Apr-2021<\/td><td>Kolhapur<\/td><td>SCM15180009812<\/td><td>ROCKY TRADERS<\/td><td>1<\/td><td>SCMPL0010676<\/td><td>BRIHANS GOA DRY GIN & LIME<\/td><td>375 ML<\/td><td>2.00<\/td><td>0.00<\/td><td>607<\/td><td>Dec-2020<\/td><td>188.00<\/td><td>18.00<\/td><td>25.0<\/td><td>48.00<\/td><td>Hari<\/td><td>GANDHINAGAR<\/td><td>SANGLI<\/td><td>MH-09\/EM-5199<\/td><td>SANTOSH RANANAVRE<\/td><td>8208595736<\/td><td>1<\/td><td>SHIROLI<\/td><\/tr><\/tr><td>08-Apr-2021<\/td><td>FL177-080421\/151<\/td><td>161<\/td><td>08-Apr-2021<\/td><td>Kolhapur<\/td><td>SCM15180009812<\/td><td>ROCKY TRADERS<\/td><td>2<\/td><td>SCMPL0010679<\/td><td>BRIHANS GOA DRY GIN & LIME DUET<\/td><td>180 ML<\/td><td>7.00<\/td><td>0.00<\/td><td>888<\/td><td>Mar-2021<\/td><td>92.00<\/td><td>60.48<\/td><td>35.0<\/td><td>336.00<\/td><td>Hari<\/td><td>GANDHINAGAR<\/td><td>SANGLI<\/td><td>MH-09\/EM-5199<\/td><td>SANTOSH RANANAVRE<\/td><td>8208595736<\/td><td>1<\/td><td>SHIROLI<\/td><\/tr><\/tr><td>08-Apr-2021<\/td><td>FL177-080421\/4801<\/td><td>161<\/td><td>08-Apr-2021<\/td><td>Kolhapur<\/td><td>SCM15180009812<\/td><td>ROCKY TRADERS<\/td><td>1<\/td><td>SCMPL0010678<\/td><td>BRIHANS GOA DRY GIN & LIME DUET<\/td><td>90 ML(100)<\/td><td>2.00<\/td><td>0.00<\/td><td>915<\/td><td>Mar-2021<\/td><td>50.00<\/td><td>18.00<\/td><td>37.1<\/td><td>200.00<\/td><td><\/td><td><\/td><td><\/td><td><\/td><td><\/td><td><\/td><td><\/td><td><\/td><\/tr><\/table>"]
[2026-03-30 16:43:04] ====================================
[2026-03-30 16:43:04] Found RECEIVED in row 1, cell: <TABLE  BORDER='1' BGCOLOR='#FFFFFF' BORDERCOLOR='#000000' CELLSPACING='0' CELLPADDING='0' STYLE='FONT-SIZE:10.0PT; FONT-FAMILY:CALIBRI; BACKGROUND:WHITE;'  ><TR><TD COLSPAN='27' ALIGN='LEFT'>LICENSEE: HOTEL GARVA (492)</TD></TR><TR><TD COLSPAN='27' ALIGN='LEFT'>TP DETAILS</TD></TR></TR><TD>RECEIVED DATE</TD><TD>AUTO TP NO</TD><TD>MANUAL TP NO</TD><TD>TP DATE</TD><TD>DISTRICT</TD><TD>SCM PARTY CODE</TD><TD>PARTY NAME</TD><TD>SRNO</TD><TD>SCM ITEM CODE</TD><TD>ITEM NAME</TD><TD>SIZE</TD><TD>QTY (CASES)</TD><TD>QTY (BOTTLES)</TD><TD>BATCH NO</TD><TD>MFG. MONTH</TD><TD>MRP</TD><TD>B.L.</TD><TD>V/V %</TD><TD>TOTAL BOT. QTY</TD><TD>TRANSPORTER NAME</TD><TD>TRANSPORTER ADDRESS</TD><TD>ROUTE</TD><TD>VEHICLE NO</TD><TD>DRIVER NAME</TD><TD>DRIVER MOB. NO</TD><TD>DRIVER LIC. NO.</TD><TD>DRIVER CITY</TD></TR></TR><TD>08-APR-2021</TD><TD>FL1305-070421/34</TD><TD>49</TD><TD>07-APR-2021</TD><TD>KOLHAPUR</TD><TD>SCM15180032249</TD><TD>AMAR TRADERS</TD><TD>1</TD><TD>SCMWN0019724</TD><TD>SULA PORT WINE 1000</TD><TD>375 ML</TD><TD>1.00</TD><TD>12.00</TD><TD>DD024</TD><TD>JAN-2021</TD><TD>148.00</TD><TD>13.50</TD><TD>13.0</TD><TD>36.00</TD><TD></TD><TD></TD><TD>WIA SAGLI</TD><TD>MH.12.LT.0193</TD><TD></TD><TD></TD><TD></TD><TD></TD></TR></TR><TD>08-APR-2021</TD><TD>FL168-080421/18</TD><TD>18</TD><TD>08-APR-2021</TD><TD>KOLHAPUR</TD><TD>SCM15180009803</TD><TD>SAI TRADERS</TD><TD>1</TD><TD>SCMPL0010198</TD><TD>MASTER NOI DR BRANDY</TD><TD>180 ML</TD><TD>5.00</TD><TD>0.00</TD><TD>209</TD><TD>FEB-2021</TD><TD>104.00</TD><TD>43.20</TD><TD>25.0</TD><TD>240.00</TD><TD>SACHIN GAVADE</TD><TD>PULACHI SHIROLI</TD><TD>SANGLI</TD><TD>MH12-LT-0193</TD><TD>SACHIN GAVADE</TD><TD>8421863969</TD><TD>MH09 20100020816</TD><TD>SHIROLI PULACHI</TD></TR></TR><TD>08-APR-2021</TD><TD>FL168-080421/18</TD><TD>18</TD><TD>08-APR-2021</TD><TD>KOLHAPUR</TD><TD>SCM15180009803</TD><TD>SAI TRADERS</TD><TD>2</TD><TD>SCMPL0012496</TD><TD>JAMBO P WHISKY(35.0)</TD><TD>180 ML</TD><TD>30.00</TD><TD>0.00</TD><TD>216</TD><TD>MAR-2021</TD><TD>92.00</TD><TD>259.20</TD><TD>35.0</TD><TD>1440.00</TD><TD>SACHIN GAVADE</TD><TD>PULACHI SHIROLI</TD><TD>SANGLI</TD><TD>MH12-LT-0193</TD><TD>SACHIN GAVADE</TD><TD>8421863969</TD><TD>MH09 20100020816</TD><TD>SHIROLI PULACHI</TD></TR></TR><TD>08-APR-2021</TD><TD>FL170-080421/218</TD><TD>240</TD><TD>08-APR-2021</TD><TD>KOLHAPUR</TD><TD>SCM15180009805</TD><TD>HARESH TRADERS</TD><TD>1</TD><TD>SCMPL0012597</TD><TD>MCDOWELL'S NO.1 CELEBRATION XXX MATURED RUM</TD><TD>1000 ML(PET)</TD><TD>2.00</TD><TD>0.00</TD><TD>359</TD><TD>MAR-2021</TD><TD>660.00</TD><TD>18.00</TD><TD>25.0</TD><TD>18.00</TD><TD></TD><TD></TD><TD>SANGALI</TD><TD>MH-12-LT-0193</TD><TD></TD><TD></TD><TD></TD><TD></TD></TR></TR><TD>08-APR-2021</TD><TD>FL170-080421/218</TD><TD>240</TD><TD>08-APR-2021</TD><TD>KOLHAPUR</TD><TD>SCM15180009805</TD><TD>HARESH TRADERS</TD><TD>2</TD><TD>SCMPL0010445</TD><TD>DIRECTORS SPECIAL BLACK DELUXE WHISKY</TD><TD>180 ML</TD><TD>4.00</TD><TD>0.00</TD><TD>990</TD><TD>MAR-2021</TD><TD>140.00</TD><TD>34.56</TD><TD>25.0</TD><TD>192.00</TD><TD></TD><TD></TD><TD>SANGALI</TD><TD>MH-12-LT-0193</TD><TD></TD><TD></TD><TD></TD><TD></TD></TR></TR><TD>08-APR-2021</TD><TD>FL170-080421/218</TD><TD>240</TD><TD>08-APR-2021</TD><TD>KOLHAPUR</TD><TD>SCM15180009805</TD><TD>HARESH TRADERS</TD><TD>3</TD><TD>SCMPL0010612</TD><TD>DIRECTORS SPECIAL BLACK DELUXE WHISKY</TD><TD>90 ML (PET)-100</TD><TD>1.00</TD><TD>0.00</TD><TD>990</TD><TD>MAR-2021</TD><TD>75.00</TD><TD>9.00</TD><TD>25.0</TD><TD>100.00</TD><TD></TD><TD></TD><TD>SANGALI</TD><TD>MH-12-LT-0193</TD><TD></TD><TD></TD><TD></TD><TD></TD></TR></TR><TD>08-APR-2021</TD><TD>FL170-080421/218</TD><TD>240</TD><TD>08-APR-2021</TD><TD>KOLHAPUR</TD><TD>SCM15180009805</TD><TD>HARESH TRADERS</TD><TD>4</TD><TD>SCMPL0010451</TD><TD>MCDOWELL'S NO. 1 ORIGINAL RESERVE WHISKY</TD><TD>180 ML</TD><TD>50.00</TD><TD>0.00</TD><TD>1073</TD><TD>MAR-2021</TD><TD>150.00</TD><TD>432.00</TD><TD>25.0</TD><TD>2400.00</TD><TD></TD><TD></TD><TD>SANGALI</TD><TD>MH-12-LT-0193</TD><TD></TD><TD></TD><TD></TD><TD></TD></TR></TR><TD>08-APR-2021</TD><TD>FL177-080421/151</TD><TD>161</TD><TD>08-APR-2021</TD><TD>KOLHAPUR</TD><TD>SCM15180009812</TD><TD>ROCKY TRADERS</TD><TD>1</TD><TD>SCMPL0010676</TD><TD>BRIHANS GOA DRY GIN & LIME</TD><TD>375 ML</TD><TD>2.00</TD><TD>0.00</TD><TD>607</TD><TD>DEC-2020</TD><TD>188.00</TD><TD>18.00</TD><TD>25.0</TD><TD>48.00</TD><TD>HARI</TD><TD>GANDHINAGAR</TD><TD>SANGLI</TD><TD>MH-09/EM-5199</TD><TD>SANTOSH RANANAVRE</TD><TD>8208595736</TD><TD>1</TD><TD>SHIROLI</TD></TR></TR><TD>08-APR-2021</TD><TD>FL177-080421/151</TD><TD>161</TD><TD>08-APR-2021</TD><TD>KOLHAPUR</TD><TD>SCM15180009812</TD><TD>ROCKY TRADERS</TD><TD>2</TD><TD>SCMPL0010679</TD><TD>BRIHANS GOA DRY GIN & LIME DUET</TD><TD>180 ML</TD><TD>7.00</TD><TD>0.00</TD><TD>888</TD><TD>MAR-2021</TD><TD>92.00</TD><TD>60.48</TD><TD>35.0</TD><TD>336.00</TD><TD>HARI</TD><TD>GANDHINAGAR</TD><TD>SANGLI</TD><TD>MH-09/EM-5199</TD><TD>SANTOSH RANANAVRE</TD><TD>8208595736</TD><TD>1</TD><TD>SHIROLI</TD></TR></TR><TD>08-APR-2021</TD><TD>FL177-080421/4801</TD><TD>161</TD><TD>08-APR-2021</TD><TD>KOLHAPUR</TD><TD>SCM15180009812</TD><TD>ROCKY TRADERS</TD><TD>1</TD><TD>SCMPL0010678</TD><TD>BRIHANS GOA DRY GIN & LIME DUET</TD><TD>90 ML(100)</TD><TD>2.00</TD><TD>0.00</TD><TD>915</TD><TD>MAR-2021</TD><TD>50.00</TD><TD>18.00</TD><TD>37.1</TD><TD>200.00</TD><TD></TD><TD></TD><TD></TD><TD></TD><TD></TD><TD></TD><TD></TD><TD></TD></TR></TABLE>
[2026-03-30 16:43:04] No header row found in CSV file
[2026-03-30 16:43:04] === IMPORT PURCHASE ENDED ===
[2026-03-30 17:06:26] === IMPORT PURCHASE STARTED ===
[2026-03-30 17:06:26] Company ID from session: 5
[2026-03-30 17:06:26] Database connection included
[2026-03-30 17:06:26] License functions included
[2026-03-30 17:06:26] License type: FL-III
[2026-03-30 17:06:26] Available classes: [
    {
        "SGROUP": "W",
        "DESC": "Whisky\/Spirit"
    },
    {
        "SGROUP": "V",
        "DESC": "Wine"
    },
    {
        "SGROUP": "M",
        "DESC": "Mild Beer"
    },
    {
        "SGROUP": "F",
        "DESC": "Strong Beer"
    },
    {
        "SGROUP": "D",
        "DESC": "Brandy\/Cognac"
    },
    {
        "SGROUP": "K",
        "DESC": "Vodka"
    },
    {
        "SGROUP": "G",
        "DESC": "Gin"
    },
    {
        "SGROUP": "R",
        "DESC": "Rum"
    }
]
[2026-03-30 17:06:26] Allowed class SGROUP values: [
    "W",
    "V",
    "M",
    "F",
    "D",
    "K",
    "G",
    "R"
]
[2026-03-30 17:06:26] === FORM SUBMISSION STARTED ===
[2026-03-30 17:06:26] Import settings: {
    "mode": "ALL",
    "default_status": "T",
    "update_mrp": true,
    "update_stock": true
}
[2026-03-30 17:06:26] Number of files uploaded: 1
[2026-03-30 17:06:26] Processing file 1: TPDetails  11 aug.xls
[2026-03-30 17:06:26] Processing Excel file: TPDetails  11 aug.xls: C:\xampp\tmp\php32CF.tmp
[2026-03-30 17:06:27] Identified file type: Html
[2026-03-30 17:06:27] Row-by-row iteration returned 3 rows from 3 iterations
[2026-03-30 17:06:27] === FIRST 15 ROWS FROM ROW-BY-ROW ITERATION ===
[2026-03-30 17:06:27] Iter Row 1: ["Licensee: HOTEL GARVA (492)"]
[2026-03-30 17:06:27] Iter Row 2: ["TP Details"]
[2026-03-30 17:06:27] Iter Row 3: ["Received Date","Auto TP No","Manual TP No"]
[2026-03-30 17:06:27] ===========================================
[2026-03-30 17:06:27] Excel file loaded, total rows count: 3
[2026-03-30 17:06:27] Using row 3 as headers
[2026-03-30 17:06:27] Processed 0 rows, 0 with TP numbers, found 0 TP groups
[2026-03-30 17:06:27] No TP groups found in Excel, trying CSV fallback
[2026-03-30 17:06:27] Processing CSV file: TPDetails  11 aug.xls: C:\xampp\tmp\php32CF.tmp
[2026-03-30 17:06:27] CSV file loaded, total rows count: 1
[2026-03-30 17:06:27] === FIRST 15 ROWS OF CSV FILE ===
[2026-03-30 17:06:27] Row 1: ["<table  border='1' bgColor='#ffffff' borderColor='#000000' cellSpacing='0' cellPadding='0' style='font-size:10.0pt; font-family:Calibri; background:white;'  ><tr><td colspan='27' align='left'>Licensee: HOTEL GARVA (492)<\/td><\/tr><tr><td colspan='27' align='left'>TP Details<\/td><\/tr><\/tr><td>Received Date<\/td><td>Auto TP No<\/td><td>Manual TP No<\/td><td>TP Date<\/td><td>District<\/td><td>SCM Party Code<\/td><td>Party Name<\/td><td>SrNo<\/td><td>SCM Item Code<\/td><td>Item Name<\/td><td>Size<\/td><td>Qty (Cases)<\/td><td>Qty (Bottles)<\/td><td>Batch No<\/td><td>Mfg. Month<\/td><td>MRP<\/td><td>B.L.<\/td><td>V\/v %<\/td><td>Total Bot. Qty<\/td><td>Transporter Name<\/td><td>Transporter Address<\/td><td>Route<\/td><td>Vehicle No<\/td><td>Driver Name<\/td><td>Driver Mob. No<\/td><td>Driver Lic. No.<\/td><td>Driver City<\/td><\/tr><\/tr><td>11-Aug-2021<\/td><td>FL1249-110821\/1579<\/td><td>1726<\/td><td>11-Aug-2021<\/td><td>Sangli<\/td><td>SCM28180010688<\/td><td>EMPIRE SPIRIT INDIA<\/td><td>1<\/td><td>SCMPL0010078<\/td><td>Seagram's 100 Pipers Deluxe Blended Scotch Whisky<\/td><td>180 ML<\/td><td>0.00<\/td><td>3.00<\/td><td>3109<\/td><td>Mar-2021<\/td><td>630.00<\/td><td>0.54<\/td><td>42.8<\/td><td>3.00<\/td><td>EMPIRE SPIRIT INDIA<\/td><td>MIRAJ<\/td><td>MIRAJ- SAVLAJ<\/td><td>MH-11-CQ-9562<\/td><td>PRAMOD MAISHLKAR<\/td><td>7620804798<\/td><td>MH10 21047<\/td><td>MIRAJ<\/td><\/tr><\/tr><td>11-Aug-2021<\/td><td>FL1249-110821\/1579<\/td><td>1726<\/td><td>11-Aug-2021<\/td><td>Sangli<\/td><td>SCM28180010688<\/td><td>EMPIRE SPIRIT INDIA<\/td><td>2<\/td><td>SCMPL0010096<\/td><td>Seagram's Royal Stag Barrel Select Whisky<\/td><td>180 ML<\/td><td>0.00<\/td><td>24.00<\/td><td>0984<\/td><td>Jul-2021<\/td><td>225.00<\/td><td>4.32<\/td><td>42.8<\/td><td>24.00<\/td><td>EMPIRE SPIRIT INDIA<\/td><td>MIRAJ<\/td><td>MIRAJ- SAVLAJ<\/td><td>MH-11-CQ-9562<\/td><td>PRAMOD MAISHLKAR<\/td><td>7620804798<\/td><td>MH10 21047<\/td><td>MIRAJ<\/td><\/tr><\/tr><td>11-Aug-2021<\/td><td>FL1249-110821\/1579<\/td><td>1726<\/td><td>11-Aug-2021<\/td><td>Sangli<\/td><td>SCM28180010688<\/td><td>EMPIRE SPIRIT INDIA<\/td><td>3<\/td><td>SCMPL0010702<\/td><td>Seagram's Blenders Pride Ultra Premium Whisky<\/td><td>180 ML<\/td><td>1.00<\/td><td>0.00<\/td><td>1073<\/td><td>Aug-2021<\/td><td>335.00<\/td><td>8.64<\/td><td>42.8<\/td><td>48.00<\/td><td>EMPIRE SPIRIT INDIA<\/td><td>MIRAJ<\/td><td>MIRAJ- SAVLAJ<\/td><td>MH-11-CQ-9562<\/td><td>PRAMOD MAISHLKAR<\/td><td>7620804798<\/td><td>MH10 21047<\/td><td>MIRAJ<\/td><\/tr><\/table>"]
[2026-03-30 17:06:27] ====================================
[2026-03-30 17:06:27] Found RECEIVED in row 1, cell: <TABLE  BORDER='1' BGCOLOR='#FFFFFF' BORDERCOLOR='#000000' CELLSPACING='0' CELLPADDING='0' STYLE='FONT-SIZE:10.0PT; FONT-FAMILY:CALIBRI; BACKGROUND:WHITE;'  ><TR><TD COLSPAN='27' ALIGN='LEFT'>LICENSEE: HOTEL GARVA (492)</TD></TR><TR><TD COLSPAN='27' ALIGN='LEFT'>TP DETAILS</TD></TR></TR><TD>RECEIVED DATE</TD><TD>AUTO TP NO</TD><TD>MANUAL TP NO</TD><TD>TP DATE</TD><TD>DISTRICT</TD><TD>SCM PARTY CODE</TD><TD>PARTY NAME</TD><TD>SRNO</TD><TD>SCM ITEM CODE</TD><TD>ITEM NAME</TD><TD>SIZE</TD><TD>QTY (CASES)</TD><TD>QTY (BOTTLES)</TD><TD>BATCH NO</TD><TD>MFG. MONTH</TD><TD>MRP</TD><TD>B.L.</TD><TD>V/V %</TD><TD>TOTAL BOT. QTY</TD><TD>TRANSPORTER NAME</TD><TD>TRANSPORTER ADDRESS</TD><TD>ROUTE</TD><TD>VEHICLE NO</TD><TD>DRIVER NAME</TD><TD>DRIVER MOB. NO</TD><TD>DRIVER LIC. NO.</TD><TD>DRIVER CITY</TD></TR></TR><TD>11-AUG-2021</TD><TD>FL1249-110821/1579</TD><TD>1726</TD><TD>11-AUG-2021</TD><TD>SANGLI</TD><TD>SCM28180010688</TD><TD>EMPIRE SPIRIT INDIA</TD><TD>1</TD><TD>SCMPL0010078</TD><TD>SEAGRAM'S 100 PIPERS DELUXE BLENDED SCOTCH WHISKY</TD><TD>180 ML</TD><TD>0.00</TD><TD>3.00</TD><TD>3109</TD><TD>MAR-2021</TD><TD>630.00</TD><TD>0.54</TD><TD>42.8</TD><TD>3.00</TD><TD>EMPIRE SPIRIT INDIA</TD><TD>MIRAJ</TD><TD>MIRAJ- SAVLAJ</TD><TD>MH-11-CQ-9562</TD><TD>PRAMOD MAISHLKAR</TD><TD>7620804798</TD><TD>MH10 21047</TD><TD>MIRAJ</TD></TR></TR><TD>11-AUG-2021</TD><TD>FL1249-110821/1579</TD><TD>1726</TD><TD>11-AUG-2021</TD><TD>SANGLI</TD><TD>SCM28180010688</TD><TD>EMPIRE SPIRIT INDIA</TD><TD>2</TD><TD>SCMPL0010096</TD><TD>SEAGRAM'S ROYAL STAG BARREL SELECT WHISKY</TD><TD>180 ML</TD><TD>0.00</TD><TD>24.00</TD><TD>0984</TD><TD>JUL-2021</TD><TD>225.00</TD><TD>4.32</TD><TD>42.8</TD><TD>24.00</TD><TD>EMPIRE SPIRIT INDIA</TD><TD>MIRAJ</TD><TD>MIRAJ- SAVLAJ</TD><TD>MH-11-CQ-9562</TD><TD>PRAMOD MAISHLKAR</TD><TD>7620804798</TD><TD>MH10 21047</TD><TD>MIRAJ</TD></TR></TR><TD>11-AUG-2021</TD><TD>FL1249-110821/1579</TD><TD>1726</TD><TD>11-AUG-2021</TD><TD>SANGLI</TD><TD>SCM28180010688</TD><TD>EMPIRE SPIRIT INDIA</TD><TD>3</TD><TD>SCMPL0010702</TD><TD>SEAGRAM'S BLENDERS PRIDE ULTRA PREMIUM WHISKY</TD><TD>180 ML</TD><TD>1.00</TD><TD>0.00</TD><TD>1073</TD><TD>AUG-2021</TD><TD>335.00</TD><TD>8.64</TD><TD>42.8</TD><TD>48.00</TD><TD>EMPIRE SPIRIT INDIA</TD><TD>MIRAJ</TD><TD>MIRAJ- SAVLAJ</TD><TD>MH-11-CQ-9562</TD><TD>PRAMOD MAISHLKAR</TD><TD>7620804798</TD><TD>MH10 21047</TD><TD>MIRAJ</TD></TR></TABLE>
[2026-03-30 17:06:27] No header row found in CSV file
[2026-03-30 17:06:27] === IMPORT PURCHASE ENDED ===
[2026-03-31 05:48:40] === IMPORT PURCHASE STARTED ===
[2026-03-31 05:48:40] Company ID from session: 5
[2026-03-31 05:48:40] Database connection included
[2026-03-31 05:48:40] License functions included
[2026-03-31 05:48:40] License type: FL-III
[2026-03-31 05:48:40] Available classes: [
    {
        "SGROUP": "W",
        "DESC": "Whisky\/Spirit"
    },
    {
        "SGROUP": "V",
        "DESC": "Wine"
    },
    {
        "SGROUP": "M",
        "DESC": "Mild Beer"
    },
    {
        "SGROUP": "F",
        "DESC": "Strong Beer"
    },
    {
        "SGROUP": "D",
        "DESC": "Brandy\/Cognac"
    },
    {
        "SGROUP": "K",
        "DESC": "Vodka"
    },
    {
        "SGROUP": "G",
        "DESC": "Gin"
    },
    {
        "SGROUP": "R",
        "DESC": "Rum"
    }
]
[2026-03-31 05:48:40] Allowed class SGROUP values: [
    "W",
    "V",
    "M",
    "F",
    "D",
    "K",
    "G",
    "R"
]
[2026-03-31 05:48:40] === FORM SUBMISSION STARTED ===
[2026-03-31 05:48:40] Import settings: {
    "importMode": "ALL",
    "defaultStatus": "T",
    "updateMRP": true,
    "updateStockFlag": true
}
[2026-03-31 05:48:40] Number of files uploaded: 1
[2026-03-31 05:48:40] Processing file: TPDetails.xls
[2026-03-31 05:48:40] Processing file: TPDetails.xls
[2026-03-31 05:48:40] File identified as HTML format - using HTML parser
[2026-03-31 05:48:40] ===== PROCESSING HTML TABLE FILE =====: TPDetails.xls
[2026-03-31 05:48:40] Found 2 table rows
[2026-03-31 05:48:40] Extracted 0 valid data rows
[2026-03-31 05:58:48] === IMPORT PURCHASE STARTED ===
[2026-03-31 05:58:48] Company ID from session: 5
[2026-03-31 05:58:48] Database connection included
[2026-03-31 05:58:48] License functions included
[2026-03-31 05:58:48] License type: FL-III
[2026-03-31 05:58:48] Available classes: [
    {
        "SGROUP": "W",
        "DESC": "Whisky\/Spirit"
    },
    {
        "SGROUP": "V",
        "DESC": "Wine"
    },
    {
        "SGROUP": "M",
        "DESC": "Mild Beer"
    },
    {
        "SGROUP": "F",
        "DESC": "Strong Beer"
    },
    {
        "SGROUP": "D",
        "DESC": "Brandy\/Cognac"
    },
    {
        "SGROUP": "K",
        "DESC": "Vodka"
    },
    {
        "SGROUP": "G",
        "DESC": "Gin"
    },
    {
        "SGROUP": "R",
        "DESC": "Rum"
    }
]
[2026-03-31 05:58:48] Allowed class SGROUP values: [
    "W",
    "V",
    "M",
    "F",
    "D",
    "K",
    "G",
    "R"
]
[2026-03-31 05:58:48] === FORM SUBMISSION STARTED ===
[2026-03-31 05:58:48] Import settings: {
    "importMode": "ALL",
    "defaultStatus": "T",
    "updateMRP": true,
    "updateStockFlag": true
}
[2026-03-31 05:58:48] Number of files uploaded: 1
[2026-03-31 05:58:48] Processing file: TPDetails.xls
[2026-03-31 05:58:48] Processing file: TPDetails.xls
[2026-03-31 05:58:48] File identified as HTML format - using HTML parser
[2026-03-31 05:58:48] ===== PROCESSING HTML TABLE FILE =====: TPDetails.xls
[2026-03-31 05:58:48] File content preview: <table  border='1' bgColor='#ffffff' borderColor='#000000' cellSpacing='0' cellPadding='0' style='font-size:10.0pt; font-family:Calibri; background:white;'  ><tr><td colspan='27' align='left'>Licensee: HOTEL GARVA (492)</td></tr><tr><td colspan='27' align='left'>TP Details</td></tr></tr><td>Received Date</td><td>Auto TP No</td><td>Manual TP No</td><td>TP Date</td><td>District</td><td>SCM Party Code</td><td>Party Name</td><td>SrNo</td><td>SCM Item Code</td><td>Item Name</td><td>Size</td><td>Qty (
[2026-03-31 05:58:48] Extracted 0 rows from HTML tables
[2026-03-31 05:58:48] Few rows found, trying alternative parsing...
[2026-03-31 05:58:48] === FIRST 10 EXTRACTED ROWS ===
[2026-03-31 05:58:48] ==============================
[2026-03-31 06:12:59] === IMPORT PURCHASE STARTED ===
[2026-03-31 06:12:59] Company ID from session: 5
[2026-03-31 06:12:59] Database connection included
[2026-03-31 06:12:59] License functions included
[2026-03-31 06:12:59] License type: FL-III
[2026-03-31 06:12:59] Available classes: [
    {
        "SGROUP": "W",
        "DESC": "Whisky\/Spirit"
    },
    {
        "SGROUP": "V",
        "DESC": "Wine"
    },
    {
        "SGROUP": "M",
        "DESC": "Mild Beer"
    },
    {
        "SGROUP": "F",
        "DESC": "Strong Beer"
    },
    {
        "SGROUP": "D",
        "DESC": "Brandy\/Cognac"
    },
    {
        "SGROUP": "K",
        "DESC": "Vodka"
    },
    {
        "SGROUP": "G",
        "DESC": "Gin"
    },
    {
        "SGROUP": "R",
        "DESC": "Rum"
    }
]
[2026-03-31 06:12:59] Allowed class SGROUP values: [
    "W",
    "V",
    "M",
    "F",
    "D",
    "K",
    "G",
    "R"
]
[2026-03-31 06:12:59] === FORM SUBMISSION STARTED ===
[2026-03-31 06:12:59] Import settings: {
    "importMode": "ALL",
    "defaultStatus": "T",
    "updateMRP": true,
    "updateStockFlag": true
}
[2026-03-31 06:12:59] Number of files uploaded: 1
[2026-03-31 06:12:59] Processing file: TPDetails  11 aug.xls
[2026-03-31 06:12:59] Processing file: TPDetails  11 aug.xls
[2026-03-31 06:12:59] File identified as HTML format - using HTML parser
[2026-03-31 06:12:59] ===== PROCESSING HTML TABLE FILE =====: TPDetails  11 aug.xls
[2026-03-31 06:12:59] Found 2 raw table rows
[2026-03-31 06:12:59] Extracted 0 data rows
