[04-Mar-2026 08:33:37 Europe/Berlin] === PURCHASE MODULE DEBUG START ===
[04-Mar-2026 08:33:37 Europe/Berlin] Company ID: 2
[04-Mar-2026 08:33:37 Europe/Berlin] Mode: ALL
[04-Mar-2026 08:33:37 Europe/Berlin] Session CompID: 2
[04-Mar-2026 08:33:37 Europe/Berlin] Session User ID: 2
[04-Mar-2026 08:33:37 Europe/Berlin] Database connection successful
[04-Mar-2026 08:33:37 Europe/Berlin] Initial filters - Company: 2, Mode: ALL
[04-Mar-2026 08:33:37 Europe/Berlin] Final Query: SELECT p.*, s.DETAILS as supplier_name,
               COALESCE(p.TPNO, p.AUTO_TPNO) as TP_NO
               FROM tblpurchases p
               LEFT JOIN tblsupplier s ON TRIM(p.SUBCODE) = TRIM(s.CODE)
               WHERE p.CompID = ?
               ORDER BY p.VOC_NO DESC
[04-Mar-2026 08:33:37 Europe/Berlin] Parameters: Array
(
    [0] => 2
)

[04-Mar-2026 08:33:37 Europe/Berlin] Parameter Types: i
[04-Mar-2026 08:33:37 Europe/Berlin] Sort Column: p.VOC_NO, Sort Order: DESC
[04-Mar-2026 08:33:37 Europe/Berlin] Found 4 purchase records
[04-Mar-2026 08:33:37 Europe/Berlin] === PURCHASE MODULE DEBUG END ===
[04-Mar-2026 08:34:02 Europe/Berlin] === PURCHASE MODULE DEBUG START ===
[04-Mar-2026 08:34:02 Europe/Berlin] Company ID: 2
[04-Mar-2026 08:34:02 Europe/Berlin] Mode: ALL
[04-Mar-2026 08:34:02 Europe/Berlin] Session CompID: 2
[04-Mar-2026 08:34:02 Europe/Berlin] Session User ID: 2
[04-Mar-2026 08:34:02 Europe/Berlin] Database connection successful
[04-Mar-2026 08:34:02 Europe/Berlin] Initial filters - Company: 2, Mode: ALL
[04-Mar-2026 08:34:02 Europe/Berlin] Final Query: SELECT p.*, s.DETAILS as supplier_name,
               COALESCE(p.TPNO, p.AUTO_TPNO) as TP_NO
               FROM tblpurchases p
               LEFT JOIN tblsupplier s ON TRIM(p.SUBCODE) = TRIM(s.CODE)
               WHERE p.CompID = ?
               ORDER BY p.VOC_NO DESC
[04-Mar-2026 08:34:02 Europe/Berlin] Parameters: Array
(
    [0] => 2
)

[04-Mar-2026 08:34:02 Europe/Berlin] Parameter Types: i
[04-Mar-2026 08:34:02 Europe/Berlin] Sort Column: p.VOC_NO, Sort Order: DESC
[04-Mar-2026 08:34:02 Europe/Berlin] Found 0 purchase records
[04-Mar-2026 08:34:02 Europe/Berlin] === PURCHASE MODULE DEBUG END ===
[04-Mar-2026 08:56:12 Europe/Berlin] === PURCHASE MODULE DEBUG START ===
[04-Mar-2026 08:56:12 Europe/Berlin] Company ID: 2
[04-Mar-2026 08:56:12 Europe/Berlin] Mode: F
[04-Mar-2026 08:56:12 Europe/Berlin] Session CompID: 2
[04-Mar-2026 08:56:12 Europe/Berlin] Session User ID: 2
[04-Mar-2026 08:56:12 Europe/Berlin] Database connection successful
[04-Mar-2026 08:56:12 Europe/Berlin] Initial filters - Company: 2, Mode: F
[04-Mar-2026 08:56:12 Europe/Berlin] Final Query: SELECT p.*, s.DETAILS as supplier_name,
               COALESCE(p.TPNO, p.AUTO_TPNO) as TP_NO
               FROM tblpurchases p
               LEFT JOIN tblsupplier s ON TRIM(p.SUBCODE) = TRIM(s.CODE)
               WHERE p.CompID = ?
               ORDER BY p.VOC_NO DESC
[04-Mar-2026 08:56:12 Europe/Berlin] Parameters: Array
(
    [0] => 2
)

[04-Mar-2026 08:56:12 Europe/Berlin] Parameter Types: i
[04-Mar-2026 08:56:12 Europe/Berlin] Sort Column: p.VOC_NO, Sort Order: DESC
[04-Mar-2026 08:56:12 Europe/Berlin] Found 1 purchase records
[04-Mar-2026 08:56:12 Europe/Berlin] === PURCHASE MODULE DEBUG END ===
