[11-Mar-2026 14:09:10 Europe/Berlin] Executing query: 
        SELECT 
            pd.ItemCode,
            pd.Size,
            pd.Cases,
            pd.Bottles,
            pd.BottlesPerCase,
            pd.ItemName,
            pd.TotBott,
            p.ID as PurchaseID,
            p.DATE as PurchaseDate,
            p.PUR_FLAG,
            COALESCE(NULLIF(TRIM(p.TPNO), ''), p.AUTO_TPNO) as TP_NO,
            COALESCE(NULLIF(TRIM(im.CLASS), ''), 'UNKNOWN') as ItemClass,
            im.DETAILS as ItemDetails,
            im.DETAILS2 as ItemDetails2
        FROM tblpurchasedetails pd
        INNER JOIN tblpurchases p ON pd.PurchaseID = p.ID
        LEFT JOIN tblitemmaster im ON TRIM(pd.ItemCode) = TRIM(im.CODE)
        WHERE p.CompID = ?
        AND p.DATE BETWEEN ? AND ?
        AND (p.TPNO IS NOT NULL OR p.AUTO_TPNO IS NOT NULL)
        AND (p.TPNO != '' OR p.AUTO_TPNO != '')
     AND p.PUR_FLAG IN ('F', 'T', 'P', 'C') ORDER BY CAST(COALESCE(NULLIF(TRIM(p.TPNO), ''), p.AUTO_TPNO) AS UNSIGNED), COALESCE(NULLIF(TRIM(p.TPNO), ''), p.AUTO_TPNO)
[11-Mar-2026 14:09:10 Europe/Berlin] Item: JAMBO P WHISKY(35.0), Code: SCMPL0012496, Class: 'W', Details: 'JAMBO P WHISKY(35.0)', Details2: '180 ML'
[11-Mar-2026 14:09:10 Europe/Berlin] Using TotBott column: 1440
[11-Mar-2026 14:09:10 Europe/Berlin] Categorized as: SPIRITS, Volume: 180, Column: 180 ML, Qty: 1440, Class: W
[11-Mar-2026 14:09:10 Europe/Berlin] Added to TP 18, Category SPIRITS, Size 180 ML: 1440
[11-Mar-2026 14:09:10 Europe/Berlin] Item: MASTER NOI DR BRANDY, Code: SCMPL0010198, Class: 'D', Details: 'MASTER NOI DR BRANDY', Details2: '180 ML'
[11-Mar-2026 14:09:10 Europe/Berlin] Using TotBott column: 240
[11-Mar-2026 14:09:10 Europe/Berlin] Categorized as: SPIRITS, Volume: 180, Column: 180 ML, Qty: 240, Class: D
[11-Mar-2026 14:09:10 Europe/Berlin] Added to TP 18, Category SPIRITS, Size 180 ML: 240
[11-Mar-2026 14:09:10 Europe/Berlin] Item: Sula Port Wine 1000, Code: SCMWN0019724, Class: 'V', Details: 'Sula Port Wine 1000', Details2: '375 ML'
[11-Mar-2026 14:09:10 Europe/Berlin] Using TotBott column: 36
[11-Mar-2026 14:09:10 Europe/Berlin] Categorized as: WINE, Volume: 375, Column: 375 ML, Qty: 36, Class: V
[11-Mar-2026 14:09:10 Europe/Berlin] ERROR: Column not found: 375 W in category WINE
[11-Mar-2026 14:09:10 Europe/Berlin] Item: BRIHANS GOA DRY GIN & LIME, Code: SCMPL0010676, Class: 'G', Details: 'BRIHANS GOA DRY GIN & LIME', Details2: '375 ML'
[11-Mar-2026 14:09:10 Europe/Berlin] Using TotBott column: 48
[11-Mar-2026 14:09:10 Europe/Berlin] Categorized as: SPIRITS, Volume: 375, Column: 375 ML, Qty: 48, Class: G
[11-Mar-2026 14:09:10 Europe/Berlin] Added to TP 161, Category SPIRITS, Size 375 ML: 48
[11-Mar-2026 14:09:10 Europe/Berlin] Item: BRIHANS GOA DRY GIN & LIME DUET, Code: SCMPL0010679, Class: 'G', Details: 'BRIHANS GOA DRY GIN & LIME DUET', Details2: '180 ML'
[11-Mar-2026 14:09:10 Europe/Berlin] Using TotBott column: 336
[11-Mar-2026 14:09:10 Europe/Berlin] Categorized as: SPIRITS, Volume: 180, Column: 180 ML, Qty: 336, Class: G
[11-Mar-2026 14:09:10 Europe/Berlin] Added to TP 161, Category SPIRITS, Size 180 ML: 336
[11-Mar-2026 14:09:10 Europe/Berlin] Item: Directors Special Black Deluxe Whisky, Code: SCMPL0010445, Class: 'W', Details: 'Directors Special Black Deluxe Whisky', Details2: '180 ML'
[11-Mar-2026 14:09:10 Europe/Berlin] Using TotBott column: 192
[11-Mar-2026 14:09:10 Europe/Berlin] Categorized as: SPIRITS, Volume: 180, Column: 180 ML, Qty: 192, Class: W
[11-Mar-2026 14:09:10 Europe/Berlin] Added to TP 240, Category SPIRITS, Size 180 ML: 192
[11-Mar-2026 14:09:10 Europe/Berlin] Item: McDowell's No. 1 Original Reserve Whisky, Code: SCMPL0010451, Class: 'W', Details: 'McDowell's No. 1 Original Reserve Whisky', Details2: '180 ML'
[11-Mar-2026 14:09:10 Europe/Berlin] Using TotBott column: 2400
[11-Mar-2026 14:09:10 Europe/Berlin] Categorized as: SPIRITS, Volume: 180, Column: 180 ML, Qty: 2400, Class: W
[11-Mar-2026 14:09:10 Europe/Berlin] Added to TP 240, Category SPIRITS, Size 180 ML: 2400
[11-Mar-2026 14:09:10 Europe/Berlin] Item: McDowell's No.1 Celebration XXX Matured Rum, Code: SCMPL0012597, Class: 'W', Details: 'McDowell's No.1 Celebration XXX Matured Rum', Details2: '
                            '
[11-Mar-2026 14:09:10 Europe/Berlin] Using TotBott column: 18
[11-Mar-2026 14:09:10 Europe/Berlin] Categorized as: SPIRITS, Volume: 1000, Column: , Qty: 18, Class: W
[11-Mar-2026 14:09:10 Europe/Berlin] ERROR: Category not found: SPIRITS or invalid volume column: 
[11-Mar-2026 14:09:10 Europe/Berlin] Item: Directors Special Black Deluxe Whisky, Code: SCMPL0010612, Class: 'W', Details: 'Directors Special Black Deluxe Whisky', Details2: '90 ML (Pet)-100'
[11-Mar-2026 14:09:10 Europe/Berlin] Using TotBott column: 100
[11-Mar-2026 14:09:10 Europe/Berlin] Categorized as: SPIRITS, Volume: 90, Column: 90 ML, Qty: 100, Class: W
[11-Mar-2026 14:09:10 Europe/Berlin] Added to TP 240, Category SPIRITS, Size 90 ML: 100
[11-Mar-2026 14:09:10 Europe/Berlin] Processed 7 items into 4 TP numbers
[11-Mar-2026 14:09:10 Europe/Berlin] Unique TP Numbers found: 18, 49, 161, 240
[11-Mar-2026 14:09:10 Europe/Berlin] Final Summary Structure: {
    "18": {
        "tp_no": "18",
        "tp_details": {
            "purchase_date": "2021-04-08",
            "pur_flag": "T"
        },
        "categories": {
            "SPIRITS": {
                "50 ML": 0,
                "60 ML": 0,
                "90 ML": 0,
                "170 ML": 0,
                "180 ML": 1680,
                "200 ML": 0,
                "250 ML": 0,
                "275 ML": 0,
                "330 ML": 0,
                "355 ML": 0,
                "375 ML": 0,
                "500 ML": 0,
                "650 ML": 0,
                "700 ML": 0,
                "750 ML": 0,
                "1L": 0,
                ">1L": 0
            },
            "WINE": {
                "100 ML": 0,
                "180 ML": 0,
                "250 ML": 0,
                "330 ML": 0,
                "375 ML": 0,
                "500 ML": 0,
                "700 ML": 0,
                "750 ML": 0,
                "1L": 0,
                ">1L": 0
            },
            "FERMENTED BEER": {
                "60 ML": 0,
                "90 ML": 0,
                "180 ML": 0,
                "250 ML": 0,
                "275 ML": 0,
                "330 ML": 0,
                "375 ML": 0,
                "500 ML": 0,
                "650 ML": 0,
                "750 ML": 0,
                "1L": 0,
                ">1L": 0
            },
            "MILD BEER": {
                "60 ML": 0,
                "90 ML": 0,
                "180 ML": 0,
                "250 ML": 0,
                "275 ML": 0,
                "330 ML": 0,
                "375 ML": 0,
                "500 ML": 0,
                "650 ML": 0,
                "750 ML": 0,
                "1L": 0,
                ">1L": 0
            }
        }
    },
    "49": {
        "tp_no": "49",
        "tp_details": {
            "purchase_date": "2021-04-08",
            "pur_flag": "T"
        },
        "categories": {
            "SPIRITS": {
                "50 ML": 0,
                "60 ML": 0,
                "90 ML": 0,
                "170 ML": 0,
                "180 ML": 0,
                "200 ML": 0,
                "250 ML": 0,
                "275 ML": 0,
                "330 ML": 0,
                "355 ML": 0,
                "375 ML": 0,
                "500 ML": 0,
                "650 ML": 0,
                "700 ML": 0,
                "750 ML": 0,
                "1L": 0,
                ">1L": 0
            },
            "WINE": {
                "100 ML": 0,
                "180 ML": 0,
                "250 ML": 0,
                "330 ML": 0,
                "375 ML": 0,
                "500 ML": 0,
                "700 ML": 0,
                "750 ML": 0,
                "1L": 0,
                ">1L": 0
            },
            "FERMENTED BEER": {
                "60 ML": 0,
                "90 ML": 0,
                "180 ML": 0,
                "250 ML": 0,
                "275 ML": 0,
                "330 ML": 0,
                "375 ML": 0,
                "500 ML": 0,
                "650 ML": 0,
                "750 ML": 0,
                "1L": 0,
                ">1L": 0
            },
            "MILD BEER": {
                "60 ML": 0,
                "90 ML": 0,
                "180 ML": 0,
                "250 ML": 0,
                "275 ML": 0,
                "330 ML": 0,
                "375 ML": 0,
                "500 ML": 0,
                "650 ML": 0,
                "750 ML": 0,
                "1L": 0,
                ">1L": 0
            }
        }
    },
    "161": {
        "tp_no": "161",
        "tp_details": {
            "purchase_date": "2021-04-08",
            "pur_flag": "T"
        },
        "categories": {
            "SPIRITS": {
                "50 ML": 0,
                "60 ML": 0,
                "90 ML": 0,
                "170 ML": 0,
                "180 ML": 336,
                "200 ML": 0,
                "250 ML": 0,
                "275 ML": 0,
                "330 ML": 0,
                "355 ML": 0,
                "375 ML": 48,
                "500 ML": 0,
                "650 ML": 0,
                "700 ML": 0,
                "750 ML": 0,
                "1L": 0,
                ">1L": 0
            },
            "WINE": {
                "100 ML": 0,
                "180 ML": 0,
                "250 ML": 0,
                "330 ML": 0,
                "375 ML": 0,
                "500 ML": 0,
                "700 ML": 0,
                "750 ML": 0,
                "1L": 0,
                ">1L": 0
            },
            "FERMENTED BEER": {
                "60 ML": 0,
                "90 ML": 0,
                "180 ML": 0,
                "250 ML": 0,
                "275 ML": 0,
                "330 ML": 0,
                "375 ML": 0,
                "500 ML": 0,
                "650 ML": 0,
                "750 ML": 0,
                "1L": 0,
                ">1L": 0
            },
            "MILD BEER": {
                "60 ML": 0,
                "90 ML": 0,
                "180 ML": 0,
                "250 ML": 0,
                "275 ML": 0,
                "330 ML": 0,
                "375 ML": 0,
                "500 ML": 0,
                "650 ML": 0,
                "750 ML": 0,
                "1L": 0,
                ">1L": 0
            }
        }
    },
    "240": {
        "tp_no": "240",
        "tp_details": {
            "purchase_date": "2021-04-08",
            "pur_flag": "T"
        },
        "categories": {
            "SPIRITS": {
                "50 ML": 0,
                "60 ML": 0,
                "90 ML": 100,
                "170 ML": 0,
                "180 ML": 2592,
                "200 ML": 0,
                "250 ML": 0,
                "275 ML": 0,
                "330 ML": 0,
                "355 ML": 0,
                "375 ML": 0,
                "500 ML": 0,
                "650 ML": 0,
                "700 ML": 0,
                "750 ML": 0,
                "1L": 0,
                ">1L": 0
            },
            "WINE": {
                "100 ML": 0,
                "180 ML": 0,
                "250 ML": 0,
                "330 ML": 0,
                "375 ML": 0,
                "500 ML": 0,
                "700 ML": 0,
                "750 ML": 0,
                "1L": 0,
                ">1L": 0
            },
            "FERMENTED BEER": {
                "60 ML": 0,
                "90 ML": 0,
                "180 ML": 0,
                "250 ML": 0,
                "275 ML": 0,
                "330 ML": 0,
                "375 ML": 0,
                "500 ML": 0,
                "650 ML": 0,
                "750 ML": 0,
                "1L": 0,
                ">1L": 0
            },
            "MILD BEER": {
                "60 ML": 0,
                "90 ML": 0,
                "180 ML": 0,
                "250 ML": 0,
                "275 ML": 0,
                "330 ML": 0,
                "375 ML": 0,
                "500 ML": 0,
                "650 ML": 0,
                "750 ML": 0,
                "1L": 0,
                ">1L": 0
            }
        }
    }
}
[11-Mar-2026 14:29:00 Europe/Berlin] Executing query: 
        SELECT 
            pd.ItemCode,
            pd.Size as PurchaseSize,
            pd.Cases,
            pd.Bottles,
            pd.BottlesPerCase,
            pd.ItemName,
            pd.TotBott,
            p.ID as PurchaseID,
            p.DATE as PurchaseDate,
            p.PUR_FLAG,
            COALESCE(NULLIF(TRIM(p.TPNO), ''), p.AUTO_TPNO) as TP_NO,
            -- Get size information from tblsize
            sz.ML_VOLUME,
            sz.SIZE_DESC as SizeDescription,
            sz.BOTTLE_PER_CASE as SizeBottlesPerCase,
            -- Get class and category information from new tables
            cn.CLASS_NAME,
            cn.CATEGORY_CODE as ClassCategoryCode,
            sn.SUBCLASS_NAME,
            cat.CATEGORY_NAME,
            -- Also get old fields for fallback
            im.CLASS as OldClass,
            im.CLASS_CODE_NEW,
            im.SUBCLASS_CODE_NEW,
            im.SIZE_CODE,
            im.ITEM_GROUP
        FROM tblpurchasedetails pd
        INNER JOIN tblpurchases p ON pd.PurchaseID = p.ID
        LEFT JOIN tblitemmaster im ON TRIM(pd.ItemCode) = TRIM(im.CODE)
        -- Join with new size table using SIZE_CODE (preferred) or ITEM_GROUP (fallback)
        LEFT JOIN tblsize sz ON (im.SIZE_CODE = sz.SIZE_CODE) OR (im.ITEM_GROUP = sz.OLD_ITEM_GROUP)
        -- Join with new class tables using CLASS_CODE_NEW
        LEFT JOIN tblclass_new cn ON im.CLASS_CODE_NEW = cn.CLASS_CODE
        LEFT JOIN tblsubclass_new sn ON im.SUBCLASS_CODE_NEW = sn.SUBCLASS_CODE
        LEFT JOIN tblcategory cat ON cn.CATEGORY_CODE = cat.CATEGORY_CODE
        WHERE p.CompID = ?
        AND p.DATE BETWEEN ? AND ?
        AND (p.TPNO IS NOT NULL OR p.AUTO_TPNO IS NOT NULL)
        AND (p.TPNO != '' OR p.AUTO_TPNO != '')
     AND p.PUR_FLAG IN ('F', 'T', 'P', 'C') ORDER BY CAST(COALESCE(NULLIF(TRIM(p.TPNO), ''), p.AUTO_TPNO) AS UNSIGNED), COALESCE(NULLIF(TRIM(p.TPNO), ''), p.AUTO_TPNO)
[11-Mar-2026 14:29:00 Europe/Berlin] Processed 0 items into 0 TP numbers
[11-Mar-2026 14:29:00 Europe/Berlin] Unique TP Numbers found: 
[11-Mar-2026 14:29:00 Europe/Berlin] Final Summary Structure: []
[11-Mar-2026 14:29:20 Europe/Berlin] Executing query: 
        SELECT 
            pd.ItemCode,
            pd.Size as PurchaseSize,
            pd.Cases,
            pd.Bottles,
            pd.BottlesPerCase,
            pd.ItemName,
            pd.TotBott,
            p.ID as PurchaseID,
            p.DATE as PurchaseDate,
            p.PUR_FLAG,
            COALESCE(NULLIF(TRIM(p.TPNO), ''), p.AUTO_TPNO) as TP_NO,
            -- Get size information from tblsize
            sz.ML_VOLUME,
            sz.SIZE_DESC as SizeDescription,
            sz.BOTTLE_PER_CASE as SizeBottlesPerCase,
            -- Get class and category information from new tables
            cn.CLASS_NAME,
            cn.CATEGORY_CODE as ClassCategoryCode,
            sn.SUBCLASS_NAME,
            cat.CATEGORY_NAME,
            -- Also get old fields for fallback
            im.CLASS as OldClass,
            im.CLASS_CODE_NEW,
            im.SUBCLASS_CODE_NEW,
            im.SIZE_CODE,
            im.ITEM_GROUP
        FROM tblpurchasedetails pd
        INNER JOIN tblpurchases p ON pd.PurchaseID = p.ID
        LEFT JOIN tblitemmaster im ON TRIM(pd.ItemCode) = TRIM(im.CODE)
        -- Join with new size table using SIZE_CODE (preferred) or ITEM_GROUP (fallback)
        LEFT JOIN tblsize sz ON (im.SIZE_CODE = sz.SIZE_CODE) OR (im.ITEM_GROUP = sz.OLD_ITEM_GROUP)
        -- Join with new class tables using CLASS_CODE_NEW
        LEFT JOIN tblclass_new cn ON im.CLASS_CODE_NEW = cn.CLASS_CODE
        LEFT JOIN tblsubclass_new sn ON im.SUBCLASS_CODE_NEW = sn.SUBCLASS_CODE
        LEFT JOIN tblcategory cat ON cn.CATEGORY_CODE = cat.CATEGORY_CODE
        WHERE p.CompID = ?
        AND p.DATE BETWEEN ? AND ?
        AND (p.TPNO IS NOT NULL OR p.AUTO_TPNO IS NOT NULL)
        AND (p.TPNO != '' OR p.AUTO_TPNO != '')
     AND p.PUR_FLAG IN ('F', 'T', 'P', 'C') ORDER BY CAST(COALESCE(NULLIF(TRIM(p.TPNO), ''), p.AUTO_TPNO) AS UNSIGNED), COALESCE(NULLIF(TRIM(p.TPNO), ''), p.AUTO_TPNO)
[11-Mar-2026 14:29:20 Europe/Berlin] Item: MASTER NOI DR BRANDY, Code: SCMPL0010198, Category: 'Spirit', ClassName: 'IMFL', CategoryCode: 'CAT001', OldClass: 'D'
[11-Mar-2026 14:29:20 Europe/Berlin] Using ML_VOLUME from tblsize: 180
[11-Mar-2026 14:29:20 Europe/Berlin] Using TotBott column: 240
[11-Mar-2026 14:29:20 Europe/Berlin] PHP Warning:  Undefined variable $itemClass in C:\xampp\htdocs\Winesoft\public\purchase_summary_ajax.php on line 315
[11-Mar-2026 14:29:20 Europe/Berlin] Categorized as: SPIRITS, Volume: 180, Column: 180 ML, Qty: 240, Class: 
[11-Mar-2026 14:29:20 Europe/Berlin] Added to TP 18, Category SPIRITS, Size 180 ML: 240
[11-Mar-2026 14:29:20 Europe/Berlin] Item: JAMBO P WHISKY(35.0), Code: SCMPL0012496, Category: 'Spirit', ClassName: 'IMFL', CategoryCode: 'CAT001', OldClass: 'W'
[11-Mar-2026 14:29:20 Europe/Berlin] Using ML_VOLUME from tblsize: 180
[11-Mar-2026 14:29:20 Europe/Berlin] Using TotBott column: 1440
[11-Mar-2026 14:29:20 Europe/Berlin] PHP Warning:  Undefined variable $itemClass in C:\xampp\htdocs\Winesoft\public\purchase_summary_ajax.php on line 315
[11-Mar-2026 14:29:20 Europe/Berlin] Categorized as: SPIRITS, Volume: 180, Column: 180 ML, Qty: 1440, Class: 
[11-Mar-2026 14:29:20 Europe/Berlin] Added to TP 18, Category SPIRITS, Size 180 ML: 1440
[11-Mar-2026 14:29:20 Europe/Berlin] Item: Sula Port Wine 1000, Code: SCMWN0019724, Category: 'Wine', ClassName: 'INDIAN', CategoryCode: 'CAT002', OldClass: 'V'
[11-Mar-2026 14:29:20 Europe/Berlin] Using ML_VOLUME from tblsize: 375
[11-Mar-2026 14:29:20 Europe/Berlin] Using TotBott column: 36
[11-Mar-2026 14:29:20 Europe/Berlin] PHP Warning:  Undefined variable $itemClass in C:\xampp\htdocs\Winesoft\public\purchase_summary_ajax.php on line 315
[11-Mar-2026 14:29:20 Europe/Berlin] Categorized as: WINE, Volume: 375, Column: 375 ML, Qty: 36, Class: 
[11-Mar-2026 14:29:20 Europe/Berlin] ERROR: Column not found: 375 W in category WINE
[11-Mar-2026 14:29:21 Europe/Berlin] Item: BRIHANS GOA DRY GIN & LIME DUET, Code: SCMPL0010679, Category: 'Spirit', ClassName: 'IMFL', CategoryCode: 'CAT001', OldClass: 'G'
[11-Mar-2026 14:29:21 Europe/Berlin] Using ML_VOLUME from tblsize: 180
[11-Mar-2026 14:29:21 Europe/Berlin] Using TotBott column: 336
[11-Mar-2026 14:29:21 Europe/Berlin] PHP Warning:  Undefined variable $itemClass in C:\xampp\htdocs\Winesoft\public\purchase_summary_ajax.php on line 315
[11-Mar-2026 14:29:21 Europe/Berlin] Categorized as: SPIRITS, Volume: 180, Column: 180 ML, Qty: 336, Class: 
[11-Mar-2026 14:29:21 Europe/Berlin] Added to TP 161, Category SPIRITS, Size 180 ML: 336
[11-Mar-2026 14:29:21 Europe/Berlin] Item: BRIHANS GOA DRY GIN & LIME, Code: SCMPL0010676, Category: 'Spirit', ClassName: 'IMFL', CategoryCode: 'CAT001', OldClass: 'G'
[11-Mar-2026 14:29:21 Europe/Berlin] Using ML_VOLUME from tblsize: 375
[11-Mar-2026 14:29:21 Europe/Berlin] Using TotBott column: 48
[11-Mar-2026 14:29:21 Europe/Berlin] PHP Warning:  Undefined variable $itemClass in C:\xampp\htdocs\Winesoft\public\purchase_summary_ajax.php on line 315
[11-Mar-2026 14:29:21 Europe/Berlin] Categorized as: SPIRITS, Volume: 375, Column: 375 ML, Qty: 48, Class: 
[11-Mar-2026 14:29:21 Europe/Berlin] Added to TP 161, Category SPIRITS, Size 375 ML: 48
[11-Mar-2026 14:29:21 Europe/Berlin] Item: McDowell's No. 1 Original Reserve Whisky, Code: SCMPL0010451, Category: 'Spirit', ClassName: 'IMFL', CategoryCode: 'CAT001', OldClass: 'W'
[11-Mar-2026 14:29:21 Europe/Berlin] Using ML_VOLUME from tblsize: 180
[11-Mar-2026 14:29:21 Europe/Berlin] Using TotBott column: 2400
[11-Mar-2026 14:29:21 Europe/Berlin] PHP Warning:  Undefined variable $itemClass in C:\xampp\htdocs\Winesoft\public\purchase_summary_ajax.php on line 315
[11-Mar-2026 14:29:21 Europe/Berlin] Categorized as: SPIRITS, Volume: 180, Column: 180 ML, Qty: 2400, Class: 
[11-Mar-2026 14:29:21 Europe/Berlin] Added to TP 240, Category SPIRITS, Size 180 ML: 2400
[11-Mar-2026 14:29:21 Europe/Berlin] Item: McDowell's No.1 Celebration XXX Matured Rum, Code: SCMPL0012597, Category: 'Spirit', ClassName: 'IMFL', CategoryCode: 'CAT001', OldClass: 'W'
[11-Mar-2026 14:29:21 Europe/Berlin] Using ML_VOLUME from tblsize: 1000
[11-Mar-2026 14:29:21 Europe/Berlin] Using TotBott column: 18
[11-Mar-2026 14:29:21 Europe/Berlin] PHP Warning:  Undefined variable $itemClass in C:\xampp\htdocs\Winesoft\public\purchase_summary_ajax.php on line 315
[11-Mar-2026 14:29:21 Europe/Berlin] Categorized as: SPIRITS, Volume: 1000, Column: , Qty: 18, Class: 
[11-Mar-2026 14:29:21 Europe/Berlin] ERROR: Category not found: SPIRITS or invalid volume column: 
[11-Mar-2026 14:29:21 Europe/Berlin] Item: Directors Special Black Deluxe Whisky, Code: SCMPL0010445, Category: 'Spirit', ClassName: 'IMFL', CategoryCode: 'CAT001', OldClass: 'W'
[11-Mar-2026 14:29:21 Europe/Berlin] Using ML_VOLUME from tblsize: 180
[11-Mar-2026 14:29:21 Europe/Berlin] Using TotBott column: 192
[11-Mar-2026 14:29:21 Europe/Berlin] PHP Warning:  Undefined variable $itemClass in C:\xampp\htdocs\Winesoft\public\purchase_summary_ajax.php on line 315
[11-Mar-2026 14:29:21 Europe/Berlin] Categorized as: SPIRITS, Volume: 180, Column: 180 ML, Qty: 192, Class: 
[11-Mar-2026 14:29:21 Europe/Berlin] Added to TP 240, Category SPIRITS, Size 180 ML: 192
[11-Mar-2026 14:29:21 Europe/Berlin] Item: Directors Special Black Deluxe Whisky, Code: SCMPL0010612, Category: 'Spirit', ClassName: 'IMFL', CategoryCode: 'CAT001', OldClass: 'W'
[11-Mar-2026 14:29:21 Europe/Berlin] Using ML_VOLUME from tblsize: 90
[11-Mar-2026 14:29:21 Europe/Berlin] Using TotBott column: 100
[11-Mar-2026 14:29:21 Europe/Berlin] PHP Warning:  Undefined variable $itemClass in C:\xampp\htdocs\Winesoft\public\purchase_summary_ajax.php on line 315
[11-Mar-2026 14:29:21 Europe/Berlin] Categorized as: SPIRITS, Volume: 90, Column: 90 ML, Qty: 100, Class: 
[11-Mar-2026 14:29:21 Europe/Berlin] Added to TP 240, Category SPIRITS, Size 90 ML: 100
[11-Mar-2026 14:29:21 Europe/Berlin] Processed 7 items into 4 TP numbers
[11-Mar-2026 14:29:21 Europe/Berlin] Unique TP Numbers found: 18, 49, 161, 240
[11-Mar-2026 14:29:21 Europe/Berlin] Final Summary Structure: {
    "18": {
        "tp_no": "18",
        "tp_details": {
            "purchase_date": "2021-04-08",
            "pur_flag": "T"
        },
        "categories": {
            "SPIRITS": {
                "50 ML": 0,
                "60 ML": 0,
                "90 ML": 0,
                "170 ML": 0,
                "180 ML": 1680,
                "200 ML": 0,
                "250 ML": 0,
                "275 ML": 0,
                "330 ML": 0,
                "355 ML": 0,
                "375 ML": 0,
                "500 ML": 0,
                "650 ML": 0,
                "700 ML": 0,
                "750 ML": 0,
                "1L": 0,
                ">1L": 0
            },
            "WINE": {
                "100 ML": 0,
                "180 ML": 0,
                "250 ML": 0,
                "330 ML": 0,
                "375 ML": 0,
                "500 ML": 0,
                "700 ML": 0,
                "750 ML": 0,
                "1L": 0,
                ">1L": 0
            },
            "FERMENTED BEER": {
                "60 ML": 0,
                "90 ML": 0,
                "180 ML": 0,
                "250 ML": 0,
                "275 ML": 0,
                "330 ML": 0,
                "375 ML": 0,
                "500 ML": 0,
                "650 ML": 0,
                "750 ML": 0,
                "1L": 0,
                ">1L": 0
            },
            "MILD BEER": {
                "60 ML": 0,
                "90 ML": 0,
                "180 ML": 0,
                "250 ML": 0,
                "275 ML": 0,
                "330 ML": 0,
                "375 ML": 0,
                "500 ML": 0,
                "650 ML": 0,
                "750 ML": 0,
                "1L": 0,
                ">1L": 0
            }
        }
    },
    "49": {
        "tp_no": "49",
        "tp_details": {
            "purchase_date": "2021-04-08",
            "pur_flag": "T"
        },
        "categories": {
            "SPIRITS": {
                "50 ML": 0,
                "60 ML": 0,
                "90 ML": 0,
                "170 ML": 0,
                "180 ML": 0,
                "200 ML": 0,
                "250 ML": 0,
                "275 ML": 0,
                "330 ML": 0,
                "355 ML": 0,
                "375 ML": 0,
                "500 ML": 0,
                "650 ML": 0,
                "700 ML": 0,
                "750 ML": 0,
                "1L": 0,
                ">1L": 0
            },
            "WINE": {
                "100 ML": 0,
                "180 ML": 0,
                "250 ML": 0,
                "330 ML": 0,
                "375 ML": 0,
                "500 ML": 0,
                "700 ML": 0,
                "750 ML": 0,
                "1L": 0,
                ">1L": 0
            },
            "FERMENTED BEER": {
                "60 ML": 0,
                "90 ML": 0,
                "180 ML": 0,
                "250 ML": 0,
                "275 ML": 0,
                "330 ML": 0,
                "375 ML": 0,
                "500 ML": 0,
                "650 ML": 0,
                "750 ML": 0,
                "1L": 0,
                ">1L": 0
            },
            "MILD BEER": {
                "60 ML": 0,
                "90 ML": 0,
                "180 ML": 0,
                "250 ML": 0,
                "275 ML": 0,
                "330 ML": 0,
                "375 ML": 0,
                "500 ML": 0,
                "650 ML": 0,
                "750 ML": 0,
                "1L": 0,
                ">1L": 0
            }
        }
    },
    "161": {
        "tp_no": "161",
        "tp_details": {
            "purchase_date": "2021-04-08",
            "pur_flag": "T"
        },
        "categories": {
            "SPIRITS": {
                "50 ML": 0,
                "60 ML": 0,
                "90 ML": 0,
                "170 ML": 0,
                "180 ML": 336,
                "200 ML": 0,
                "250 ML": 0,
                "275 ML": 0,
                "330 ML": 0,
                "355 ML": 0,
                "375 ML": 48,
                "500 ML": 0,
                "650 ML": 0,
                "700 ML": 0,
                "750 ML": 0,
                "1L": 0,
                ">1L": 0
            },
            "WINE": {
                "100 ML": 0,
                "180 ML": 0,
                "250 ML": 0,
                "330 ML": 0,
                "375 ML": 0,
                "500 ML": 0,
                "700 ML": 0,
                "750 ML": 0,
                "1L": 0,
                ">1L": 0
            },
            "FERMENTED BEER": {
                "60 ML": 0,
                "90 ML": 0,
                "180 ML": 0,
                "250 ML": 0,
                "275 ML": 0,
                "330 ML": 0,
                "375 ML": 0,
                "500 ML": 0,
                "650 ML": 0,
                "750 ML": 0,
                "1L": 0,
                ">1L": 0
            },
            "MILD BEER": {
                "60 ML": 0,
                "90 ML": 0,
                "180 ML": 0,
                "250 ML": 0,
                "275 ML": 0,
                "330 ML": 0,
                "375 ML": 0,
                "500 ML": 0,
                "650 ML": 0,
                "750 ML": 0,
                "1L": 0,
                ">1L": 0
            }
        }
    },
    "240": {
        "tp_no": "240",
        "tp_details": {
            "purchase_date": "2021-04-08",
            "pur_flag": "T"
        },
        "categories": {
            "SPIRITS": {
                "50 ML": 0,
                "60 ML": 0,
                "90 ML": 100,
                "170 ML": 0,
                "180 ML": 2592,
                "200 ML": 0,
                "250 ML": 0,
                "275 ML": 0,
                "330 ML": 0,
                "355 ML": 0,
                "375 ML": 0,
                "500 ML": 0,
                "650 ML": 0,
                "700 ML": 0,
                "750 ML": 0,
                "1L": 0,
                ">1L": 0
            },
            "WINE": {
                "100 ML": 0,
                "180 ML": 0,
                "250 ML": 0,
                "330 ML": 0,
                "375 ML": 0,
                "500 ML": 0,
                "700 ML": 0,
                "750 ML": 0,
                "1L": 0,
                ">1L": 0
            },
            "FERMENTED BEER": {
                "60 ML": 0,
                "90 ML": 0,
                "180 ML": 0,
                "250 ML": 0,
                "275 ML": 0,
                "330 ML": 0,
                "375 ML": 0,
                "500 ML": 0,
                "650 ML": 0,
                "750 ML": 0,
                "1L": 0,
                ">1L": 0
            },
            "MILD BEER": {
                "60 ML": 0,
                "90 ML": 0,
                "180 ML": 0,
                "250 ML": 0,
                "275 ML": 0,
                "330 ML": 0,
                "375 ML": 0,
                "500 ML": 0,
                "650 ML": 0,
                "750 ML": 0,
                "1L": 0,
                ">1L": 0
            }
        }
    }
}
[11-Mar-2026 14:35:42 Europe/Berlin] Executing query: 
        SELECT 
            pd.ItemCode,
            pd.Size as PurchaseSize,
            pd.Cases,
            pd.Bottles,
            pd.BottlesPerCase,
            pd.ItemName,
            pd.TotBott,
            p.ID as PurchaseID,
            p.DATE as PurchaseDate,
            p.PUR_FLAG,
            COALESCE(NULLIF(TRIM(p.TPNO), ''), p.AUTO_TPNO) as TP_NO,
            -- Get size information from tblsize
            sz.ML_VOLUME,
            sz.SIZE_DESC as SizeDescription,
            sz.BOTTLE_PER_CASE as SizeBottlesPerCase,
            -- Get class and category information from new tables
            cn.CLASS_NAME,
            cn.CATEGORY_CODE as ClassCategoryCode,
            sn.SUBCLASS_NAME,
            cat.CATEGORY_NAME,
            -- Also get old fields for fallback
            im.CLASS as OldClass,
            im.CLASS_CODE_NEW,
            im.SUBCLASS_CODE_NEW,
            im.SIZE_CODE,
            im.ITEM_GROUP
        FROM tblpurchasedetails pd
        INNER JOIN tblpurchases p ON pd.PurchaseID = p.ID
        LEFT JOIN tblitemmaster im ON TRIM(pd.ItemCode) = TRIM(im.CODE)
        -- Join with new size table using SIZE_CODE (preferred) or ITEM_GROUP (fallback)
        LEFT JOIN tblsize sz ON (im.SIZE_CODE = sz.SIZE_CODE) OR (im.ITEM_GROUP = sz.OLD_ITEM_GROUP)
        -- Join with new class tables using CLASS_CODE_NEW
        LEFT JOIN tblclass_new cn ON im.CLASS_CODE_NEW = cn.CLASS_CODE
        LEFT JOIN tblsubclass_new sn ON im.SUBCLASS_CODE_NEW = sn.SUBCLASS_CODE
        LEFT JOIN tblcategory cat ON cn.CATEGORY_CODE = cat.CATEGORY_CODE
        WHERE p.CompID = ?
        AND p.DATE BETWEEN ? AND ?
        AND (p.TPNO IS NOT NULL OR p.AUTO_TPNO IS NOT NULL)
        AND (p.TPNO != '' OR p.AUTO_TPNO != '')
     AND p.PUR_FLAG IN ('F', 'T', 'P', 'C') ORDER BY CAST(COALESCE(NULLIF(TRIM(p.TPNO), ''), p.AUTO_TPNO) AS UNSIGNED), COALESCE(NULLIF(TRIM(p.TPNO), ''), p.AUTO_TPNO)
[11-Mar-2026 14:35:42 Europe/Berlin] Processed 0 items into 0 TP numbers
[11-Mar-2026 14:35:42 Europe/Berlin] Unique TP Numbers found: 
[11-Mar-2026 14:35:42 Europe/Berlin] Final Summary Structure: []
[11-Mar-2026 14:36:07 Europe/Berlin] Executing query: 
        SELECT 
            pd.ItemCode,
            pd.Size as PurchaseSize,
            pd.Cases,
            pd.Bottles,
            pd.BottlesPerCase,
            pd.ItemName,
            pd.TotBott,
            p.ID as PurchaseID,
            p.DATE as PurchaseDate,
            p.PUR_FLAG,
            COALESCE(NULLIF(TRIM(p.TPNO), ''), p.AUTO_TPNO) as TP_NO,
            -- Get size information from tblsize
            sz.ML_VOLUME,
            sz.SIZE_DESC as SizeDescription,
            sz.BOTTLE_PER_CASE as SizeBottlesPerCase,
            -- Get class and category information from new tables
            cn.CLASS_NAME,
            cn.CATEGORY_CODE as ClassCategoryCode,
            sn.SUBCLASS_NAME,
            cat.CATEGORY_NAME,
            -- Also get old fields for fallback
            im.CLASS as OldClass,
            im.CLASS_CODE_NEW,
            im.SUBCLASS_CODE_NEW,
            im.SIZE_CODE,
            im.ITEM_GROUP
        FROM tblpurchasedetails pd
        INNER JOIN tblpurchases p ON pd.PurchaseID = p.ID
        LEFT JOIN tblitemmaster im ON TRIM(pd.ItemCode) = TRIM(im.CODE)
        -- Join with new size table using SIZE_CODE (preferred) or ITEM_GROUP (fallback)
        LEFT JOIN tblsize sz ON (im.SIZE_CODE = sz.SIZE_CODE) OR (im.ITEM_GROUP = sz.OLD_ITEM_GROUP)
        -- Join with new class tables using CLASS_CODE_NEW
        LEFT JOIN tblclass_new cn ON im.CLASS_CODE_NEW = cn.CLASS_CODE
        LEFT JOIN tblsubclass_new sn ON im.SUBCLASS_CODE_NEW = sn.SUBCLASS_CODE
        LEFT JOIN tblcategory cat ON cn.CATEGORY_CODE = cat.CATEGORY_CODE
        WHERE p.CompID = ?
        AND p.DATE BETWEEN ? AND ?
        AND (p.TPNO IS NOT NULL OR p.AUTO_TPNO IS NOT NULL)
        AND (p.TPNO != '' OR p.AUTO_TPNO != '')
     AND p.PUR_FLAG IN ('F', 'T', 'P', 'C') ORDER BY CAST(COALESCE(NULLIF(TRIM(p.TPNO), ''), p.AUTO_TPNO) AS UNSIGNED), COALESCE(NULLIF(TRIM(p.TPNO), ''), p.AUTO_TPNO)
[11-Mar-2026 14:36:07 Europe/Berlin] Item: MASTER NOI DR BRANDY, Code: SCMPL0010198, Category: 'Spirit', ClassName: 'IMFL', CategoryCode: 'CAT001', OldClass: 'D'
[11-Mar-2026 14:36:07 Europe/Berlin] Using ML_VOLUME from tblsize: 180
[11-Mar-2026 14:36:07 Europe/Berlin] Using TotBott column: 240
[11-Mar-2026 14:36:07 Europe/Berlin] PHP Warning:  Undefined variable $itemClass in C:\xampp\htdocs\Winesoft\public\purchase_summary_ajax.php on line 321
[11-Mar-2026 14:36:07 Europe/Berlin] Categorized as: SPIRITS, Volume: 180, Column: 180 ML, Qty: 240, Class: 
[11-Mar-2026 14:36:07 Europe/Berlin] Added to TP 18, Category SPIRITS, Size 180 ML: 240
[11-Mar-2026 14:36:07 Europe/Berlin] Item: JAMBO P WHISKY(35.0), Code: SCMPL0012496, Category: 'Spirit', ClassName: 'IMFL', CategoryCode: 'CAT001', OldClass: 'W'
[11-Mar-2026 14:36:07 Europe/Berlin] Using ML_VOLUME from tblsize: 180
[11-Mar-2026 14:36:07 Europe/Berlin] Using TotBott column: 1440
[11-Mar-2026 14:36:07 Europe/Berlin] PHP Warning:  Undefined variable $itemClass in C:\xampp\htdocs\Winesoft\public\purchase_summary_ajax.php on line 321
[11-Mar-2026 14:36:07 Europe/Berlin] Categorized as: SPIRITS, Volume: 180, Column: 180 ML, Qty: 1440, Class: 
[11-Mar-2026 14:36:07 Europe/Berlin] Added to TP 18, Category SPIRITS, Size 180 ML: 1440
[11-Mar-2026 14:36:07 Europe/Berlin] Item: Sula Port Wine 1000, Code: SCMWN0019724, Category: 'Wine', ClassName: 'INDIAN', CategoryCode: 'CAT002', OldClass: 'V'
[11-Mar-2026 14:36:07 Europe/Berlin] Using ML_VOLUME from tblsize: 375
[11-Mar-2026 14:36:07 Europe/Berlin] Using TotBott column: 36
[11-Mar-2026 14:36:07 Europe/Berlin] PHP Warning:  Undefined variable $itemClass in C:\xampp\htdocs\Winesoft\public\purchase_summary_ajax.php on line 321
[11-Mar-2026 14:36:07 Europe/Berlin] Categorized as: WINE, Volume: 375, Column: 375 ML, Qty: 36, Class: 
[11-Mar-2026 14:36:07 Europe/Berlin] ERROR: Column not found: 375 W in category WINE
[11-Mar-2026 14:36:07 Europe/Berlin] Item: BRIHANS GOA DRY GIN & LIME DUET, Code: SCMPL0010679, Category: 'Spirit', ClassName: 'IMFL', CategoryCode: 'CAT001', OldClass: 'G'
[11-Mar-2026 14:36:07 Europe/Berlin] Using ML_VOLUME from tblsize: 180
[11-Mar-2026 14:36:07 Europe/Berlin] Using TotBott column: 336
[11-Mar-2026 14:36:07 Europe/Berlin] PHP Warning:  Undefined variable $itemClass in C:\xampp\htdocs\Winesoft\public\purchase_summary_ajax.php on line 321
[11-Mar-2026 14:36:07 Europe/Berlin] Categorized as: SPIRITS, Volume: 180, Column: 180 ML, Qty: 336, Class: 
[11-Mar-2026 14:36:07 Europe/Berlin] Added to TP 161, Category SPIRITS, Size 180 ML: 336
[11-Mar-2026 14:36:07 Europe/Berlin] Item: BRIHANS GOA DRY GIN & LIME, Code: SCMPL0010676, Category: 'Spirit', ClassName: 'IMFL', CategoryCode: 'CAT001', OldClass: 'G'
[11-Mar-2026 14:36:07 Europe/Berlin] Using ML_VOLUME from tblsize: 375
[11-Mar-2026 14:36:07 Europe/Berlin] Using TotBott column: 48
[11-Mar-2026 14:36:07 Europe/Berlin] PHP Warning:  Undefined variable $itemClass in C:\xampp\htdocs\Winesoft\public\purchase_summary_ajax.php on line 321
[11-Mar-2026 14:36:07 Europe/Berlin] Categorized as: SPIRITS, Volume: 375, Column: 375 ML, Qty: 48, Class: 
[11-Mar-2026 14:36:07 Europe/Berlin] Added to TP 161, Category SPIRITS, Size 375 ML: 48
[11-Mar-2026 14:36:07 Europe/Berlin] Item: McDowell's No. 1 Original Reserve Whisky, Code: SCMPL0010451, Category: 'Spirit', ClassName: 'IMFL', CategoryCode: 'CAT001', OldClass: 'W'
[11-Mar-2026 14:36:07 Europe/Berlin] Using ML_VOLUME from tblsize: 180
[11-Mar-2026 14:36:07 Europe/Berlin] Using TotBott column: 2400
[11-Mar-2026 14:36:07 Europe/Berlin] PHP Warning:  Undefined variable $itemClass in C:\xampp\htdocs\Winesoft\public\purchase_summary_ajax.php on line 321
[11-Mar-2026 14:36:07 Europe/Berlin] Categorized as: SPIRITS, Volume: 180, Column: 180 ML, Qty: 2400, Class: 
[11-Mar-2026 14:36:07 Europe/Berlin] Added to TP 240, Category SPIRITS, Size 180 ML: 2400
[11-Mar-2026 14:36:07 Europe/Berlin] Item: McDowell's No.1 Celebration XXX Matured Rum, Code: SCMPL0012597, Category: 'Spirit', ClassName: 'IMFL', CategoryCode: 'CAT001', OldClass: 'W'
[11-Mar-2026 14:36:07 Europe/Berlin] Using ML_VOLUME from tblsize: 1000
[11-Mar-2026 14:36:07 Europe/Berlin] 1L item found: McDowell's No.1 Celebration XXX Matured Rum, Volume: 1000, Category: SPIRITS
[11-Mar-2026 14:36:07 Europe/Berlin] Using TotBott column: 18
[11-Mar-2026 14:36:07 Europe/Berlin] PHP Warning:  Undefined variable $itemClass in C:\xampp\htdocs\Winesoft\public\purchase_summary_ajax.php on line 321
[11-Mar-2026 14:36:07 Europe/Berlin] Categorized as: SPIRITS, Volume: 1000, Column: , Qty: 18, Class: 
[11-Mar-2026 14:36:07 Europe/Berlin] ERROR: Category not found: SPIRITS or invalid volume column: 
[11-Mar-2026 14:36:07 Europe/Berlin] Item: Directors Special Black Deluxe Whisky, Code: SCMPL0010445, Category: 'Spirit', ClassName: 'IMFL', CategoryCode: 'CAT001', OldClass: 'W'
[11-Mar-2026 14:36:07 Europe/Berlin] Using ML_VOLUME from tblsize: 180
[11-Mar-2026 14:36:07 Europe/Berlin] Using TotBott column: 192
[11-Mar-2026 14:36:07 Europe/Berlin] PHP Warning:  Undefined variable $itemClass in C:\xampp\htdocs\Winesoft\public\purchase_summary_ajax.php on line 321
[11-Mar-2026 14:36:07 Europe/Berlin] Categorized as: SPIRITS, Volume: 180, Column: 180 ML, Qty: 192, Class: 
[11-Mar-2026 14:36:07 Europe/Berlin] Added to TP 240, Category SPIRITS, Size 180 ML: 192
[11-Mar-2026 14:36:07 Europe/Berlin] Item: Directors Special Black Deluxe Whisky, Code: SCMPL0010612, Category: 'Spirit', ClassName: 'IMFL', CategoryCode: 'CAT001', OldClass: 'W'
[11-Mar-2026 14:36:07 Europe/Berlin] Using ML_VOLUME from tblsize: 90
[11-Mar-2026 14:36:07 Europe/Berlin] Using TotBott column: 100
[11-Mar-2026 14:36:07 Europe/Berlin] PHP Warning:  Undefined variable $itemClass in C:\xampp\htdocs\Winesoft\public\purchase_summary_ajax.php on line 321
[11-Mar-2026 14:36:07 Europe/Berlin] Categorized as: SPIRITS, Volume: 90, Column: 90 ML, Qty: 100, Class: 
[11-Mar-2026 14:36:07 Europe/Berlin] Added to TP 240, Category SPIRITS, Size 90 ML: 100
[11-Mar-2026 14:36:07 Europe/Berlin] Processed 7 items into 4 TP numbers
[11-Mar-2026 14:36:07 Europe/Berlin] Unique TP Numbers found: 18, 49, 161, 240
[11-Mar-2026 14:36:07 Europe/Berlin] Final Summary Structure: {
    "18": {
        "tp_no": "18",
        "tp_details": {
            "purchase_date": "2021-04-08",
            "pur_flag": "T"
        },
        "categories": {
            "SPIRITS": {
                "50 ML": 0,
                "60 ML": 0,
                "90 ML": 0,
                "170 ML": 0,
                "180 ML": 1680,
                "200 ML": 0,
                "250 ML": 0,
                "275 ML": 0,
                "330 ML": 0,
                "355 ML": 0,
                "375 ML": 0,
                "500 ML": 0,
                "650 ML": 0,
                "700 ML": 0,
                "750 ML": 0,
                "1L": 0,
                ">1L": 0
            },
            "WINE": {
                "100 ML": 0,
                "180 ML": 0,
                "250 ML": 0,
                "330 ML": 0,
                "375 ML": 0,
                "500 ML": 0,
                "700 ML": 0,
                "750 ML": 0,
                "1L": 0,
                ">1L": 0
            },
            "FERMENTED BEER": {
                "60 ML": 0,
                "90 ML": 0,
                "180 ML": 0,
                "250 ML": 0,
                "275 ML": 0,
                "330 ML": 0,
                "375 ML": 0,
                "500 ML": 0,
                "650 ML": 0,
                "750 ML": 0,
                "1L": 0,
                ">1L": 0
            },
            "MILD BEER": {
                "60 ML": 0,
                "90 ML": 0,
                "180 ML": 0,
                "250 ML": 0,
                "275 ML": 0,
                "330 ML": 0,
                "375 ML": 0,
                "500 ML": 0,
                "650 ML": 0,
                "750 ML": 0,
                "1L": 0,
                ">1L": 0
            }
        }
    },
    "49": {
        "tp_no": "49",
        "tp_details": {
            "purchase_date": "2021-04-08",
            "pur_flag": "T"
        },
        "categories": {
            "SPIRITS": {
                "50 ML": 0,
                "60 ML": 0,
                "90 ML": 0,
                "170 ML": 0,
                "180 ML": 0,
                "200 ML": 0,
                "250 ML": 0,
                "275 ML": 0,
                "330 ML": 0,
                "355 ML": 0,
                "375 ML": 0,
                "500 ML": 0,
                "650 ML": 0,
                "700 ML": 0,
                "750 ML": 0,
                "1L": 0,
                ">1L": 0
            },
            "WINE": {
                "100 ML": 0,
                "180 ML": 0,
                "250 ML": 0,
                "330 ML": 0,
                "375 ML": 0,
                "500 ML": 0,
                "700 ML": 0,
                "750 ML": 0,
                "1L": 0,
                ">1L": 0
            },
            "FERMENTED BEER": {
                "60 ML": 0,
                "90 ML": 0,
                "180 ML": 0,
                "250 ML": 0,
                "275 ML": 0,
                "330 ML": 0,
                "375 ML": 0,
                "500 ML": 0,
                "650 ML": 0,
                "750 ML": 0,
                "1L": 0,
                ">1L": 0
            },
            "MILD BEER": {
                "60 ML": 0,
                "90 ML": 0,
                "180 ML": 0,
                "250 ML": 0,
                "275 ML": 0,
                "330 ML": 0,
                "375 ML": 0,
                "500 ML": 0,
                "650 ML": 0,
                "750 ML": 0,
                "1L": 0,
                ">1L": 0
            }
        }
    },
    "161": {
        "tp_no": "161",
        "tp_details": {
            "purchase_date": "2021-04-08",
            "pur_flag": "T"
        },
        "categories": {
            "SPIRITS": {
                "50 ML": 0,
                "60 ML": 0,
                "90 ML": 0,
                "170 ML": 0,
                "180 ML": 336,
                "200 ML": 0,
                "250 ML": 0,
                "275 ML": 0,
                "330 ML": 0,
                "355 ML": 0,
                "375 ML": 48,
                "500 ML": 0,
                "650 ML": 0,
                "700 ML": 0,
                "750 ML": 0,
                "1L": 0,
                ">1L": 0
            },
            "WINE": {
                "100 ML": 0,
                "180 ML": 0,
                "250 ML": 0,
                "330 ML": 0,
                "375 ML": 0,
                "500 ML": 0,
                "700 ML": 0,
                "750 ML": 0,
                "1L": 0,
                ">1L": 0
            },
            "FERMENTED BEER": {
                "60 ML": 0,
                "90 ML": 0,
                "180 ML": 0,
                "250 ML": 0,
                "275 ML": 0,
                "330 ML": 0,
                "375 ML": 0,
                "500 ML": 0,
                "650 ML": 0,
                "750 ML": 0,
                "1L": 0,
                ">1L": 0
            },
            "MILD BEER": {
                "60 ML": 0,
                "90 ML": 0,
                "180 ML": 0,
                "250 ML": 0,
                "275 ML": 0,
                "330 ML": 0,
                "375 ML": 0,
                "500 ML": 0,
                "650 ML": 0,
                "750 ML": 0,
                "1L": 0,
                ">1L": 0
            }
        }
    },
    "240": {
        "tp_no": "240",
        "tp_details": {
            "purchase_date": "2021-04-08",
            "pur_flag": "T"
        },
        "categories": {
            "SPIRITS": {
                "50 ML": 0,
                "60 ML": 0,
                "90 ML": 100,
                "170 ML": 0,
                "180 ML": 2592,
                "200 ML": 0,
                "250 ML": 0,
                "275 ML": 0,
                "330 ML": 0,
                "355 ML": 0,
                "375 ML": 0,
                "500 ML": 0,
                "650 ML": 0,
                "700 ML": 0,
                "750 ML": 0,
                "1L": 0,
                ">1L": 0
            },
            "WINE": {
                "100 ML": 0,
                "180 ML": 0,
                "250 ML": 0,
                "330 ML": 0,
                "375 ML": 0,
                "500 ML": 0,
                "700 ML": 0,
                "750 ML": 0,
                "1L": 0,
                ">1L": 0
            },
            "FERMENTED BEER": {
                "60 ML": 0,
                "90 ML": 0,
                "180 ML": 0,
                "250 ML": 0,
                "275 ML": 0,
                "330 ML": 0,
                "375 ML": 0,
                "500 ML": 0,
                "650 ML": 0,
                "750 ML": 0,
                "1L": 0,
                ">1L": 0
            },
            "MILD BEER": {
                "60 ML": 0,
                "90 ML": 0,
                "180 ML": 0,
                "250 ML": 0,
                "275 ML": 0,
                "330 ML": 0,
                "375 ML": 0,
                "500 ML": 0,
                "650 ML": 0,
                "750 ML": 0,
                "1L": 0,
                ">1L": 0
            }
        }
    }
}
[11-Mar-2026 14:39:24 Europe/Berlin] Executing query: 
        SELECT 
            pd.ItemCode,
            pd.Size as PurchaseSize,
            pd.Cases,
            pd.Bottles,
            pd.BottlesPerCase,
            pd.ItemName,
            pd.TotBott,
            p.ID as PurchaseID,
            p.DATE as PurchaseDate,
            p.PUR_FLAG,
            COALESCE(NULLIF(TRIM(p.TPNO), ''), p.AUTO_TPNO) as TP_NO,
            -- Get size information from tblsize
            sz.ML_VOLUME,
            sz.SIZE_DESC as SizeDescription,
            sz.BOTTLE_PER_CASE as SizeBottlesPerCase,
            -- Get class and category information from new tables
            cn.CLASS_NAME,
            cn.CATEGORY_CODE as ClassCategoryCode,
            sn.SUBCLASS_NAME,
            cat.CATEGORY_NAME,
            -- Also get old fields for fallback
            im.CLASS as OldClass,
            im.CLASS_CODE_NEW,
            im.SUBCLASS_CODE_NEW,
            im.SIZE_CODE,
            im.ITEM_GROUP
        FROM tblpurchasedetails pd
        INNER JOIN tblpurchases p ON pd.PurchaseID = p.ID
        LEFT JOIN tblitemmaster im ON TRIM(pd.ItemCode) = TRIM(im.CODE)
        -- Join with new size table using SIZE_CODE (preferred) or ITEM_GROUP (fallback)
        LEFT JOIN tblsize sz ON (im.SIZE_CODE = sz.SIZE_CODE) OR (im.ITEM_GROUP = sz.OLD_ITEM_GROUP)
        -- Join with new class tables using CLASS_CODE_NEW
        LEFT JOIN tblclass_new cn ON im.CLASS_CODE_NEW = cn.CLASS_CODE
        LEFT JOIN tblsubclass_new sn ON im.SUBCLASS_CODE_NEW = sn.SUBCLASS_CODE
        LEFT JOIN tblcategory cat ON cn.CATEGORY_CODE = cat.CATEGORY_CODE
        WHERE p.CompID = ?
        AND p.DATE BETWEEN ? AND ?
        AND (p.TPNO IS NOT NULL OR p.AUTO_TPNO IS NOT NULL)
        AND (p.TPNO != '' OR p.AUTO_TPNO != '')
     AND p.PUR_FLAG IN ('F', 'T', 'P', 'C') ORDER BY CAST(COALESCE(NULLIF(TRIM(p.TPNO), ''), p.AUTO_TPNO) AS UNSIGNED), COALESCE(NULLIF(TRIM(p.TPNO), ''), p.AUTO_TPNO)
[11-Mar-2026 14:39:24 Europe/Berlin] Item: MASTER NOI DR BRANDY, Code: SCMPL0010198, Category: 'Spirit', ClassName: 'IMFL', CategoryCode: 'CAT001', OldClass: 'D'
[11-Mar-2026 14:39:24 Europe/Berlin] Using ML_VOLUME from tblsize: 180
[11-Mar-2026 14:39:24 Europe/Berlin] Using TotBott column: 240
[11-Mar-2026 14:39:24 Europe/Berlin] PHP Warning:  Undefined variable $itemClass in C:\xampp\htdocs\Winesoft\public\purchase_summary_ajax.php on line 321
[11-Mar-2026 14:39:24 Europe/Berlin] Categorized as: SPIRITS, Volume: 180, Column: 180 ML, Qty: 240, Class: 
[11-Mar-2026 14:39:24 Europe/Berlin] Added to TP 18, Category SPIRITS, Size 180 ML: 240
[11-Mar-2026 14:39:24 Europe/Berlin] Item: JAMBO P WHISKY(35.0), Code: SCMPL0012496, Category: 'Spirit', ClassName: 'IMFL', CategoryCode: 'CAT001', OldClass: 'W'
[11-Mar-2026 14:39:24 Europe/Berlin] Using ML_VOLUME from tblsize: 180
[11-Mar-2026 14:39:24 Europe/Berlin] Using TotBott column: 1440
[11-Mar-2026 14:39:24 Europe/Berlin] PHP Warning:  Undefined variable $itemClass in C:\xampp\htdocs\Winesoft\public\purchase_summary_ajax.php on line 321
[11-Mar-2026 14:39:24 Europe/Berlin] Categorized as: SPIRITS, Volume: 180, Column: 180 ML, Qty: 1440, Class: 
[11-Mar-2026 14:39:24 Europe/Berlin] Added to TP 18, Category SPIRITS, Size 180 ML: 1440
[11-Mar-2026 14:39:24 Europe/Berlin] Item: Sula Port Wine 1000, Code: SCMWN0019724, Category: 'Wine', ClassName: 'INDIAN', CategoryCode: 'CAT002', OldClass: 'V'
[11-Mar-2026 14:39:24 Europe/Berlin] Using ML_VOLUME from tblsize: 375
[11-Mar-2026 14:39:24 Europe/Berlin] Using TotBott column: 36
[11-Mar-2026 14:39:24 Europe/Berlin] PHP Warning:  Undefined variable $itemClass in C:\xampp\htdocs\Winesoft\public\purchase_summary_ajax.php on line 321
[11-Mar-2026 14:39:24 Europe/Berlin] Categorized as: WINE, Volume: 375, Column: 375 ML, Qty: 36, Class: 
[11-Mar-2026 14:39:24 Europe/Berlin] ERROR: Column not found: 375 W in category WINE
[11-Mar-2026 14:39:24 Europe/Berlin] Item: BRIHANS GOA DRY GIN & LIME DUET, Code: SCMPL0010679, Category: 'Spirit', ClassName: 'IMFL', CategoryCode: 'CAT001', OldClass: 'G'
[11-Mar-2026 14:39:24 Europe/Berlin] Using ML_VOLUME from tblsize: 180
[11-Mar-2026 14:39:24 Europe/Berlin] Using TotBott column: 336
[11-Mar-2026 14:39:24 Europe/Berlin] PHP Warning:  Undefined variable $itemClass in C:\xampp\htdocs\Winesoft\public\purchase_summary_ajax.php on line 321
[11-Mar-2026 14:39:24 Europe/Berlin] Categorized as: SPIRITS, Volume: 180, Column: 180 ML, Qty: 336, Class: 
[11-Mar-2026 14:39:24 Europe/Berlin] Added to TP 161, Category SPIRITS, Size 180 ML: 336
[11-Mar-2026 14:39:24 Europe/Berlin] Item: BRIHANS GOA DRY GIN & LIME, Code: SCMPL0010676, Category: 'Spirit', ClassName: 'IMFL', CategoryCode: 'CAT001', OldClass: 'G'
[11-Mar-2026 14:39:24 Europe/Berlin] Using ML_VOLUME from tblsize: 375
[11-Mar-2026 14:39:24 Europe/Berlin] Using TotBott column: 48
[11-Mar-2026 14:39:24 Europe/Berlin] PHP Warning:  Undefined variable $itemClass in C:\xampp\htdocs\Winesoft\public\purchase_summary_ajax.php on line 321
[11-Mar-2026 14:39:24 Europe/Berlin] Categorized as: SPIRITS, Volume: 375, Column: 375 ML, Qty: 48, Class: 
[11-Mar-2026 14:39:24 Europe/Berlin] Added to TP 161, Category SPIRITS, Size 375 ML: 48
[11-Mar-2026 14:39:24 Europe/Berlin] Item: McDowell's No. 1 Original Reserve Whisky, Code: SCMPL0010451, Category: 'Spirit', ClassName: 'IMFL', CategoryCode: 'CAT001', OldClass: 'W'
[11-Mar-2026 14:39:24 Europe/Berlin] Using ML_VOLUME from tblsize: 180
[11-Mar-2026 14:39:24 Europe/Berlin] Using TotBott column: 2400
[11-Mar-2026 14:39:24 Europe/Berlin] PHP Warning:  Undefined variable $itemClass in C:\xampp\htdocs\Winesoft\public\purchase_summary_ajax.php on line 321
[11-Mar-2026 14:39:24 Europe/Berlin] Categorized as: SPIRITS, Volume: 180, Column: 180 ML, Qty: 2400, Class: 
[11-Mar-2026 14:39:24 Europe/Berlin] Added to TP 240, Category SPIRITS, Size 180 ML: 2400
[11-Mar-2026 14:39:24 Europe/Berlin] Item: McDowell's No.1 Celebration XXX Matured Rum, Code: SCMPL0012597, Category: 'Spirit', ClassName: 'IMFL', CategoryCode: 'CAT001', OldClass: 'W'
[11-Mar-2026 14:39:24 Europe/Berlin] Using ML_VOLUME from tblsize: 1000
[11-Mar-2026 14:39:24 Europe/Berlin] 1L item found: McDowell's No.1 Celebration XXX Matured Rum, Volume: 1000, Category: SPIRITS
[11-Mar-2026 14:39:24 Europe/Berlin] Using TotBott column: 18
[11-Mar-2026 14:39:24 Europe/Berlin] PHP Warning:  Undefined variable $itemClass in C:\xampp\htdocs\Winesoft\public\purchase_summary_ajax.php on line 321
[11-Mar-2026 14:39:24 Europe/Berlin] Categorized as: SPIRITS, Volume: 1000, Column: 1L, Qty: 18, Class: 
[11-Mar-2026 14:39:24 Europe/Berlin] Added to TP 240, Category SPIRITS, Size 1L: 18
[11-Mar-2026 14:39:24 Europe/Berlin] Item: Directors Special Black Deluxe Whisky, Code: SCMPL0010445, Category: 'Spirit', ClassName: 'IMFL', CategoryCode: 'CAT001', OldClass: 'W'
[11-Mar-2026 14:39:24 Europe/Berlin] Using ML_VOLUME from tblsize: 180
[11-Mar-2026 14:39:24 Europe/Berlin] Using TotBott column: 192
[11-Mar-2026 14:39:24 Europe/Berlin] PHP Warning:  Undefined variable $itemClass in C:\xampp\htdocs\Winesoft\public\purchase_summary_ajax.php on line 321
[11-Mar-2026 14:39:24 Europe/Berlin] Categorized as: SPIRITS, Volume: 180, Column: 180 ML, Qty: 192, Class: 
[11-Mar-2026 14:39:24 Europe/Berlin] Added to TP 240, Category SPIRITS, Size 180 ML: 192
[11-Mar-2026 14:39:24 Europe/Berlin] Item: Directors Special Black Deluxe Whisky, Code: SCMPL0010612, Category: 'Spirit', ClassName: 'IMFL', CategoryCode: 'CAT001', OldClass: 'W'
[11-Mar-2026 14:39:24 Europe/Berlin] Using ML_VOLUME from tblsize: 90
[11-Mar-2026 14:39:24 Europe/Berlin] Using TotBott column: 100
[11-Mar-2026 14:39:24 Europe/Berlin] PHP Warning:  Undefined variable $itemClass in C:\xampp\htdocs\Winesoft\public\purchase_summary_ajax.php on line 321
[11-Mar-2026 14:39:24 Europe/Berlin] Categorized as: SPIRITS, Volume: 90, Column: 90 ML, Qty: 100, Class: 
[11-Mar-2026 14:39:24 Europe/Berlin] Added to TP 240, Category SPIRITS, Size 90 ML: 100
[11-Mar-2026 14:39:24 Europe/Berlin] Processed 8 items into 4 TP numbers
[11-Mar-2026 14:39:24 Europe/Berlin] Unique TP Numbers found: 18, 49, 161, 240
[11-Mar-2026 14:39:24 Europe/Berlin] Final Summary Structure: {
    "18": {
        "tp_no": "18",
        "tp_details": {
            "purchase_date": "2021-04-08",
            "pur_flag": "T"
        },
        "categories": {
            "SPIRITS": {
                "50 ML": 0,
                "60 ML": 0,
                "90 ML": 0,
                "170 ML": 0,
                "180 ML": 1680,
                "200 ML": 0,
                "250 ML": 0,
                "275 ML": 0,
                "330 ML": 0,
                "355 ML": 0,
                "375 ML": 0,
                "500 ML": 0,
                "650 ML": 0,
                "700 ML": 0,
                "750 ML": 0,
                "1L": 0,
                ">1L": 0
            },
            "WINE": {
                "100 ML": 0,
                "180 ML": 0,
                "250 ML": 0,
                "330 ML": 0,
                "375 ML": 0,
                "500 ML": 0,
                "700 ML": 0,
                "750 ML": 0,
                "1L": 0,
                ">1L": 0
            },
            "FERMENTED BEER": {
                "60 ML": 0,
                "90 ML": 0,
                "180 ML": 0,
                "250 ML": 0,
                "275 ML": 0,
                "330 ML": 0,
                "375 ML": 0,
                "500 ML": 0,
                "650 ML": 0,
                "750 ML": 0,
                "1L": 0,
                ">1L": 0
            },
            "MILD BEER": {
                "60 ML": 0,
                "90 ML": 0,
                "180 ML": 0,
                "250 ML": 0,
                "275 ML": 0,
                "330 ML": 0,
                "375 ML": 0,
                "500 ML": 0,
                "650 ML": 0,
                "750 ML": 0,
                "1L": 0,
                ">1L": 0
            }
        }
    },
    "49": {
        "tp_no": "49",
        "tp_details": {
            "purchase_date": "2021-04-08",
            "pur_flag": "T"
        },
        "categories": {
            "SPIRITS": {
                "50 ML": 0,
                "60 ML": 0,
                "90 ML": 0,
                "170 ML": 0,
                "180 ML": 0,
                "200 ML": 0,
                "250 ML": 0,
                "275 ML": 0,
                "330 ML": 0,
                "355 ML": 0,
                "375 ML": 0,
                "500 ML": 0,
                "650 ML": 0,
                "700 ML": 0,
                "750 ML": 0,
                "1L": 0,
                ">1L": 0
            },
            "WINE": {
                "100 ML": 0,
                "180 ML": 0,
                "250 ML": 0,
                "330 ML": 0,
                "375 ML": 0,
                "500 ML": 0,
                "700 ML": 0,
                "750 ML": 0,
                "1L": 0,
                ">1L": 0
            },
            "FERMENTED BEER": {
                "60 ML": 0,
                "90 ML": 0,
                "180 ML": 0,
                "250 ML": 0,
                "275 ML": 0,
                "330 ML": 0,
                "375 ML": 0,
                "500 ML": 0,
                "650 ML": 0,
                "750 ML": 0,
                "1L": 0,
                ">1L": 0
            },
            "MILD BEER": {
                "60 ML": 0,
                "90 ML": 0,
                "180 ML": 0,
                "250 ML": 0,
                "275 ML": 0,
                "330 ML": 0,
                "375 ML": 0,
                "500 ML": 0,
                "650 ML": 0,
                "750 ML": 0,
                "1L": 0,
                ">1L": 0
            }
        }
    },
    "161": {
        "tp_no": "161",
        "tp_details": {
            "purchase_date": "2021-04-08",
            "pur_flag": "T"
        },
        "categories": {
            "SPIRITS": {
                "50 ML": 0,
                "60 ML": 0,
                "90 ML": 0,
                "170 ML": 0,
                "180 ML": 336,
                "200 ML": 0,
                "250 ML": 0,
                "275 ML": 0,
                "330 ML": 0,
                "355 ML": 0,
                "375 ML": 48,
                "500 ML": 0,
                "650 ML": 0,
                "700 ML": 0,
                "750 ML": 0,
                "1L": 0,
                ">1L": 0
            },
            "WINE": {
                "100 ML": 0,
                "180 ML": 0,
                "250 ML": 0,
                "330 ML": 0,
                "375 ML": 0,
                "500 ML": 0,
                "700 ML": 0,
                "750 ML": 0,
                "1L": 0,
                ">1L": 0
            },
            "FERMENTED BEER": {
                "60 ML": 0,
                "90 ML": 0,
                "180 ML": 0,
                "250 ML": 0,
                "275 ML": 0,
                "330 ML": 0,
                "375 ML": 0,
                "500 ML": 0,
                "650 ML": 0,
                "750 ML": 0,
                "1L": 0,
                ">1L": 0
            },
            "MILD BEER": {
                "60 ML": 0,
                "90 ML": 0,
                "180 ML": 0,
                "250 ML": 0,
                "275 ML": 0,
                "330 ML": 0,
                "375 ML": 0,
                "500 ML": 0,
                "650 ML": 0,
                "750 ML": 0,
                "1L": 0,
                ">1L": 0
            }
        }
    },
    "240": {
        "tp_no": "240",
        "tp_details": {
            "purchase_date": "2021-04-08",
            "pur_flag": "T"
        },
        "categories": {
            "SPIRITS": {
                "50 ML": 0,
                "60 ML": 0,
                "90 ML": 100,
                "170 ML": 0,
                "180 ML": 2592,
                "200 ML": 0,
                "250 ML": 0,
                "275 ML": 0,
                "330 ML": 0,
                "355 ML": 0,
                "375 ML": 0,
                "500 ML": 0,
                "650 ML": 0,
                "700 ML": 0,
                "750 ML": 0,
                "1L": 18,
                ">1L": 0
            },
            "WINE": {
                "100 ML": 0,
                "180 ML": 0,
                "250 ML": 0,
                "330 ML": 0,
                "375 ML": 0,
                "500 ML": 0,
                "700 ML": 0,
                "750 ML": 0,
                "1L": 0,
                ">1L": 0
            },
            "FERMENTED BEER": {
                "60 ML": 0,
                "90 ML": 0,
                "180 ML": 0,
                "250 ML": 0,
                "275 ML": 0,
                "330 ML": 0,
                "375 ML": 0,
                "500 ML": 0,
                "650 ML": 0,
                "750 ML": 0,
                "1L": 0,
                ">1L": 0
            },
            "MILD BEER": {
                "60 ML": 0,
                "90 ML": 0,
                "180 ML": 0,
                "250 ML": 0,
                "275 ML": 0,
                "330 ML": 0,
                "375 ML": 0,
                "500 ML": 0,
                "650 ML": 0,
                "750 ML": 0,
                "1L": 0,
                ">1L": 0
            }
        }
    }
}
[11-Mar-2026 14:42:13 Europe/Berlin] Executing query: 
        SELECT 
            pd.ItemCode,
            pd.Size as PurchaseSize,
            pd.Cases,
            pd.Bottles,
            pd.BottlesPerCase,
            pd.ItemName,
            pd.TotBott,
            p.ID as PurchaseID,
            p.DATE as PurchaseDate,
            p.PUR_FLAG,
            COALESCE(NULLIF(TRIM(p.TPNO), ''), p.AUTO_TPNO) as TP_NO,
            -- Get size information from tblsize
            sz.ML_VOLUME,
            sz.SIZE_DESC as SizeDescription,
            sz.BOTTLE_PER_CASE as SizeBottlesPerCase,
            -- Get class and category information from new tables
            cn.CLASS_NAME,
            cn.CATEGORY_CODE as ClassCategoryCode,
            sn.SUBCLASS_NAME,
            cat.CATEGORY_NAME,
            -- Also get old fields for fallback
            im.CLASS as OldClass,
            im.CLASS_CODE_NEW,
            im.SUBCLASS_CODE_NEW,
            im.SIZE_CODE,
            im.ITEM_GROUP
        FROM tblpurchasedetails pd
        INNER JOIN tblpurchases p ON pd.PurchaseID = p.ID
        LEFT JOIN tblitemmaster im ON TRIM(pd.ItemCode) = TRIM(im.CODE)
        -- Join with new size table using SIZE_CODE (preferred) or ITEM_GROUP (fallback)
        LEFT JOIN tblsize sz ON (im.SIZE_CODE = sz.SIZE_CODE) OR (im.ITEM_GROUP = sz.OLD_ITEM_GROUP)
        -- Join with new class tables using CLASS_CODE_NEW
        LEFT JOIN tblclass_new cn ON im.CLASS_CODE_NEW = cn.CLASS_CODE
        LEFT JOIN tblsubclass_new sn ON im.SUBCLASS_CODE_NEW = sn.SUBCLASS_CODE
        LEFT JOIN tblcategory cat ON cn.CATEGORY_CODE = cat.CATEGORY_CODE
        WHERE p.CompID = ?
        AND p.DATE BETWEEN ? AND ?
        AND (p.TPNO IS NOT NULL OR p.AUTO_TPNO IS NOT NULL)
        AND (p.TPNO != '' OR p.AUTO_TPNO != '')
     AND p.PUR_FLAG IN ('F', 'T', 'P', 'C') ORDER BY CAST(COALESCE(NULLIF(TRIM(p.TPNO), ''), p.AUTO_TPNO) AS UNSIGNED), COALESCE(NULLIF(TRIM(p.TPNO), ''), p.AUTO_TPNO)
[11-Mar-2026 14:42:13 Europe/Berlin] Item: MASTER NOI DR BRANDY, Code: SCMPL0010198, Category: 'Spirit', ClassName: 'IMFL', CategoryCode: 'CAT001', OldClass: 'D'
[11-Mar-2026 14:42:13 Europe/Berlin] Using ML_VOLUME from tblsize: 180
[11-Mar-2026 14:42:13 Europe/Berlin] Using TotBott column: 240
[11-Mar-2026 14:42:13 Europe/Berlin] PHP Warning:  Undefined variable $itemClass in C:\xampp\htdocs\Winesoft\public\purchase_summary_ajax.php on line 321
[11-Mar-2026 14:42:13 Europe/Berlin] Categorized as: SPIRITS, Volume: 180, Column: 180 ML, Qty: 240, Class: 
[11-Mar-2026 14:42:13 Europe/Berlin] Added to TP 18, Category SPIRITS, Size 180 ML: 240
[11-Mar-2026 14:42:13 Europe/Berlin] Item: JAMBO P WHISKY(35.0), Code: SCMPL0012496, Category: 'Spirit', ClassName: 'IMFL', CategoryCode: 'CAT001', OldClass: 'W'
[11-Mar-2026 14:42:13 Europe/Berlin] Using ML_VOLUME from tblsize: 180
[11-Mar-2026 14:42:13 Europe/Berlin] Using TotBott column: 1440
[11-Mar-2026 14:42:13 Europe/Berlin] PHP Warning:  Undefined variable $itemClass in C:\xampp\htdocs\Winesoft\public\purchase_summary_ajax.php on line 321
[11-Mar-2026 14:42:13 Europe/Berlin] Categorized as: SPIRITS, Volume: 180, Column: 180 ML, Qty: 1440, Class: 
[11-Mar-2026 14:42:13 Europe/Berlin] Added to TP 18, Category SPIRITS, Size 180 ML: 1440
[11-Mar-2026 14:42:13 Europe/Berlin] Item: Sula Port Wine 1000, Code: SCMWN0019724, Category: 'Wine', ClassName: 'INDIAN', CategoryCode: 'CAT002', OldClass: 'V'
[11-Mar-2026 14:42:13 Europe/Berlin] Using ML_VOLUME from tblsize: 375
[11-Mar-2026 14:42:13 Europe/Berlin] Using TotBott column: 36
[11-Mar-2026 14:42:13 Europe/Berlin] PHP Warning:  Undefined variable $itemClass in C:\xampp\htdocs\Winesoft\public\purchase_summary_ajax.php on line 321
[11-Mar-2026 14:42:13 Europe/Berlin] Categorized as: WINE, Volume: 375, Column: 375 ML, Qty: 36, Class: 
[11-Mar-2026 14:42:13 Europe/Berlin] ERROR: Column not found: 375 W in category WINE
[11-Mar-2026 14:42:13 Europe/Berlin] Item: BRIHANS GOA DRY GIN & LIME DUET, Code: SCMPL0010679, Category: 'Spirit', ClassName: 'IMFL', CategoryCode: 'CAT001', OldClass: 'G'
[11-Mar-2026 14:42:13 Europe/Berlin] Using ML_VOLUME from tblsize: 180
[11-Mar-2026 14:42:13 Europe/Berlin] Using TotBott column: 336
[11-Mar-2026 14:42:13 Europe/Berlin] PHP Warning:  Undefined variable $itemClass in C:\xampp\htdocs\Winesoft\public\purchase_summary_ajax.php on line 321
[11-Mar-2026 14:42:13 Europe/Berlin] Categorized as: SPIRITS, Volume: 180, Column: 180 ML, Qty: 336, Class: 
[11-Mar-2026 14:42:13 Europe/Berlin] Added to TP 161, Category SPIRITS, Size 180 ML: 336
[11-Mar-2026 14:42:13 Europe/Berlin] Item: BRIHANS GOA DRY GIN & LIME, Code: SCMPL0010676, Category: 'Spirit', ClassName: 'IMFL', CategoryCode: 'CAT001', OldClass: 'G'
[11-Mar-2026 14:42:13 Europe/Berlin] Using ML_VOLUME from tblsize: 375
[11-Mar-2026 14:42:13 Europe/Berlin] Using TotBott column: 48
[11-Mar-2026 14:42:13 Europe/Berlin] PHP Warning:  Undefined variable $itemClass in C:\xampp\htdocs\Winesoft\public\purchase_summary_ajax.php on line 321
[11-Mar-2026 14:42:13 Europe/Berlin] Categorized as: SPIRITS, Volume: 375, Column: 375 ML, Qty: 48, Class: 
[11-Mar-2026 14:42:13 Europe/Berlin] Added to TP 161, Category SPIRITS, Size 375 ML: 48
[11-Mar-2026 14:42:13 Europe/Berlin] Item: McDowell's No. 1 Original Reserve Whisky, Code: SCMPL0010451, Category: 'Spirit', ClassName: 'IMFL', CategoryCode: 'CAT001', OldClass: 'W'
[11-Mar-2026 14:42:13 Europe/Berlin] Using ML_VOLUME from tblsize: 180
[11-Mar-2026 14:42:13 Europe/Berlin] Using TotBott column: 2400
[11-Mar-2026 14:42:13 Europe/Berlin] PHP Warning:  Undefined variable $itemClass in C:\xampp\htdocs\Winesoft\public\purchase_summary_ajax.php on line 321
[11-Mar-2026 14:42:13 Europe/Berlin] Categorized as: SPIRITS, Volume: 180, Column: 180 ML, Qty: 2400, Class: 
[11-Mar-2026 14:42:13 Europe/Berlin] Added to TP 240, Category SPIRITS, Size 180 ML: 2400
[11-Mar-2026 14:42:13 Europe/Berlin] Item: McDowell's No.1 Celebration XXX Matured Rum, Code: SCMPL0012597, Category: 'Spirit', ClassName: 'IMFL', CategoryCode: 'CAT001', OldClass: 'W'
[11-Mar-2026 14:42:13 Europe/Berlin] Using ML_VOLUME from tblsize: 1000
[11-Mar-2026 14:42:13 Europe/Berlin] 1L item found: McDowell's No.1 Celebration XXX Matured Rum, Volume: 1000, Category: SPIRITS
[11-Mar-2026 14:42:13 Europe/Berlin] Using TotBott column: 18
[11-Mar-2026 14:42:13 Europe/Berlin] PHP Warning:  Undefined variable $itemClass in C:\xampp\htdocs\Winesoft\public\purchase_summary_ajax.php on line 321
[11-Mar-2026 14:42:13 Europe/Berlin] Categorized as: SPIRITS, Volume: 1000, Column: 1L, Qty: 18, Class: 
[11-Mar-2026 14:42:13 Europe/Berlin] Added to TP 240, Category SPIRITS, Size 1L: 18
[11-Mar-2026 14:42:13 Europe/Berlin] Item: Directors Special Black Deluxe Whisky, Code: SCMPL0010445, Category: 'Spirit', ClassName: 'IMFL', CategoryCode: 'CAT001', OldClass: 'W'
[11-Mar-2026 14:42:13 Europe/Berlin] Using ML_VOLUME from tblsize: 180
[11-Mar-2026 14:42:13 Europe/Berlin] Using TotBott column: 192
[11-Mar-2026 14:42:13 Europe/Berlin] PHP Warning:  Undefined variable $itemClass in C:\xampp\htdocs\Winesoft\public\purchase_summary_ajax.php on line 321
[11-Mar-2026 14:42:13 Europe/Berlin] Categorized as: SPIRITS, Volume: 180, Column: 180 ML, Qty: 192, Class: 
[11-Mar-2026 14:42:13 Europe/Berlin] Added to TP 240, Category SPIRITS, Size 180 ML: 192
[11-Mar-2026 14:42:13 Europe/Berlin] Item: Directors Special Black Deluxe Whisky, Code: SCMPL0010612, Category: 'Spirit', ClassName: 'IMFL', CategoryCode: 'CAT001', OldClass: 'W'
[11-Mar-2026 14:42:13 Europe/Berlin] Using ML_VOLUME from tblsize: 90
[11-Mar-2026 14:42:13 Europe/Berlin] Using TotBott column: 100
[11-Mar-2026 14:42:13 Europe/Berlin] PHP Warning:  Undefined variable $itemClass in C:\xampp\htdocs\Winesoft\public\purchase_summary_ajax.php on line 321
[11-Mar-2026 14:42:13 Europe/Berlin] Categorized as: SPIRITS, Volume: 90, Column: 90 ML, Qty: 100, Class: 
[11-Mar-2026 14:42:13 Europe/Berlin] Added to TP 240, Category SPIRITS, Size 90 ML: 100
[11-Mar-2026 14:42:13 Europe/Berlin] Processed 8 items into 4 TP numbers
[11-Mar-2026 14:42:13 Europe/Berlin] Unique TP Numbers found: 18, 49, 161, 240
[11-Mar-2026 14:42:13 Europe/Berlin] Final Summary Structure: {
    "18": {
        "tp_no": "18",
        "tp_details": {
            "purchase_date": "2021-04-08",
            "pur_flag": "T"
        },
        "categories": {
            "SPIRITS": {
                "50 ML": 0,
                "60 ML": 0,
                "90 ML": 0,
                "170 ML": 0,
                "180 ML": 1680,
                "200 ML": 0,
                "250 ML": 0,
                "275 ML": 0,
                "330 ML": 0,
                "355 ML": 0,
                "375 ML": 0,
                "500 ML": 0,
                "650 ML": 0,
                "700 ML": 0,
                "750 ML": 0,
                "1L": 0,
                ">1L": 0
            },
            "WINE": {
                "100 ML": 0,
                "180 ML": 0,
                "250 ML": 0,
                "330 ML": 0,
                "375 ML": 0,
                "500 ML": 0,
                "700 ML": 0,
                "750 ML": 0,
                "1L": 0,
                ">1L": 0
            },
            "FERMENTED BEER": {
                "60 ML": 0,
                "90 ML": 0,
                "180 ML": 0,
                "250 ML": 0,
                "275 ML": 0,
                "330 ML": 0,
                "375 ML": 0,
                "500 ML": 0,
                "650 ML": 0,
                "750 ML": 0,
                "1L": 0,
                ">1L": 0
            },
            "MILD BEER": {
                "60 ML": 0,
                "90 ML": 0,
                "180 ML": 0,
                "250 ML": 0,
                "275 ML": 0,
                "330 ML": 0,
                "375 ML": 0,
                "500 ML": 0,
                "650 ML": 0,
                "750 ML": 0,
                "1L": 0,
                ">1L": 0
            }
        }
    },
    "49": {
        "tp_no": "49",
        "tp_details": {
            "purchase_date": "2021-04-08",
            "pur_flag": "T"
        },
        "categories": {
            "SPIRITS": {
                "50 ML": 0,
                "60 ML": 0,
                "90 ML": 0,
                "170 ML": 0,
                "180 ML": 0,
                "200 ML": 0,
                "250 ML": 0,
                "275 ML": 0,
                "330 ML": 0,
                "355 ML": 0,
                "375 ML": 0,
                "500 ML": 0,
                "650 ML": 0,
                "700 ML": 0,
                "750 ML": 0,
                "1L": 0,
                ">1L": 0
            },
            "WINE": {
                "100 ML": 0,
                "180 ML": 0,
                "250 ML": 0,
                "330 ML": 0,
                "375 ML": 0,
                "500 ML": 0,
                "700 ML": 0,
                "750 ML": 0,
                "1L": 0,
                ">1L": 0
            },
            "FERMENTED BEER": {
                "60 ML": 0,
                "90 ML": 0,
                "180 ML": 0,
                "250 ML": 0,
                "275 ML": 0,
                "330 ML": 0,
                "375 ML": 0,
                "500 ML": 0,
                "650 ML": 0,
                "750 ML": 0,
                "1L": 0,
                ">1L": 0
            },
            "MILD BEER": {
                "60 ML": 0,
                "90 ML": 0,
                "180 ML": 0,
                "250 ML": 0,
                "275 ML": 0,
                "330 ML": 0,
                "375 ML": 0,
                "500 ML": 0,
                "650 ML": 0,
                "750 ML": 0,
                "1L": 0,
                ">1L": 0
            }
        }
    },
    "161": {
        "tp_no": "161",
        "tp_details": {
            "purchase_date": "2021-04-08",
            "pur_flag": "T"
        },
        "categories": {
            "SPIRITS": {
                "50 ML": 0,
                "60 ML": 0,
                "90 ML": 0,
                "170 ML": 0,
                "180 ML": 336,
                "200 ML": 0,
                "250 ML": 0,
                "275 ML": 0,
                "330 ML": 0,
                "355 ML": 0,
                "375 ML": 48,
                "500 ML": 0,
                "650 ML": 0,
                "700 ML": 0,
                "750 ML": 0,
                "1L": 0,
                ">1L": 0
            },
            "WINE": {
                "100 ML": 0,
                "180 ML": 0,
                "250 ML": 0,
                "330 ML": 0,
                "375 ML": 0,
                "500 ML": 0,
                "700 ML": 0,
                "750 ML": 0,
                "1L": 0,
                ">1L": 0
            },
            "FERMENTED BEER": {
                "60 ML": 0,
                "90 ML": 0,
                "180 ML": 0,
                "250 ML": 0,
                "275 ML": 0,
                "330 ML": 0,
                "375 ML": 0,
                "500 ML": 0,
                "650 ML": 0,
                "750 ML": 0,
                "1L": 0,
                ">1L": 0
            },
            "MILD BEER": {
                "60 ML": 0,
                "90 ML": 0,
                "180 ML": 0,
                "250 ML": 0,
                "275 ML": 0,
                "330 ML": 0,
                "375 ML": 0,
                "500 ML": 0,
                "650 ML": 0,
                "750 ML": 0,
                "1L": 0,
                ">1L": 0
            }
        }
    },
    "240": {
        "tp_no": "240",
        "tp_details": {
            "purchase_date": "2021-04-08",
            "pur_flag": "T"
        },
        "categories": {
            "SPIRITS": {
                "50 ML": 0,
                "60 ML": 0,
                "90 ML": 100,
                "170 ML": 0,
                "180 ML": 2592,
                "200 ML": 0,
                "250 ML": 0,
                "275 ML": 0,
                "330 ML": 0,
                "355 ML": 0,
                "375 ML": 0,
                "500 ML": 0,
                "650 ML": 0,
                "700 ML": 0,
                "750 ML": 0,
                "1L": 18,
                ">1L": 0
            },
            "WINE": {
                "100 ML": 0,
                "180 ML": 0,
                "250 ML": 0,
                "330 ML": 0,
                "375 ML": 0,
                "500 ML": 0,
                "700 ML": 0,
                "750 ML": 0,
                "1L": 0,
                ">1L": 0
            },
            "FERMENTED BEER": {
                "60 ML": 0,
                "90 ML": 0,
                "180 ML": 0,
                "250 ML": 0,
                "275 ML": 0,
                "330 ML": 0,
                "375 ML": 0,
                "500 ML": 0,
                "650 ML": 0,
                "750 ML": 0,
                "1L": 0,
                ">1L": 0
            },
            "MILD BEER": {
                "60 ML": 0,
                "90 ML": 0,
                "180 ML": 0,
                "250 ML": 0,
                "275 ML": 0,
                "330 ML": 0,
                "375 ML": 0,
                "500 ML": 0,
                "650 ML": 0,
                "750 ML": 0,
                "1L": 0,
                ">1L": 0
            }
        }
    }
}
[11-Mar-2026 14:42:20 Europe/Berlin] Executing query: 
        SELECT 
            pd.ItemCode,
            pd.Size as PurchaseSize,
            pd.Cases,
            pd.Bottles,
            pd.BottlesPerCase,
            pd.ItemName,
            pd.TotBott,
            p.ID as PurchaseID,
            p.DATE as PurchaseDate,
            p.PUR_FLAG,
            COALESCE(NULLIF(TRIM(p.TPNO), ''), p.AUTO_TPNO) as TP_NO,
            -- Get size information from tblsize
            sz.ML_VOLUME,
            sz.SIZE_DESC as SizeDescription,
            sz.BOTTLE_PER_CASE as SizeBottlesPerCase,
            -- Get class and category information from new tables
            cn.CLASS_NAME,
            cn.CATEGORY_CODE as ClassCategoryCode,
            sn.SUBCLASS_NAME,
            cat.CATEGORY_NAME,
            -- Also get old fields for fallback
            im.CLASS as OldClass,
            im.CLASS_CODE_NEW,
            im.SUBCLASS_CODE_NEW,
            im.SIZE_CODE,
            im.ITEM_GROUP
        FROM tblpurchasedetails pd
        INNER JOIN tblpurchases p ON pd.PurchaseID = p.ID
        LEFT JOIN tblitemmaster im ON TRIM(pd.ItemCode) = TRIM(im.CODE)
        -- Join with new size table using SIZE_CODE (preferred) or ITEM_GROUP (fallback)
        LEFT JOIN tblsize sz ON (im.SIZE_CODE = sz.SIZE_CODE) OR (im.ITEM_GROUP = sz.OLD_ITEM_GROUP)
        -- Join with new class tables using CLASS_CODE_NEW
        LEFT JOIN tblclass_new cn ON im.CLASS_CODE_NEW = cn.CLASS_CODE
        LEFT JOIN tblsubclass_new sn ON im.SUBCLASS_CODE_NEW = sn.SUBCLASS_CODE
        LEFT JOIN tblcategory cat ON cn.CATEGORY_CODE = cat.CATEGORY_CODE
        WHERE p.CompID = ?
        AND p.DATE BETWEEN ? AND ?
        AND (p.TPNO IS NOT NULL OR p.AUTO_TPNO IS NOT NULL)
        AND (p.TPNO != '' OR p.AUTO_TPNO != '')
     AND p.PUR_FLAG IN ('F', 'T', 'P', 'C') ORDER BY CAST(COALESCE(NULLIF(TRIM(p.TPNO), ''), p.AUTO_TPNO) AS UNSIGNED), COALESCE(NULLIF(TRIM(p.TPNO), ''), p.AUTO_TPNO)
[11-Mar-2026 14:42:20 Europe/Berlin] Item: McDowell's No. 1 Original Reserve Whisky, Code: SCMPL0010452, Category: 'Spirit', ClassName: 'IMFL', CategoryCode: 'CAT001', OldClass: 'W'
[11-Mar-2026 14:42:20 Europe/Berlin] Using ML_VOLUME from tblsize: 375
[11-Mar-2026 14:42:20 Europe/Berlin] Using TotBott column: 120
[11-Mar-2026 14:42:20 Europe/Berlin] PHP Warning:  Undefined variable $itemClass in C:\xampp\htdocs\Winesoft\public\purchase_summary_ajax.php on line 321
[11-Mar-2026 14:42:20 Europe/Berlin] Categorized as: SPIRITS, Volume: 375, Column: 375 ML, Qty: 120, Class: 
[11-Mar-2026 14:42:20 Europe/Berlin] Added to TP 150, Category SPIRITS, Size 375 ML: 120
[11-Mar-2026 14:42:20 Europe/Berlin] Item: McDowell's No. 1 Original Reserve Whisky, Code: SCMPL0010453, Category: 'Spirit', ClassName: 'IMFL', CategoryCode: 'CAT001', OldClass: 'W'
[11-Mar-2026 14:42:20 Europe/Berlin] Using ML_VOLUME from tblsize: 750
[11-Mar-2026 14:42:20 Europe/Berlin] Using TotBott column: 120
[11-Mar-2026 14:42:20 Europe/Berlin] PHP Warning:  Undefined variable $itemClass in C:\xampp\htdocs\Winesoft\public\purchase_summary_ajax.php on line 321
[11-Mar-2026 14:42:20 Europe/Berlin] Categorized as: SPIRITS, Volume: 750, Column: 750 ML, Qty: 120, Class: 
[11-Mar-2026 14:42:20 Europe/Berlin] Added to TP 150, Category SPIRITS, Size 750 ML: 120
[11-Mar-2026 14:42:20 Europe/Berlin] Item: McDowell's No. 1 Original Reserve Whisky, Code: SCMPL0010450, Category: 'Spirit', ClassName: 'IMFL', CategoryCode: 'CAT001', OldClass: 'W'
[11-Mar-2026 14:42:20 Europe/Berlin] Using ML_VOLUME from tblsize: 90
[11-Mar-2026 14:42:20 Europe/Berlin] Using TotBott column: 144
[11-Mar-2026 14:42:20 Europe/Berlin] PHP Warning:  Undefined variable $itemClass in C:\xampp\htdocs\Winesoft\public\purchase_summary_ajax.php on line 321
[11-Mar-2026 14:42:20 Europe/Berlin] Categorized as: SPIRITS, Volume: 90, Column: 90 ML, Qty: 144, Class: 
[11-Mar-2026 14:42:20 Europe/Berlin] Added to TP 150, Category SPIRITS, Size 90 ML: 144
[11-Mar-2026 14:42:20 Europe/Berlin] Item: McDowell's No. 1 Original Reserve Whisky, Code: SCMPL0010450, Category: 'Spirit', ClassName: 'IMFL', CategoryCode: 'CAT001', OldClass: 'W'
[11-Mar-2026 14:42:20 Europe/Berlin] Using ML_VOLUME from tblsize: 90
[11-Mar-2026 14:42:20 Europe/Berlin] Using TotBott column: 816
[11-Mar-2026 14:42:20 Europe/Berlin] PHP Warning:  Undefined variable $itemClass in C:\xampp\htdocs\Winesoft\public\purchase_summary_ajax.php on line 321
[11-Mar-2026 14:42:20 Europe/Berlin] Categorized as: SPIRITS, Volume: 90, Column: 90 ML, Qty: 816, Class: 
[11-Mar-2026 14:42:20 Europe/Berlin] Added to TP 150, Category SPIRITS, Size 90 ML: 816
[11-Mar-2026 14:42:20 Europe/Berlin] Item: KARAN XXX RUM, Code: SCMPL0010234, Category: 'Spirit', ClassName: 'IMFL', CategoryCode: 'CAT001', OldClass: 'R'
[11-Mar-2026 14:42:20 Europe/Berlin] Using ML_VOLUME from tblsize: 180
[11-Mar-2026 14:42:20 Europe/Berlin] Using TotBott column: 240
[11-Mar-2026 14:42:20 Europe/Berlin] PHP Warning:  Undefined variable $itemClass in C:\xampp\htdocs\Winesoft\public\purchase_summary_ajax.php on line 321
[11-Mar-2026 14:42:20 Europe/Berlin] Categorized as: SPIRITS, Volume: 180, Column: 180 ML, Qty: 240, Class: 
[11-Mar-2026 14:42:20 Europe/Berlin] Added to TP 154, Category SPIRITS, Size 180 ML: 240
[11-Mar-2026 14:42:20 Europe/Berlin] Item: JAMBO P WHISKY(35.0), Code: SCMPL0012496, Category: 'Spirit', ClassName: 'IMFL', CategoryCode: 'CAT001', OldClass: 'W'
[11-Mar-2026 14:42:20 Europe/Berlin] Using ML_VOLUME from tblsize: 180
[11-Mar-2026 14:42:20 Europe/Berlin] Using TotBott column: 2400
[11-Mar-2026 14:42:20 Europe/Berlin] PHP Warning:  Undefined variable $itemClass in C:\xampp\htdocs\Winesoft\public\purchase_summary_ajax.php on line 321
[11-Mar-2026 14:42:20 Europe/Berlin] Categorized as: SPIRITS, Volume: 180, Column: 180 ML, Qty: 2400, Class: 
[11-Mar-2026 14:42:20 Europe/Berlin] Added to TP 154, Category SPIRITS, Size 180 ML: 2400
[11-Mar-2026 14:42:20 Europe/Berlin] Item: Kingfisher Strong Premium Beer, Code: SCMBR0009846, Category: 'Fermented Beer', ClassName: 'Fermented Beer', CategoryCode: 'CAT003', OldClass: 'F'
[11-Mar-2026 14:42:20 Europe/Berlin] Using ML_VOLUME from tblsize: 650
[11-Mar-2026 14:42:20 Europe/Berlin] Using TotBott column: 120
[11-Mar-2026 14:42:20 Europe/Berlin] PHP Warning:  Undefined variable $itemClass in C:\xampp\htdocs\Winesoft\public\purchase_summary_ajax.php on line 321
[11-Mar-2026 14:42:20 Europe/Berlin] Categorized as: FERMENTED BEER, Volume: 650, Column: 650 ML, Qty: 120, Class: 
[11-Mar-2026 14:42:20 Europe/Berlin] Added to TP 261, Category FERMENTED BEER, Size 650 ML: 120
[11-Mar-2026 14:42:20 Europe/Berlin] Item: Kingfisher Strong Premium Beer, Code: SCMBR0009847, Category: 'Fermented Beer', ClassName: 'Fermented Beer', CategoryCode: 'CAT003', OldClass: 'F'
[11-Mar-2026 14:42:20 Europe/Berlin] Using ML_VOLUME from tblsize: 330
[11-Mar-2026 14:42:20 Europe/Berlin] Using TotBott column: 72
[11-Mar-2026 14:42:20 Europe/Berlin] PHP Warning:  Undefined variable $itemClass in C:\xampp\htdocs\Winesoft\public\purchase_summary_ajax.php on line 321
[11-Mar-2026 14:42:20 Europe/Berlin] Categorized as: FERMENTED BEER, Volume: 330, Column: 330 ML, Qty: 72, Class: 
[11-Mar-2026 14:42:20 Europe/Berlin] Added to TP 261, Category FERMENTED BEER, Size 330 ML: 72
[11-Mar-2026 14:42:20 Europe/Berlin] Item: Nirvana Rocker Punch Rum with Cola XXX, Code: SCMPL0018080, Category: 'Spirit', ClassName: 'IMFL', CategoryCode: 'CAT001', OldClass: 'R'
[11-Mar-2026 14:42:20 Europe/Berlin] Using ML_VOLUME from tblsize: 180
[11-Mar-2026 14:42:20 Europe/Berlin] Using TotBott column: 100
[11-Mar-2026 14:42:20 Europe/Berlin] PHP Warning:  Undefined variable $itemClass in C:\xampp\htdocs\Winesoft\public\purchase_summary_ajax.php on line 321
[11-Mar-2026 14:42:20 Europe/Berlin] Categorized as: SPIRITS, Volume: 180, Column: 180 ML, Qty: 100, Class: 
[11-Mar-2026 14:42:20 Europe/Berlin] Added to TP 261, Category SPIRITS, Size 180 ML: 100
[11-Mar-2026 14:42:20 Europe/Berlin] Item: London Pilsner Premium Strong Beer, Code: SCMBR0018145, Category: 'Fermented Beer', ClassName: 'Fermented Beer', CategoryCode: 'CAT003', OldClass: 'F'
[11-Mar-2026 14:42:20 Europe/Berlin] Using ML_VOLUME from tblsize: 650
[11-Mar-2026 14:42:20 Europe/Berlin] Using TotBott column: 60
[11-Mar-2026 14:42:20 Europe/Berlin] PHP Warning:  Undefined variable $itemClass in C:\xampp\htdocs\Winesoft\public\purchase_summary_ajax.php on line 321
[11-Mar-2026 14:42:20 Europe/Berlin] Categorized as: FERMENTED BEER, Volume: 650, Column: 650 ML, Qty: 60, Class: 
[11-Mar-2026 14:42:20 Europe/Berlin] Added to TP 261, Category FERMENTED BEER, Size 650 ML: 60
[11-Mar-2026 14:42:20 Europe/Berlin] Item: MAGIC MOMENTS PURE GRAIN VODKA, Code: SCMPL0010663, Category: 'Spirit', ClassName: 'IMFL', CategoryCode: 'CAT001', OldClass: 'K'
[11-Mar-2026 14:42:20 Europe/Berlin] Using ML_VOLUME from tblsize: 180
[11-Mar-2026 14:42:20 Europe/Berlin] Using TotBott column: 48
[11-Mar-2026 14:42:20 Europe/Berlin] PHP Warning:  Undefined variable $itemClass in C:\xampp\htdocs\Winesoft\public\purchase_summary_ajax.php on line 321
[11-Mar-2026 14:42:20 Europe/Berlin] Categorized as: SPIRITS, Volume: 180, Column: 180 ML, Qty: 48, Class: 
[11-Mar-2026 14:42:20 Europe/Berlin] Added to TP 302, Category SPIRITS, Size 180 ML: 48
[11-Mar-2026 14:42:20 Europe/Berlin] Item: 8 PM Special Whisky, Code: SCMPL0028357, Category: 'Spirit', ClassName: 'IMFL', CategoryCode: 'CAT001', OldClass: 'W'
[11-Mar-2026 14:42:20 Europe/Berlin] Using ML_VOLUME from tblsize: 1000
[11-Mar-2026 14:42:20 Europe/Berlin] 1L item found: 8 PM Special Whisky, Volume: 1000, Category: SPIRITS
[11-Mar-2026 14:42:20 Europe/Berlin] Using TotBott column: 45
[11-Mar-2026 14:42:20 Europe/Berlin] PHP Warning:  Undefined variable $itemClass in C:\xampp\htdocs\Winesoft\public\purchase_summary_ajax.php on line 321
[11-Mar-2026 14:42:20 Europe/Berlin] Categorized as: SPIRITS, Volume: 1000, Column: 1L, Qty: 45, Class: 
[11-Mar-2026 14:42:20 Europe/Berlin] Added to TP 302, Category SPIRITS, Size 1L: 45
[11-Mar-2026 14:42:20 Europe/Berlin] Item: MAGIC MOMENTS GREEN APPLE VODKA, Code: SCMPL0009866, Category: 'Spirit', ClassName: 'IMFL', CategoryCode: 'CAT001', OldClass: 'K'
[11-Mar-2026 14:42:20 Europe/Berlin] Using ML_VOLUME from tblsize: 180
[11-Mar-2026 14:42:20 Europe/Berlin] Using TotBott column: 24
[11-Mar-2026 14:42:20 Europe/Berlin] PHP Warning:  Undefined variable $itemClass in C:\xampp\htdocs\Winesoft\public\purchase_summary_ajax.php on line 321
[11-Mar-2026 14:42:20 Europe/Berlin] Categorized as: SPIRITS, Volume: 180, Column: 180 ML, Qty: 24, Class: 
[11-Mar-2026 14:42:20 Europe/Berlin] Added to TP 302, Category SPIRITS, Size 180 ML: 24
[11-Mar-2026 14:42:20 Europe/Berlin] Item: 8 PM Special Whisky, Code: SCMPL0028276, Category: 'Spirit', ClassName: 'IMFL', CategoryCode: 'CAT001', OldClass: 'W'
[11-Mar-2026 14:42:20 Europe/Berlin] Using ML_VOLUME from tblsize: 180
[11-Mar-2026 14:42:20 Europe/Berlin] Using TotBott column: 720
[11-Mar-2026 14:42:20 Europe/Berlin] PHP Warning:  Undefined variable $itemClass in C:\xampp\htdocs\Winesoft\public\purchase_summary_ajax.php on line 321
[11-Mar-2026 14:42:20 Europe/Berlin] Categorized as: SPIRITS, Volume: 180, Column: 180 ML, Qty: 720, Class: 
[11-Mar-2026 14:42:20 Europe/Berlin] Added to TP 302, Category SPIRITS, Size 180 ML: 720
[11-Mar-2026 14:42:20 Europe/Berlin] Processed 14 items into 4 TP numbers
[11-Mar-2026 14:42:20 Europe/Berlin] Unique TP Numbers found: 150, 154, 261, 302
[11-Mar-2026 14:42:20 Europe/Berlin] Final Summary Structure: {
    "150": {
        "tp_no": "150",
        "tp_details": {
            "purchase_date": "2021-04-23",
            "pur_flag": "T"
        },
        "categories": {
            "SPIRITS": {
                "50 ML": 0,
                "60 ML": 0,
                "90 ML": 960,
                "170 ML": 0,
                "180 ML": 0,
                "200 ML": 0,
                "250 ML": 0,
                "275 ML": 0,
                "330 ML": 0,
                "355 ML": 0,
                "375 ML": 120,
                "500 ML": 0,
                "650 ML": 0,
                "700 ML": 0,
                "750 ML": 120,
                "1L": 0,
                ">1L": 0
            },
            "WINE": {
                "100 ML": 0,
                "180 ML": 0,
                "250 ML": 0,
                "330 ML": 0,
                "375 ML": 0,
                "500 ML": 0,
                "700 ML": 0,
                "750 ML": 0,
                "1L": 0,
                ">1L": 0
            },
            "FERMENTED BEER": {
                "60 ML": 0,
                "90 ML": 0,
                "180 ML": 0,
                "250 ML": 0,
                "275 ML": 0,
                "330 ML": 0,
                "375 ML": 0,
                "500 ML": 0,
                "650 ML": 0,
                "750 ML": 0,
                "1L": 0,
                ">1L": 0
            },
            "MILD BEER": {
                "60 ML": 0,
                "90 ML": 0,
                "180 ML": 0,
                "250 ML": 0,
                "275 ML": 0,
                "330 ML": 0,
                "375 ML": 0,
                "500 ML": 0,
                "650 ML": 0,
                "750 ML": 0,
                "1L": 0,
                ">1L": 0
            }
        }
    },
    "154": {
        "tp_no": "154",
        "tp_details": {
            "purchase_date": "2021-04-23",
            "pur_flag": "T"
        },
        "categories": {
            "SPIRITS": {
                "50 ML": 0,
                "60 ML": 0,
                "90 ML": 0,
                "170 ML": 0,
                "180 ML": 2640,
                "200 ML": 0,
                "250 ML": 0,
                "275 ML": 0,
                "330 ML": 0,
                "355 ML": 0,
                "375 ML": 0,
                "500 ML": 0,
                "650 ML": 0,
                "700 ML": 0,
                "750 ML": 0,
                "1L": 0,
                ">1L": 0
            },
            "WINE": {
                "100 ML": 0,
                "180 ML": 0,
                "250 ML": 0,
                "330 ML": 0,
                "375 ML": 0,
                "500 ML": 0,
                "700 ML": 0,
                "750 ML": 0,
                "1L": 0,
                ">1L": 0
            },
            "FERMENTED BEER": {
                "60 ML": 0,
                "90 ML": 0,
                "180 ML": 0,
                "250 ML": 0,
                "275 ML": 0,
                "330 ML": 0,
                "375 ML": 0,
                "500 ML": 0,
                "650 ML": 0,
                "750 ML": 0,
                "1L": 0,
                ">1L": 0
            },
            "MILD BEER": {
                "60 ML": 0,
                "90 ML": 0,
                "180 ML": 0,
                "250 ML": 0,
                "275 ML": 0,
                "330 ML": 0,
                "375 ML": 0,
                "500 ML": 0,
                "650 ML": 0,
                "750 ML": 0,
                "1L": 0,
                ">1L": 0
            }
        }
    },
    "261": {
        "tp_no": "261",
        "tp_details": {
            "purchase_date": "2021-04-23",
            "pur_flag": "T"
        },
        "categories": {
            "SPIRITS": {
                "50 ML": 0,
                "60 ML": 0,
                "90 ML": 0,
                "170 ML": 0,
                "180 ML": 100,
                "200 ML": 0,
                "250 ML": 0,
                "275 ML": 0,
                "330 ML": 0,
                "355 ML": 0,
                "375 ML": 0,
                "500 ML": 0,
                "650 ML": 0,
                "700 ML": 0,
                "750 ML": 0,
                "1L": 0,
                ">1L": 0
            },
            "WINE": {
                "100 ML": 0,
                "180 ML": 0,
                "250 ML": 0,
                "330 ML": 0,
                "375 ML": 0,
                "500 ML": 0,
                "700 ML": 0,
                "750 ML": 0,
                "1L": 0,
                ">1L": 0
            },
            "FERMENTED BEER": {
                "60 ML": 0,
                "90 ML": 0,
                "180 ML": 0,
                "250 ML": 0,
                "275 ML": 0,
                "330 ML": 72,
                "375 ML": 0,
                "500 ML": 0,
                "650 ML": 180,
                "750 ML": 0,
                "1L": 0,
                ">1L": 0
            },
            "MILD BEER": {
                "60 ML": 0,
                "90 ML": 0,
                "180 ML": 0,
                "250 ML": 0,
                "275 ML": 0,
                "330 ML": 0,
                "375 ML": 0,
                "500 ML": 0,
                "650 ML": 0,
                "750 ML": 0,
                "1L": 0,
                ">1L": 0
            }
        }
    },
    "302": {
        "tp_no": "302",
        "tp_details": {
            "purchase_date": "2021-04-23",
            "pur_flag": "T"
        },
        "categories": {
            "SPIRITS": {
                "50 ML": 0,
                "60 ML": 0,
                "90 ML": 0,
                "170 ML": 0,
                "180 ML": 792,
                "200 ML": 0,
                "250 ML": 0,
                "275 ML": 0,
                "330 ML": 0,
                "355 ML": 0,
                "375 ML": 0,
                "500 ML": 0,
                "650 ML": 0,
                "700 ML": 0,
                "750 ML": 0,
                "1L": 45,
                ">1L": 0
            },
            "WINE": {
                "100 ML": 0,
                "180 ML": 0,
                "250 ML": 0,
                "330 ML": 0,
                "375 ML": 0,
                "500 ML": 0,
                "700 ML": 0,
                "750 ML": 0,
                "1L": 0,
                ">1L": 0
            },
            "FERMENTED BEER": {
                "60 ML": 0,
                "90 ML": 0,
                "180 ML": 0,
                "250 ML": 0,
                "275 ML": 0,
                "330 ML": 0,
                "375 ML": 0,
                "500 ML": 0,
                "650 ML": 0,
                "750 ML": 0,
                "1L": 0,
                ">1L": 0
            },
            "MILD BEER": {
                "60 ML": 0,
                "90 ML": 0,
                "180 ML": 0,
                "250 ML": 0,
                "275 ML": 0,
                "330 ML": 0,
                "375 ML": 0,
                "500 ML": 0,
                "650 ML": 0,
                "750 ML": 0,
                "1L": 0,
                ">1L": 0
            }
        }
    }
}
