[2026-03-02 08:55:07] Starting delete operation for company ID: 6
[2026-03-02 08:55:07] Bulk delete request: [
    "1"
]
[2026-03-02 08:55:07] Starting reverse for purchase ID: 1
[2026-03-02 08:55:07] Purchase found: {
    "date": "2025-04-01",
    "tp_no": "444"
}
[2026-03-02 08:55:07] Found 1 items
[2026-03-02 08:55:07] ERROR: Unknown column 'Current_Stock6' in 'field list'
[2026-03-02 08:58:38] Starting delete operation for company ID: 1
[2026-03-02 08:58:38] Single delete request for ID: 2
[2026-03-02 08:58:38] Starting reverse for purchase ID: 2
[2026-03-02 08:58:38] Purchase found: {
    "date": "2026-02-02",
    "tp_no": "25298"
}
[2026-03-02 08:58:38] Found 1 items
[2026-03-02 08:58:38] Main stock updated
[2026-03-02 08:58:38] Updating daily stock: {
    "table": "tbldailystock_1_02_26",
    "day": "02",
    "month": "2026-02"
}
[2026-03-02 08:58:38] Cascading stock: {
    "table": "tbldailystock_1_02_26",
    "item_code": "SCMKS0036602",
    "stk_month": "2026-02",
    "start_day": "02"
}
[2026-03-02 08:58:38] Daily stock updated
[2026-03-02 08:58:38] Deleted 1 detail records
[2026-03-02 08:58:38] Deleted purchase header, affected rows: 1
[2026-03-02 08:58:38] Transaction committed successfully
[2026-03-02 09:17:17] Starting delete operation for company ID: 6
[2026-03-02 09:17:17] Bulk delete request: [
    "1"
]
[2026-03-02 09:17:17] Starting reverse for purchase ID: 1
[2026-03-02 09:17:17] Purchase found: {
    "date": "2025-04-01",
    "tp_no": "444"
}
[2026-03-02 09:17:17] Found 1 items
[2026-03-02 09:17:17] Main stock updated
[2026-03-02 09:17:17] Deleted 1 detail records
[2026-03-02 09:17:17] Deleted purchase header, affected rows: 1
[2026-03-02 09:17:17] Transaction committed successfully
[2026-03-02 09:27:35] Starting delete operation for company ID: 6
[2026-03-02 09:27:35] Bulk delete request: [
    "3"
]
[2026-03-02 09:27:35] Starting reverse for purchase ID: 3
[2026-03-02 09:27:35] Purchase found: {
    "date": "2026-03-02",
    "tp_no": "33444"
}
[2026-03-02 09:27:36] Found 11 items
[2026-03-02 09:27:36] Main stock updated
[2026-03-02 09:27:36] Updating daily stock: {
    "table": "tbldailystock_6",
    "day": "02",
    "month": "2026-03"
}
[2026-03-02 09:27:36] Daily stock updated
[2026-03-02 09:27:36] Deleted 11 detail records
[2026-03-02 09:27:36] Deleted purchase header, affected rows: 1
[2026-03-02 09:27:36] Transaction committed successfully
