[2026-03-19 08:37:26.445] [INFO] [STEP-1. Page Initialization] === PAGE ACCESS ===
[2026-03-19 08:37:26.451] [INFO] [STEP-1. Page Initialization] Request method: GET
[2026-03-19 08:37:26.456] [INFO] [STEP-1. Page Initialization] Search term: ''
[2026-03-19 08:37:26.458] [INFO] [STEP-1. Page Initialization] Current session ID: b6rrej2cdpfr5vd32lplu12929
[2026-03-19 08:37:26.461] [INFO] [STEP-1. Date Selection] Selected date range:  to 
[2026-03-19 08:37:26.463] [INFO] [STEP-1. Date Selection] Days in range: 
[2026-03-19 08:48:16.514] [INFO] [STEP-1. Page Initialization] === PAGE ACCESS ===
[2026-03-19 08:48:16.519] [INFO] [STEP-1. Page Initialization] Request method: GET
[2026-03-19 08:48:16.522] [INFO] [STEP-1. Page Initialization] Search term: ''
[2026-03-19 08:48:16.524] [INFO] [STEP-1. Page Initialization] Current session ID: b6rrej2cdpfr5vd32lplu12929
[2026-03-19 08:48:16.527] [INFO] [STEP-1. Date Selection] Selected date range:  to 
[2026-03-19 08:48:16.534] [INFO] [STEP-1. Date Selection] Days in range: 
[2026-03-19 08:48:16] [INFO] Final session quantities count: 0
[2026-03-19 08:48:16] [INFO] Items in current view: 0
[2026-03-19 08:48:16] [DEBUG] Sales Page Load Debug Info:
Array
(
    [total_items] => 0
    [current_page] => 1
    [total_pages] => 0
    [session_quantities_count] => 0
    [post_quantities_count] => 0
    [date_range] => 2026-03-19 to 2026-03-19
    [days_count] => 1
    [user_id] => 5
    [comp_id] => 5
    [license_type] => FL-III
    [allowed_classes] => Array
        (
            [0] => W
            [1] => V
            [2] => M
            [3] => F
            [4] => D
            [5] => K
            [6] => G
            [7] => R
        )

    [end_date_day] => 19
    [closing_column] => DAY_19_CLOSING
    [end_date_month] => 2026-03
    [stock_filter] => > 0
    [daily_stock_table] => tbldailystock_5
    [table_suffix] => 
    [current_month] => 2026-03
    [has_restrictions] => 
    [available_dates] => Array
        (
            [0] => 2026-03-19
        )

    [unavailable_dates] => Array
        (
        )

    [dry_dates] => Array
        (
        )

    [latest_global_sale] => 
)

[2026-03-19 08:49:22.556] [INFO] [STEP-1. Page Initialization] === PAGE ACCESS ===
[2026-03-19 08:49:22.557] [INFO] [STEP-1. Page Initialization] Request method: GET
[2026-03-19 08:49:22.558] [INFO] [STEP-1. Page Initialization] Search term: ''
[2026-03-19 08:49:22.559] [INFO] [STEP-1. Page Initialization] Current session ID: b6rrej2cdpfr5vd32lplu12929
[2026-03-19 08:49:22.561] [INFO] [STEP-1. Date Selection] Selected date range:  to 
[2026-03-19 08:49:22.562] [INFO] [STEP-1. Date Selection] Days in range: 
[2026-03-19 08:49:23] [INFO] Daily stock data fetched for 50 items across 1 months
[2026-03-19 08:49:23] [INFO] GLOBAL CHECK: Latest existing sale: 2021-04-30
[2026-03-19 08:49:23] [INFO] Available dates: 
[2026-03-19 08:49:23] [INFO] Unavailable dates (has existing sales): 2021-04-01, 2021-04-02, 2021-04-03, 2021-04-04, 2021-04-05, 2021-04-06, 2021-04-07, 2021-04-08, 2021-04-09, 2021-04-10, 2021-04-11, 2021-04-12, 2021-04-13, 2021-04-14, 2021-04-15, 2021-04-16, 2021-04-17, 2021-04-18, 2021-04-19, 2021-04-20
[2026-03-19 08:49:23] [INFO] Final session quantities count: 0
[2026-03-19 08:49:23] [INFO] Items in current view: 50
[2026-03-19 08:49:23] [DEBUG] Sales Page Load Debug Info:
Array
(
    [total_items] => 78
    [current_page] => 1
    [total_pages] => 2
    [session_quantities_count] => 0
    [post_quantities_count] => 0
    [date_range] => 2021-04-01 00:00:00 to 2021-04-20
    [days_count] => 20
    [user_id] => 5
    [comp_id] => 5
    [license_type] => FL-III
    [allowed_classes] => Array
        (
            [0] => W
            [1] => V
            [2] => M
            [3] => F
            [4] => D
            [5] => K
            [6] => G
            [7] => R
        )

    [end_date_day] => 20
    [closing_column] => DAY_20_CLOSING
    [end_date_month] => 2021-04
    [stock_filter] => > 0
    [daily_stock_table] => tbldailystock_5_04_21
    [table_suffix] => _04_21
    [current_month] => 2026-03
    [has_restrictions] => 1
    [available_dates] => Array
        (
        )

    [unavailable_dates] => Array
        (
            [0] => 2021-04-01
            [1] => 2021-04-02
            [2] => 2021-04-03
            [3] => 2021-04-04
            [4] => 2021-04-05
            [5] => 2021-04-06
            [6] => 2021-04-07
            [7] => 2021-04-08
            [8] => 2021-04-09
            [9] => 2021-04-10
            [10] => 2021-04-11
            [11] => 2021-04-12
            [12] => 2021-04-13
            [13] => 2021-04-14
            [14] => 2021-04-15
            [15] => 2021-04-16
            [16] => 2021-04-17
            [17] => 2021-04-18
            [18] => 2021-04-19
            [19] => 2021-04-20
        )

    [dry_dates] => Array
        (
        )

    [latest_global_sale] => 2021-04-30
)

[2026-03-19 08:49:44.110] [INFO] [STEP-1. Page Initialization] === PAGE ACCESS ===
[2026-03-19 08:49:44.114] [INFO] [STEP-1. Page Initialization] Request method: GET
[2026-03-19 08:49:44.118] [INFO] [STEP-1. Page Initialization] Search term: ''
[2026-03-19 08:49:44.120] [INFO] [STEP-1. Page Initialization] Current session ID: b6rrej2cdpfr5vd32lplu12929
[2026-03-19 08:49:44.123] [INFO] [STEP-1. Date Selection] Selected date range:  to 
[2026-03-19 08:49:44.125] [INFO] [STEP-1. Date Selection] Days in range: 
[2026-03-19 08:49:45] [INFO] Daily stock data fetched for 50 items across 1 months
[2026-03-19 08:49:45] [INFO] GLOBAL CHECK: Latest existing sale: 2021-04-30
[2026-03-19 08:49:45] [INFO] Available dates: 
[2026-03-19 08:49:45] [INFO] Unavailable dates (has existing sales): 2021-04-01, 2021-04-02, 2021-04-03, 2021-04-04, 2021-04-05, 2021-04-06, 2021-04-07, 2021-04-08, 2021-04-09, 2021-04-10, 2021-04-11, 2021-04-12, 2021-04-13, 2021-04-14, 2021-04-15, 2021-04-16, 2021-04-17, 2021-04-18, 2021-04-19, 2021-04-20
[2026-03-19 08:49:45] [INFO] Final session quantities count: 0
[2026-03-19 08:49:45] [INFO] Items in current view: 50
[2026-03-19 08:49:45] [DEBUG] Sales Page Load Debug Info:
Array
(
    [total_items] => 78
    [current_page] => 1
    [total_pages] => 2
    [session_quantities_count] => 0
    [post_quantities_count] => 0
    [date_range] => 2021-04-01 00:00:00 to 2021-04-20
    [days_count] => 20
    [user_id] => 5
    [comp_id] => 5
    [license_type] => FL-III
    [allowed_classes] => Array
        (
            [0] => W
            [1] => V
            [2] => M
            [3] => F
            [4] => D
            [5] => K
            [6] => G
            [7] => R
        )

    [end_date_day] => 20
    [closing_column] => DAY_20_CLOSING
    [end_date_month] => 2021-04
    [stock_filter] => > 0
    [daily_stock_table] => tbldailystock_5_04_21
    [table_suffix] => _04_21
    [current_month] => 2026-03
    [has_restrictions] => 1
    [available_dates] => Array
        (
        )

    [unavailable_dates] => Array
        (
            [0] => 2021-04-01
            [1] => 2021-04-02
            [2] => 2021-04-03
            [3] => 2021-04-04
            [4] => 2021-04-05
            [5] => 2021-04-06
            [6] => 2021-04-07
            [7] => 2021-04-08
            [8] => 2021-04-09
            [9] => 2021-04-10
            [10] => 2021-04-11
            [11] => 2021-04-12
            [12] => 2021-04-13
            [13] => 2021-04-14
            [14] => 2021-04-15
            [15] => 2021-04-16
            [16] => 2021-04-17
            [17] => 2021-04-18
            [18] => 2021-04-19
            [19] => 2021-04-20
        )

    [dry_dates] => Array
        (
        )

    [latest_global_sale] => 2021-04-30
)

[2026-03-19 08:50:16.017] [INFO] [STEP-1. Page Initialization] === PAGE ACCESS ===
[2026-03-19 08:50:16.021] [INFO] [STEP-1. Page Initialization] Request method: GET
[2026-03-19 08:50:16.023] [INFO] [STEP-1. Page Initialization] Search term: ''
[2026-03-19 08:50:16.026] [INFO] [STEP-1. Page Initialization] Current session ID: b6rrej2cdpfr5vd32lplu12929
[2026-03-19 08:50:16.029] [INFO] [STEP-1. Date Selection] Selected date range:  to 
[2026-03-19 08:50:16.033] [INFO] [STEP-1. Date Selection] Days in range: 
[2026-03-19 08:50:16] [INFO] Final session quantities count: 0
[2026-03-19 08:50:16] [INFO] Items in current view: 0
[2026-03-19 08:50:16] [DEBUG] Sales Page Load Debug Info:
Array
(
    [total_items] => 0
    [current_page] => 1
    [total_pages] => 0
    [session_quantities_count] => 0
    [post_quantities_count] => 0
    [date_range] => 2026-03-19 to 2026-03-19
    [days_count] => 1
    [user_id] => 5
    [comp_id] => 5
    [license_type] => FL-III
    [allowed_classes] => Array
        (
            [0] => W
            [1] => V
            [2] => M
            [3] => F
            [4] => D
            [5] => K
            [6] => G
            [7] => R
        )

    [end_date_day] => 19
    [closing_column] => DAY_19_CLOSING
    [end_date_month] => 2026-03
    [stock_filter] => > 0
    [daily_stock_table] => tbldailystock_5
    [table_suffix] => 
    [current_month] => 2026-03
    [has_restrictions] => 
    [available_dates] => Array
        (
            [0] => 2026-03-19
        )

    [unavailable_dates] => Array
        (
        )

    [dry_dates] => Array
        (
        )

    [latest_global_sale] => 
)

[2026-03-19 09:00:45.176] [INFO] [STEP-1. Page Initialization] === PAGE ACCESS ===
[2026-03-19 09:00:45.180] [INFO] [STEP-1. Page Initialization] Request method: GET
[2026-03-19 09:00:45.183] [INFO] [STEP-1. Page Initialization] Search term: ''
[2026-03-19 09:00:45.184] [INFO] [STEP-1. Page Initialization] Current session ID: 5n9iu2hh525nidkifd95t866ke
[2026-03-19 09:00:45.187] [INFO] [STEP-1. Date Selection] Selected date range:  to 
[2026-03-19 09:00:45.189] [INFO] [STEP-1. Date Selection] Days in range: 
[2026-03-19 09:00:45] [INFO] Final session quantities count: 0
[2026-03-19 09:00:45] [INFO] Items in current view: 0
[2026-03-19 09:00:45] [DEBUG] Sales Page Load Debug Info:
Array
(
    [total_items] => 0
    [current_page] => 1
    [total_pages] => 0
    [session_quantities_count] => 0
    [post_quantities_count] => 0
    [date_range] => 2026-03-19 to 2026-03-19
    [days_count] => 1
    [user_id] => 5
    [comp_id] => 5
    [license_type] => FL-III
    [allowed_classes] => Array
        (
            [0] => W
            [1] => V
            [2] => M
            [3] => F
            [4] => D
            [5] => K
            [6] => G
            [7] => R
        )

    [end_date_day] => 19
    [closing_column] => DAY_19_CLOSING
    [end_date_month] => 2026-03
    [stock_filter] => > 0
    [daily_stock_table] => tbldailystock_5
    [table_suffix] => 
    [current_month] => 2026-03
    [has_restrictions] => 
    [available_dates] => Array
        (
            [0] => 2026-03-19
        )

    [unavailable_dates] => Array
        (
        )

    [dry_dates] => Array
        (
        )

    [latest_global_sale] => 
)

[2026-03-19 09:25:26.413] [INFO] [STEP-1. Page Initialization] === PAGE ACCESS ===
[2026-03-19 09:25:26.418] [INFO] [STEP-1. Page Initialization] Request method: GET
[2026-03-19 09:25:26.418] [INFO] [STEP-1. Page Initialization] Search term: ''
[2026-03-19 09:25:26.419] [INFO] [STEP-1. Page Initialization] Current session ID: 4nmh4jd5i21nieofrgaoea9ikn
[2026-03-19 09:25:26.419] [INFO] [STEP-1. Date Selection] Selected date range:  to 
[2026-03-19 09:25:26.420] [INFO] [STEP-1. Date Selection] Days in range: 
[2026-03-19 09:25:26] [INFO] Final session quantities count: 0
[2026-03-19 09:25:26] [INFO] Items in current view: 0
[2026-03-19 09:25:26] [DEBUG] Sales Page Load Debug Info:
Array
(
    [total_items] => 0
    [current_page] => 1
    [total_pages] => 0
    [session_quantities_count] => 0
    [post_quantities_count] => 0
    [date_range] => 2026-03-19 to 2026-03-19
    [days_count] => 1
    [user_id] => 5
    [comp_id] => 5
    [license_type] => FL-III
    [allowed_classes] => Array
        (
            [0] => W
            [1] => V
            [2] => M
            [3] => F
            [4] => D
            [5] => K
            [6] => G
            [7] => R
        )

    [end_date_day] => 19
    [closing_column] => DAY_19_CLOSING
    [end_date_month] => 2026-03
    [stock_filter] => > 0
    [daily_stock_table] => tbldailystock_5
    [table_suffix] => 
    [current_month] => 2026-03
    [has_restrictions] => 
    [available_dates] => Array
        (
            [0] => 2026-03-19
        )

    [unavailable_dates] => Array
        (
        )

    [dry_dates] => Array
        (
        )

    [latest_global_sale] => 
)

[2026-03-19 09:28:49.863] [INFO] [STEP-1. Page Initialization] === PAGE ACCESS ===
[2026-03-19 09:28:49.886] [INFO] [STEP-1. Page Initialization] Request method: GET
[2026-03-19 09:28:49.887] [INFO] [STEP-1. Page Initialization] Search term: ''
[2026-03-19 09:28:49.890] [INFO] [STEP-1. Page Initialization] Current session ID: 4nmh4jd5i21nieofrgaoea9ikn
[2026-03-19 09:28:49.892] [INFO] [STEP-1. Date Selection] Selected date range:  to 
[2026-03-19 09:28:49.895] [INFO] [STEP-1. Date Selection] Days in range: 
[2026-03-19 09:28:49] [INFO] Final session quantities count: 0
[2026-03-19 09:28:49] [INFO] Items in current view: 0
[2026-03-19 09:28:49] [DEBUG] Sales Page Load Debug Info:
Array
(
    [total_items] => 0
    [current_page] => 1
    [total_pages] => 0
    [session_quantities_count] => 0
    [post_quantities_count] => 0
    [date_range] => 2026-03-19 to 2026-03-19
    [days_count] => 1
    [user_id] => 5
    [comp_id] => 5
    [license_type] => FL-III
    [allowed_classes] => Array
        (
            [0] => W
            [1] => V
            [2] => M
            [3] => F
            [4] => D
            [5] => K
            [6] => G
            [7] => R
        )

    [end_date_day] => 19
    [closing_column] => DAY_19_CLOSING
    [end_date_month] => 2026-03
    [stock_filter] => > 0
    [daily_stock_table] => tbldailystock_5
    [table_suffix] => 
    [current_month] => 2026-03
    [has_restrictions] => 
    [available_dates] => Array
        (
            [0] => 2026-03-19
        )

    [unavailable_dates] => Array
        (
        )

    [dry_dates] => Array
        (
        )

    [latest_global_sale] => 
)

[2026-03-19 09:29:01.977] [INFO] [STEP-1. Page Initialization] === PAGE ACCESS ===
[2026-03-19 09:29:01.978] [INFO] [STEP-1. Page Initialization] Request method: GET
[2026-03-19 09:29:01.979] [INFO] [STEP-1. Page Initialization] Search term: ''
[2026-03-19 09:29:01.980] [INFO] [STEP-1. Page Initialization] Current session ID: 4nmh4jd5i21nieofrgaoea9ikn
[2026-03-19 09:29:01.981] [INFO] [STEP-1. Date Selection] Selected date range:  to 
[2026-03-19 09:29:01.982] [INFO] [STEP-1. Date Selection] Days in range: 
[2026-03-19 09:29:02] [INFO] Daily stock data fetched for 50 items across 1 months
[2026-03-19 09:29:02] [INFO] GLOBAL CHECK: Latest existing sale: 2021-04-16
[2026-03-19 09:29:02] [INFO] Available dates: 
[2026-03-19 09:29:02] [INFO] Unavailable dates (has existing sales): 2021-04-12, 2021-04-13, 2021-04-14, 2021-04-15, 2021-04-16
[2026-03-19 09:29:02] [INFO] Final session quantities count: 0
[2026-03-19 09:29:02] [INFO] Items in current view: 50
[2026-03-19 09:29:02] [DEBUG] Sales Page Load Debug Info:
Array
(
    [total_items] => 81
    [current_page] => 1
    [total_pages] => 2
    [session_quantities_count] => 0
    [post_quantities_count] => 0
    [date_range] => 2021-04-12 to 2021-04-16
    [days_count] => 5
    [user_id] => 5
    [comp_id] => 5
    [license_type] => FL-III
    [allowed_classes] => Array
        (
            [0] => W
            [1] => V
            [2] => M
            [3] => F
            [4] => D
            [5] => K
            [6] => G
            [7] => R
        )

    [end_date_day] => 16
    [closing_column] => DAY_16_CLOSING
    [end_date_month] => 2021-04
    [stock_filter] => > 0
    [daily_stock_table] => tbldailystock_5_04_21
    [table_suffix] => _04_21
    [current_month] => 2026-03
    [has_restrictions] => 1
    [available_dates] => Array
        (
        )

    [unavailable_dates] => Array
        (
            [0] => 2021-04-12
            [1] => 2021-04-13
            [2] => 2021-04-14
            [3] => 2021-04-15
            [4] => 2021-04-16
        )

    [dry_dates] => Array
        (
        )

    [latest_global_sale] => 2021-04-16
)

[2026-03-19 09:29:21.944] [INFO] [STEP-1. Page Initialization] === PAGE ACCESS ===
[2026-03-19 09:29:21.947] [INFO] [STEP-1. Page Initialization] Request method: GET
[2026-03-19 09:29:21.948] [INFO] [STEP-1. Page Initialization] Search term: ''
[2026-03-19 09:29:21.949] [INFO] [STEP-1. Page Initialization] Current session ID: 4nmh4jd5i21nieofrgaoea9ikn
[2026-03-19 09:29:21.950] [INFO] [STEP-1. Date Selection] Selected date range:  to 
[2026-03-19 09:29:21.950] [INFO] [STEP-1. Date Selection] Days in range: 
[2026-03-19 09:29:22] [INFO] Final session quantities count: 0
[2026-03-19 09:29:22] [INFO] Items in current view: 0
[2026-03-19 09:29:22] [DEBUG] Sales Page Load Debug Info:
Array
(
    [total_items] => 0
    [current_page] => 1
    [total_pages] => 0
    [session_quantities_count] => 0
    [post_quantities_count] => 0
    [date_range] => 2026-03-19 to 2026-03-19
    [days_count] => 1
    [user_id] => 5
    [comp_id] => 5
    [license_type] => FL-III
    [allowed_classes] => Array
        (
            [0] => W
            [1] => V
            [2] => M
            [3] => F
            [4] => D
            [5] => K
            [6] => G
            [7] => R
        )

    [end_date_day] => 19
    [closing_column] => DAY_19_CLOSING
    [end_date_month] => 2026-03
    [stock_filter] => > 0
    [daily_stock_table] => tbldailystock_5
    [table_suffix] => 
    [current_month] => 2026-03
    [has_restrictions] => 
    [available_dates] => Array
        (
            [0] => 2026-03-19
        )

    [unavailable_dates] => Array
        (
        )

    [dry_dates] => Array
        (
        )

    [latest_global_sale] => 
)

[2026-03-19 09:29:34.311] [INFO] [STEP-1. Page Initialization] === PAGE ACCESS ===
[2026-03-19 09:29:34.313] [INFO] [STEP-1. Page Initialization] Request method: GET
[2026-03-19 09:29:34.314] [INFO] [STEP-1. Page Initialization] Search term: ''
[2026-03-19 09:29:34.315] [INFO] [STEP-1. Page Initialization] Current session ID: 4nmh4jd5i21nieofrgaoea9ikn
[2026-03-19 09:29:34.317] [INFO] [STEP-1. Date Selection] Selected date range:  to 
[2026-03-19 09:29:34.317] [INFO] [STEP-1. Date Selection] Days in range: 
[2026-03-19 09:29:34] [INFO] Daily stock data fetched for 50 items across 1 months
[2026-03-19 09:29:34] [INFO] Final session quantities count: 0
[2026-03-19 09:29:34] [INFO] Items in current view: 50
[2026-03-19 09:29:34] [DEBUG] Sales Page Load Debug Info:
Array
(
    [total_items] => 81
    [current_page] => 1
    [total_pages] => 2
    [session_quantities_count] => 0
    [post_quantities_count] => 0
    [date_range] => 2021-04-12 to 2021-04-16
    [days_count] => 5
    [user_id] => 5
    [comp_id] => 5
    [license_type] => FL-III
    [allowed_classes] => Array
        (
            [0] => W
            [1] => V
            [2] => M
            [3] => F
            [4] => D
            [5] => K
            [6] => G
            [7] => R
        )

    [end_date_day] => 16
    [closing_column] => DAY_16_CLOSING
    [end_date_month] => 2021-04
    [stock_filter] => > 0
    [daily_stock_table] => tbldailystock_5_04_21
    [table_suffix] => _04_21
    [current_month] => 2026-03
    [has_restrictions] => 
    [available_dates] => Array
        (
            [0] => 2021-04-12
            [1] => 2021-04-13
            [2] => 2021-04-14
            [3] => 2021-04-15
            [4] => 2021-04-16
        )

    [unavailable_dates] => Array
        (
        )

    [dry_dates] => Array
        (
        )

    [latest_global_sale] => 
)

[2026-03-19 09:29:39.878] [INFO] [STEP-1. Page Initialization] === PAGE ACCESS ===
[2026-03-19 09:29:39.878] [INFO] [STEP-1. Page Initialization] Request method: GET
[2026-03-19 09:29:39.879] [INFO] [STEP-1. Page Initialization] Search term: 'jambo'
[2026-03-19 09:29:39.880] [INFO] [STEP-1. Page Initialization] Current session ID: 4nmh4jd5i21nieofrgaoea9ikn
[2026-03-19 09:29:39.880] [INFO] [STEP-1. Date Selection] Selected date range:  to 
[2026-03-19 09:29:39.882] [INFO] [STEP-1. Date Selection] Days in range: 
[2026-03-19 09:29:40] [INFO] Daily stock data fetched for 3 items across 1 months
[2026-03-19 09:29:40] [INFO] Final session quantities count: 0
[2026-03-19 09:29:40] [INFO] Items in current view: 3
[2026-03-19 09:29:40] [DEBUG] Sales Page Load Debug Info:
Array
(
    [total_items] => 3
    [current_page] => 1
    [total_pages] => 1
    [session_quantities_count] => 0
    [post_quantities_count] => 0
    [date_range] => 2021-04-12 to 2021-04-16
    [days_count] => 5
    [user_id] => 5
    [comp_id] => 5
    [license_type] => FL-III
    [allowed_classes] => Array
        (
            [0] => W
            [1] => V
            [2] => M
            [3] => F
            [4] => D
            [5] => K
            [6] => G
            [7] => R
        )

    [end_date_day] => 16
    [closing_column] => DAY_16_CLOSING
    [end_date_month] => 2021-04
    [stock_filter] => > 0
    [daily_stock_table] => tbldailystock_5_04_21
    [table_suffix] => _04_21
    [current_month] => 2026-03
    [has_restrictions] => 
    [available_dates] => Array
        (
            [0] => 2021-04-12
            [1] => 2021-04-13
            [2] => 2021-04-14
            [3] => 2021-04-15
            [4] => 2021-04-16
        )

    [unavailable_dates] => Array
        (
        )

    [dry_dates] => Array
        (
        )

    [latest_global_sale] => 
)

