[2026-02-23 04:27:07] [INFO] === PAGE ACCESS (CLOSING STOCK) ===
[2026-02-23 04:27:07] [INFO] Request method: GET
[2026-02-23 04:27:07] [INFO] Current session ID: 34rhmmn2hvqacd11akt5ink218
[2026-02-23 04:27:07] [INFO] GLOBAL CHECK: Latest existing sale: 2026-02-23
[2026-02-23 04:27:07] [INFO] Available dates: 
[2026-02-23 04:27:07] [INFO] Unavailable dates (has existing sales): 2026-02-23
[2026-02-23 04:27:07] [INFO] Final session closing balances count: 0
[2026-02-23 04:27:07] [INFO] Items in current view: 3
[2026-02-23 04:27:07] [INFO] Closing Stock Page Load Debug Info:
Array
(
    [total_items] => 3
    [current_page] => 1
    [total_pages] => 1
    [session_closing_balances_count] => 0
    [post_closing_balances_count] => 0
    [date_range] => 2026-02-23 to 2026-02-23
    [days_count] => 1
    [user_id] => 1
    [comp_id] => 1
    [license_type] => FL-II
    [allowed_classes] => Array
        (
            [0] => W
            [1] => V
            [2] => M
            [3] => F
            [4] => D
            [5] => K
            [6] => G
            [7] => R
            [8] => O
        )

    [end_date_day] => 23
    [closing_column] => DAY_23_CLOSING
    [end_date_month] => 2026-02
    [stock_filter] => > 0
    [daily_stock_table] => tbldailystock_1
    [table_suffix] => 
    [current_month] => 2026-02
    [has_restrictions] => 1
    [available_dates] => Array
        (
        )

    [unavailable_dates] => Array
        (
            [0] => 2026-02-23
        )

    [dry_dates] => Array
        (
        )

    [latest_global_sale] => 2026-02-23
)

[2026-02-23 04:27:50] [INFO] === PAGE ACCESS (CLOSING STOCK) ===
[2026-02-23 04:27:50] [INFO] Request method: GET
[2026-02-23 04:27:50] [INFO] Current session ID: 34rhmmn2hvqacd11akt5ink218
[2026-02-23 04:27:50] [INFO] Final session closing balances count: 0
[2026-02-23 04:27:50] [INFO] Items in current view: 3
[2026-02-23 04:27:50] [INFO] Closing Stock Page Load Debug Info:
Array
(
    [total_items] => 3
    [current_page] => 1
    [total_pages] => 1
    [session_closing_balances_count] => 0
    [post_closing_balances_count] => 0
    [date_range] => 2026-02-23 to 2026-02-23
    [days_count] => 1
    [user_id] => 1
    [comp_id] => 1
    [license_type] => FL-II
    [allowed_classes] => Array
        (
            [0] => W
            [1] => V
            [2] => M
            [3] => F
            [4] => D
            [5] => K
            [6] => G
            [7] => R
            [8] => O
        )

    [end_date_day] => 23
    [closing_column] => DAY_23_CLOSING
    [end_date_month] => 2026-02
    [stock_filter] => > 0
    [daily_stock_table] => tbldailystock_1
    [table_suffix] => 
    [current_month] => 2026-02
    [has_restrictions] => 
    [available_dates] => Array
        (
            [0] => 2026-02-23
        )

    [unavailable_dates] => Array
        (
        )

    [dry_dates] => Array
        (
        )

    [latest_global_sale] => 
)

[2026-02-23 04:46:56] [INFO] === PAGE ACCESS (CLOSING STOCK) ===
[2026-02-23 04:46:56] [INFO] Request method: GET
[2026-02-23 04:46:56] [INFO] Current session ID: 34rhmmn2hvqacd11akt5ink218
[2026-02-23 04:46:57] [INFO] GLOBAL CHECK: Latest existing sale: 2026-02-23
[2026-02-23 04:46:57] [INFO] Available dates: 
[2026-02-23 04:46:57] [INFO] Unavailable dates (has existing sales): 2026-02-23
[2026-02-23 04:46:57] [INFO] Final session closing balances count: 0
[2026-02-23 04:46:57] [INFO] Items in current view: 3
[2026-02-23 04:46:57] [INFO] Closing Stock Page Load Debug Info:
Array
(
    [total_items] => 3
    [current_page] => 1
    [total_pages] => 1
    [session_closing_balances_count] => 0
    [post_closing_balances_count] => 0
    [date_range] => 2026-02-23 to 2026-02-23
    [days_count] => 1
    [user_id] => 1
    [comp_id] => 1
    [license_type] => FL-II
    [allowed_classes] => Array
        (
            [0] => W
            [1] => V
            [2] => M
            [3] => F
            [4] => D
            [5] => K
            [6] => G
            [7] => R
            [8] => O
        )

    [end_date_day] => 23
    [closing_column] => DAY_23_CLOSING
    [end_date_month] => 2026-02
    [stock_filter] => > 0
    [daily_stock_table] => tbldailystock_1
    [table_suffix] => 
    [current_month] => 2026-02
    [has_restrictions] => 1
    [available_dates] => Array
        (
        )

    [unavailable_dates] => Array
        (
            [0] => 2026-02-23
        )

    [dry_dates] => Array
        (
        )

    [latest_global_sale] => 2026-02-23
)

[2026-02-23 04:52:14] [INFO] === PAGE ACCESS (CLOSING STOCK) ===
[2026-02-23 04:52:14] [INFO] Request method: GET
[2026-02-23 04:52:14] [INFO] Current session ID: 34rhmmn2hvqacd11akt5ink218
[2026-02-23 04:52:15] [INFO] GLOBAL CHECK: Latest existing sale: 2026-02-23
[2026-02-23 04:52:15] [INFO] Available dates: 
[2026-02-23 04:52:15] [INFO] Unavailable dates (has existing sales): 2026-02-23
[2026-02-23 04:52:15] [INFO] Final session closing balances count: 0
[2026-02-23 04:52:15] [INFO] Items in current view: 50
[2026-02-23 04:52:15] [INFO] Closing Stock Page Load Debug Info:
Array
(
    [total_items] => 94
    [current_page] => 1
    [total_pages] => 2
    [session_closing_balances_count] => 0
    [post_closing_balances_count] => 0
    [date_range] => 2026-02-23 to 2026-02-23
    [days_count] => 1
    [user_id] => 1
    [comp_id] => 1
    [license_type] => FL-II
    [allowed_classes] => Array
        (
            [0] => W
            [1] => V
            [2] => M
            [3] => F
            [4] => D
            [5] => K
            [6] => G
            [7] => R
            [8] => O
        )

    [end_date_day] => 23
    [closing_column] => DAY_23_CLOSING
    [end_date_month] => 2026-02
    [stock_filter] => > 0
    [daily_stock_table] => tbldailystock_1
    [table_suffix] => 
    [current_month] => 2026-02
    [has_restrictions] => 1
    [available_dates] => Array
        (
        )

    [unavailable_dates] => Array
        (
            [0] => 2026-02-23
        )

    [dry_dates] => Array
        (
        )

    [latest_global_sale] => 2026-02-23
)

[2026-02-23 04:54:56] [INFO] === PAGE ACCESS (CLOSING STOCK) ===
[2026-02-23 04:54:56] [INFO] Request method: GET
[2026-02-23 04:54:56] [INFO] Current session ID: 34rhmmn2hvqacd11akt5ink218
[2026-02-23 04:54:57] [INFO] Final session closing balances count: 0
[2026-02-23 04:54:57] [INFO] Items in current view: 50
[2026-02-23 04:54:57] [INFO] Closing Stock Page Load Debug Info:
Array
(
    [total_items] => 94
    [current_page] => 1
    [total_pages] => 2
    [session_closing_balances_count] => 0
    [post_closing_balances_count] => 0
    [date_range] => 2026-02-23 to 2026-02-23
    [days_count] => 1
    [user_id] => 1
    [comp_id] => 1
    [license_type] => FL-II
    [allowed_classes] => Array
        (
            [0] => W
            [1] => V
            [2] => M
            [3] => F
            [4] => D
            [5] => K
            [6] => G
            [7] => R
            [8] => O
        )

    [end_date_day] => 23
    [closing_column] => DAY_23_CLOSING
    [end_date_month] => 2026-02
    [stock_filter] => > 0
    [daily_stock_table] => tbldailystock_1
    [table_suffix] => 
    [current_month] => 2026-02
    [has_restrictions] => 
    [available_dates] => Array
        (
            [0] => 2026-02-23
        )

    [unavailable_dates] => Array
        (
        )

    [dry_dates] => Array
        (
        )

    [latest_global_sale] => 
)

[2026-02-23 06:44:46] [INFO] === PAGE ACCESS (CLOSING STOCK) ===
[2026-02-23 06:44:46] [INFO] Request method: GET
[2026-02-23 06:44:46] [INFO] Current session ID: ubevsa7cb06u8vc9e9dgu1ml69
[2026-02-23 06:44:47] [INFO] GLOBAL CHECK: Latest existing sale: 2026-02-23
[2026-02-23 06:44:47] [INFO] Available dates: 
[2026-02-23 06:44:47] [INFO] Unavailable dates (has existing sales): 2026-02-23
[2026-02-23 06:44:47] [INFO] Final session closing balances count: 0
[2026-02-23 06:44:47] [INFO] Items in current view: 50
[2026-02-23 06:44:47] [INFO] Closing Stock Page Load Debug Info:
Array
(
    [total_items] => 94
    [current_page] => 1
    [total_pages] => 2
    [session_closing_balances_count] => 0
    [post_closing_balances_count] => 0
    [date_range] => 2026-02-23 to 2026-02-23
    [days_count] => 1
    [user_id] => 1
    [comp_id] => 1
    [license_type] => FL-II
    [allowed_classes] => Array
        (
            [0] => W
            [1] => V
            [2] => M
            [3] => F
            [4] => D
            [5] => K
            [6] => G
            [7] => R
            [8] => O
        )

    [end_date_day] => 23
    [closing_column] => DAY_23_CLOSING
    [end_date_month] => 2026-02
    [stock_filter] => > 0
    [daily_stock_table] => tbldailystock_1
    [table_suffix] => 
    [current_month] => 2026-02
    [has_restrictions] => 1
    [available_dates] => Array
        (
        )

    [unavailable_dates] => Array
        (
            [0] => 2026-02-23
        )

    [dry_dates] => Array
        (
        )

    [latest_global_sale] => 2026-02-23
)

[2026-02-23 06:45:17] [INFO] === PAGE ACCESS (CLOSING STOCK) ===
[2026-02-23 06:45:17] [INFO] Request method: GET
[2026-02-23 06:45:17] [INFO] Current session ID: ubevsa7cb06u8vc9e9dgu1ml69
[2026-02-23 06:45:18] [INFO] Final session closing balances count: 0
[2026-02-23 06:45:18] [INFO] Items in current view: 50
[2026-02-23 06:45:18] [INFO] Closing Stock Page Load Debug Info:
Array
(
    [total_items] => 94
    [current_page] => 1
    [total_pages] => 2
    [session_closing_balances_count] => 0
    [post_closing_balances_count] => 0
    [date_range] => 2026-02-23 to 2026-02-23
    [days_count] => 1
    [user_id] => 1
    [comp_id] => 1
    [license_type] => FL-II
    [allowed_classes] => Array
        (
            [0] => W
            [1] => V
            [2] => M
            [3] => F
            [4] => D
            [5] => K
            [6] => G
            [7] => R
            [8] => O
        )

    [end_date_day] => 23
    [closing_column] => DAY_23_CLOSING
    [end_date_month] => 2026-02
    [stock_filter] => > 0
    [daily_stock_table] => tbldailystock_1
    [table_suffix] => 
    [current_month] => 2026-02
    [has_restrictions] => 
    [available_dates] => Array
        (
            [0] => 2026-02-23
        )

    [unavailable_dates] => Array
        (
        )

    [dry_dates] => Array
        (
        )

    [latest_global_sale] => 
)

[2026-02-23 06:48:21] [INFO] === PAGE ACCESS (CLOSING STOCK) ===
[2026-02-23 06:48:21] [INFO] Request method: GET
[2026-02-23 06:48:21] [INFO] Current session ID: ubevsa7cb06u8vc9e9dgu1ml69
[2026-02-23 06:48:22] [INFO] Final session closing balances count: 0
[2026-02-23 06:48:22] [INFO] Items in current view: 44
[2026-02-23 06:48:22] [INFO] Closing Stock Page Load Debug Info:
Array
(
    [total_items] => 94
    [current_page] => 2
    [total_pages] => 2
    [session_closing_balances_count] => 0
    [post_closing_balances_count] => 0
    [date_range] => 2026-02-23 to 2026-02-23
    [days_count] => 1
    [user_id] => 1
    [comp_id] => 1
    [license_type] => FL-II
    [allowed_classes] => Array
        (
            [0] => W
            [1] => V
            [2] => M
            [3] => F
            [4] => D
            [5] => K
            [6] => G
            [7] => R
            [8] => O
        )

    [end_date_day] => 23
    [closing_column] => DAY_23_CLOSING
    [end_date_month] => 2026-02
    [stock_filter] => > 0
    [daily_stock_table] => tbldailystock_1
    [table_suffix] => 
    [current_month] => 2026-02
    [has_restrictions] => 
    [available_dates] => Array
        (
            [0] => 2026-02-23
        )

    [unavailable_dates] => Array
        (
        )

    [dry_dates] => Array
        (
        )

    [latest_global_sale] => 
)

[2026-02-23 06:48:25] [INFO] === PAGE ACCESS (CLOSING STOCK) ===
[2026-02-23 06:48:25] [INFO] Request method: GET
[2026-02-23 06:48:25] [INFO] Current session ID: ubevsa7cb06u8vc9e9dgu1ml69
[2026-02-23 06:48:25] [INFO] Final session closing balances count: 0
[2026-02-23 06:48:25] [INFO] Items in current view: 50
[2026-02-23 06:48:25] [INFO] Closing Stock Page Load Debug Info:
Array
(
    [total_items] => 94
    [current_page] => 1
    [total_pages] => 2
    [session_closing_balances_count] => 0
    [post_closing_balances_count] => 0
    [date_range] => 2026-02-23 to 2026-02-23
    [days_count] => 1
    [user_id] => 1
    [comp_id] => 1
    [license_type] => FL-II
    [allowed_classes] => Array
        (
            [0] => W
            [1] => V
            [2] => M
            [3] => F
            [4] => D
            [5] => K
            [6] => G
            [7] => R
            [8] => O
        )

    [end_date_day] => 23
    [closing_column] => DAY_23_CLOSING
    [end_date_month] => 2026-02
    [stock_filter] => > 0
    [daily_stock_table] => tbldailystock_1
    [table_suffix] => 
    [current_month] => 2026-02
    [has_restrictions] => 
    [available_dates] => Array
        (
            [0] => 2026-02-23
        )

    [unavailable_dates] => Array
        (
        )

    [dry_dates] => Array
        (
        )

    [latest_global_sale] => 
)

[2026-02-23 07:24:50] [INFO] === PAGE ACCESS (CLOSING STOCK) ===
[2026-02-23 07:24:50] [INFO] Request method: GET
[2026-02-23 07:24:50] [INFO] Current session ID: ubevsa7cb06u8vc9e9dgu1ml69
[2026-02-23 07:24:51] [INFO] GLOBAL CHECK: Latest existing sale: 2026-02-23
[2026-02-23 07:24:51] [INFO] Available dates: 
[2026-02-23 07:24:51] [INFO] Unavailable dates (has existing sales): 2026-02-23
[2026-02-23 07:24:51] [INFO] Final session closing balances count: 0
[2026-02-23 07:24:51] [INFO] Items in current view: 50
[2026-02-23 07:24:51] [INFO] Closing Stock Page Load Debug Info:
Array
(
    [total_items] => 94
    [current_page] => 1
    [total_pages] => 2
    [session_closing_balances_count] => 0
    [post_closing_balances_count] => 0
    [date_range] => 2026-02-23 to 2026-02-23
    [days_count] => 1
    [user_id] => 1
    [comp_id] => 1
    [license_type] => FL-II
    [allowed_classes] => Array
        (
            [0] => W
            [1] => V
            [2] => M
            [3] => F
            [4] => D
            [5] => K
            [6] => G
            [7] => R
            [8] => O
        )

    [end_date_day] => 23
    [closing_column] => DAY_23_CLOSING
    [end_date_month] => 2026-02
    [stock_filter] => > 0
    [daily_stock_table] => tbldailystock_1
    [table_suffix] => 
    [current_month] => 2026-02
    [has_restrictions] => 1
    [available_dates] => Array
        (
        )

    [unavailable_dates] => Array
        (
            [0] => 2026-02-23
        )

    [dry_dates] => Array
        (
        )

    [latest_global_sale] => 2026-02-23
)

[2026-02-23 07:25:08] [INFO] === PAGE ACCESS (CLOSING STOCK) ===
[2026-02-23 07:25:08] [INFO] Request method: GET
[2026-02-23 07:25:08] [INFO] Current session ID: ubevsa7cb06u8vc9e9dgu1ml69
[2026-02-23 07:25:08] [INFO] GLOBAL CHECK: Latest existing sale: 2026-02-23
[2026-02-23 07:25:08] [INFO] Available dates: 
[2026-02-23 07:25:08] [INFO] Unavailable dates (has existing sales): 2026-02-15
[2026-02-23 07:25:08] [INFO] Final session closing balances count: 0
[2026-02-23 07:25:08] [INFO] Items in current view: 50
[2026-02-23 07:25:08] [INFO] Closing Stock Page Load Debug Info:
Array
(
    [total_items] => 94
    [current_page] => 1
    [total_pages] => 2
    [session_closing_balances_count] => 0
    [post_closing_balances_count] => 0
    [date_range] => 2026-02-15 to 2026-02-15
    [days_count] => 1
    [user_id] => 1
    [comp_id] => 1
    [license_type] => FL-II
    [allowed_classes] => Array
        (
            [0] => W
            [1] => V
            [2] => M
            [3] => F
            [4] => D
            [5] => K
            [6] => G
            [7] => R
            [8] => O
        )

    [end_date_day] => 15
    [closing_column] => DAY_15_CLOSING
    [end_date_month] => 2026-02
    [stock_filter] => > 0
    [daily_stock_table] => tbldailystock_1
    [table_suffix] => 
    [current_month] => 2026-02
    [has_restrictions] => 1
    [available_dates] => Array
        (
        )

    [unavailable_dates] => Array
        (
            [0] => 2026-02-15
        )

    [dry_dates] => Array
        (
        )

    [latest_global_sale] => 2026-02-23
)

[2026-02-23 07:25:24] [INFO] === PAGE ACCESS (CLOSING STOCK) ===
[2026-02-23 07:25:24] [INFO] Request method: GET
[2026-02-23 07:25:24] [INFO] Current session ID: ubevsa7cb06u8vc9e9dgu1ml69
[2026-02-23 07:25:25] [INFO] Final session closing balances count: 0
[2026-02-23 07:25:25] [INFO] Items in current view: 50
[2026-02-23 07:25:25] [INFO] Closing Stock Page Load Debug Info:
Array
(
    [total_items] => 94
    [current_page] => 1
    [total_pages] => 2
    [session_closing_balances_count] => 0
    [post_closing_balances_count] => 0
    [date_range] => 2026-02-23 to 2026-02-23
    [days_count] => 1
    [user_id] => 1
    [comp_id] => 1
    [license_type] => FL-II
    [allowed_classes] => Array
        (
            [0] => W
            [1] => V
            [2] => M
            [3] => F
            [4] => D
            [5] => K
            [6] => G
            [7] => R
            [8] => O
        )

    [end_date_day] => 23
    [closing_column] => DAY_23_CLOSING
    [end_date_month] => 2026-02
    [stock_filter] => > 0
    [daily_stock_table] => tbldailystock_1
    [table_suffix] => 
    [current_month] => 2026-02
    [has_restrictions] => 
    [available_dates] => Array
        (
            [0] => 2026-02-23
        )

    [unavailable_dates] => Array
        (
        )

    [dry_dates] => Array
        (
        )

    [latest_global_sale] => 
)

[2026-02-23 07:25:37] [INFO] === PAGE ACCESS (CLOSING STOCK) ===
[2026-02-23 07:25:37] [INFO] Request method: GET
[2026-02-23 07:25:37] [INFO] Current session ID: ubevsa7cb06u8vc9e9dgu1ml69
[2026-02-23 07:25:38] [INFO] Final session closing balances count: 0
[2026-02-23 07:25:38] [INFO] Items in current view: 44
[2026-02-23 07:25:38] [INFO] Closing Stock Page Load Debug Info:
Array
(
    [total_items] => 94
    [current_page] => 2
    [total_pages] => 2
    [session_closing_balances_count] => 0
    [post_closing_balances_count] => 0
    [date_range] => 2026-02-23 to 2026-02-23
    [days_count] => 1
    [user_id] => 1
    [comp_id] => 1
    [license_type] => FL-II
    [allowed_classes] => Array
        (
            [0] => W
            [1] => V
            [2] => M
            [3] => F
            [4] => D
            [5] => K
            [6] => G
            [7] => R
            [8] => O
        )

    [end_date_day] => 23
    [closing_column] => DAY_23_CLOSING
    [end_date_month] => 2026-02
    [stock_filter] => > 0
    [daily_stock_table] => tbldailystock_1
    [table_suffix] => 
    [current_month] => 2026-02
    [has_restrictions] => 
    [available_dates] => Array
        (
            [0] => 2026-02-23
        )

    [unavailable_dates] => Array
        (
        )

    [dry_dates] => Array
        (
        )

    [latest_global_sale] => 
)

[2026-02-23 07:25:41] [INFO] === PAGE ACCESS (CLOSING STOCK) ===
[2026-02-23 07:25:41] [INFO] Request method: GET
[2026-02-23 07:25:41] [INFO] Current session ID: ubevsa7cb06u8vc9e9dgu1ml69
[2026-02-23 07:25:42] [INFO] Final session closing balances count: 0
[2026-02-23 07:25:42] [INFO] Items in current view: 50
[2026-02-23 07:25:42] [INFO] Closing Stock Page Load Debug Info:
Array
(
    [total_items] => 94
    [current_page] => 1
    [total_pages] => 2
    [session_closing_balances_count] => 0
    [post_closing_balances_count] => 0
    [date_range] => 2026-02-23 to 2026-02-23
    [days_count] => 1
    [user_id] => 1
    [comp_id] => 1
    [license_type] => FL-II
    [allowed_classes] => Array
        (
            [0] => W
            [1] => V
            [2] => M
            [3] => F
            [4] => D
            [5] => K
            [6] => G
            [7] => R
            [8] => O
        )

    [end_date_day] => 23
    [closing_column] => DAY_23_CLOSING
    [end_date_month] => 2026-02
    [stock_filter] => > 0
    [daily_stock_table] => tbldailystock_1
    [table_suffix] => 
    [current_month] => 2026-02
    [has_restrictions] => 
    [available_dates] => Array
        (
            [0] => 2026-02-23
        )

    [unavailable_dates] => Array
        (
        )

    [dry_dates] => Array
        (
        )

    [latest_global_sale] => 
)

[2026-02-23 13:28:16] [INFO] === PAGE ACCESS (CLOSING STOCK) ===
[2026-02-23 13:28:16] [INFO] Request method: GET
[2026-02-23 13:28:16] [INFO] Current session ID: ge1tpspum82kktnfha5k24vfhg
[2026-02-23 13:28:17] [INFO] GLOBAL CHECK: Latest existing sale: 2026-02-23
[2026-02-23 13:28:17] [INFO] Available dates: 
[2026-02-23 13:28:17] [INFO] Unavailable dates (has existing sales): 2026-02-23
[2026-02-23 13:28:17] [INFO] Final session closing balances count: 0
[2026-02-23 13:28:17] [INFO] Items in current view: 50
[2026-02-23 13:28:17] [INFO] Closing Stock Page Load Debug Info:
Array
(
    [total_items] => 94
    [current_page] => 1
    [total_pages] => 2
    [session_closing_balances_count] => 0
    [post_closing_balances_count] => 0
    [date_range] => 2026-02-23 to 2026-02-23
    [days_count] => 1
    [user_id] => 1
    [comp_id] => 1
    [license_type] => FL-II
    [allowed_classes] => Array
        (
            [0] => W
            [1] => V
            [2] => M
            [3] => F
            [4] => D
            [5] => K
            [6] => G
            [7] => R
            [8] => O
        )

    [end_date_day] => 23
    [closing_column] => DAY_23_CLOSING
    [end_date_month] => 2026-02
    [stock_filter] => > 0
    [daily_stock_table] => tbldailystock_1
    [table_suffix] => 
    [current_month] => 2026-02
    [has_restrictions] => 1
    [available_dates] => Array
        (
        )

    [unavailable_dates] => Array
        (
            [0] => 2026-02-23
        )

    [dry_dates] => Array
        (
        )

    [latest_global_sale] => 2026-02-23
)

[2026-02-23 13:28:36] [INFO] === PAGE ACCESS (CLOSING STOCK) ===
[2026-02-23 13:28:36] [INFO] Request method: GET
[2026-02-23 13:28:36] [INFO] Current session ID: ge1tpspum82kktnfha5k24vfhg
[2026-02-23 13:28:37] [INFO] Final session closing balances count: 0
[2026-02-23 13:28:37] [INFO] Items in current view: 50
[2026-02-23 13:28:37] [INFO] Closing Stock Page Load Debug Info:
Array
(
    [total_items] => 94
    [current_page] => 1
    [total_pages] => 2
    [session_closing_balances_count] => 0
    [post_closing_balances_count] => 0
    [date_range] => 2026-02-23 to 2026-02-23
    [days_count] => 1
    [user_id] => 1
    [comp_id] => 1
    [license_type] => FL-II
    [allowed_classes] => Array
        (
            [0] => W
            [1] => V
            [2] => M
            [3] => F
            [4] => D
            [5] => K
            [6] => G
            [7] => R
            [8] => O
        )

    [end_date_day] => 23
    [closing_column] => DAY_23_CLOSING
    [end_date_month] => 2026-02
    [stock_filter] => > 0
    [daily_stock_table] => tbldailystock_1
    [table_suffix] => 
    [current_month] => 2026-02
    [has_restrictions] => 
    [available_dates] => Array
        (
            [0] => 2026-02-23
        )

    [unavailable_dates] => Array
        (
        )

    [dry_dates] => Array
        (
        )

    [latest_global_sale] => 
)

[2026-02-23 13:28:51] [INFO] === PAGE ACCESS (CLOSING STOCK) ===
[2026-02-23 13:28:51] [INFO] Request method: GET
[2026-02-23 13:28:51] [INFO] Current session ID: ge1tpspum82kktnfha5k24vfhg
[2026-02-23 13:28:52] [INFO] Final session closing balances count: 0
[2026-02-23 13:28:52] [INFO] Items in current view: 50
[2026-02-23 13:28:52] [INFO] Closing Stock Page Load Debug Info:
Array
(
    [total_items] => 94
    [current_page] => 1
    [total_pages] => 2
    [session_closing_balances_count] => 0
    [post_closing_balances_count] => 0
    [date_range] => 2026-02-20 to 2026-02-20
    [days_count] => 1
    [user_id] => 1
    [comp_id] => 1
    [license_type] => FL-II
    [allowed_classes] => Array
        (
            [0] => W
            [1] => V
            [2] => M
            [3] => F
            [4] => D
            [5] => K
            [6] => G
            [7] => R
            [8] => O
        )

    [end_date_day] => 20
    [closing_column] => DAY_20_CLOSING
    [end_date_month] => 2026-02
    [stock_filter] => > 0
    [daily_stock_table] => tbldailystock_1
    [table_suffix] => 
    [current_month] => 2026-02
    [has_restrictions] => 
    [available_dates] => Array
        (
            [0] => 2026-02-20
        )

    [unavailable_dates] => Array
        (
        )

    [dry_dates] => Array
        (
        )

    [latest_global_sale] => 
)

[2026-02-23 13:39:47] [INFO] === PAGE ACCESS (CLOSING STOCK) ===
[2026-02-23 13:39:47] [INFO] Request method: GET
[2026-02-23 13:39:47] [INFO] Current session ID: ge1tpspum82kktnfha5k24vfhg
[2026-02-23 13:39:48] [INFO] Final session closing balances count: 0
[2026-02-23 13:39:48] [INFO] Items in current view: 50
[2026-02-23 13:39:48] [INFO] Closing Stock Page Load Debug Info:
Array
(
    [total_items] => 94
    [current_page] => 1
    [total_pages] => 2
    [session_closing_balances_count] => 0
    [post_closing_balances_count] => 0
    [date_range] => 2026-02-20 to 2026-02-20
    [days_count] => 1
    [user_id] => 1
    [comp_id] => 1
    [license_type] => FL-II
    [allowed_classes] => Array
        (
            [0] => W
            [1] => V
            [2] => M
            [3] => F
            [4] => D
            [5] => K
            [6] => G
            [7] => R
            [8] => O
        )

    [end_date_day] => 20
    [closing_column] => DAY_20_CLOSING
    [end_date_month] => 2026-02
    [stock_filter] => > 0
    [daily_stock_table] => tbldailystock_1
    [table_suffix] => 
    [current_month] => 2026-02
    [has_restrictions] => 
    [available_dates] => Array
        (
            [0] => 2026-02-20
        )

    [unavailable_dates] => Array
        (
        )

    [dry_dates] => Array
        (
        )

    [latest_global_sale] => 
)

[2026-02-23 13:40:04] [INFO] === PAGE ACCESS (CLOSING STOCK) ===
[2026-02-23 13:40:04] [INFO] Request method: GET
[2026-02-23 13:40:04] [INFO] Current session ID: ge1tpspum82kktnfha5k24vfhg
[2026-02-23 13:40:05] [INFO] Final session closing balances count: 0
[2026-02-23 13:40:05] [INFO] Items in current view: 50
[2026-02-23 13:40:05] [INFO] Closing Stock Page Load Debug Info:
Array
(
    [total_items] => 94
    [current_page] => 1
    [total_pages] => 2
    [session_closing_balances_count] => 0
    [post_closing_balances_count] => 0
    [date_range] => 2026-02-23 to 2026-02-23
    [days_count] => 1
    [user_id] => 1
    [comp_id] => 1
    [license_type] => FL-II
    [allowed_classes] => Array
        (
            [0] => W
            [1] => V
            [2] => M
            [3] => F
            [4] => D
            [5] => K
            [6] => G
            [7] => R
            [8] => O
        )

    [end_date_day] => 23
    [closing_column] => DAY_23_CLOSING
    [end_date_month] => 2026-02
    [stock_filter] => > 0
    [daily_stock_table] => tbldailystock_1
    [table_suffix] => 
    [current_month] => 2026-02
    [has_restrictions] => 
    [available_dates] => Array
        (
            [0] => 2026-02-23
        )

    [unavailable_dates] => Array
        (
        )

    [dry_dates] => Array
        (
        )

    [latest_global_sale] => 
)

