[2026-03-16 17:16:32] [INFO] === CUSTOMER SALES PAGE ACCESS ===
[2026-03-16 17:16:32] [INFO] Request method: GET
[2026-03-16 17:16:32] [INFO] Customer Sales Page Load Debug Info:
Array
(
    [total_items] => 0
    [current_page] => 1
    [total_pages] => 0
    [session_quantities_count] => 0
    [date] => 2026-03-16
    [user_id] => 5
    [comp_id] => 5
    [license_type] => FL-III
    [allowed_classes] => Array
        (
            [0] => W
            [1] => V
            [2] => M
            [3] => F
            [4] => D
            [5] => K
            [6] => G
            [7] => R
        )

    [sale_day] => 16
    [closing_column] => DAY_16_CLOSING
    [sale_month] => 2026-03
    [selected_customer] => 
)

