[2026-03-07 03:35:01] [INFO] === CUSTOMER SALES PAGE ACCESS ===
[2026-03-07 03:35:01] [INFO] Request method: GET
[2026-03-07 03:35:01] [INFO] Customer Sales Page Load Debug Info:
Array
(
    [total_items] => 0
    [current_page] => 1
    [total_pages] => 0
    [session_quantities_count] => 0
    [date] => 2026-03-07
    [user_id] => 5
    [comp_id] => 5
    [license_type] => FL-III
    [allowed_classes] => Array
        (
            [0] => W
            [1] => V
            [2] => M
            [3] => F
            [4] => D
            [5] => K
            [6] => G
            [7] => R
        )

    [sale_day] => 07
    [closing_column] => DAY_07_CLOSING
    [sale_month] => 2026-03
    [selected_customer] => 
)

[2026-03-07 03:35:06] [INFO] === CUSTOMER SALES PAGE ACCESS ===
[2026-03-07 03:35:06] [INFO] Request method: POST
[2026-03-07 03:35:06] [INFO] Customer selected: ID 163
[2026-03-07 03:35:06] [INFO] === CUSTOMER SALES PAGE ACCESS ===
[2026-03-07 03:35:06] [INFO] Request method: POST
[2026-03-07 03:35:06] [INFO] Customer selected: ID 163
[2026-03-07 03:35:06] [INFO] === CUSTOMER SALES PAGE ACCESS ===
[2026-03-07 03:35:06] [INFO] Request method: GET
[2026-03-07 03:35:06] [INFO] Customer Sales Page Load Debug Info:
Array
(
    [total_items] => 0
    [current_page] => 1
    [total_pages] => 0
    [session_quantities_count] => 0
    [date] => 2026-03-07
    [user_id] => 5
    [comp_id] => 5
    [license_type] => FL-III
    [allowed_classes] => Array
        (
            [0] => W
            [1] => V
            [2] => M
            [3] => F
            [4] => D
            [5] => K
            [6] => G
            [7] => R
        )

    [sale_day] => 07
    [closing_column] => DAY_07_CLOSING
    [sale_month] => 2026-03
    [selected_customer] => 163
)

[2026-03-07 03:35:44] [INFO] === CUSTOMER SALES PAGE ACCESS ===
[2026-03-07 03:35:44] [INFO] Request method: GET
[2026-03-07 03:35:44] [INFO] Customer Sales Page Load Debug Info:
Array
(
    [total_items] => 35
    [current_page] => 1
    [total_pages] => 1
    [session_quantities_count] => 0
    [date] => 2021-04-15
    [user_id] => 5
    [comp_id] => 5
    [license_type] => FL-III
    [allowed_classes] => Array
        (
            [0] => W
            [1] => V
            [2] => M
            [3] => F
            [4] => D
            [5] => K
            [6] => G
            [7] => R
        )

    [sale_day] => 20
    [closing_column] => DAY_20_CLOSING
    [sale_month] => 2021-04
    [selected_customer] => 163
)

[2026-03-07 03:35:52] [INFO] === CUSTOMER SALES PAGE ACCESS ===
[2026-03-07 03:35:52] [INFO] Request method: POST
[2026-03-07 03:35:52] [INFO] Customer selected: ID 163
[2026-03-07 03:35:52] [INFO] === CUSTOMER SALES PAGE ACCESS ===
[2026-03-07 03:35:52] [INFO] Request method: GET
[2026-03-07 03:35:52] [INFO] Customer Sales Page Load Debug Info:
Array
(
    [total_items] => 0
    [current_page] => 1
    [total_pages] => 0
    [session_quantities_count] => 0
    [date] => 2026-03-07
    [user_id] => 5
    [comp_id] => 5
    [license_type] => FL-III
    [allowed_classes] => Array
        (
            [0] => W
            [1] => V
            [2] => M
            [3] => F
            [4] => D
            [5] => K
            [6] => G
            [7] => R
        )

    [sale_day] => 07
    [closing_column] => DAY_07_CLOSING
    [sale_month] => 2026-03
    [selected_customer] => 163
)

[2026-03-07 03:38:53] [INFO] === CUSTOMER SALES PAGE ACCESS ===
[2026-03-07 03:38:53] [INFO] Request method: GET
[2026-03-07 03:38:53] [INFO] Customer Sales Page Load Debug Info:
Array
(
    [total_items] => 0
    [current_page] => 1
    [total_pages] => 0
    [session_quantities_count] => 0
    [date] => 2026-03-07
    [user_id] => 5
    [comp_id] => 5
    [license_type] => FL-III
    [allowed_classes] => Array
        (
            [0] => W
            [1] => V
            [2] => M
            [3] => F
            [4] => D
            [5] => K
            [6] => G
            [7] => R
        )

    [sale_day] => 07
    [closing_column] => DAY_07_CLOSING
    [sale_month] => 2026-03
    [selected_customer] => 163
)

[2026-03-07 03:39:09] [INFO] === CUSTOMER SALES PAGE ACCESS ===
[2026-03-07 03:39:09] [INFO] Request method: POST
[2026-03-07 03:39:09] [INFO] New customer created: sangram (ID: 164)
[2026-03-07 03:39:10] [INFO] === CUSTOMER SALES PAGE ACCESS ===
[2026-03-07 03:39:10] [INFO] Request method: GET
[2026-03-07 03:39:10] [INFO] Customer Sales Page Load Debug Info:
Array
(
    [total_items] => 0
    [current_page] => 1
    [total_pages] => 0
    [session_quantities_count] => 0
    [date] => 2026-03-07
    [user_id] => 5
    [comp_id] => 5
    [license_type] => FL-III
    [allowed_classes] => Array
        (
            [0] => W
            [1] => V
            [2] => M
            [3] => F
            [4] => D
            [5] => K
            [6] => G
            [7] => R
        )

    [sale_day] => 07
    [closing_column] => DAY_07_CLOSING
    [sale_month] => 2026-03
    [selected_customer] => 164
)

[2026-03-07 03:39:42] [INFO] === CUSTOMER SALES PAGE ACCESS ===
[2026-03-07 03:39:42] [INFO] Request method: GET
[2026-03-07 03:39:42] [INFO] Customer Sales Page Load Debug Info:
Array
(
    [total_items] => 35
    [current_page] => 1
    [total_pages] => 1
    [session_quantities_count] => 0
    [date] => 2021-04-15
    [user_id] => 5
    [comp_id] => 5
    [license_type] => FL-III
    [allowed_classes] => Array
        (
            [0] => W
            [1] => V
            [2] => M
            [3] => F
            [4] => D
            [5] => K
            [6] => G
            [7] => R
        )

    [sale_day] => 15
    [closing_column] => DAY_15_CLOSING
    [sale_month] => 2021-04
    [selected_customer] => 164
)

[2026-03-07 03:39:50] [INFO] === CUSTOMER SALES PAGE ACCESS ===
[2026-03-07 03:39:50] [INFO] Request method: POST
[2026-03-07 03:39:50] [INFO] Customer selected: ID 164
[2026-03-07 03:39:50] [INFO] === CUSTOMER SALES PAGE ACCESS ===
[2026-03-07 03:39:50] [INFO] Request method: GET
[2026-03-07 03:39:50] [INFO] Customer Sales Page Load Debug Info:
Array
(
    [total_items] => 0
    [current_page] => 1
    [total_pages] => 0
    [session_quantities_count] => 0
    [date] => 2026-03-07
    [user_id] => 5
    [comp_id] => 5
    [license_type] => FL-III
    [allowed_classes] => Array
        (
            [0] => W
            [1] => V
            [2] => M
            [3] => F
            [4] => D
            [5] => K
            [6] => G
            [7] => R
        )

    [sale_day] => 07
    [closing_column] => DAY_07_CLOSING
    [sale_month] => 2026-03
    [selected_customer] => 164
)

