[2026-02-27 07:19:04] [INFO] === CUSTOMER SALES PAGE ACCESS ===
[2026-02-27 07:19:04] [INFO] Request method: GET
[2026-02-27 07:19:05] [INFO] Customer Sales Page Load Debug Info:
Array
(
    [total_items] => 94
    [current_page] => 1
    [total_pages] => 2
    [session_quantities_count] => 0
    [date] => 2026-02-27
    [user_id] => 1
    [comp_id] => 1
    [license_type] => FL-II
    [allowed_classes] => Array
        (
            [0] => W
            [1] => V
            [2] => M
            [3] => F
            [4] => D
            [5] => K
            [6] => G
            [7] => R
            [8] => O
        )

    [sale_day] => 27
    [closing_column] => DAY_27_CLOSING
    [sale_month] => 2026-02
    [selected_customer] => 
)

[2026-02-27 07:19:16] [INFO] === CUSTOMER SALES PAGE ACCESS ===
[2026-02-27 07:19:16] [INFO] Request method: POST
[2026-02-27 07:19:16] [INFO] New customer created: sagar (ID: 164)
[2026-02-27 07:19:16] [INFO] === CUSTOMER SALES PAGE ACCESS ===
[2026-02-27 07:19:16] [INFO] Request method: GET
[2026-02-27 07:19:17] [INFO] Customer Sales Page Load Debug Info:
Array
(
    [total_items] => 94
    [current_page] => 1
    [total_pages] => 2
    [session_quantities_count] => 0
    [date] => 2026-02-27
    [user_id] => 1
    [comp_id] => 1
    [license_type] => FL-II
    [allowed_classes] => Array
        (
            [0] => W
            [1] => V
            [2] => M
            [3] => F
            [4] => D
            [5] => K
            [6] => G
            [7] => R
            [8] => O
        )

    [sale_day] => 27
    [closing_column] => DAY_27_CLOSING
    [sale_month] => 2026-02
    [selected_customer] => 164
)

[2026-02-27 07:19:32] [INFO] Customer session quantity updated: SCMLS0030095 = 3
[2026-02-27 07:19:32] [INFO] Customer session quantity updated: SCMLS0030095 = 3
[2026-02-27 07:19:35] [INFO] Customer session quantity updated: SCMLS0030095 = 3
[2026-02-27 07:19:43] [INFO] === CUSTOMER SALES PAGE ACCESS ===
[2026-02-27 07:19:43] [INFO] Request method: GET
[2026-02-27 07:19:44] [INFO] Customer Sales Page Load Debug Info:
Array
(
    [total_items] => 94
    [current_page] => 1
    [total_pages] => 2
    [session_quantities_count] => 1
    [date] => 2026-02-27
    [user_id] => 1
    [comp_id] => 1
    [license_type] => FL-II
    [allowed_classes] => Array
        (
            [0] => W
            [1] => V
            [2] => M
            [3] => F
            [4] => D
            [5] => K
            [6] => G
            [7] => R
            [8] => O
        )

    [sale_day] => 27
    [closing_column] => DAY_27_CLOSING
    [sale_month] => 2026-02
    [selected_customer] => 164
)

