[2026-03-05 03:43:52] [INFO] === CUSTOMER SALES PAGE ACCESS ===
[2026-03-05 03:43:52] [INFO] Request method: GET
[2026-03-05 03:43:53] [INFO] Customer Sales Page Load Debug Info:
Array
(
    [total_items] => 94
    [current_page] => 1
    [total_pages] => 2
    [session_quantities_count] => 0
    [date] => 2026-03-05
    [user_id] => 1
    [comp_id] => 1
    [license_type] => FL-II
    [allowed_classes] => Array
        (
            [0] => W
            [1] => V
            [2] => M
            [3] => F
            [4] => D
            [5] => K
            [6] => G
            [7] => R
            [8] => O
        )

    [sale_day] => 05
    [closing_column] => DAY_05_CLOSING
    [sale_month] => 2026-03
    [selected_customer] => 
)

[2026-03-05 03:43:58] [INFO] === CUSTOMER SALES PAGE ACCESS ===
[2026-03-05 03:43:58] [INFO] Request method: POST
[2026-03-05 03:43:59] [INFO] Customer selected: ID 162
[2026-03-05 03:43:59] [INFO] === CUSTOMER SALES PAGE ACCESS ===
[2026-03-05 03:43:59] [INFO] Request method: GET
[2026-03-05 03:43:59] [INFO] Customer Sales Page Load Debug Info:
Array
(
    [total_items] => 94
    [current_page] => 1
    [total_pages] => 2
    [session_quantities_count] => 0
    [date] => 2026-03-05
    [user_id] => 1
    [comp_id] => 1
    [license_type] => FL-II
    [allowed_classes] => Array
        (
            [0] => W
            [1] => V
            [2] => M
            [3] => F
            [4] => D
            [5] => K
            [6] => G
            [7] => R
            [8] => O
        )

    [sale_day] => 05
    [closing_column] => DAY_05_CLOSING
    [sale_month] => 2026-03
    [selected_customer] => 162
)

[2026-03-05 03:44:03] [INFO] Customer session quantity updated: SCMPL0010694 = 0
[2026-03-05 03:44:03] [INFO] Customer session quantity updated: SCMPL0010694 = 0
[2026-03-05 03:44:03] [INFO] Customer session quantity updated: SCMPL0010694 = 0
[2026-03-05 03:44:04] [INFO] Customer session quantity updated: SCMPL0010694 = 0
[2026-03-05 03:44:04] [INFO] Customer session quantity updated: SCMPL0010694 = 4
[2026-03-05 03:44:04] [INFO] Customer session quantity updated: SCMPL0010694 = 4
[2026-03-05 03:44:05] [INFO] Customer session quantity updated: SCMPL0010694 = 4
