\[2026-03-04 16:27:15] [INFO] === CUSTOMER SALES PAGE ACCESS ===
[2026-03-04 16:27:15] [INFO] Request method: POST
[2026-03-04 16:27:15] [INFO] Customer selected: ID 162
[2026-03-04 16:27:15] [INFO] === CUSTOMER SALES PAGE ACCESS ===
[2026-03-04 16:27:15] [INFO] Request method: GET
[2026-03-04 16:27:16] [INFO] Customer Sales Page Load Debug Info:
Array
(
    [total_items] => 94
    [current_page] => 1
    [total_pages] => 2
    [session_quantities_count] => 2
    [date] => 2026-03-04
    [user_id] => 1
    [comp_id] => 1
    [license_type] => FL-II
    [allowed_classes] => Array
        (
            [0] => W
            [1] => V
            [2] => M
            [3] => F
            [4] => D
            [5] => K
            [6] => G
            [7] => R
            [8] => O
        )

    [sale_day] => 04
    [closing_column] => DAY_04_CLOSING
    [sale_month] => 2026-03
    [selected_customer] => 162
)

[2026-03-04 16:46:49] [INFO] === CUSTOMER SALES PAGE ACCESS ===
[2026-03-04 16:46:49] [INFO] Request method: GET
[2026-03-04 16:46:50] [INFO] Customer Sales Page Load Debug Info:
Array
(
    [total_items] => 94
    [current_page] => 1
    [total_pages] => 2
    [session_quantities_count] => 2
    [date] => 2026-03-04
    [user_id] => 1
    [comp_id] => 1
    [license_type] => FL-II
    [allowed_classes] => Array
        (
            [0] => W
            [1] => V
            [2] => M
            [3] => F
            [4] => D
            [5] => K
            [6] => G
            [7] => R
            [8] => O
        )

    [sale_day] => 04
    [closing_column] => DAY_04_CLOSING
    [sale_month] => 2026-03
    [selected_customer] => 162
)

[2026-03-04 16:46:57] [INFO] === CUSTOMER SALES PAGE ACCESS ===
[2026-03-04 16:46:57] [INFO] Request method: POST
[2026-03-04 16:46:57] [INFO] New customer created: sagar (ID: 164)
[2026-03-04 16:46:58] [INFO] === CUSTOMER SALES PAGE ACCESS ===
[2026-03-04 16:46:58] [INFO] Request method: GET
[2026-03-04 16:46:58] [INFO] Customer Sales Page Load Debug Info:
Array
(
    [total_items] => 94
    [current_page] => 1
    [total_pages] => 2
    [session_quantities_count] => 2
    [date] => 2026-03-04
    [user_id] => 1
    [comp_id] => 1
    [license_type] => FL-II
    [allowed_classes] => Array
        (
            [0] => W
            [1] => V
            [2] => M
            [3] => F
            [4] => D
            [5] => K
            [6] => G
            [7] => R
            [8] => O
        )

    [sale_day] => 04
    [closing_column] => DAY_04_CLOSING
    [sale_month] => 2026-03
    [selected_customer] => 164
)

[2026-03-04 16:47:03] [INFO] === CUSTOMER SALES PAGE ACCESS ===
[2026-03-04 16:47:03] [INFO] Request method: POST
[2026-03-04 16:47:03] [INFO] Customer selected: ID 164
[2026-03-04 16:47:03] [INFO] === CUSTOMER SALES PAGE ACCESS ===
[2026-03-04 16:47:03] [INFO] Request method: GET
[2026-03-04 16:47:03] [INFO] Customer Sales Page Load Debug Info:
Array
(
    [total_items] => 94
    [current_page] => 1
    [total_pages] => 2
    [session_quantities_count] => 2
    [date] => 2026-03-04
    [user_id] => 1
    [comp_id] => 1
    [license_type] => FL-II
    [allowed_classes] => Array
        (
            [0] => W
            [1] => V
            [2] => M
            [3] => F
            [4] => D
            [5] => K
            [6] => G
            [7] => R
            [8] => O
        )

    [sale_day] => 04
    [closing_column] => DAY_04_CLOSING
    [sale_month] => 2026-03
    [selected_customer] => 164
)

[2026-03-04 16:55:26] [INFO] === CUSTOMER SALES PAGE ACCESS ===
[2026-03-04 16:55:26] [INFO] Request method: GET
[2026-03-04 16:55:26] [INFO] Customer Sales Page Load Debug Info:
Array
(
    [total_items] => 94
    [current_page] => 1
    [total_pages] => 2
    [session_quantities_count] => 2
    [date] => 2026-03-04
    [user_id] => 1
    [comp_id] => 1
    [license_type] => FL-II
    [allowed_classes] => Array
        (
            [0] => W
            [1] => V
            [2] => M
            [3] => F
            [4] => D
            [5] => K
            [6] => G
            [7] => R
            [8] => O
        )

    [sale_day] => 04
    [closing_column] => DAY_04_CLOSING
    [sale_month] => 2026-03
    [selected_customer] => 164
)

[2026-03-04 16:55:56] [INFO] === CUSTOMER SALES PAGE ACCESS ===
[2026-03-04 16:55:56] [INFO] Request method: POST
[2026-03-04 16:55:56] [INFO] Customer selected: ID 164
[2026-03-04 16:55:56] [INFO] === CUSTOMER SALES PAGE ACCESS ===
[2026-03-04 16:55:56] [INFO] Request method: GET
[2026-03-04 16:55:56] [INFO] Customer Sales Page Load Debug Info:
Array
(
    [total_items] => 94
    [current_page] => 1
    [total_pages] => 2
    [session_quantities_count] => 2
    [date] => 2026-03-04
    [user_id] => 1
    [comp_id] => 1
    [license_type] => FL-II
    [allowed_classes] => Array
        (
            [0] => W
            [1] => V
            [2] => M
            [3] => F
            [4] => D
            [5] => K
            [6] => G
            [7] => R
            [8] => O
        )

    [sale_day] => 04
    [closing_column] => DAY_04_CLOSING
    [sale_month] => 2026-03
    [selected_customer] => 164
)

[2026-03-04 16:57:30] [INFO] === CUSTOMER SALES PAGE ACCESS ===
[2026-03-04 16:57:30] [INFO] Request method: POST
[2026-03-04 16:57:30] [INFO] Customer selected: ID 162
[2026-03-04 16:57:30] [INFO] === CUSTOMER SALES PAGE ACCESS ===
[2026-03-04 16:57:30] [INFO] Request method: GET
[2026-03-04 16:57:31] [INFO] Customer Sales Page Load Debug Info:
Array
(
    [total_items] => 94
    [current_page] => 1
    [total_pages] => 2
    [session_quantities_count] => 2
    [date] => 2026-03-04
    [user_id] => 1
    [comp_id] => 1
    [license_type] => FL-II
    [allowed_classes] => Array
        (
            [0] => W
            [1] => V
            [2] => M
            [3] => F
            [4] => D
            [5] => K
            [6] => G
            [7] => R
            [8] => O
        )

    [sale_day] => 04
    [closing_column] => DAY_04_CLOSING
    [sale_month] => 2026-03
    [selected_customer] => 162
)

[2026-03-04 16:57:34] [INFO] === CUSTOMER SALES PAGE ACCESS ===
[2026-03-04 16:57:34] [INFO] Request method: POST
[2026-03-04 16:57:34] [INFO] Customer selected: ID 162
[2026-03-04 16:57:34] [INFO] === CUSTOMER SALES PAGE ACCESS ===
[2026-03-04 16:57:34] [INFO] Request method: GET
[2026-03-04 16:57:35] [INFO] Customer Sales Page Load Debug Info:
Array
(
    [total_items] => 94
    [current_page] => 1
    [total_pages] => 2
    [session_quantities_count] => 2
    [date] => 2026-03-04
    [user_id] => 1
    [comp_id] => 1
    [license_type] => FL-II
    [allowed_classes] => Array
        (
            [0] => W
            [1] => V
            [2] => M
            [3] => F
            [4] => D
            [5] => K
            [6] => G
            [7] => R
            [8] => O
        )

    [sale_day] => 04
    [closing_column] => DAY_04_CLOSING
    [sale_month] => 2026-03
    [selected_customer] => 162
)

[2026-03-04 16:58:03] [INFO] === CUSTOMER SALES PAGE ACCESS ===
[2026-03-04 16:58:03] [INFO] Request method: GET
[2026-03-04 16:58:04] [INFO] Customer Sales Page Load Debug Info:
Array
(
    [total_items] => 94
    [current_page] => 1
    [total_pages] => 2
    [session_quantities_count] => 2
    [date] => 2026-03-04
    [user_id] => 1
    [comp_id] => 1
    [license_type] => FL-II
    [allowed_classes] => Array
        (
            [0] => W
            [1] => V
            [2] => M
            [3] => F
            [4] => D
            [5] => K
            [6] => G
            [7] => R
            [8] => O
        )

    [sale_day] => 04
    [closing_column] => DAY_04_CLOSING
    [sale_month] => 2026-03
    [selected_customer] => 162
)

[2026-03-04 16:58:30] [INFO] === CUSTOMER SALES PAGE ACCESS ===
[2026-03-04 16:58:30] [INFO] Request method: GET
[2026-03-04 16:58:30] [INFO] Customer Sales Page Load Debug Info:
Array
(
    [total_items] => 94
    [current_page] => 1
    [total_pages] => 2
    [session_quantities_count] => 2
    [date] => 2026-03-04
    [user_id] => 1
    [comp_id] => 1
    [license_type] => FL-II
    [allowed_classes] => Array
        (
            [0] => W
            [1] => V
            [2] => M
            [3] => F
            [4] => D
            [5] => K
            [6] => G
            [7] => R
            [8] => O
        )

    [sale_day] => 04
    [closing_column] => DAY_04_CLOSING
    [sale_month] => 2026-03
    [selected_customer] => 162
)

