[2026-03-22 12:35:09] [INFO] === CUSTOMER SALES PAGE ACCESS ===
[2026-03-22 12:35:09] [INFO] Request method: GET
[2026-03-22 12:35:10] [INFO] Daily stock data fetched for 0 items across 1 dates
[2026-03-22 12:35:10] [INFO] Customer Sales Page Load Debug Info:
Array
(
    [total_items] => 0
    [current_page] => 1
    [total_pages] => 0
    [session_quantities_count] => 0
    [date] => 2026-03-22
    [user_id] => 5
    [comp_id] => 5
    [license_type] => FL-III
    [allowed_classes] => Array
        (
            [0] => W
            [1] => V
            [2] => M
            [3] => F
            [4] => D
            [5] => K
            [6] => G
            [7] => R
        )

    [sale_day] => 22
    [closing_column] => DAY_22_CLOSING
    [sale_month] => 2026-03
    [selected_customer] => 
)

[2026-03-22 12:35:39] [INFO] === CUSTOMER SALES PAGE ACCESS ===
[2026-03-22 12:35:39] [INFO] Request method: GET
[2026-03-22 12:35:42] [INFO] Daily stock data fetched for 75 items across 5 dates
[2026-03-22 12:35:42] [INFO] Customer Sales Page Load Debug Info:
Array
(
    [total_items] => 75
    [current_page] => 1
    [total_pages] => 2
    [session_quantities_count] => 0
    [date] => 2021-04-01
    [user_id] => 5
    [comp_id] => 5
    [license_type] => FL-III
    [allowed_classes] => Array
        (
            [0] => W
            [1] => V
            [2] => M
            [3] => F
            [4] => D
            [5] => K
            [6] => G
            [7] => R
        )

    [sale_day] => 12
    [closing_column] => DAY_16_CLOSING
    [sale_month] => 2021-04
    [selected_customer] => 
)

[2026-03-22 12:35:50] [INFO] === CUSTOMER SALES PAGE ACCESS ===
[2026-03-22 12:35:50] [INFO] Request method: GET
[2026-03-22 12:35:50] [INFO] Daily stock data fetched for 0 items across 1 dates
[2026-03-22 12:35:50] [INFO] Customer Sales Page Load Debug Info:
Array
(
    [total_items] => 0
    [current_page] => 1
    [total_pages] => 0
    [session_quantities_count] => 0
    [date] => 2021-04-01
    [user_id] => 5
    [comp_id] => 5
    [license_type] => FL-III
    [allowed_classes] => Array
        (
            [0] => W
            [1] => V
            [2] => M
            [3] => F
            [4] => D
            [5] => K
            [6] => G
            [7] => R
        )

    [sale_day] => 22
    [closing_column] => DAY_22_CLOSING
    [sale_month] => 2026-03
    [selected_customer] => 
)

[2026-03-22 12:36:11] [INFO] === CUSTOMER SALES PAGE ACCESS ===
[2026-03-22 12:36:11] [INFO] Request method: GET
[2026-03-22 12:36:13] [INFO] Daily stock data fetched for 75 items across 5 dates
[2026-03-22 12:36:13] [INFO] Customer Sales Page Load Debug Info:
Array
(
    [total_items] => 2
    [current_page] => 1
    [total_pages] => 1
    [session_quantities_count] => 0
    [date] => 2021-04-01
    [user_id] => 5
    [comp_id] => 5
    [license_type] => FL-III
    [allowed_classes] => Array
        (
            [0] => W
            [1] => V
            [2] => M
            [3] => F
            [4] => D
            [5] => K
            [6] => G
            [7] => R
        )

    [sale_day] => 12
    [closing_column] => DAY_16_CLOSING
    [sale_month] => 2021-04
    [selected_customer] => 
)

[2026-03-22 12:36:27] [INFO] === CUSTOMER SALES PAGE ACCESS ===
[2026-03-22 12:36:27] [INFO] Request method: GET
[2026-03-22 12:36:30] [INFO] Daily stock data fetched for 75 items across 5 dates
[2026-03-22 12:36:30] [INFO] Customer Sales Page Load Debug Info:
Array
(
    [total_items] => 75
    [current_page] => 1
    [total_pages] => 2
    [session_quantities_count] => 0
    [date] => 2026-03-22
    [user_id] => 5
    [comp_id] => 5
    [license_type] => FL-III
    [allowed_classes] => Array
        (
            [0] => W
            [1] => V
            [2] => M
            [3] => F
            [4] => D
            [5] => K
            [6] => G
            [7] => R
        )

    [sale_day] => 12
    [closing_column] => DAY_16_CLOSING
    [sale_month] => 2021-04
    [selected_customer] => 
)

