[2026-03-13 07:20:27] [INFO] === CUSTOMER SALES PAGE ACCESS ===
[2026-03-13 07:20:27] [INFO] Request method: GET
[2026-03-13 07:20:27] [INFO] Customer Sales Page Load Debug Info:
Array
(
    [total_items] => 0
    [current_page] => 1
    [total_pages] => 0
    [session_quantities_count] => 0
    [date] => 2026-03-13
    [user_id] => 5
    [comp_id] => 5
    [license_type] => FL-III
    [allowed_classes] => Array
        (
            [0] => W
            [1] => V
            [2] => M
            [3] => F
            [4] => D
            [5] => K
            [6] => G
            [7] => R
        )

    [sale_day] => 13
    [closing_column] => DAY_13_CLOSING
    [sale_month] => 2026-03
    [selected_customer] => 
)

[2026-03-13 07:20:45] [INFO] === CUSTOMER SALES PAGE ACCESS ===
[2026-03-13 07:20:45] [INFO] Request method: POST
[2026-03-13 07:20:45] [INFO] Walk-in customer selected
[2026-03-13 07:20:45] [INFO] === CUSTOMER SALES PAGE ACCESS ===
[2026-03-13 07:20:45] [INFO] Request method: GET
[2026-03-13 07:20:45] [INFO] Customer Sales Page Load Debug Info:
Array
(
    [total_items] => 0
    [current_page] => 1
    [total_pages] => 0
    [session_quantities_count] => 0
    [date] => 2026-03-13
    [user_id] => 5
    [comp_id] => 5
    [license_type] => FL-III
    [allowed_classes] => Array
        (
            [0] => W
            [1] => V
            [2] => M
            [3] => F
            [4] => D
            [5] => K
            [6] => G
            [7] => R
        )

    [sale_day] => 13
    [closing_column] => DAY_13_CLOSING
    [sale_month] => 2026-03
    [selected_customer] => 
)

[2026-03-13 07:21:16] [INFO] === CUSTOMER SALES PAGE ACCESS ===
[2026-03-13 07:21:16] [INFO] Request method: GET
[2026-03-13 07:21:16] [INFO] Customer Sales Page Load Debug Info:
Array
(
    [total_items] => 72
    [current_page] => 1
    [total_pages] => 2
    [session_quantities_count] => 0
    [date] => 2021-04-01
    [user_id] => 5
    [comp_id] => 5
    [license_type] => FL-III
    [allowed_classes] => Array
        (
            [0] => W
            [1] => V
            [2] => M
            [3] => F
            [4] => D
            [5] => K
            [6] => G
            [7] => R
        )

    [sale_day] => 01
    [closing_column] => DAY_01_CLOSING
    [sale_month] => 2021-04
    [selected_customer] => 
)

[2026-03-13 07:21:21] [INFO] === CUSTOMER SALES PAGE ACCESS ===
[2026-03-13 07:21:21] [INFO] Request method: POST
[2026-03-13 07:21:21] [INFO] Walk-in customer selected
[2026-03-13 07:21:21] [INFO] === CUSTOMER SALES PAGE ACCESS ===
[2026-03-13 07:21:21] [INFO] Request method: GET
[2026-03-13 07:21:22] [INFO] Customer Sales Page Load Debug Info:
Array
(
    [total_items] => 0
    [current_page] => 1
    [total_pages] => 0
    [session_quantities_count] => 0
    [date] => 2026-03-13
    [user_id] => 5
    [comp_id] => 5
    [license_type] => FL-III
    [allowed_classes] => Array
        (
            [0] => W
            [1] => V
            [2] => M
            [3] => F
            [4] => D
            [5] => K
            [6] => G
            [7] => R
        )

    [sale_day] => 13
    [closing_column] => DAY_13_CLOSING
    [sale_month] => 2026-03
    [selected_customer] => 
)

