[2026-04-07 03:27:10.955] [DIST-SAVED_JSON] Item: SCMBR0018182 | [6]
[2026-04-07 03:30:01.836] [DIST-SAVED_JSON] Item: SCMPL0028274 | [5]
[2026-04-07 03:30:01.838] [DIST-BILL_GEN] Item: SCMPL0028274 | {"qty":5,"dist":[5],"sum":5}
[2026-04-07 03:53:32.948] [DIST-SAVED_JSON] Item: SCMBR0018182 | [5]
[2026-04-07 03:53:32.985] [DIST-BILL_GEN] Item: SCMBR0018182 | {"qty":5,"dist":[5],"sum":5}
[2026-04-07 03:53:53.494] [DIST-SAVED_JSON] Item: SCMBR0018182 | [5]
[2026-04-07 03:53:53.501] [DIST-BILL_GEN] Item: SCMBR0018182 | {"qty":5,"dist":[5],"sum":5}
[2026-04-07 03:58:35.107] [DIST-SAVED_JSON] Item: SCMBR0018182 | [5]
[2026-04-07 03:58:35.121] [DIST-BILL_GEN] Item: SCMBR0018182 | {"qty":5,"dist":[5],"sum":5}
[2026-04-07 04:19:38.098] [DIST-SAVED_JSON] Item: SCMBR0018182 | [5]
[2026-04-07 04:19:38.148] [DIST-BILL_GEN] Item: SCMBR0018182 | {"qty":5,"dist":[5],"sum":5}
[2026-04-07 04:20:49.994] [DIST-SAVED_JSON] Item: SCMPL0028274 | [6]
[2026-04-07 04:20:50.012] [DIST-BILL_GEN] Item: SCMPL0028274 | {"qty":6,"dist":[6],"sum":6}
[2026-04-07 04:23:17.309] [DIST-SAVED_JSON] Item: SCMPL0028274 | [5]
[2026-04-07 04:23:17.329] [DIST-BILL_GEN] Item: SCMPL0028274 | {"qty":5,"dist":[5],"sum":5}
[2026-04-07 04:24:30.853] [DIST-SAVED_JSON] Item: SCMBR0018182 | [5]
[2026-04-07 04:24:30.880] [DIST-BILL_GEN] Item: SCMBR0018182 | {"qty":5,"dist":[5],"sum":5}
[2026-04-07 04:27:05.026] [DIST-SAVED_JSON] Item: SCMPL0028274 | [4]
[2026-04-07 04:27:05.036] [DIST-BILL_GEN] Item: SCMPL0028274 | {"qty":4,"dist":[4],"sum":4}
[2026-04-07 04:36:15.993] [DIST-SAVED_JSON] Item: SCMBR0018182 | [5]
[2026-04-07 04:36:16.021] [DIST-BILL_GEN] Item: SCMBR0018182 | {"qty":5,"dist":[5],"sum":5}
[2026-04-07 04:39:43.406] [DIST-SAVED_JSON] Item: SCMBR0018182 | [7]
[2026-04-07 04:39:43.424] [DIST-BILL_GEN] Item: SCMBR0018182 | {"qty":7,"dist":[7],"sum":7}
[2026-04-07 04:41:37.378] [DIST-SAVED_JSON] Item: SCMBR0018182 | [7]
[2026-04-07 04:41:37.419] [DIST-BILL_GEN] Item: SCMBR0018182 | {"qty":7,"dist":[7],"sum":7}
[2026-04-07 04:42:49.590] [DIST-SAVED_JSON] Item: SCMPL0028274 | [5]
[2026-04-07 04:42:49.592] [DIST-BILL_GEN] Item: SCMPL0028274 | {"qty":5,"dist":[5],"sum":5}
[2026-04-07 04:57:12.818] [DIST-SAVED_JSON] Item: SCMPL0028274 | [5]
[2026-04-07 04:57:12.824] [DIST-BILL_GEN] Item: SCMPL0028274 | {"qty":5,"dist":[5],"sum":5}
[2026-04-07 04:58:17.690] [DIST-SAVED_JSON] Item: SCMBR0018182 | [7]
[2026-04-07 04:58:17.705] [DIST-BILL_GEN] Item: SCMBR0018182 | {"qty":7,"dist":[7],"sum":7}
[2026-04-07 05:02:33.447] [DIST-SAVED_JSON] Item: SCMPL0028274 | [5]
[2026-04-07 05:02:33.452] [DIST-BILL_GEN] Item: SCMPL0028274 | {"qty":5,"dist":[5],"sum":5}
[2026-04-07 05:15:39.141] [DIST-SAVED_JSON] Item: SCMBR0018182 | [5]
[2026-04-07 05:15:39.159] [DIST-BILL_GEN] Item: SCMBR0018182 | {"qty":5,"dist":[5],"sum":5}
[2026-04-07 05:19:40.950] [DIST-SAVED_JSON] Item: SCMPL0028274 | [5]
[2026-04-07 05:19:40.952] [DIST-BILL_GEN] Item: SCMPL0028274 | {"qty":5,"dist":[5],"sum":5}
[2026-04-07 05:20:57.737] [DIST-SAVED_JSON] Item: SCMBR0018182 | [5]
[2026-04-07 05:20:57.750] [DIST-BILL_GEN] Item: SCMBR0018182 | {"qty":5,"dist":[5],"sum":5}
[2026-04-07 05:24:11.202] [DIST-SAVED_JSON] Item: SCMBR0018182 | [5]
[2026-04-07 05:24:11.217] [DIST-BILL_GEN] Item: SCMBR0018182 | {"qty":5,"dist":[5],"sum":5}
[2026-04-07 05:24:48.419] [DIST-SAVED_JSON] Item: SCMBR0018182 | [5]
[2026-04-07 05:24:48.432] [DIST-BILL_GEN] Item: SCMBR0018182 | {"qty":5,"dist":[5],"sum":5}
[2026-04-07 05:26:16.036] [DIST-SAVED_JSON] Item: SCMBR0018182 | [5]
[2026-04-07 05:26:16.052] [DIST-BILL_GEN] Item: SCMBR0018182 | {"qty":5,"dist":[5],"sum":5}
[2026-04-07 05:27:52.739] [DIST-SAVED_JSON] Item: SCMBR0018182 | [5]
[2026-04-07 05:27:52.756] [DIST-BILL_GEN] Item: SCMBR0018182 | {"qty":5,"dist":[5],"sum":5}
[2026-04-07 05:28:16.902] [DIST-SAVED_JSON] Item: SCMBR0018182 | [5]
[2026-04-07 05:28:16.930] [DIST-BILL_GEN] Item: SCMBR0018182 | {"qty":5,"dist":[5],"sum":5}
[2026-04-07 06:04:16.851] [DIST-SAVED_JSON] Item: SCMBR0018182 | [5]
[2026-04-07 06:04:16.862] [DIST-BILL_GEN] Item: SCMBR0018182 | {"qty":5,"dist":[5],"sum":5}
[2026-04-07 06:04:51.168] [DIST-SAVED_JSON] Item: SCMBR0018182 | [5]
[2026-04-07 06:04:51.180] [DIST-BILL_GEN] Item: SCMBR0018182 | {"qty":5,"dist":[5],"sum":5}
[2026-04-07 06:04:59.286] [DIST-SAVED_JSON] Item: SCMBR0018182 | [5]
[2026-04-07 06:04:59.299] [DIST-BILL_GEN] Item: SCMBR0018182 | {"qty":5,"dist":[5],"sum":5}
[2026-04-07 06:09:03.869] [DIST-SAVED_JSON] Item: SCMBR0018182 | [5]
[2026-04-07 06:09:03.883] [DIST-BILL_GEN] Item: SCMBR0018182 | {"qty":5,"dist":[5],"sum":5}
[2026-04-07 06:11:49.719] [DIST-SAVED_JSON] Item: SCMPL0010111 | [5]
[2026-04-07 06:11:49.730] [DIST-BILL_GEN] Item: SCMPL0010111 | {"qty":5,"dist":[5],"sum":5}
[2026-04-07 06:51:59.945] [DIST-SAVED_JSON] Item: SCMPL0010111 | [6]
[2026-04-07 06:51:59.949] [DIST-BILL_GEN] Item: SCMPL0010111 | {"qty":6,"dist":[6],"sum":6}
[2026-04-07 07:00:25.073] [DIST-SAVED_JSON] Item: SCMPL0010111 | [1,1,3]
[2026-04-07 07:00:25.093] [DIST-BILL_GEN] Item: SCMPL0010111 | {"qty":5,"dist":[1,1,3],"sum":5}
