[2026-03-19 07:44:33.534] [DIST-SAVED_JSON] Item: SCMPL0012497 | [1,1,1,1,2]
[2026-03-19 07:44:33.549] [DIST-BILL_GEN] Item: SCMPL0012497 | {"qty":6,"dist":[1,1,1,1,2],"sum":6}
[2026-03-19 07:53:08.029] [DIST-SAVED_JSON] Item: SCMPL0028356 | [11,8,14,8,6,12,10,12,6,5,8,15,12,8,10,7,10,8,14,9,10,19,8,6,10,8,10,12,6,8]
[2026-03-19 07:53:08.045] [DIST-BILL_GEN] Item: SCMPL0028356 | {"qty":290,"dist":[11,8,14,8,6,12,10,12,6,5,8,15,12,8,10,7,10,8,14,9,10,19,8,6,10,8,10,12,6,8],"sum":290}
[2026-03-19 07:53:08.047] [DIST-SAVED_JSON] Item: SCMPL0028275 | [14,13,21,28,14,19,19,17,12,17,25,16,12,20,12,13,13,19,17,12,13,15,16,16,22,22,13,15,19,16]
[2026-03-19 07:53:08.091] [DIST-BILL_GEN] Item: SCMPL0028275 | {"qty":500,"dist":[14,13,21,28,14,19,19,17,12,17,25,16,12,20,12,13,13,19,17,12,13,15,16,16,22,22,13,15,19,16],"sum":500}
[2026-03-19 07:53:08.095] [DIST-SAVED_JSON] Item: SCMPL0028357 | [1,7,2,1,5,4,3,5,2,3,5,3,5,5,5,5,1,0,0,3,1,1,4,3,3,3,3,5,1,1]
[2026-03-19 07:53:08.154] [DIST-BILL_GEN] Item: SCMPL0028357 | {"qty":90,"dist":[1,7,2,1,5,4,3,5,2,3,5,3,5,5,5,5,1,0,0,3,1,1,4,3,3,3,3,5,1,1],"sum":90}
[2026-03-19 07:53:08.161] [DIST-SAVED_JSON] Item: SCMPL0028274 | [27,18,24,33,25,21,24,20,35,31,24,35,36,29,21,30,31,18,29,31,29,24,24,30,25,24,36,24,19,23]
[2026-03-19 07:53:08.211] [DIST-BILL_GEN] Item: SCMPL0028274 | {"qty":800,"dist":[27,18,24,33,25,21,24,20,35,31,24,35,36,29,21,30,31,18,29,31,29,24,24,30,25,24,36,24,19,23],"sum":800}
[2026-03-19 07:53:08.223] [DIST-SAVED_JSON] Item: SCMPL0028276 | [74,65,74,86,58,59,67,52,61,66,59,63,69,55,51,65,48,62,56,56,46,60,62,52,66,58,62,61,65,58]
[2026-03-19 07:53:08.260] [DIST-BILL_GEN] Item: SCMPL0028276 | {"qty":1836,"dist":[74,65,74,86,58,59,67,52,61,66,59,63,69,55,51,65,48,62,56,56,46,60,62,52,66,58,62,61,65,58],"sum":1836}
[2026-03-19 07:53:08.268] [DIST-SAVED_JSON] Item: SCMBR0021532 | [9,9,13,7,12,14,13,14,7,9,12,7,5,8,15,16,7,9,6,7,7,7,15,8,14,10,8,11,12,9]
[2026-03-19 07:53:08.307] [DIST-BILL_GEN] Item: SCMBR0021532 | {"qty":300,"dist":[9,9,13,7,12,14,13,14,7,9,12,7,5,8,15,16,7,9,6,7,7,7,15,8,14,10,8,11,12,9],"sum":300}
[2026-03-19 07:53:08.311] [DIST-SAVED_JSON] Item: SCMPL0009668 | [1,4,2,2,3,3,2,3,1,2,1,2,1,2,1,2,1,2,3,1,0,3,3,4,1,1,3,2,2,2]
[2026-03-19 07:53:08.372] [DIST-BILL_GEN] Item: SCMPL0009668 | {"qty":60,"dist":[1,4,2,2,3,3,2,3,1,2,1,2,1,2,1,2,1,2,3,1,0,3,3,4,1,1,3,2,2,2],"sum":60}
[2026-03-19 07:53:08.376] [DIST-SAVED_JSON] Item: SCMPL0009688 | [2,0,4,1,2,1,1,3,4,2,2,2,2,1,0,2,1,1,4,0,2,1,1,1,2,2,2,0,2,2]
[2026-03-19 07:53:08.406] [DIST-BILL_GEN] Item: SCMPL0009688 | {"qty":50,"dist":[2,0,4,1,2,1,1,3,4,2,2,2,2,1,0,2,1,1,4,0,2,1,1,1,2,2,2,0,2,2],"sum":50}
[2026-03-19 07:53:08.410] [DIST-SAVED_JSON] Item: SCMPL0022277 | [28,15,12,16,17,14,17,10,14,20,21,11,17,19,14,13,12,16,19,10,15,22,12,17,17,18,18,20,21,25]
[2026-03-19 07:53:08.447] [DIST-BILL_GEN] Item: SCMPL0022277 | {"qty":500,"dist":[28,15,12,16,17,14,17,10,14,20,21,11,17,19,14,13,12,16,19,10,15,22,12,17,17,18,18,20,21,25],"sum":500}
[2026-03-19 07:53:08.456] [DIST-SAVED_JSON] Item: SCMPL0022276 | [43,49,43,36,29,49,38,53,39,46,41,39,35,38,41,38,37,42,41,38,60,46,40,35,41,52,45,42,30,42]
[2026-03-19 07:53:08.486] [DIST-BILL_GEN] Item: SCMPL0022276 | {"qty":1248,"dist":[43,49,43,36,29,49,38,53,39,46,41,39,35,38,41,38,37,42,41,38,60,46,40,35,41,52,45,42,30,42],"sum":1248}
[2026-03-19 07:53:08.490] [DIST-SAVED_JSON] Item: SCMPL0022278 | [2,1,0,1,3,0,1,0,0,1,1,0,0,1,0,0,2,0,0,1,2,0,2,1,2,1,0,1,1,0]
[2026-03-19 07:53:08.507] [DIST-BILL_GEN] Item: SCMPL0022278 | {"qty":24,"dist":[2,1,0,1,3,0,1,0,0,1,1,0,0,1,0,0,2,0,0,1,2,0,2,1,2,1,0,1,1,0],"sum":24}
[2026-03-19 07:53:08.511] [DIST-SAVED_JSON] Item: SCMPL0022280 | [3,3,2,1,1,1,2,4,4,1,0,4,3,1,4,3,0,3,2,6,2,3,2,1,0,2,4,1,0,5]
[2026-03-19 07:53:08.540] [DIST-BILL_GEN] Item: SCMPL0022280 | {"qty":68,"dist":[3,3,2,1,1,1,2,4,4,1,0,4,3,1,4,3,0,3,2,6,2,3,2,1,0,2,4,1,0,5],"sum":68}
[2026-03-19 07:53:08.543] [DIST-SAVED_JSON] Item: SCMPL0018737 | [14,12,28,14,15,16,10,14,21,18,15,21,16,24,13,13,20,17,17,13,20,18,15,20,20,13,23,13,12,15]
[2026-03-19 07:53:08.574] [DIST-BILL_GEN] Item: SCMPL0018737 | {"qty":500,"dist":[14,12,28,14,15,16,10,14,21,18,15,21,16,24,13,13,20,17,17,13,20,18,15,20,20,13,23,13,12,15],"sum":500}
[2026-03-19 07:53:08.578] [DIST-SAVED_JSON] Item: SCMKS0026878 | [1,0,2,1,3,2,0,2,2,3,2,2,4,1,1,1,1,2,1,2,2,1,1,0,1,2,3,2,2,3]
[2026-03-19 07:53:08.622] [DIST-BILL_GEN] Item: SCMKS0026878 | {"qty":50,"dist":[1,0,2,1,3,2,0,2,2,3,2,2,4,1,1,1,1,2,1,2,2,1,1,0,1,2,3,2,2,3],"sum":50}
[2026-03-19 07:53:08.626] [DIST-SAVED_JSON] Item: SCMPL0009775 | [20,13,19,22,15,14,21,19,13,17,22,22,18,21,12,13,17,20,19,14,16,15,12,18,18,13,14,21,10,12]
[2026-03-19 07:53:08.661] [DIST-BILL_GEN] Item: SCMPL0009775 | {"qty":500,"dist":[20,13,19,22,15,14,21,19,13,17,22,22,18,21,12,13,17,20,19,14,16,15,12,18,18,13,14,21,10,12],"sum":500}
[2026-03-19 07:53:08.668] [DIST-SAVED_JSON] Item: SCMPL0010678 | [58,54,51,49,53,67,55,63,67,57,74,45,46,57,42,57,63,50,47,67,55,73,46,49,72,53,59,69,54,48]
[2026-03-19 07:53:08.696] [DIST-BILL_GEN] Item: SCMPL0010678 | {"qty":1700,"dist":[58,54,51,49,53,67,55,63,67,57,74,45,46,57,42,57,63,50,47,67,55,73,46,49,72,53,59,69,54,48],"sum":1700}
[2026-03-19 07:53:08.704] [DIST-SAVED_JSON] Item: SCMKB0031391 | [14,20,21,17,9,18,12,12,20,20,21,23,17,14,8,17,9,12,11,14,21,27,13,20,21,22,22,14,19,12]
[2026-03-19 07:53:08.731] [DIST-BILL_GEN] Item: SCMKB0031391 | {"qty":500,"dist":[14,20,21,17,9,18,12,12,20,20,21,23,17,14,8,17,9,12,11,14,21,27,13,20,21,22,22,14,19,12],"sum":500}
[2026-03-19 07:53:08.739] [DIST-SAVED_JSON] Item: SCMBR0018142 | [9,9,15,12,13,11,10,10,11,4,8,8,10,10,6,12,13,5,9,5,17,12,17,9,9,8,7,12,11,8]
[2026-03-19 07:53:08.770] [DIST-BILL_GEN] Item: SCMBR0018142 | {"qty":300,"dist":[9,9,15,12,13,11,10,10,11,4,8,8,10,10,6,12,13,5,9,5,17,12,17,9,9,8,7,12,11,8],"sum":300}
[2026-03-19 07:53:08.774] [DIST-SAVED_JSON] Item: SCMBR0018137 | [7,13,8,11,6,8,8,15,9,13,6,9,12,11,10,11,5,16,5,7,7,14,10,10,10,7,9,11,15,17]
[2026-03-19 07:53:08.806] [DIST-BILL_GEN] Item: SCMBR0018137 | {"qty":300,"dist":[7,13,8,11,6,8,8,15,9,13,6,9,12,11,10,11,5,16,5,7,7,14,10,10,10,7,9,11,15,17],"sum":300}
[2026-03-19 07:53:08.811] [DIST-SAVED_JSON] Item: SCMBR0027089 | [12,9,11,8,14,8,8,13,5,6,6,10,14,7,8,16,4,11,11,14,10,11,9,9,14,14,9,12,9,8]
[2026-03-19 07:53:08.841] [DIST-BILL_GEN] Item: SCMBR0027089 | {"qty":300,"dist":[12,9,11,8,14,8,8,13,5,6,6,10,14,7,8,16,4,11,11,14,10,11,9,9,14,14,9,12,9,8],"sum":300}
[2026-03-19 07:53:08.847] [DIST-SAVED_JSON] Item: SCMBR0018132 | [6,8,2,11,3,5,2,2,6,1,4,4,4,4,4,5,3,3,4,6,2,3,4,5,3,1,2,5,7,2]
[2026-03-19 07:53:08.890] [DIST-BILL_GEN] Item: SCMBR0018132 | {"qty":121,"dist":[6,8,2,11,3,5,2,2,6,1,4,4,4,4,4,5,3,3,4,6,2,3,4,5,3,1,2,5,7,2],"sum":121}
[2026-03-19 07:53:08.894] [DIST-SAVED_JSON] Item: SCMPL0012499 | [8,4,13,9,10,7,14,8,12,12,10,11,11,15,9,12,6,8,6,7,4,17,8,11,8,10,16,12,8,8]
[2026-03-19 07:53:08.925] [DIST-BILL_GEN] Item: SCMPL0012499 | {"qty":294,"dist":[8,4,13,9,10,7,14,8,12,12,10,11,11,15,9,12,6,8,6,7,4,17,8,11,8,10,16,12,8,8],"sum":294}
