[2026-03-04 14:58:55] [INFO] === PAGE ACCESS ===
[2026-03-04 14:58:55] [INFO] Request method: GET
[2026-03-04 14:58:55] [INFO] Search term: 'beer'
[2026-03-04 14:58:55] [INFO] Current session ID: s937af7aqelullpmjmcu7sgvq5
[2026-03-04 14:58:56] [INFO] Final session quantities count: 0
[2026-03-04 14:58:56] [INFO] Items in current view: 19
[2026-03-04 14:58:56] [INFO] Sales Page Load Debug Info:
Array
(
    [total_items] => 19
    [current_page] => 1
    [total_pages] => 1
    [session_quantities_count] => 0
    [post_quantities_count] => 0
    [date_range] => 2026-03-04 to 2026-03-04
    [days_count] => 1
    [user_id] => 1
    [comp_id] => 1
    [license_type] => FL-II
    [allowed_classes] => Array
        (
            [0] => W
            [1] => V
            [2] => M
            [3] => F
            [4] => D
            [5] => K
            [6] => G
            [7] => R
            [8] => O
        )

    [end_date_day] => 04
    [closing_column] => DAY_04_CLOSING
    [end_date_month] => 2026-03
    [stock_filter] => > 0
    [daily_stock_table] => tbldailystock_1
    [table_suffix] => 
    [current_month] => 2026-03
    [has_restrictions] => 
    [available_dates] => Array
        (
            [0] => 2026-03-04
        )

    [unavailable_dates] => Array
        (
        )

    [dry_dates] => Array
        (
        )

    [latest_global_sale] => 
)

[2026-03-04 14:59:09] [INFO] Session quantity updated: SCMBR0018159 = 0
[2026-03-04 14:59:09] [INFO] Session quantity updated: SCMBR0018159 = 0
[2026-03-04 14:59:11] [INFO] Session quantity updated: SCMBR0018159 = 9
[2026-03-04 14:59:11] [INFO] Session quantity updated: SCMBR0018159 = 9
[2026-03-04 14:59:14] [INFO] Session quantity updated: SCMBR0018159 = 9
[2026-03-04 14:59:15] [INFO] Date range: 2026-03-04 to 2026-03-04, Total days: 1, Dry days: 0, Available days: 1
[2026-03-04 14:59:16] [INFO] === PAGE ACCESS ===
[2026-03-04 14:59:16] [INFO] Request method: GET
[2026-03-04 14:59:16] [INFO] Search term: 'beer'
[2026-03-04 14:59:16] [INFO] Current session ID: s937af7aqelullpmjmcu7sgvq5
[2026-03-04 14:59:16] [INFO] GLOBAL CHECK: Latest existing sale: 2026-03-04
[2026-03-04 14:59:16] [INFO] Available dates: 
[2026-03-04 14:59:16] [INFO] Unavailable dates (has existing sales): 2026-03-04
[2026-03-04 14:59:16] [INFO] Final session quantities count: 0
[2026-03-04 14:59:16] [INFO] Items in current view: 19
[2026-03-04 14:59:16] [INFO] Sales Page Load Debug Info:
Array
(
    [total_items] => 19
    [current_page] => 1
    [total_pages] => 1
    [session_quantities_count] => 0
    [post_quantities_count] => 0
    [date_range] => 2026-03-04 to 2026-03-04
    [days_count] => 1
    [user_id] => 1
    [comp_id] => 1
    [license_type] => FL-II
    [allowed_classes] => Array
        (
            [0] => W
            [1] => V
            [2] => M
            [3] => F
            [4] => D
            [5] => K
            [6] => G
            [7] => R
            [8] => O
        )

    [end_date_day] => 04
    [closing_column] => DAY_04_CLOSING
    [end_date_month] => 2026-03
    [stock_filter] => > 0
    [daily_stock_table] => tbldailystock_1
    [table_suffix] => 
    [current_month] => 2026-03
    [has_restrictions] => 1
    [available_dates] => Array
        (
        )

    [unavailable_dates] => Array
        (
            [0] => 2026-03-04
        )

    [dry_dates] => Array
        (
        )

    [latest_global_sale] => 2026-03-04
)

[2026-03-04 15:12:15] [INFO] === PAGE ACCESS ===
[2026-03-04 15:12:15] [INFO] Request method: GET
[2026-03-04 15:12:15] [INFO] Search term: ''
[2026-03-04 15:12:15] [INFO] Current session ID: s937af7aqelullpmjmcu7sgvq5
[2026-03-04 15:12:16] [INFO] GLOBAL CHECK: Latest existing sale: 2026-03-04
[2026-03-04 15:12:16] [INFO] Available dates: 
[2026-03-04 15:12:16] [INFO] Unavailable dates (has existing sales): 2026-03-04
[2026-03-04 15:12:16] [INFO] Final session quantities count: 0
[2026-03-04 15:12:16] [INFO] Items in current view: 50
[2026-03-04 15:12:16] [INFO] Sales Page Load Debug Info:
Array
(
    [total_items] => 94
    [current_page] => 1
    [total_pages] => 2
    [session_quantities_count] => 0
    [post_quantities_count] => 0
    [date_range] => 2026-03-04 to 2026-03-04
    [days_count] => 1
    [user_id] => 1
    [comp_id] => 1
    [license_type] => FL-II
    [allowed_classes] => Array
        (
            [0] => W
            [1] => V
            [2] => M
            [3] => F
            [4] => D
            [5] => K
            [6] => G
            [7] => R
            [8] => O
        )

    [end_date_day] => 04
    [closing_column] => DAY_04_CLOSING
    [end_date_month] => 2026-03
    [stock_filter] => > 0
    [daily_stock_table] => tbldailystock_1
    [table_suffix] => 
    [current_month] => 2026-03
    [has_restrictions] => 1
    [available_dates] => Array
        (
        )

    [unavailable_dates] => Array
        (
            [0] => 2026-03-04
        )

    [dry_dates] => Array
        (
        )

    [latest_global_sale] => 2026-03-04
)

[2026-03-04 15:12:23] [INFO] === PAGE ACCESS ===
[2026-03-04 15:12:23] [INFO] Request method: GET
[2026-03-04 15:12:23] [INFO] Search term: ''
[2026-03-04 15:12:23] [INFO] Current session ID: s937af7aqelullpmjmcu7sgvq5
[2026-03-04 15:12:23] [INFO] GLOBAL CHECK: Latest existing sale: 2026-03-04
[2026-03-04 15:12:23] [INFO] Available dates: 
[2026-03-04 15:12:23] [INFO] Unavailable dates (has existing sales): 2026-03-04
[2026-03-04 15:12:23] [INFO] Final session quantities count: 0
[2026-03-04 15:12:23] [INFO] Items in current view: 50
[2026-03-04 15:12:23] [INFO] Sales Page Load Debug Info:
Array
(
    [total_items] => 94
    [current_page] => 1
    [total_pages] => 2
    [session_quantities_count] => 0
    [post_quantities_count] => 0
    [date_range] => 2026-03-04 to 2026-03-04
    [days_count] => 1
    [user_id] => 1
    [comp_id] => 1
    [license_type] => FL-II
    [allowed_classes] => Array
        (
            [0] => W
            [1] => V
            [2] => M
            [3] => F
            [4] => D
            [5] => K
            [6] => G
            [7] => R
            [8] => O
        )

    [end_date_day] => 04
    [closing_column] => DAY_04_CLOSING
    [end_date_month] => 2026-03
    [stock_filter] => > 0
    [daily_stock_table] => tbldailystock_1
    [table_suffix] => 
    [current_month] => 2026-03
    [has_restrictions] => 1
    [available_dates] => Array
        (
        )

    [unavailable_dates] => Array
        (
            [0] => 2026-03-04
        )

    [dry_dates] => Array
        (
        )

    [latest_global_sale] => 2026-03-04
)

[2026-03-04 15:12:42] [INFO] === PAGE ACCESS ===
[2026-03-04 15:12:42] [INFO] Request method: GET
[2026-03-04 15:12:42] [INFO] Search term: ''
[2026-03-04 15:12:42] [INFO] Current session ID: s937af7aqelullpmjmcu7sgvq5
[2026-03-04 15:12:42] [INFO] Final session quantities count: 0
[2026-03-04 15:12:42] [INFO] Items in current view: 50
[2026-03-04 15:12:42] [INFO] Sales Page Load Debug Info:
Array
(
    [total_items] => 94
    [current_page] => 1
    [total_pages] => 2
    [session_quantities_count] => 0
    [post_quantities_count] => 0
    [date_range] => 2026-03-04 to 2026-03-04
    [days_count] => 1
    [user_id] => 1
    [comp_id] => 1
    [license_type] => FL-II
    [allowed_classes] => Array
        (
            [0] => W
            [1] => V
            [2] => M
            [3] => F
            [4] => D
            [5] => K
            [6] => G
            [7] => R
            [8] => O
        )

    [end_date_day] => 04
    [closing_column] => DAY_04_CLOSING
    [end_date_month] => 2026-03
    [stock_filter] => > 0
    [daily_stock_table] => tbldailystock_1
    [table_suffix] => 
    [current_month] => 2026-03
    [has_restrictions] => 
    [available_dates] => Array
        (
            [0] => 2026-03-04
        )

    [unavailable_dates] => Array
        (
        )

    [dry_dates] => Array
        (
        )

    [latest_global_sale] => 
)

[2026-03-04 15:12:46] [INFO] === PAGE ACCESS ===
[2026-03-04 15:12:46] [INFO] Request method: GET
[2026-03-04 15:12:46] [INFO] Search term: 'beer'
[2026-03-04 15:12:46] [INFO] Current session ID: s937af7aqelullpmjmcu7sgvq5
[2026-03-04 15:12:46] [INFO] Final session quantities count: 0
[2026-03-04 15:12:46] [INFO] Items in current view: 19
[2026-03-04 15:12:46] [INFO] Sales Page Load Debug Info:
Array
(
    [total_items] => 19
    [current_page] => 1
    [total_pages] => 1
    [session_quantities_count] => 0
    [post_quantities_count] => 0
    [date_range] => 2026-03-04 to 2026-03-04
    [days_count] => 1
    [user_id] => 1
    [comp_id] => 1
    [license_type] => FL-II
    [allowed_classes] => Array
        (
            [0] => W
            [1] => V
            [2] => M
            [3] => F
            [4] => D
            [5] => K
            [6] => G
            [7] => R
            [8] => O
        )

    [end_date_day] => 04
    [closing_column] => DAY_04_CLOSING
    [end_date_month] => 2026-03
    [stock_filter] => > 0
    [daily_stock_table] => tbldailystock_1
    [table_suffix] => 
    [current_month] => 2026-03
    [has_restrictions] => 
    [available_dates] => Array
        (
            [0] => 2026-03-04
        )

    [unavailable_dates] => Array
        (
        )

    [dry_dates] => Array
        (
        )

    [latest_global_sale] => 
)

[2026-03-04 15:12:50] [INFO] Session quantity updated: SCMBR0018159 = 0
[2026-03-04 15:12:50] [INFO] Session quantity updated: SCMBR0018159 = 0
[2026-03-04 15:12:51] [INFO] Session quantity updated: SCMBR0018159 = 9
[2026-03-04 15:12:52] [INFO] Session quantity updated: SCMBR0018159 = 9
[2026-03-04 15:12:57] [INFO] Session quantity updated: SCMBR0018159 = 9
[2026-03-04 15:12:58] [INFO] Date range: 2026-03-04 to 2026-03-04, Total days: 1, Dry days: 0, Available days: 1
[2026-03-04 15:12:58] [INFO] Category limits for comp_id 1: IMFL=1000, BEER=4000, CL=2000
[2026-03-04 15:12:58] [INFO] Item SCMBR0018159 categorized as: IMFL (mode=F)
[2026-03-04 15:12:59] [INFO] === PAGE ACCESS ===
[2026-03-04 15:12:59] [INFO] Request method: GET
[2026-03-04 15:12:59] [INFO] Search term: 'beer'
[2026-03-04 15:12:59] [INFO] Current session ID: s937af7aqelullpmjmcu7sgvq5
[2026-03-04 15:12:59] [INFO] GLOBAL CHECK: Latest existing sale: 2026-03-04
[2026-03-04 15:12:59] [INFO] Available dates: 
[2026-03-04 15:12:59] [INFO] Unavailable dates (has existing sales): 2026-03-04
[2026-03-04 15:12:59] [INFO] Final session quantities count: 0
[2026-03-04 15:12:59] [INFO] Items in current view: 19
[2026-03-04 15:12:59] [INFO] Sales Page Load Debug Info:
Array
(
    [total_items] => 19
    [current_page] => 1
    [total_pages] => 1
    [session_quantities_count] => 0
    [post_quantities_count] => 0
    [date_range] => 2026-03-04 to 2026-03-04
    [days_count] => 1
    [user_id] => 1
    [comp_id] => 1
    [license_type] => FL-II
    [allowed_classes] => Array
        (
            [0] => W
            [1] => V
            [2] => M
            [3] => F
            [4] => D
            [5] => K
            [6] => G
            [7] => R
            [8] => O
        )

    [end_date_day] => 04
    [closing_column] => DAY_04_CLOSING
    [end_date_month] => 2026-03
    [stock_filter] => > 0
    [daily_stock_table] => tbldailystock_1
    [table_suffix] => 
    [current_month] => 2026-03
    [has_restrictions] => 1
    [available_dates] => Array
        (
        )

    [unavailable_dates] => Array
        (
            [0] => 2026-03-04
        )

    [dry_dates] => Array
        (
        )

    [latest_global_sale] => 2026-03-04
)

[2026-03-04 15:13:18] [INFO] === PAGE ACCESS ===
[2026-03-04 15:13:18] [INFO] Request method: GET
[2026-03-04 15:13:18] [INFO] Search term: ''
[2026-03-04 15:13:18] [INFO] Current session ID: s937af7aqelullpmjmcu7sgvq5
[2026-03-04 15:13:19] [INFO] GLOBAL CHECK: Latest existing sale: 2026-03-04
[2026-03-04 15:13:19] [INFO] Available dates: 
[2026-03-04 15:13:19] [INFO] Unavailable dates (has existing sales): 2026-03-04
[2026-03-04 15:13:19] [INFO] Final session quantities count: 0
[2026-03-04 15:13:19] [INFO] Items in current view: 50
[2026-03-04 15:13:19] [INFO] Sales Page Load Debug Info:
Array
(
    [total_items] => 94
    [current_page] => 1
    [total_pages] => 2
    [session_quantities_count] => 0
    [post_quantities_count] => 0
    [date_range] => 2026-03-04 to 2026-03-04
    [days_count] => 1
    [user_id] => 1
    [comp_id] => 1
    [license_type] => FL-II
    [allowed_classes] => Array
        (
            [0] => W
            [1] => V
            [2] => M
            [3] => F
            [4] => D
            [5] => K
            [6] => G
            [7] => R
            [8] => O
        )

    [end_date_day] => 04
    [closing_column] => DAY_04_CLOSING
    [end_date_month] => 2026-03
    [stock_filter] => > 0
    [daily_stock_table] => tbldailystock_1
    [table_suffix] => 
    [current_month] => 2026-03
    [has_restrictions] => 1
    [available_dates] => Array
        (
        )

    [unavailable_dates] => Array
        (
            [0] => 2026-03-04
        )

    [dry_dates] => Array
        (
        )

    [latest_global_sale] => 2026-03-04
)

[2026-03-04 15:13:35] [INFO] === PAGE ACCESS ===
[2026-03-04 15:13:35] [INFO] Request method: GET
[2026-03-04 15:13:35] [INFO] Search term: ''
[2026-03-04 15:13:35] [INFO] Current session ID: s937af7aqelullpmjmcu7sgvq5
[2026-03-04 15:13:35] [INFO] GLOBAL CHECK: Latest existing sale: 2026-03-04
[2026-03-04 15:13:35] [INFO] Available dates: 
[2026-03-04 15:13:35] [INFO] Unavailable dates (has existing sales): 2026-03-04
[2026-03-04 15:13:35] [INFO] Final session quantities count: 0
[2026-03-04 15:13:35] [INFO] Items in current view: 50
[2026-03-04 15:13:36] [INFO] Sales Page Load Debug Info:
Array
(
    [total_items] => 94
    [current_page] => 1
    [total_pages] => 2
    [session_quantities_count] => 0
    [post_quantities_count] => 0
    [date_range] => 2026-03-04 to 2026-03-04
    [days_count] => 1
    [user_id] => 1
    [comp_id] => 1
    [license_type] => FL-II
    [allowed_classes] => Array
        (
            [0] => W
            [1] => V
            [2] => M
            [3] => F
            [4] => D
            [5] => K
            [6] => G
            [7] => R
            [8] => O
        )

    [end_date_day] => 04
    [closing_column] => DAY_04_CLOSING
    [end_date_month] => 2026-03
    [stock_filter] => > 0
    [daily_stock_table] => tbldailystock_1
    [table_suffix] => 
    [current_month] => 2026-03
    [has_restrictions] => 1
    [available_dates] => Array
        (
        )

    [unavailable_dates] => Array
        (
            [0] => 2026-03-04
        )

    [dry_dates] => Array
        (
        )

    [latest_global_sale] => 2026-03-04
)

[2026-03-04 15:13:37] [INFO] === PAGE ACCESS ===
[2026-03-04 15:13:37] [INFO] Request method: GET
[2026-03-04 15:13:37] [INFO] Search term: ''
[2026-03-04 15:13:37] [INFO] Current session ID: s937af7aqelullpmjmcu7sgvq5
[2026-03-04 15:13:38] [INFO] GLOBAL CHECK: Latest existing sale: 2026-03-04
[2026-03-04 15:13:38] [INFO] Available dates: 
[2026-03-04 15:13:38] [INFO] Unavailable dates (has existing sales): 2026-03-04
[2026-03-04 15:13:38] [INFO] Final session quantities count: 0
[2026-03-04 15:13:38] [INFO] Items in current view: 50
[2026-03-04 15:13:38] [INFO] Sales Page Load Debug Info:
Array
(
    [total_items] => 94
    [current_page] => 1
    [total_pages] => 2
    [session_quantities_count] => 0
    [post_quantities_count] => 0
    [date_range] => 2026-03-04 to 2026-03-04
    [days_count] => 1
    [user_id] => 1
    [comp_id] => 1
    [license_type] => FL-II
    [allowed_classes] => Array
        (
            [0] => W
            [1] => V
            [2] => M
            [3] => F
            [4] => D
            [5] => K
            [6] => G
            [7] => R
            [8] => O
        )

    [end_date_day] => 04
    [closing_column] => DAY_04_CLOSING
    [end_date_month] => 2026-03
    [stock_filter] => > 0
    [daily_stock_table] => tbldailystock_1
    [table_suffix] => 
    [current_month] => 2026-03
    [has_restrictions] => 1
    [available_dates] => Array
        (
        )

    [unavailable_dates] => Array
        (
            [0] => 2026-03-04
        )

    [dry_dates] => Array
        (
        )

    [latest_global_sale] => 2026-03-04
)

[2026-03-04 15:20:44] [INFO] === PAGE ACCESS ===
[2026-03-04 15:20:44] [INFO] Request method: GET
[2026-03-04 15:20:44] [INFO] Search term: ''
[2026-03-04 15:20:44] [INFO] Current session ID: s937af7aqelullpmjmcu7sgvq5
[2026-03-04 15:20:44] [INFO] GLOBAL CHECK: Latest existing sale: 2026-03-04
[2026-03-04 15:20:44] [INFO] Available dates: 
[2026-03-04 15:20:44] [INFO] Unavailable dates (has existing sales): 2026-03-04
[2026-03-04 15:20:44] [INFO] Final session quantities count: 0
[2026-03-04 15:20:44] [INFO] Items in current view: 50
[2026-03-04 15:20:44] [INFO] Sales Page Load Debug Info:
Array
(
    [total_items] => 94
    [current_page] => 1
    [total_pages] => 2
    [session_quantities_count] => 0
    [post_quantities_count] => 0
    [date_range] => 2026-03-04 to 2026-03-04
    [days_count] => 1
    [user_id] => 1
    [comp_id] => 1
    [license_type] => FL-II
    [allowed_classes] => Array
        (
            [0] => W
            [1] => V
            [2] => M
            [3] => F
            [4] => D
            [5] => K
            [6] => G
            [7] => R
            [8] => O
        )

    [end_date_day] => 04
    [closing_column] => DAY_04_CLOSING
    [end_date_month] => 2026-03
    [stock_filter] => > 0
    [daily_stock_table] => tbldailystock_1
    [table_suffix] => 
    [current_month] => 2026-03
    [has_restrictions] => 1
    [available_dates] => Array
        (
        )

    [unavailable_dates] => Array
        (
            [0] => 2026-03-04
        )

    [dry_dates] => Array
        (
        )

    [latest_global_sale] => 2026-03-04
)

[2026-03-04 15:20:46] [INFO] === PAGE ACCESS ===
[2026-03-04 15:20:46] [INFO] Request method: GET
[2026-03-04 15:20:46] [INFO] Search term: ''
[2026-03-04 15:20:46] [INFO] Current session ID: s937af7aqelullpmjmcu7sgvq5
[2026-03-04 15:20:46] [INFO] GLOBAL CHECK: Latest existing sale: 2026-03-04
[2026-03-04 15:20:46] [INFO] Available dates: 
[2026-03-04 15:20:46] [INFO] Unavailable dates (has existing sales): 2026-03-04
[2026-03-04 15:20:46] [INFO] Final session quantities count: 0
[2026-03-04 15:20:46] [INFO] Items in current view: 50
[2026-03-04 15:20:46] [INFO] Sales Page Load Debug Info:
Array
(
    [total_items] => 94
    [current_page] => 1
    [total_pages] => 2
    [session_quantities_count] => 0
    [post_quantities_count] => 0
    [date_range] => 2026-03-04 to 2026-03-04
    [days_count] => 1
    [user_id] => 1
    [comp_id] => 1
    [license_type] => FL-II
    [allowed_classes] => Array
        (
            [0] => W
            [1] => V
            [2] => M
            [3] => F
            [4] => D
            [5] => K
            [6] => G
            [7] => R
            [8] => O
        )

    [end_date_day] => 04
    [closing_column] => DAY_04_CLOSING
    [end_date_month] => 2026-03
    [stock_filter] => > 0
    [daily_stock_table] => tbldailystock_1
    [table_suffix] => 
    [current_month] => 2026-03
    [has_restrictions] => 1
    [available_dates] => Array
        (
        )

    [unavailable_dates] => Array
        (
            [0] => 2026-03-04
        )

    [dry_dates] => Array
        (
        )

    [latest_global_sale] => 2026-03-04
)

[2026-03-04 15:21:57] [INFO] === PAGE ACCESS ===
[2026-03-04 15:21:57] [INFO] Request method: GET
[2026-03-04 15:21:57] [INFO] Search term: ''
[2026-03-04 15:21:57] [INFO] Current session ID: s937af7aqelullpmjmcu7sgvq5
[2026-03-04 15:21:58] [INFO] GLOBAL CHECK: Latest existing sale: 2026-03-04
[2026-03-04 15:21:58] [INFO] Available dates: 
[2026-03-04 15:21:58] [INFO] Unavailable dates (has existing sales): 2026-03-04
[2026-03-04 15:21:58] [INFO] Final session quantities count: 0
[2026-03-04 15:21:58] [INFO] Items in current view: 50
[2026-03-04 15:21:58] [INFO] Sales Page Load Debug Info:
Array
(
    [total_items] => 94
    [current_page] => 1
    [total_pages] => 2
    [session_quantities_count] => 0
    [post_quantities_count] => 0
    [date_range] => 2026-03-04 to 2026-03-04
    [days_count] => 1
    [user_id] => 1
    [comp_id] => 1
    [license_type] => FL-II
    [allowed_classes] => Array
        (
            [0] => W
            [1] => V
            [2] => M
            [3] => F
            [4] => D
            [5] => K
            [6] => G
            [7] => R
            [8] => O
        )

    [end_date_day] => 04
    [closing_column] => DAY_04_CLOSING
    [end_date_month] => 2026-03
    [stock_filter] => > 0
    [daily_stock_table] => tbldailystock_1
    [table_suffix] => 
    [current_month] => 2026-03
    [has_restrictions] => 1
    [available_dates] => Array
        (
        )

    [unavailable_dates] => Array
        (
            [0] => 2026-03-04
        )

    [dry_dates] => Array
        (
        )

    [latest_global_sale] => 2026-03-04
)

[2026-03-04 15:22:00] [INFO] === PAGE ACCESS ===
[2026-03-04 15:22:00] [INFO] Request method: GET
[2026-03-04 15:22:00] [INFO] Search term: ''
[2026-03-04 15:22:00] [INFO] Current session ID: s937af7aqelullpmjmcu7sgvq5
[2026-03-04 15:22:01] [INFO] GLOBAL CHECK: Latest existing sale: 2026-03-04
[2026-03-04 15:22:01] [INFO] Available dates: 
[2026-03-04 15:22:01] [INFO] Unavailable dates (has existing sales): 2026-03-04
[2026-03-04 15:22:01] [INFO] Final session quantities count: 0
[2026-03-04 15:22:01] [INFO] Items in current view: 50
[2026-03-04 15:22:01] [INFO] Sales Page Load Debug Info:
Array
(
    [total_items] => 94
    [current_page] => 1
    [total_pages] => 2
    [session_quantities_count] => 0
    [post_quantities_count] => 0
    [date_range] => 2026-03-04 to 2026-03-04
    [days_count] => 1
    [user_id] => 1
    [comp_id] => 1
    [license_type] => FL-II
    [allowed_classes] => Array
        (
            [0] => W
            [1] => V
            [2] => M
            [3] => F
            [4] => D
            [5] => K
            [6] => G
            [7] => R
            [8] => O
        )

    [end_date_day] => 04
    [closing_column] => DAY_04_CLOSING
    [end_date_month] => 2026-03
    [stock_filter] => > 0
    [daily_stock_table] => tbldailystock_1
    [table_suffix] => 
    [current_month] => 2026-03
    [has_restrictions] => 1
    [available_dates] => Array
        (
        )

    [unavailable_dates] => Array
        (
            [0] => 2026-03-04
        )

    [dry_dates] => Array
        (
        )

    [latest_global_sale] => 2026-03-04
)

[2026-03-04 15:22:04] [INFO] === PAGE ACCESS ===
[2026-03-04 15:22:04] [INFO] Request method: GET
[2026-03-04 15:22:04] [INFO] Search term: ''
[2026-03-04 15:22:04] [INFO] Current session ID: s937af7aqelullpmjmcu7sgvq5
[2026-03-04 15:22:05] [INFO] GLOBAL CHECK: Latest existing sale: 2026-03-04
[2026-03-04 15:22:05] [INFO] Available dates: 
[2026-03-04 15:22:05] [INFO] Unavailable dates (has existing sales): 2026-03-04
[2026-03-04 15:22:05] [INFO] Final session quantities count: 0
[2026-03-04 15:22:05] [INFO] Items in current view: 50
[2026-03-04 15:22:05] [INFO] Sales Page Load Debug Info:
Array
(
    [total_items] => 94
    [current_page] => 1
    [total_pages] => 2
    [session_quantities_count] => 0
    [post_quantities_count] => 0
    [date_range] => 2026-03-04 to 2026-03-04
    [days_count] => 1
    [user_id] => 1
    [comp_id] => 1
    [license_type] => FL-II
    [allowed_classes] => Array
        (
            [0] => W
            [1] => V
            [2] => M
            [3] => F
            [4] => D
            [5] => K
            [6] => G
            [7] => R
            [8] => O
        )

    [end_date_day] => 04
    [closing_column] => DAY_04_CLOSING
    [end_date_month] => 2026-03
    [stock_filter] => > 0
    [daily_stock_table] => tbldailystock_1
    [table_suffix] => 
    [current_month] => 2026-03
    [has_restrictions] => 1
    [available_dates] => Array
        (
        )

    [unavailable_dates] => Array
        (
            [0] => 2026-03-04
        )

    [dry_dates] => Array
        (
        )

    [latest_global_sale] => 2026-03-04
)

[2026-03-04 15:22:19] [INFO] === PAGE ACCESS ===
[2026-03-04 15:22:19] [INFO] Request method: GET
[2026-03-04 15:22:19] [INFO] Search term: ''
[2026-03-04 15:22:19] [INFO] Current session ID: s937af7aqelullpmjmcu7sgvq5
[2026-03-04 15:22:20] [INFO] Final session quantities count: 0
[2026-03-04 15:22:20] [INFO] Items in current view: 50
[2026-03-04 15:22:20] [INFO] Sales Page Load Debug Info:
Array
(
    [total_items] => 94
    [current_page] => 1
    [total_pages] => 2
    [session_quantities_count] => 0
    [post_quantities_count] => 0
    [date_range] => 2026-03-04 to 2026-03-04
    [days_count] => 1
    [user_id] => 1
    [comp_id] => 1
    [license_type] => FL-II
    [allowed_classes] => Array
        (
            [0] => W
            [1] => V
            [2] => M
            [3] => F
            [4] => D
            [5] => K
            [6] => G
            [7] => R
            [8] => O
        )

    [end_date_day] => 04
    [closing_column] => DAY_04_CLOSING
    [end_date_month] => 2026-03
    [stock_filter] => > 0
    [daily_stock_table] => tbldailystock_1
    [table_suffix] => 
    [current_month] => 2026-03
    [has_restrictions] => 
    [available_dates] => Array
        (
            [0] => 2026-03-04
        )

    [unavailable_dates] => Array
        (
        )

    [dry_dates] => Array
        (
        )

    [latest_global_sale] => 
)

[2026-03-04 15:22:27] [INFO] === PAGE ACCESS ===
[2026-03-04 15:22:27] [INFO] Request method: GET
[2026-03-04 15:22:27] [INFO] Search term: ''
[2026-03-04 15:22:27] [INFO] Current session ID: s937af7aqelullpmjmcu7sgvq5
[2026-03-04 15:22:28] [INFO] Final session quantities count: 0
[2026-03-04 15:22:28] [INFO] Items in current view: 50
[2026-03-04 15:22:28] [INFO] Sales Page Load Debug Info:
Array
(
    [total_items] => 94
    [current_page] => 1
    [total_pages] => 2
    [session_quantities_count] => 0
    [post_quantities_count] => 0
    [date_range] => 2026-03-04 to 2026-03-04
    [days_count] => 1
    [user_id] => 1
    [comp_id] => 1
    [license_type] => FL-II
    [allowed_classes] => Array
        (
            [0] => W
            [1] => V
            [2] => M
            [3] => F
            [4] => D
            [5] => K
            [6] => G
            [7] => R
            [8] => O
        )

    [end_date_day] => 04
    [closing_column] => DAY_04_CLOSING
    [end_date_month] => 2026-03
    [stock_filter] => > 0
    [daily_stock_table] => tbldailystock_1
    [table_suffix] => 
    [current_month] => 2026-03
    [has_restrictions] => 
    [available_dates] => Array
        (
            [0] => 2026-03-04
        )

    [unavailable_dates] => Array
        (
        )

    [dry_dates] => Array
        (
        )

    [latest_global_sale] => 
)

[2026-03-04 15:22:33] [INFO] === PAGE ACCESS ===
[2026-03-04 15:22:33] [INFO] Request method: GET
[2026-03-04 15:22:33] [INFO] Search term: 'beer'
[2026-03-04 15:22:33] [INFO] Current session ID: s937af7aqelullpmjmcu7sgvq5
[2026-03-04 15:22:33] [INFO] Final session quantities count: 0
[2026-03-04 15:22:33] [INFO] Items in current view: 19
[2026-03-04 15:22:33] [INFO] Sales Page Load Debug Info:
Array
(
    [total_items] => 19
    [current_page] => 1
    [total_pages] => 1
    [session_quantities_count] => 0
    [post_quantities_count] => 0
    [date_range] => 2026-03-04 to 2026-03-04
    [days_count] => 1
    [user_id] => 1
    [comp_id] => 1
    [license_type] => FL-II
    [allowed_classes] => Array
        (
            [0] => W
            [1] => V
            [2] => M
            [3] => F
            [4] => D
            [5] => K
            [6] => G
            [7] => R
            [8] => O
        )

    [end_date_day] => 04
    [closing_column] => DAY_04_CLOSING
    [end_date_month] => 2026-03
    [stock_filter] => > 0
    [daily_stock_table] => tbldailystock_1
    [table_suffix] => 
    [current_month] => 2026-03
    [has_restrictions] => 
    [available_dates] => Array
        (
            [0] => 2026-03-04
        )

    [unavailable_dates] => Array
        (
        )

    [dry_dates] => Array
        (
        )

    [latest_global_sale] => 
)

[2026-03-04 15:22:40] [INFO] Session quantity updated: SCMBR0018159 = 0
[2026-03-04 15:22:40] [INFO] Session quantity updated: SCMBR0018159 = 0
[2026-03-04 15:22:40] [INFO] Session quantity updated: SCMBR0018159 = 9
[2026-03-04 15:22:41] [INFO] Session quantity updated: SCMBR0018159 = 9
[2026-03-04 15:22:42] [INFO] Session quantity updated: SCMBR0018159 = 9
[2026-03-04 15:22:43] [INFO] Date range: 2026-03-04 to 2026-03-04, Total days: 1, Dry days: 0, Available days: 1
[2026-03-04 15:22:43] [INFO] === PAGE ACCESS ===
[2026-03-04 15:22:43] [INFO] Request method: GET
[2026-03-04 15:22:43] [INFO] Search term: 'beer'
[2026-03-04 15:22:43] [INFO] Current session ID: s937af7aqelullpmjmcu7sgvq5
[2026-03-04 15:22:44] [INFO] GLOBAL CHECK: Latest existing sale: 2026-03-04
[2026-03-04 15:22:44] [INFO] Available dates: 
[2026-03-04 15:22:44] [INFO] Unavailable dates (has existing sales): 2026-03-04
[2026-03-04 15:22:44] [INFO] Final session quantities count: 0
[2026-03-04 15:22:44] [INFO] Items in current view: 19
[2026-03-04 15:22:44] [INFO] Sales Page Load Debug Info:
Array
(
    [total_items] => 19
    [current_page] => 1
    [total_pages] => 1
    [session_quantities_count] => 0
    [post_quantities_count] => 0
    [date_range] => 2026-03-04 to 2026-03-04
    [days_count] => 1
    [user_id] => 1
    [comp_id] => 1
    [license_type] => FL-II
    [allowed_classes] => Array
        (
            [0] => W
            [1] => V
            [2] => M
            [3] => F
            [4] => D
            [5] => K
            [6] => G
            [7] => R
            [8] => O
        )

    [end_date_day] => 04
    [closing_column] => DAY_04_CLOSING
    [end_date_month] => 2026-03
    [stock_filter] => > 0
    [daily_stock_table] => tbldailystock_1
    [table_suffix] => 
    [current_month] => 2026-03
    [has_restrictions] => 1
    [available_dates] => Array
        (
        )

    [unavailable_dates] => Array
        (
            [0] => 2026-03-04
        )

    [dry_dates] => Array
        (
        )

    [latest_global_sale] => 2026-03-04
)

[2026-03-04 15:23:28] [INFO] === PAGE ACCESS ===
[2026-03-04 15:23:28] [INFO] Request method: GET
[2026-03-04 15:23:28] [INFO] Search term: ''
[2026-03-04 15:23:28] [INFO] Current session ID: s937af7aqelullpmjmcu7sgvq5
[2026-03-04 15:23:29] [INFO] GLOBAL CHECK: Latest existing sale: 2026-03-04
[2026-03-04 15:23:29] [INFO] Available dates: 
[2026-03-04 15:23:29] [INFO] Unavailable dates (has existing sales): 2026-03-04
[2026-03-04 15:23:29] [INFO] Final session quantities count: 0
[2026-03-04 15:23:29] [INFO] Items in current view: 50
[2026-03-04 15:23:29] [INFO] Sales Page Load Debug Info:
Array
(
    [total_items] => 94
    [current_page] => 1
    [total_pages] => 2
    [session_quantities_count] => 0
    [post_quantities_count] => 0
    [date_range] => 2026-03-04 to 2026-03-04
    [days_count] => 1
    [user_id] => 1
    [comp_id] => 1
    [license_type] => FL-II
    [allowed_classes] => Array
        (
            [0] => W
            [1] => V
            [2] => M
            [3] => F
            [4] => D
            [5] => K
            [6] => G
            [7] => R
            [8] => O
        )

    [end_date_day] => 04
    [closing_column] => DAY_04_CLOSING
    [end_date_month] => 2026-03
    [stock_filter] => > 0
    [daily_stock_table] => tbldailystock_1
    [table_suffix] => 
    [current_month] => 2026-03
    [has_restrictions] => 1
    [available_dates] => Array
        (
        )

    [unavailable_dates] => Array
        (
            [0] => 2026-03-04
        )

    [dry_dates] => Array
        (
        )

    [latest_global_sale] => 2026-03-04
)

[2026-03-04 15:23:47] [INFO] === PAGE ACCESS ===
[2026-03-04 15:23:47] [INFO] Request method: GET
[2026-03-04 15:23:47] [INFO] Search term: ''
[2026-03-04 15:23:47] [INFO] Current session ID: s937af7aqelullpmjmcu7sgvq5
[2026-03-04 15:23:47] [INFO] Final session quantities count: 0
[2026-03-04 15:23:47] [INFO] Items in current view: 50
[2026-03-04 15:23:47] [INFO] Sales Page Load Debug Info:
Array
(
    [total_items] => 94
    [current_page] => 1
    [total_pages] => 2
    [session_quantities_count] => 0
    [post_quantities_count] => 0
    [date_range] => 2026-03-04 to 2026-03-04
    [days_count] => 1
    [user_id] => 1
    [comp_id] => 1
    [license_type] => FL-II
    [allowed_classes] => Array
        (
            [0] => W
            [1] => V
            [2] => M
            [3] => F
            [4] => D
            [5] => K
            [6] => G
            [7] => R
            [8] => O
        )

    [end_date_day] => 04
    [closing_column] => DAY_04_CLOSING
    [end_date_month] => 2026-03
    [stock_filter] => > 0
    [daily_stock_table] => tbldailystock_1
    [table_suffix] => 
    [current_month] => 2026-03
    [has_restrictions] => 
    [available_dates] => Array
        (
            [0] => 2026-03-04
        )

    [unavailable_dates] => Array
        (
        )

    [dry_dates] => Array
        (
        )

    [latest_global_sale] => 
)

[2026-03-04 15:24:05] [INFO] === PAGE ACCESS ===
[2026-03-04 15:24:05] [INFO] Request method: GET
[2026-03-04 15:24:05] [INFO] Search term: ''
[2026-03-04 15:24:05] [INFO] Current session ID: s937af7aqelullpmjmcu7sgvq5
[2026-03-04 15:24:06] [INFO] DRY DAYS FOUND: 2026-02-21
[2026-03-04 15:24:06] [INFO] Final session quantities count: 0
[2026-03-04 15:24:06] [INFO] Items in current view: 50
[2026-03-04 15:24:06] [INFO] Sales Page Load Debug Info:
Array
(
    [total_items] => 94
    [current_page] => 1
    [total_pages] => 2
    [session_quantities_count] => 0
    [post_quantities_count] => 0
    [date_range] => 2026-02-20 to 2026-02-22
    [days_count] => 3
    [user_id] => 1
    [comp_id] => 1
    [license_type] => FL-II
    [allowed_classes] => Array
        (
            [0] => W
            [1] => V
            [2] => M
            [3] => F
            [4] => D
            [5] => K
            [6] => G
            [7] => R
            [8] => O
        )

    [end_date_day] => 22
    [closing_column] => DAY_22_CLOSING
    [end_date_month] => 2026-02
    [stock_filter] => > 0
    [daily_stock_table] => tbldailystock_1_02_26
    [table_suffix] => _02_26
    [current_month] => 2026-03
    [has_restrictions] => 1
    [available_dates] => Array
        (
            [0] => 2026-02-20
            [1] => 2026-02-22
        )

    [unavailable_dates] => Array
        (
            [0] => 2026-02-21
        )

    [dry_dates] => Array
        (
            [0] => 2026-02-21
        )

    [latest_global_sale] => 
)

[2026-03-04 15:24:09] [INFO] Session quantity updated: SCMPL0010694 = 0
[2026-03-04 15:24:10] [INFO] Session quantity updated: SCMPL0010694 = 0
[2026-03-04 15:24:11] [INFO] Session quantity updated: SCMPL0010694 = 5
[2026-03-04 15:24:11] [INFO] Session quantity updated: SCMPL0010694 = 5
[2026-03-04 15:24:13] [INFO] Session quantity updated: SCMPL0010694 = 5
[2026-03-04 15:24:21] [INFO] Date range: 2026-02-20 to 2026-02-22, Total days: 3, Dry days: 1, Available days: 2
[2026-03-04 15:24:21] [INFO] === PAGE ACCESS ===
[2026-03-04 15:24:21] [INFO] Request method: GET
[2026-03-04 15:24:21] [INFO] Search term: ''
[2026-03-04 15:24:21] [INFO] Current session ID: s937af7aqelullpmjmcu7sgvq5
[2026-03-04 15:24:22] [INFO] GLOBAL CHECK: Latest existing sale: 2026-02-22
[2026-03-04 15:24:22] [INFO] Available dates: 
[2026-03-04 15:24:22] [INFO] Unavailable dates (has existing sales): 2026-02-20, 2026-02-21, 2026-02-22
[2026-03-04 15:24:22] [INFO] DRY DAYS FOUND: 2026-02-21
[2026-03-04 15:24:22] [INFO] Final session quantities count: 0
[2026-03-04 15:24:22] [INFO] Items in current view: 50
[2026-03-04 15:24:22] [INFO] Sales Page Load Debug Info:
Array
(
    [total_items] => 94
    [current_page] => 1
    [total_pages] => 2
    [session_quantities_count] => 0
    [post_quantities_count] => 0
    [date_range] => 2026-02-20 to 2026-02-22
    [days_count] => 3
    [user_id] => 1
    [comp_id] => 1
    [license_type] => FL-II
    [allowed_classes] => Array
        (
            [0] => W
            [1] => V
            [2] => M
            [3] => F
            [4] => D
            [5] => K
            [6] => G
            [7] => R
            [8] => O
        )

    [end_date_day] => 22
    [closing_column] => DAY_22_CLOSING
    [end_date_month] => 2026-02
    [stock_filter] => > 0
    [daily_stock_table] => tbldailystock_1_02_26
    [table_suffix] => _02_26
    [current_month] => 2026-03
    [has_restrictions] => 1
    [available_dates] => Array
        (
        )

    [unavailable_dates] => Array
        (
            [0] => 2026-02-20
            [1] => 2026-02-21
            [2] => 2026-02-22
        )

    [dry_dates] => Array
        (
            [0] => 2026-02-21
        )

    [latest_global_sale] => 2026-02-22
)

[2026-03-04 15:24:59] [INFO] === PAGE ACCESS ===
[2026-03-04 15:24:59] [INFO] Request method: GET
[2026-03-04 15:24:59] [INFO] Search term: ''
[2026-03-04 15:24:59] [INFO] Current session ID: s937af7aqelullpmjmcu7sgvq5
[2026-03-04 15:25:00] [INFO] Final session quantities count: 0
[2026-03-04 15:25:00] [INFO] Items in current view: 50
[2026-03-04 15:25:00] [INFO] Sales Page Load Debug Info:
Array
(
    [total_items] => 94
    [current_page] => 1
    [total_pages] => 2
    [session_quantities_count] => 0
    [post_quantities_count] => 0
    [date_range] => 2026-03-04 to 2026-03-04
    [days_count] => 1
    [user_id] => 1
    [comp_id] => 1
    [license_type] => FL-II
    [allowed_classes] => Array
        (
            [0] => W
            [1] => V
            [2] => M
            [3] => F
            [4] => D
            [5] => K
            [6] => G
            [7] => R
            [8] => O
        )

    [end_date_day] => 04
    [closing_column] => DAY_04_CLOSING
    [end_date_month] => 2026-03
    [stock_filter] => > 0
    [daily_stock_table] => tbldailystock_1
    [table_suffix] => 
    [current_month] => 2026-03
    [has_restrictions] => 
    [available_dates] => Array
        (
            [0] => 2026-03-04
        )

    [unavailable_dates] => Array
        (
        )

    [dry_dates] => Array
        (
        )

    [latest_global_sale] => 
)

[2026-03-04 15:25:05] [INFO] Session quantity updated: SCMPL0010694 = 42
[2026-03-04 15:25:06] [INFO] Session quantity updated: SCMPL0010694 = 42
[2026-03-04 15:25:07] [INFO] Session quantity updated: SCMPL0010694 = 4
[2026-03-04 15:25:07] [INFO] Session quantity updated: SCMPL0010694 = 4
[2026-03-04 15:25:20] [INFO] === PAGE ACCESS ===
[2026-03-04 15:25:20] [INFO] Request method: GET
[2026-03-04 15:25:20] [INFO] Search term: ''
[2026-03-04 15:25:20] [INFO] Current session ID: s937af7aqelullpmjmcu7sgvq5
[2026-03-04 15:25:21] [INFO] DRY DAYS FOUND: 2026-02-21
[2026-03-04 15:25:21] [INFO] Final session quantities count: 1
[2026-03-04 15:25:21] [INFO] Items in current view: 50
[2026-03-04 15:25:21] [INFO] Sales Page Load Debug Info:
Array
(
    [total_items] => 94
    [current_page] => 1
    [total_pages] => 2
    [session_quantities_count] => 1
    [post_quantities_count] => 0
    [date_range] => 2026-02-20 to 2026-02-22
    [days_count] => 3
    [user_id] => 1
    [comp_id] => 1
    [license_type] => FL-II
    [allowed_classes] => Array
        (
            [0] => W
            [1] => V
            [2] => M
            [3] => F
            [4] => D
            [5] => K
            [6] => G
            [7] => R
            [8] => O
        )

    [end_date_day] => 22
    [closing_column] => DAY_22_CLOSING
    [end_date_month] => 2026-02
    [stock_filter] => > 0
    [daily_stock_table] => tbldailystock_1_02_26
    [table_suffix] => _02_26
    [current_month] => 2026-03
    [has_restrictions] => 1
    [available_dates] => Array
        (
            [0] => 2026-02-20
            [1] => 2026-02-22
        )

    [unavailable_dates] => Array
        (
            [0] => 2026-02-21
        )

    [dry_dates] => Array
        (
            [0] => 2026-02-21
        )

    [latest_global_sale] => 
)

[2026-03-04 15:25:26] [INFO] Date range: 2026-02-20 to 2026-02-22, Total days: 3, Dry days: 1, Available days: 2
[2026-03-04 15:25:26] [INFO] === PAGE ACCESS ===
[2026-03-04 15:25:26] [INFO] Request method: GET
[2026-03-04 15:25:26] [INFO] Search term: ''
[2026-03-04 15:25:26] [INFO] Current session ID: s937af7aqelullpmjmcu7sgvq5
[2026-03-04 15:25:26] [INFO] GLOBAL CHECK: Latest existing sale: 2026-02-22
[2026-03-04 15:25:26] [INFO] Available dates: 
[2026-03-04 15:25:26] [INFO] Unavailable dates (has existing sales): 2026-02-20, 2026-02-21, 2026-02-22
[2026-03-04 15:25:26] [INFO] DRY DAYS FOUND: 2026-02-21
[2026-03-04 15:25:26] [INFO] Final session quantities count: 0
[2026-03-04 15:25:27] [INFO] Items in current view: 50
[2026-03-04 15:25:27] [INFO] Sales Page Load Debug Info:
Array
(
    [total_items] => 94
    [current_page] => 1
    [total_pages] => 2
    [session_quantities_count] => 0
    [post_quantities_count] => 0
    [date_range] => 2026-02-20 to 2026-02-22
    [days_count] => 3
    [user_id] => 1
    [comp_id] => 1
    [license_type] => FL-II
    [allowed_classes] => Array
        (
            [0] => W
            [1] => V
            [2] => M
            [3] => F
            [4] => D
            [5] => K
            [6] => G
            [7] => R
            [8] => O
        )

    [end_date_day] => 22
    [closing_column] => DAY_22_CLOSING
    [end_date_month] => 2026-02
    [stock_filter] => > 0
    [daily_stock_table] => tbldailystock_1_02_26
    [table_suffix] => _02_26
    [current_month] => 2026-03
    [has_restrictions] => 1
    [available_dates] => Array
        (
        )

    [unavailable_dates] => Array
        (
            [0] => 2026-02-20
            [1] => 2026-02-21
            [2] => 2026-02-22
        )

    [dry_dates] => Array
        (
            [0] => 2026-02-21
        )

    [latest_global_sale] => 2026-02-22
)

[2026-03-04 15:36:06] [INFO] === PAGE ACCESS ===
[2026-03-04 15:36:06] [INFO] Request method: GET
[2026-03-04 15:36:06] [INFO] Search term: ''
[2026-03-04 15:36:06] [INFO] Current session ID: s937af7aqelullpmjmcu7sgvq5
[2026-03-04 15:36:07] [INFO] Final session quantities count: 0
[2026-03-04 15:36:07] [INFO] Items in current view: 50
[2026-03-04 15:36:07] [INFO] Sales Page Load Debug Info:
Array
(
    [total_items] => 94
    [current_page] => 1
    [total_pages] => 2
    [session_quantities_count] => 0
    [post_quantities_count] => 0
    [date_range] => 2026-03-04 to 2026-03-04
    [days_count] => 1
    [user_id] => 1
    [comp_id] => 1
    [license_type] => FL-II
    [allowed_classes] => Array
        (
            [0] => W
            [1] => V
            [2] => M
            [3] => F
            [4] => D
            [5] => K
            [6] => G
            [7] => R
            [8] => O
        )

    [end_date_day] => 04
    [closing_column] => DAY_04_CLOSING
    [end_date_month] => 2026-03
    [stock_filter] => > 0
    [daily_stock_table] => tbldailystock_1
    [table_suffix] => 
    [current_month] => 2026-03
    [has_restrictions] => 
    [available_dates] => Array
        (
            [0] => 2026-03-04
        )

    [unavailable_dates] => Array
        (
        )

    [dry_dates] => Array
        (
        )

    [latest_global_sale] => 
)

[2026-03-04 15:36:14] [INFO] === PAGE ACCESS ===
[2026-03-04 15:36:14] [INFO] Request method: GET
[2026-03-04 15:36:14] [INFO] Search term: 'beer'
[2026-03-04 15:36:14] [INFO] Current session ID: s937af7aqelullpmjmcu7sgvq5
[2026-03-04 15:36:14] [INFO] Final session quantities count: 0
[2026-03-04 15:36:14] [INFO] Items in current view: 19
[2026-03-04 15:36:14] [INFO] Sales Page Load Debug Info:
Array
(
    [total_items] => 19
    [current_page] => 1
    [total_pages] => 1
    [session_quantities_count] => 0
    [post_quantities_count] => 0
    [date_range] => 2026-03-04 to 2026-03-04
    [days_count] => 1
    [user_id] => 1
    [comp_id] => 1
    [license_type] => FL-II
    [allowed_classes] => Array
        (
            [0] => W
            [1] => V
            [2] => M
            [3] => F
            [4] => D
            [5] => K
            [6] => G
            [7] => R
            [8] => O
        )

    [end_date_day] => 04
    [closing_column] => DAY_04_CLOSING
    [end_date_month] => 2026-03
    [stock_filter] => > 0
    [daily_stock_table] => tbldailystock_1
    [table_suffix] => 
    [current_month] => 2026-03
    [has_restrictions] => 
    [available_dates] => Array
        (
            [0] => 2026-03-04
        )

    [unavailable_dates] => Array
        (
        )

    [dry_dates] => Array
        (
        )

    [latest_global_sale] => 
)

[2026-03-04 15:36:16] [INFO] Session quantity updated: SCMBR0018159 = 0
[2026-03-04 15:36:17] [INFO] Session quantity updated: SCMBR0018159 = 0
[2026-03-04 15:36:17] [INFO] Session quantity updated: SCMBR0018159 = 5
[2026-03-04 15:36:18] [INFO] Session quantity updated: SCMBR0018159 = 5
[2026-03-04 15:36:20] [INFO] Session quantity updated: SCMBR0018159 = 5
[2026-03-04 15:36:21] [INFO] Date range: 2026-03-04 to 2026-03-04, Total days: 1, Dry days: 0, Available days: 1
[2026-03-04 15:36:22] [INFO] === PAGE ACCESS ===
[2026-03-04 15:36:22] [INFO] Request method: GET
[2026-03-04 15:36:22] [INFO] Search term: 'beer'
[2026-03-04 15:36:22] [INFO] Current session ID: s937af7aqelullpmjmcu7sgvq5
[2026-03-04 15:36:22] [INFO] GLOBAL CHECK: Latest existing sale: 2026-03-04
[2026-03-04 15:36:22] [INFO] Available dates: 
[2026-03-04 15:36:22] [INFO] Unavailable dates (has existing sales): 2026-03-04
[2026-03-04 15:36:22] [INFO] Final session quantities count: 0
[2026-03-04 15:36:22] [INFO] Items in current view: 19
[2026-03-04 15:36:22] [INFO] Sales Page Load Debug Info:
Array
(
    [total_items] => 19
    [current_page] => 1
    [total_pages] => 1
    [session_quantities_count] => 0
    [post_quantities_count] => 0
    [date_range] => 2026-03-04 to 2026-03-04
    [days_count] => 1
    [user_id] => 1
    [comp_id] => 1
    [license_type] => FL-II
    [allowed_classes] => Array
        (
            [0] => W
            [1] => V
            [2] => M
            [3] => F
            [4] => D
            [5] => K
            [6] => G
            [7] => R
            [8] => O
        )

    [end_date_day] => 04
    [closing_column] => DAY_04_CLOSING
    [end_date_month] => 2026-03
    [stock_filter] => > 0
    [daily_stock_table] => tbldailystock_1
    [table_suffix] => 
    [current_month] => 2026-03
    [has_restrictions] => 1
    [available_dates] => Array
        (
        )

    [unavailable_dates] => Array
        (
            [0] => 2026-03-04
        )

    [dry_dates] => Array
        (
        )

    [latest_global_sale] => 2026-03-04
)

[2026-03-04 15:36:50] [INFO] === PAGE ACCESS ===
[2026-03-04 15:36:50] [INFO] Request method: GET
[2026-03-04 15:36:50] [INFO] Search term: ''
[2026-03-04 15:36:50] [INFO] Current session ID: s937af7aqelullpmjmcu7sgvq5
[2026-03-04 15:36:51] [INFO] Final session quantities count: 0
[2026-03-04 15:36:51] [INFO] Items in current view: 50
[2026-03-04 15:36:51] [INFO] Sales Page Load Debug Info:
Array
(
    [total_items] => 94
    [current_page] => 1
    [total_pages] => 2
    [session_quantities_count] => 0
    [post_quantities_count] => 0
    [date_range] => 2026-03-04 to 2026-03-04
    [days_count] => 1
    [user_id] => 1
    [comp_id] => 1
    [license_type] => FL-II
    [allowed_classes] => Array
        (
            [0] => W
            [1] => V
            [2] => M
            [3] => F
            [4] => D
            [5] => K
            [6] => G
            [7] => R
            [8] => O
        )

    [end_date_day] => 04
    [closing_column] => DAY_04_CLOSING
    [end_date_month] => 2026-03
    [stock_filter] => > 0
    [daily_stock_table] => tbldailystock_1
    [table_suffix] => 
    [current_month] => 2026-03
    [has_restrictions] => 
    [available_dates] => Array
        (
            [0] => 2026-03-04
        )

    [unavailable_dates] => Array
        (
        )

    [dry_dates] => Array
        (
        )

    [latest_global_sale] => 
)

[2026-03-04 15:36:54] [INFO] Session quantity updated: SCMPL0010694 = 0
[2026-03-04 15:36:55] [INFO] Session quantity updated: SCMPL0010694 = 0
[2026-03-04 15:36:55] [INFO] Session quantity updated: SCMPL0010694 = 5
[2026-03-04 15:36:56] [INFO] Session quantity updated: SCMPL0010694 = 5
[2026-03-04 15:36:59] [INFO] Session quantity updated: SCMPL0021774 = 3
[2026-03-04 15:36:59] [INFO] Session quantity updated: SCMPL0021774 = 3
[2026-03-04 15:37:04] [INFO] Session quantity updated: SCMBR0018139 = 8
[2026-03-04 15:37:04] [INFO] Session quantity updated: SCMBR0018139 = 8
[2026-03-04 15:37:05] [INFO] Session quantity updated: SCMBR0018139 = 8
[2026-03-04 15:37:24] [INFO] Session quantity updated: SCMPL0021774 = 0
[2026-03-04 15:37:24] [INFO] Session quantity updated: SCMPL0021774 = 0
[2026-03-04 15:37:55] [INFO] Session quantity updated: SCMPL0021774 = 0
[2026-03-04 15:37:55] [INFO] Session quantity updated: SCMPL0010694 = 0
[2026-03-04 15:37:55] [INFO] Session quantity updated: SCMPL0010694 = 0
[2026-03-04 15:37:56] [INFO] Session quantity updated: SCMPL0010694 = 7
[2026-03-04 15:37:56] [INFO] Session quantity updated: SCMPL0010694 = 7
[2026-03-04 15:38:01] [INFO] Session quantity updated: SCMPL0010694 = 7
[2026-03-04 15:38:03] [INFO] Date range: 2026-03-04 to 2026-03-04, Total days: 1, Dry days: 0, Available days: 1
[2026-03-04 15:38:04] [INFO] === PAGE ACCESS ===
[2026-03-04 15:38:04] [INFO] Request method: GET
[2026-03-04 15:38:04] [INFO] Search term: ''
[2026-03-04 15:38:04] [INFO] Current session ID: s937af7aqelullpmjmcu7sgvq5
[2026-03-04 15:38:05] [INFO] GLOBAL CHECK: Latest existing sale: 2026-03-04
[2026-03-04 15:38:05] [INFO] Available dates: 
[2026-03-04 15:38:05] [INFO] Unavailable dates (has existing sales): 2026-03-04
[2026-03-04 15:38:05] [INFO] Final session quantities count: 0
[2026-03-04 15:38:05] [INFO] Items in current view: 50
[2026-03-04 15:38:05] [INFO] Sales Page Load Debug Info:
Array
(
    [total_items] => 94
    [current_page] => 1
    [total_pages] => 2
    [session_quantities_count] => 0
    [post_quantities_count] => 0
    [date_range] => 2026-03-04 to 2026-03-04
    [days_count] => 1
    [user_id] => 1
    [comp_id] => 1
    [license_type] => FL-II
    [allowed_classes] => Array
        (
            [0] => W
            [1] => V
            [2] => M
            [3] => F
            [4] => D
            [5] => K
            [6] => G
            [7] => R
            [8] => O
        )

    [end_date_day] => 04
    [closing_column] => DAY_04_CLOSING
    [end_date_month] => 2026-03
    [stock_filter] => > 0
    [daily_stock_table] => tbldailystock_1
    [table_suffix] => 
    [current_month] => 2026-03
    [has_restrictions] => 1
    [available_dates] => Array
        (
        )

    [unavailable_dates] => Array
        (
            [0] => 2026-03-04
        )

    [dry_dates] => Array
        (
        )

    [latest_global_sale] => 2026-03-04
)

[2026-03-04 15:39:55] [INFO] === PAGE ACCESS ===
[2026-03-04 15:39:55] [INFO] Request method: GET
[2026-03-04 15:39:55] [INFO] Search term: ''
[2026-03-04 15:39:55] [INFO] Current session ID: s937af7aqelullpmjmcu7sgvq5
[2026-03-04 15:39:55] [INFO] Final session quantities count: 0
[2026-03-04 15:39:55] [INFO] Items in current view: 50
[2026-03-04 15:39:55] [INFO] Sales Page Load Debug Info:
Array
(
    [total_items] => 94
    [current_page] => 1
    [total_pages] => 2
    [session_quantities_count] => 0
    [post_quantities_count] => 0
    [date_range] => 2026-03-04 to 2026-03-04
    [days_count] => 1
    [user_id] => 1
    [comp_id] => 1
    [license_type] => FL-II
    [allowed_classes] => Array
        (
            [0] => W
            [1] => V
            [2] => M
            [3] => F
            [4] => D
            [5] => K
            [6] => G
            [7] => R
            [8] => O
        )

    [end_date_day] => 04
    [closing_column] => DAY_04_CLOSING
    [end_date_month] => 2026-03
    [stock_filter] => > 0
    [daily_stock_table] => tbldailystock_1
    [table_suffix] => 
    [current_month] => 2026-03
    [has_restrictions] => 
    [available_dates] => Array
        (
            [0] => 2026-03-04
        )

    [unavailable_dates] => Array
        (
        )

    [dry_dates] => Array
        (
        )

    [latest_global_sale] => 
)

[2026-03-04 15:40:01] [INFO] === PAGE ACCESS ===
[2026-03-04 15:40:01] [INFO] Request method: GET
[2026-03-04 15:40:01] [INFO] Search term: ''
[2026-03-04 15:40:01] [INFO] Current session ID: s937af7aqelullpmjmcu7sgvq5
[2026-03-04 15:40:01] [INFO] Final session quantities count: 0
[2026-03-04 15:40:01] [INFO] Items in current view: 50
[2026-03-04 15:40:01] [INFO] Sales Page Load Debug Info:
Array
(
    [total_items] => 94
    [current_page] => 1
    [total_pages] => 2
    [session_quantities_count] => 0
    [post_quantities_count] => 0
    [date_range] => 2026-03-04 to 2026-03-04
    [days_count] => 1
    [user_id] => 1
    [comp_id] => 1
    [license_type] => FL-II
    [allowed_classes] => Array
        (
            [0] => W
            [1] => V
            [2] => M
            [3] => F
            [4] => D
            [5] => K
            [6] => G
            [7] => R
            [8] => O
        )

    [end_date_day] => 04
    [closing_column] => DAY_04_CLOSING
    [end_date_month] => 2026-03
    [stock_filter] => > 0
    [daily_stock_table] => tbldailystock_1
    [table_suffix] => 
    [current_month] => 2026-03
    [has_restrictions] => 
    [available_dates] => Array
        (
            [0] => 2026-03-04
        )

    [unavailable_dates] => Array
        (
        )

    [dry_dates] => Array
        (
        )

    [latest_global_sale] => 
)

[2026-03-04 15:52:45] [INFO] === PAGE ACCESS ===
[2026-03-04 15:52:45] [INFO] Request method: GET
[2026-03-04 15:52:45] [INFO] Search term: ''
[2026-03-04 15:52:45] [INFO] Current session ID: s937af7aqelullpmjmcu7sgvq5
[2026-03-04 15:52:46] [INFO] Final session quantities count: 0
[2026-03-04 15:52:46] [INFO] Items in current view: 50
[2026-03-04 15:52:46] [INFO] Sales Page Load Debug Info:
Array
(
    [total_items] => 94
    [current_page] => 1
    [total_pages] => 2
    [session_quantities_count] => 0
    [post_quantities_count] => 0
    [date_range] => 2026-03-04 to 2026-03-04
    [days_count] => 1
    [user_id] => 1
    [comp_id] => 1
    [license_type] => FL-II
    [allowed_classes] => Array
        (
            [0] => W
            [1] => V
            [2] => M
            [3] => F
            [4] => D
            [5] => K
            [6] => G
            [7] => R
            [8] => O
        )

    [end_date_day] => 04
    [closing_column] => DAY_04_CLOSING
    [end_date_month] => 2026-03
    [stock_filter] => > 0
    [daily_stock_table] => tbldailystock_1
    [table_suffix] => 
    [current_month] => 2026-03
    [has_restrictions] => 
    [available_dates] => Array
        (
            [0] => 2026-03-04
        )

    [unavailable_dates] => Array
        (
        )

    [dry_dates] => Array
        (
        )

    [latest_global_sale] => 
)

[2026-03-04 16:15:46] [INFO] === PAGE ACCESS ===
[2026-03-04 16:15:46] [INFO] Request method: GET
[2026-03-04 16:15:46] [INFO] Search term: ''
[2026-03-04 16:15:46] [INFO] Current session ID: s937af7aqelullpmjmcu7sgvq5
[2026-03-04 16:15:46] [INFO] Final session quantities count: 0
[2026-03-04 16:15:46] [INFO] Items in current view: 50
[2026-03-04 16:15:46] [INFO] Sales Page Load Debug Info:
Array
(
    [total_items] => 94
    [current_page] => 1
    [total_pages] => 2
    [session_quantities_count] => 0
    [post_quantities_count] => 0
    [date_range] => 2026-03-04 to 2026-03-04
    [days_count] => 1
    [user_id] => 1
    [comp_id] => 1
    [license_type] => FL-II
    [allowed_classes] => Array
        (
            [0] => W
            [1] => V
            [2] => M
            [3] => F
            [4] => D
            [5] => K
            [6] => G
            [7] => R
            [8] => O
        )

    [end_date_day] => 04
    [closing_column] => DAY_04_CLOSING
    [end_date_month] => 2026-03
    [stock_filter] => > 0
    [daily_stock_table] => tbldailystock_1
    [table_suffix] => 
    [current_month] => 2026-03
    [has_restrictions] => 
    [available_dates] => Array
        (
            [0] => 2026-03-04
        )

    [unavailable_dates] => Array
        (
        )

    [dry_dates] => Array
        (
        )

    [latest_global_sale] => 
)

[2026-03-04 16:19:55] [INFO] === PAGE ACCESS ===
[2026-03-04 16:19:55] [INFO] Request method: GET
[2026-03-04 16:19:55] [INFO] Search term: ''
[2026-03-04 16:19:55] [INFO] Current session ID: s937af7aqelullpmjmcu7sgvq5
[2026-03-04 16:19:56] [INFO] Final session quantities count: 0
[2026-03-04 16:19:56] [INFO] Items in current view: 50
[2026-03-04 16:19:56] [INFO] Sales Page Load Debug Info:
Array
(
    [total_items] => 94
    [current_page] => 1
    [total_pages] => 2
    [session_quantities_count] => 0
    [post_quantities_count] => 0
    [date_range] => 2026-03-04 to 2026-03-04
    [days_count] => 1
    [user_id] => 1
    [comp_id] => 1
    [license_type] => FL-II
    [allowed_classes] => Array
        (
            [0] => W
            [1] => V
            [2] => M
            [3] => F
            [4] => D
            [5] => K
            [6] => G
            [7] => R
            [8] => O
        )

    [end_date_day] => 04
    [closing_column] => DAY_04_CLOSING
    [end_date_month] => 2026-03
    [stock_filter] => > 0
    [daily_stock_table] => tbldailystock_1
    [table_suffix] => 
    [current_month] => 2026-03
    [has_restrictions] => 
    [available_dates] => Array
        (
            [0] => 2026-03-04
        )

    [unavailable_dates] => Array
        (
        )

    [dry_dates] => Array
        (
        )

    [latest_global_sale] => 
)

[2026-03-04 16:19:57] [INFO] === PAGE ACCESS ===
[2026-03-04 16:19:57] [INFO] Request method: GET
[2026-03-04 16:19:57] [INFO] Search term: ''
[2026-03-04 16:19:57] [INFO] Current session ID: s937af7aqelullpmjmcu7sgvq5
[2026-03-04 16:19:58] [INFO] Final session quantities count: 0
[2026-03-04 16:19:58] [INFO] Items in current view: 50
[2026-03-04 16:19:58] [INFO] Sales Page Load Debug Info:
Array
(
    [total_items] => 94
    [current_page] => 1
    [total_pages] => 2
    [session_quantities_count] => 0
    [post_quantities_count] => 0
    [date_range] => 2026-03-04 to 2026-03-04
    [days_count] => 1
    [user_id] => 1
    [comp_id] => 1
    [license_type] => FL-II
    [allowed_classes] => Array
        (
            [0] => W
            [1] => V
            [2] => M
            [3] => F
            [4] => D
            [5] => K
            [6] => G
            [7] => R
            [8] => O
        )

    [end_date_day] => 04
    [closing_column] => DAY_04_CLOSING
    [end_date_month] => 2026-03
    [stock_filter] => > 0
    [daily_stock_table] => tbldailystock_1
    [table_suffix] => 
    [current_month] => 2026-03
    [has_restrictions] => 
    [available_dates] => Array
        (
            [0] => 2026-03-04
        )

    [unavailable_dates] => Array
        (
        )

    [dry_dates] => Array
        (
        )

    [latest_global_sale] => 
)

[2026-03-04 16:58:11] [INFO] === PAGE ACCESS ===
[2026-03-04 16:58:11] [INFO] Request method: GET
[2026-03-04 16:58:11] [INFO] Search term: ''
[2026-03-04 16:58:11] [INFO] Current session ID: s937af7aqelullpmjmcu7sgvq5
[2026-03-04 16:58:11] [INFO] Final session quantities count: 0
[2026-03-04 16:58:11] [INFO] Items in current view: 50
[2026-03-04 16:58:11] [INFO] Sales Page Load Debug Info:
Array
(
    [total_items] => 94
    [current_page] => 1
    [total_pages] => 2
    [session_quantities_count] => 0
    [post_quantities_count] => 0
    [date_range] => 2026-03-04 to 2026-03-04
    [days_count] => 1
    [user_id] => 1
    [comp_id] => 1
    [license_type] => FL-II
    [allowed_classes] => Array
        (
            [0] => W
            [1] => V
            [2] => M
            [3] => F
            [4] => D
            [5] => K
            [6] => G
            [7] => R
            [8] => O
        )

    [end_date_day] => 04
    [closing_column] => DAY_04_CLOSING
    [end_date_month] => 2026-03
    [stock_filter] => > 0
    [daily_stock_table] => tbldailystock_1
    [table_suffix] => 
    [current_month] => 2026-03
    [has_restrictions] => 
    [available_dates] => Array
        (
            [0] => 2026-03-04
        )

    [unavailable_dates] => Array
        (
        )

    [dry_dates] => Array
        (
        )

    [latest_global_sale] => 
)

