[2026-03-01 04:21:20] [INFO] === PAGE ACCESS ===
[2026-03-01 04:21:20] [INFO] Request method: GET
[2026-03-01 04:21:20] [INFO] Search term: ''
[2026-03-01 04:21:20] [INFO] Current session ID: sa2jk3kcaa8996rjiflotmnfpu
[2026-03-01 04:21:21] [INFO] Final session quantities count: 0
[2026-03-01 04:21:21] [INFO] Items in current view: 0
[2026-03-01 04:21:21] [INFO] Sales Page Load Debug Info:
Array
(
    [total_items] => 0
    [current_page] => 1
    [total_pages] => 0
    [session_quantities_count] => 0
    [post_quantities_count] => 0
    [date_range] => 2026-03-01 to 2026-03-01
    [days_count] => 1
    [user_id] => 1
    [comp_id] => 1
    [license_type] => FL-II
    [allowed_classes] => Array
        (
            [0] => W
            [1] => V
            [2] => M
            [3] => F
            [4] => D
            [5] => K
            [6] => G
            [7] => R
            [8] => O
        )

    [end_date_day] => 01
    [closing_column] => DAY_01_CLOSING
    [end_date_month] => 2026-03
    [stock_filter] => > 0
    [daily_stock_table] => tbldailystock_1
    [table_suffix] => 
    [current_month] => 2026-03
    [has_restrictions] => 
    [available_dates] => Array
        (
            [0] => 2026-03-01
        )

    [unavailable_dates] => Array
        (
        )

    [dry_dates] => Array
        (
        )

    [latest_global_sale] => 
)

[2026-03-01 04:21:26] [INFO] === PAGE ACCESS ===
[2026-03-01 04:21:26] [INFO] Request method: GET
[2026-03-01 04:21:26] [INFO] Search term: ''
[2026-03-01 04:21:26] [INFO] Current session ID: sa2jk3kcaa8996rjiflotmnfpu
[2026-03-01 04:21:26] [INFO] Final session quantities count: 0
[2026-03-01 04:21:26] [INFO] Items in current view: 0
[2026-03-01 04:21:26] [INFO] Sales Page Load Debug Info:
Array
(
    [total_items] => 0
    [current_page] => 1
    [total_pages] => 0
    [session_quantities_count] => 0
    [post_quantities_count] => 0
    [date_range] => 2026-03-01 to 2026-03-01
    [days_count] => 1
    [user_id] => 1
    [comp_id] => 1
    [license_type] => FL-II
    [allowed_classes] => Array
        (
            [0] => W
            [1] => V
            [2] => M
            [3] => F
            [4] => D
            [5] => K
            [6] => G
            [7] => R
            [8] => O
        )

    [end_date_day] => 01
    [closing_column] => DAY_01_CLOSING
    [end_date_month] => 2026-03
    [stock_filter] => > 0
    [daily_stock_table] => tbldailystock_1
    [table_suffix] => 
    [current_month] => 2026-03
    [has_restrictions] => 
    [available_dates] => Array
        (
            [0] => 2026-03-01
        )

    [unavailable_dates] => Array
        (
        )

    [dry_dates] => Array
        (
        )

    [latest_global_sale] => 
)

[2026-03-01 04:22:40] [INFO] === PAGE ACCESS ===
[2026-03-01 04:22:40] [INFO] Request method: GET
[2026-03-01 04:22:40] [INFO] Search term: ''
[2026-03-01 04:22:40] [INFO] Current session ID: sa2jk3kcaa8996rjiflotmnfpu
[2026-03-01 04:22:41] [INFO] Final session quantities count: 0
[2026-03-01 04:22:41] [INFO] Items in current view: 0
[2026-03-01 04:22:41] [INFO] Sales Page Load Debug Info:
Array
(
    [total_items] => 0
    [current_page] => 1
    [total_pages] => 0
    [session_quantities_count] => 0
    [post_quantities_count] => 0
    [date_range] => 2026-03-01 to 2026-03-01
    [days_count] => 1
    [user_id] => 1
    [comp_id] => 1
    [license_type] => FL-II
    [allowed_classes] => Array
        (
            [0] => W
            [1] => V
            [2] => M
            [3] => F
            [4] => D
            [5] => K
            [6] => G
            [7] => R
            [8] => O
        )

    [end_date_day] => 01
    [closing_column] => DAY_01_CLOSING
    [end_date_month] => 2026-03
    [stock_filter] => > 0
    [daily_stock_table] => tbldailystock_1
    [table_suffix] => 
    [current_month] => 2026-03
    [has_restrictions] => 
    [available_dates] => Array
        (
            [0] => 2026-03-01
        )

    [unavailable_dates] => Array
        (
        )

    [dry_dates] => Array
        (
        )

    [latest_global_sale] => 
)

[2026-03-01 04:22:46] [INFO] === PAGE ACCESS ===
[2026-03-01 04:22:46] [INFO] Request method: GET
[2026-03-01 04:22:46] [INFO] Search term: ''
[2026-03-01 04:22:46] [INFO] Current session ID: sa2jk3kcaa8996rjiflotmnfpu
[2026-03-01 04:22:46] [INFO] Final session quantities count: 0
[2026-03-01 04:22:46] [INFO] Items in current view: 0
[2026-03-01 04:22:46] [INFO] Sales Page Load Debug Info:
Array
(
    [total_items] => 0
    [current_page] => 1
    [total_pages] => 0
    [session_quantities_count] => 0
    [post_quantities_count] => 0
    [date_range] => 2026-03-01 to 2026-03-01
    [days_count] => 1
    [user_id] => 1
    [comp_id] => 1
    [license_type] => FL-II
    [allowed_classes] => Array
        (
            [0] => W
            [1] => V
            [2] => M
            [3] => F
            [4] => D
            [5] => K
            [6] => G
            [7] => R
            [8] => O
        )

    [end_date_day] => 01
    [closing_column] => DAY_01_CLOSING
    [end_date_month] => 2026-03
    [stock_filter] => > 0
    [daily_stock_table] => tbldailystock_1
    [table_suffix] => 
    [current_month] => 2026-03
    [has_restrictions] => 
    [available_dates] => Array
        (
            [0] => 2026-03-01
        )

    [unavailable_dates] => Array
        (
        )

    [dry_dates] => Array
        (
        )

    [latest_global_sale] => 
)

[2026-03-01 04:50:48] [INFO] === PAGE ACCESS ===
[2026-03-01 04:50:48] [INFO] Request method: GET
[2026-03-01 04:50:48] [INFO] Search term: ''
[2026-03-01 04:50:48] [INFO] Current session ID: sa2jk3kcaa8996rjiflotmnfpu
[2026-03-01 04:50:48] [INFO] Final session quantities count: 0
[2026-03-01 04:50:48] [INFO] Items in current view: 50
[2026-03-01 04:50:48] [INFO] Sales Page Load Debug Info:
Array
(
    [total_items] => 94
    [current_page] => 1
    [total_pages] => 2
    [session_quantities_count] => 0
    [post_quantities_count] => 0
    [date_range] => 2026-03-01 to 2026-03-01
    [days_count] => 1
    [user_id] => 1
    [comp_id] => 1
    [license_type] => FL-II
    [allowed_classes] => Array
        (
            [0] => W
            [1] => V
            [2] => M
            [3] => F
            [4] => D
            [5] => K
            [6] => G
            [7] => R
            [8] => O
        )

    [end_date_day] => 01
    [closing_column] => DAY_01_CLOSING
    [end_date_month] => 2026-03
    [stock_filter] => > 0
    [daily_stock_table] => tbldailystock_1
    [table_suffix] => 
    [current_month] => 2026-03
    [has_restrictions] => 
    [available_dates] => Array
        (
            [0] => 2026-03-01
        )

    [unavailable_dates] => Array
        (
        )

    [dry_dates] => Array
        (
        )

    [latest_global_sale] => 
)

