[2026-03-19 08:48:16] [INFO] [debugDateSelection:47] === DATE SELECTION DEBUG ===
----------------------------------------------------------------------------------------------------
[2026-03-19 08:48:16] [INFO] [debugDateSelection:48] Start Date | Value: 2026-03-19
----------------------------------------------------------------------------------------------------
[2026-03-19 08:48:16] [INFO] [debugDateSelection:49] End Date | Value: 2026-03-19
----------------------------------------------------------------------------------------------------
[2026-03-19 08:48:16] [INFO] [debugDateSelection:50] Financial Year Start | Value: 2021-04-01 00:00:00
----------------------------------------------------------------------------------------------------
[2026-03-19 08:48:16] [INFO] [debugDateSelection:51] Financial Year End | Value: 2022-03-31 23:59:59
----------------------------------------------------------------------------------------------------
[2026-03-19 08:48:16] [WARNING] [debugDateSelection:62] WARNING: Dates outside financial year range!
----------------------------------------------------------------------------------------------------
[2026-03-19 08:48:16] [INFO] [debugDateSelection:72] All dates in selected range
Array
(
    [0] => 2026-03-19
)

----------------------------------------------------------------------------------------------------
[2026-03-19 08:48:16] [INFO] [main:874] Date Range Restrictions
Array
(
    [restricted] => 
    [global_restricted] => 
    [has_dry_days] => 
    [latest_existing_sale] => 
    [available_dates] => Array
        (
            [0] => 2026-03-19
        )

    [unavailable_dates] => Array
        (
        )

    [unavailable_sales_dates] => Array
        (
        )

    [dry_dates] => Array
        (
        )

    [dry_days_info] => Array
        (
        )

    [message] => No restrictions
    [full_message] => No date range restrictions
)

----------------------------------------------------------------------------------------------------
[2026-03-19 08:49:22] [INFO] [debugDateSelection:47] === DATE SELECTION DEBUG ===
----------------------------------------------------------------------------------------------------
[2026-03-19 08:49:22] [INFO] [debugDateSelection:48] Start Date | Value: 2021-04-01 00:00:00
----------------------------------------------------------------------------------------------------
[2026-03-19 08:49:22] [INFO] [debugDateSelection:49] End Date | Value: 2021-04-20
----------------------------------------------------------------------------------------------------
[2026-03-19 08:49:22] [INFO] [debugDateSelection:50] Financial Year Start | Value: 2021-04-01 00:00:00
----------------------------------------------------------------------------------------------------
[2026-03-19 08:49:22] [INFO] [debugDateSelection:51] Financial Year End | Value: 2022-03-31 23:59:59
----------------------------------------------------------------------------------------------------
[2026-03-19 08:49:22] [INFO] [debugDateSelection:72] All dates in selected range
Array
(
    [0] => 2021-04-01
    [1] => 2021-04-02
    [2] => 2021-04-03
    [3] => 2021-04-04
    [4] => 2021-04-05
    [5] => 2021-04-06
    [6] => 2021-04-07
    [7] => 2021-04-08
    [8] => 2021-04-09
    [9] => 2021-04-10
    [10] => 2021-04-11
    [11] => 2021-04-12
    [12] => 2021-04-13
    [13] => 2021-04-14
    [14] => 2021-04-15
    [15] => 2021-04-16
    [16] => 2021-04-17
    [17] => 2021-04-18
    [18] => 2021-04-19
    [19] => 2021-04-20
)

----------------------------------------------------------------------------------------------------
[2026-03-19 08:49:23] [INFO] [main:874] Date Range Restrictions
Array
(
    [restricted] => 1
    [global_restricted] => 1
    [has_dry_days] => 
    [latest_existing_sale] => 2021-04-30
    [available_dates] => Array
        (
        )

    [unavailable_dates] => Array
        (
            [0] => 2021-04-01
            [1] => 2021-04-02
            [2] => 2021-04-03
            [3] => 2021-04-04
            [4] => 2021-04-05
            [5] => 2021-04-06
            [6] => 2021-04-07
            [7] => 2021-04-08
            [8] => 2021-04-09
            [9] => 2021-04-10
            [10] => 2021-04-11
            [11] => 2021-04-12
            [12] => 2021-04-13
            [13] => 2021-04-14
            [14] => 2021-04-15
            [15] => 2021-04-16
            [16] => 2021-04-17
            [17] => 2021-04-18
            [18] => 2021-04-19
            [19] => 2021-04-20
        )

    [unavailable_sales_dates] => Array
        (
            [0] => 2021-04-01
            [1] => 2021-04-02
            [2] => 2021-04-03
            [3] => 2021-04-04
            [4] => 2021-04-05
            [5] => 2021-04-06
            [6] => 2021-04-07
            [7] => 2021-04-08
            [8] => 2021-04-09
            [9] => 2021-04-10
            [10] => 2021-04-11
            [11] => 2021-04-12
            [12] => 2021-04-13
            [13] => 2021-04-14
            [14] => 2021-04-15
            [15] => 2021-04-16
            [16] => 2021-04-17
            [17] => 2021-04-18
            [18] => 2021-04-19
            [19] => 2021-04-20
        )

    [dry_dates] => Array
        (
        )

    [dry_days_info] => Array
        (
        )

    [message] => Existing sales on: 2021-04-01, 2021-04-02, 2021-04-03, 2021-04-04, 2021-04-05, 2021-04-06, 2021-04-07, 2021-04-08, 2021-04-09, 2021-04-10, 2021-04-11, 2021-04-12, 2021-04-13, 2021-04-14, 2021-04-15, 2021-04-16, 2021-04-17, 2021-04-18, 2021-04-19, 2021-04-20
    [full_message] => <strong>Date Range Restrictions:</strong><br>Existing sales on: 2021-04-01, 2021-04-02, 2021-04-03, 2021-04-04, 2021-04-05, 2021-04-06, 2021-04-07, 2021-04-08, 2021-04-09, 2021-04-10, 2021-04-11, 2021-04-12, 2021-04-13, 2021-04-14, 2021-04-15, 2021-04-16, 2021-04-17, 2021-04-18, 2021-04-19, 2021-04-20<br><strong>Available dates:</strong> None
)

----------------------------------------------------------------------------------------------------
[2026-03-19 08:49:44] [INFO] [debugDateSelection:47] === DATE SELECTION DEBUG ===
----------------------------------------------------------------------------------------------------
[2026-03-19 08:49:44] [INFO] [debugDateSelection:48] Start Date | Value: 2021-04-01 00:00:00
----------------------------------------------------------------------------------------------------
[2026-03-19 08:49:44] [INFO] [debugDateSelection:49] End Date | Value: 2021-04-20
----------------------------------------------------------------------------------------------------
[2026-03-19 08:49:44] [INFO] [debugDateSelection:50] Financial Year Start | Value: 2021-04-01 00:00:00
----------------------------------------------------------------------------------------------------
[2026-03-19 08:49:44] [INFO] [debugDateSelection:51] Financial Year End | Value: 2022-03-31 23:59:59
----------------------------------------------------------------------------------------------------
[2026-03-19 08:49:44] [INFO] [debugDateSelection:72] All dates in selected range
Array
(
    [0] => 2021-04-01
    [1] => 2021-04-02
    [2] => 2021-04-03
    [3] => 2021-04-04
    [4] => 2021-04-05
    [5] => 2021-04-06
    [6] => 2021-04-07
    [7] => 2021-04-08
    [8] => 2021-04-09
    [9] => 2021-04-10
    [10] => 2021-04-11
    [11] => 2021-04-12
    [12] => 2021-04-13
    [13] => 2021-04-14
    [14] => 2021-04-15
    [15] => 2021-04-16
    [16] => 2021-04-17
    [17] => 2021-04-18
    [18] => 2021-04-19
    [19] => 2021-04-20
)

----------------------------------------------------------------------------------------------------
[2026-03-19 08:49:45] [INFO] [main:874] Date Range Restrictions
Array
(
    [restricted] => 1
    [global_restricted] => 1
    [has_dry_days] => 
    [latest_existing_sale] => 2021-04-30
    [available_dates] => Array
        (
        )

    [unavailable_dates] => Array
        (
            [0] => 2021-04-01
            [1] => 2021-04-02
            [2] => 2021-04-03
            [3] => 2021-04-04
            [4] => 2021-04-05
            [5] => 2021-04-06
            [6] => 2021-04-07
            [7] => 2021-04-08
            [8] => 2021-04-09
            [9] => 2021-04-10
            [10] => 2021-04-11
            [11] => 2021-04-12
            [12] => 2021-04-13
            [13] => 2021-04-14
            [14] => 2021-04-15
            [15] => 2021-04-16
            [16] => 2021-04-17
            [17] => 2021-04-18
            [18] => 2021-04-19
            [19] => 2021-04-20
        )

    [unavailable_sales_dates] => Array
        (
            [0] => 2021-04-01
            [1] => 2021-04-02
            [2] => 2021-04-03
            [3] => 2021-04-04
            [4] => 2021-04-05
            [5] => 2021-04-06
            [6] => 2021-04-07
            [7] => 2021-04-08
            [8] => 2021-04-09
            [9] => 2021-04-10
            [10] => 2021-04-11
            [11] => 2021-04-12
            [12] => 2021-04-13
            [13] => 2021-04-14
            [14] => 2021-04-15
            [15] => 2021-04-16
            [16] => 2021-04-17
            [17] => 2021-04-18
            [18] => 2021-04-19
            [19] => 2021-04-20
        )

    [dry_dates] => Array
        (
        )

    [dry_days_info] => Array
        (
        )

    [message] => Existing sales on: 2021-04-01, 2021-04-02, 2021-04-03, 2021-04-04, 2021-04-05, 2021-04-06, 2021-04-07, 2021-04-08, 2021-04-09, 2021-04-10, 2021-04-11, 2021-04-12, 2021-04-13, 2021-04-14, 2021-04-15, 2021-04-16, 2021-04-17, 2021-04-18, 2021-04-19, 2021-04-20
    [full_message] => <strong>Date Range Restrictions:</strong><br>Existing sales on: 2021-04-01, 2021-04-02, 2021-04-03, 2021-04-04, 2021-04-05, 2021-04-06, 2021-04-07, 2021-04-08, 2021-04-09, 2021-04-10, 2021-04-11, 2021-04-12, 2021-04-13, 2021-04-14, 2021-04-15, 2021-04-16, 2021-04-17, 2021-04-18, 2021-04-19, 2021-04-20<br><strong>Available dates:</strong> None
)

----------------------------------------------------------------------------------------------------
[2026-03-19 08:50:16] [INFO] [debugDateSelection:47] === DATE SELECTION DEBUG ===
----------------------------------------------------------------------------------------------------
[2026-03-19 08:50:16] [INFO] [debugDateSelection:48] Start Date | Value: 2026-03-19
----------------------------------------------------------------------------------------------------
[2026-03-19 08:50:16] [INFO] [debugDateSelection:49] End Date | Value: 2026-03-19
----------------------------------------------------------------------------------------------------
[2026-03-19 08:50:16] [INFO] [debugDateSelection:50] Financial Year Start | Value: 2021-04-01 00:00:00
----------------------------------------------------------------------------------------------------
[2026-03-19 08:50:16] [INFO] [debugDateSelection:51] Financial Year End | Value: 2022-03-31 23:59:59
----------------------------------------------------------------------------------------------------
[2026-03-19 08:50:16] [WARNING] [debugDateSelection:62] WARNING: Dates outside financial year range!
----------------------------------------------------------------------------------------------------
[2026-03-19 08:50:16] [INFO] [debugDateSelection:72] All dates in selected range
Array
(
    [0] => 2026-03-19
)

----------------------------------------------------------------------------------------------------
[2026-03-19 08:50:16] [INFO] [main:874] Date Range Restrictions
Array
(
    [restricted] => 
    [global_restricted] => 
    [has_dry_days] => 
    [latest_existing_sale] => 
    [available_dates] => Array
        (
            [0] => 2026-03-19
        )

    [unavailable_dates] => Array
        (
        )

    [unavailable_sales_dates] => Array
        (
        )

    [dry_dates] => Array
        (
        )

    [dry_days_info] => Array
        (
        )

    [message] => No restrictions
    [full_message] => No date range restrictions
)

----------------------------------------------------------------------------------------------------
[2026-03-19 09:00:45] [INFO] [debugDateSelection:47] === DATE SELECTION DEBUG ===
----------------------------------------------------------------------------------------------------
[2026-03-19 09:00:45] [INFO] [debugDateSelection:48] Start Date | Value: 2026-03-19
----------------------------------------------------------------------------------------------------
[2026-03-19 09:00:45] [INFO] [debugDateSelection:49] End Date | Value: 2026-03-19
----------------------------------------------------------------------------------------------------
[2026-03-19 09:00:45] [INFO] [debugDateSelection:50] Financial Year Start | Value: 2021-04-01 00:00:00
----------------------------------------------------------------------------------------------------
[2026-03-19 09:00:45] [INFO] [debugDateSelection:51] Financial Year End | Value: 2022-03-31 23:59:59
----------------------------------------------------------------------------------------------------
[2026-03-19 09:00:45] [WARNING] [debugDateSelection:62] WARNING: Dates outside financial year range!
----------------------------------------------------------------------------------------------------
[2026-03-19 09:00:45] [INFO] [debugDateSelection:72] All dates in selected range
Array
(
    [0] => 2026-03-19
)

----------------------------------------------------------------------------------------------------
[2026-03-19 09:00:45] [INFO] [main:874] Date Range Restrictions
Array
(
    [restricted] => 
    [global_restricted] => 
    [has_dry_days] => 
    [latest_existing_sale] => 
    [available_dates] => Array
        (
            [0] => 2026-03-19
        )

    [unavailable_dates] => Array
        (
        )

    [unavailable_sales_dates] => Array
        (
        )

    [dry_dates] => Array
        (
        )

    [dry_days_info] => Array
        (
        )

    [message] => No restrictions
    [full_message] => No date range restrictions
)

----------------------------------------------------------------------------------------------------
[2026-03-19 09:25:26] [INFO] [debugDateSelection:47] === DATE SELECTION DEBUG ===
----------------------------------------------------------------------------------------------------
[2026-03-19 09:25:26] [INFO] [debugDateSelection:48] Start Date | Value: 2026-03-19
----------------------------------------------------------------------------------------------------
[2026-03-19 09:25:26] [INFO] [debugDateSelection:49] End Date | Value: 2026-03-19
----------------------------------------------------------------------------------------------------
[2026-03-19 09:25:26] [INFO] [debugDateSelection:50] Financial Year Start | Value: 2021-04-01 00:00:00
----------------------------------------------------------------------------------------------------
[2026-03-19 09:25:26] [INFO] [debugDateSelection:51] Financial Year End | Value: 2022-03-31 23:59:59
----------------------------------------------------------------------------------------------------
[2026-03-19 09:25:26] [WARNING] [debugDateSelection:62] WARNING: Dates outside financial year range!
----------------------------------------------------------------------------------------------------
[2026-03-19 09:25:26] [INFO] [debugDateSelection:72] All dates in selected range
Array
(
    [0] => 2026-03-19
)

----------------------------------------------------------------------------------------------------
[2026-03-19 09:25:26] [INFO] [main:874] Date Range Restrictions
Array
(
    [restricted] => 
    [global_restricted] => 
    [has_dry_days] => 
    [latest_existing_sale] => 
    [available_dates] => Array
        (
            [0] => 2026-03-19
        )

    [unavailable_dates] => Array
        (
        )

    [unavailable_sales_dates] => Array
        (
        )

    [dry_dates] => Array
        (
        )

    [dry_days_info] => Array
        (
        )

    [message] => No restrictions
    [full_message] => No date range restrictions
)

----------------------------------------------------------------------------------------------------
[2026-03-19 09:28:49] [INFO] [debugDateSelection:47] === DATE SELECTION DEBUG ===
----------------------------------------------------------------------------------------------------
[2026-03-19 09:28:49] [INFO] [debugDateSelection:48] Start Date | Value: 2026-03-19
----------------------------------------------------------------------------------------------------
[2026-03-19 09:28:49] [INFO] [debugDateSelection:49] End Date | Value: 2026-03-19
----------------------------------------------------------------------------------------------------
[2026-03-19 09:28:49] [INFO] [debugDateSelection:50] Financial Year Start | Value: 2021-04-01 00:00:00
----------------------------------------------------------------------------------------------------
[2026-03-19 09:28:49] [INFO] [debugDateSelection:51] Financial Year End | Value: 2022-03-31 23:59:59
----------------------------------------------------------------------------------------------------
[2026-03-19 09:28:49] [WARNING] [debugDateSelection:62] WARNING: Dates outside financial year range!
----------------------------------------------------------------------------------------------------
[2026-03-19 09:28:49] [INFO] [debugDateSelection:72] All dates in selected range
Array
(
    [0] => 2026-03-19
)

----------------------------------------------------------------------------------------------------
[2026-03-19 09:28:49] [INFO] [main:874] Date Range Restrictions
Array
(
    [restricted] => 
    [global_restricted] => 
    [has_dry_days] => 
    [latest_existing_sale] => 
    [available_dates] => Array
        (
            [0] => 2026-03-19
        )

    [unavailable_dates] => Array
        (
        )

    [unavailable_sales_dates] => Array
        (
        )

    [dry_dates] => Array
        (
        )

    [dry_days_info] => Array
        (
        )

    [message] => No restrictions
    [full_message] => No date range restrictions
)

----------------------------------------------------------------------------------------------------
[2026-03-19 09:29:02] [INFO] [debugDateSelection:47] === DATE SELECTION DEBUG ===
----------------------------------------------------------------------------------------------------
[2026-03-19 09:29:02] [INFO] [debugDateSelection:48] Start Date | Value: 2021-04-12
----------------------------------------------------------------------------------------------------
[2026-03-19 09:29:02] [INFO] [debugDateSelection:49] End Date | Value: 2021-04-16
----------------------------------------------------------------------------------------------------
[2026-03-19 09:29:02] [INFO] [debugDateSelection:50] Financial Year Start | Value: 2021-04-01 00:00:00
----------------------------------------------------------------------------------------------------
[2026-03-19 09:29:02] [INFO] [debugDateSelection:51] Financial Year End | Value: 2022-03-31 23:59:59
----------------------------------------------------------------------------------------------------
[2026-03-19 09:29:02] [INFO] [debugDateSelection:72] All dates in selected range
Array
(
    [0] => 2021-04-12
    [1] => 2021-04-13
    [2] => 2021-04-14
    [3] => 2021-04-15
    [4] => 2021-04-16
)

----------------------------------------------------------------------------------------------------
[2026-03-19 09:29:02] [INFO] [main:874] Date Range Restrictions
Array
(
    [restricted] => 1
    [global_restricted] => 1
    [has_dry_days] => 
    [latest_existing_sale] => 2021-04-16
    [available_dates] => Array
        (
        )

    [unavailable_dates] => Array
        (
            [0] => 2021-04-12
            [1] => 2021-04-13
            [2] => 2021-04-14
            [3] => 2021-04-15
            [4] => 2021-04-16
        )

    [unavailable_sales_dates] => Array
        (
            [0] => 2021-04-12
            [1] => 2021-04-13
            [2] => 2021-04-14
            [3] => 2021-04-15
            [4] => 2021-04-16
        )

    [dry_dates] => Array
        (
        )

    [dry_days_info] => Array
        (
        )

    [message] => Existing sales on: 2021-04-12, 2021-04-13, 2021-04-14, 2021-04-15, 2021-04-16
    [full_message] => <strong>Date Range Restrictions:</strong><br>Existing sales on: 2021-04-12, 2021-04-13, 2021-04-14, 2021-04-15, 2021-04-16<br><strong>Available dates:</strong> None
)

----------------------------------------------------------------------------------------------------
[2026-03-19 09:29:21] [INFO] [debugDateSelection:47] === DATE SELECTION DEBUG ===
----------------------------------------------------------------------------------------------------
[2026-03-19 09:29:21] [INFO] [debugDateSelection:48] Start Date | Value: 2026-03-19
----------------------------------------------------------------------------------------------------
[2026-03-19 09:29:21] [INFO] [debugDateSelection:49] End Date | Value: 2026-03-19
----------------------------------------------------------------------------------------------------
[2026-03-19 09:29:21] [INFO] [debugDateSelection:50] Financial Year Start | Value: 2021-04-01 00:00:00
----------------------------------------------------------------------------------------------------
[2026-03-19 09:29:21] [INFO] [debugDateSelection:51] Financial Year End | Value: 2022-03-31 23:59:59
----------------------------------------------------------------------------------------------------
[2026-03-19 09:29:21] [WARNING] [debugDateSelection:62] WARNING: Dates outside financial year range!
----------------------------------------------------------------------------------------------------
[2026-03-19 09:29:21] [INFO] [debugDateSelection:72] All dates in selected range
Array
(
    [0] => 2026-03-19
)

----------------------------------------------------------------------------------------------------
[2026-03-19 09:29:22] [INFO] [main:874] Date Range Restrictions
Array
(
    [restricted] => 
    [global_restricted] => 
    [has_dry_days] => 
    [latest_existing_sale] => 
    [available_dates] => Array
        (
            [0] => 2026-03-19
        )

    [unavailable_dates] => Array
        (
        )

    [unavailable_sales_dates] => Array
        (
        )

    [dry_dates] => Array
        (
        )

    [dry_days_info] => Array
        (
        )

    [message] => No restrictions
    [full_message] => No date range restrictions
)

----------------------------------------------------------------------------------------------------
[2026-03-19 09:29:34] [INFO] [debugDateSelection:47] === DATE SELECTION DEBUG ===
----------------------------------------------------------------------------------------------------
[2026-03-19 09:29:34] [INFO] [debugDateSelection:48] Start Date | Value: 2021-04-12
----------------------------------------------------------------------------------------------------
[2026-03-19 09:29:34] [INFO] [debugDateSelection:49] End Date | Value: 2021-04-16
----------------------------------------------------------------------------------------------------
[2026-03-19 09:29:34] [INFO] [debugDateSelection:50] Financial Year Start | Value: 2021-04-01 00:00:00
----------------------------------------------------------------------------------------------------
[2026-03-19 09:29:34] [INFO] [debugDateSelection:51] Financial Year End | Value: 2022-03-31 23:59:59
----------------------------------------------------------------------------------------------------
[2026-03-19 09:29:34] [INFO] [debugDateSelection:72] All dates in selected range
Array
(
    [0] => 2021-04-12
    [1] => 2021-04-13
    [2] => 2021-04-14
    [3] => 2021-04-15
    [4] => 2021-04-16
)

----------------------------------------------------------------------------------------------------
[2026-03-19 09:29:34] [INFO] [main:874] Date Range Restrictions
Array
(
    [restricted] => 
    [global_restricted] => 
    [has_dry_days] => 
    [latest_existing_sale] => 
    [available_dates] => Array
        (
            [0] => 2021-04-12
            [1] => 2021-04-13
            [2] => 2021-04-14
            [3] => 2021-04-15
            [4] => 2021-04-16
        )

    [unavailable_dates] => Array
        (
        )

    [unavailable_sales_dates] => Array
        (
        )

    [dry_dates] => Array
        (
        )

    [dry_days_info] => Array
        (
        )

    [message] => No restrictions
    [full_message] => No date range restrictions
)

----------------------------------------------------------------------------------------------------
[2026-03-19 09:29:39] [INFO] [debugDateSelection:47] === DATE SELECTION DEBUG ===
----------------------------------------------------------------------------------------------------
[2026-03-19 09:29:39] [INFO] [debugDateSelection:48] Start Date | Value: 2021-04-12
----------------------------------------------------------------------------------------------------
[2026-03-19 09:29:39] [INFO] [debugDateSelection:49] End Date | Value: 2021-04-16
----------------------------------------------------------------------------------------------------
[2026-03-19 09:29:39] [INFO] [debugDateSelection:50] Financial Year Start | Value: 2021-04-01 00:00:00
----------------------------------------------------------------------------------------------------
[2026-03-19 09:29:39] [INFO] [debugDateSelection:51] Financial Year End | Value: 2022-03-31 23:59:59
----------------------------------------------------------------------------------------------------
[2026-03-19 09:29:39] [INFO] [debugDateSelection:72] All dates in selected range
Array
(
    [0] => 2021-04-12
    [1] => 2021-04-13
    [2] => 2021-04-14
    [3] => 2021-04-15
    [4] => 2021-04-16
)

----------------------------------------------------------------------------------------------------
[2026-03-19 09:29:40] [INFO] [main:874] Date Range Restrictions
Array
(
    [restricted] => 
    [global_restricted] => 
    [has_dry_days] => 
    [latest_existing_sale] => 
    [available_dates] => Array
        (
            [0] => 2021-04-12
            [1] => 2021-04-13
            [2] => 2021-04-14
            [3] => 2021-04-15
            [4] => 2021-04-16
        )

    [unavailable_dates] => Array
        (
        )

    [unavailable_sales_dates] => Array
        (
        )

    [dry_dates] => Array
        (
        )

    [dry_days_info] => Array
        (
        )

    [message] => No restrictions
    [full_message] => No date range restrictions
)

----------------------------------------------------------------------------------------------------
