[2026-03-20 03:33:30] [INFO] === PAGE ACCESS ===
[2026-03-20 03:33:30] [INFO] Request method: GET
[2026-03-20 03:33:30] [INFO] Search term: ''
[2026-03-20 03:33:30] [INFO] Current session ID: 85b9jcr8jge0rpom1fkrgpmson
[2026-03-20 03:33:30] [INFO] Final session quantities count: 0
[2026-03-20 03:33:30] [INFO] Items in current view: 0
[2026-03-20 03:33:30] [INFO] Sales Page Load Debug Info:
Array
(
    [total_items] => 0
    [current_page] => 1
    [total_pages] => 0
    [session_quantities_count] => 0
    [post_quantities_count] => 0
    [date_range] => 2026-03-20 to 2026-03-20
    [days_count] => 1
    [user_id] => 5
    [comp_id] => 5
    [license_type] => FL-III
    [allowed_classes] => Array
        (
            [0] => W
            [1] => V
            [2] => M
            [3] => F
            [4] => D
            [5] => K
            [6] => G
            [7] => R
        )

    [end_date_day] => 20
    [closing_column] => DAY_20_CLOSING
    [end_date_month] => 2026-03
    [stock_filter] => > 0
    [daily_stock_table] => tbldailystock_5
    [table_suffix] => 
    [current_month] => 2026-03
    [has_restrictions] => 
    [available_dates] => Array
        (
            [0] => 2026-03-20
        )

    [unavailable_dates] => Array
        (
        )

    [dry_dates] => Array
        (
        )

    [latest_global_sale] => 
)

[2026-03-20 03:43:15] [INFO] === PAGE ACCESS ===
[2026-03-20 03:43:15] [INFO] Request method: GET
[2026-03-20 03:43:15] [INFO] Search term: ''
[2026-03-20 03:43:15] [INFO] Current session ID: 85b9jcr8jge0rpom1fkrgpmson
[2026-03-20 03:43:36] [INFO] === PAGE ACCESS ===
[2026-03-20 03:43:36] [INFO] Request method: GET
[2026-03-20 03:43:36] [INFO] Search term: ''
[2026-03-20 03:43:36] [INFO] Current session ID: 85b9jcr8jge0rpom1fkrgpmson
[2026-03-20 03:43:43] [INFO] === PAGE ACCESS ===
[2026-03-20 03:43:43] [INFO] Request method: GET
[2026-03-20 03:43:43] [INFO] Search term: ''
[2026-03-20 03:43:43] [INFO] Current session ID: 85b9jcr8jge0rpom1fkrgpmson
[2026-03-20 03:43:43] [INFO] Final session quantities count: 0
[2026-03-20 03:43:43] [INFO] Items in current view: 0
[2026-03-20 03:43:43] [INFO] Sales Page Load Debug Info:
Array
(
    [total_items] => 0
    [current_page] => 1
    [total_pages] => 0
    [session_quantities_count] => 0
    [post_quantities_count] => 0
    [date_range] => 2026-03-20 to 2026-03-20
    [days_count] => 1
    [user_id] => 5
    [comp_id] => 5
    [license_type] => FL-III
    [allowed_classes] => Array
        (
            [0] => W
            [1] => V
            [2] => M
            [3] => F
            [4] => D
            [5] => K
            [6] => G
            [7] => R
        )

    [end_date_day] => 20
    [closing_column] => DAY_20_CLOSING
    [end_date_month] => 2026-03
    [stock_filter] => > 0
    [daily_stock_table] => tbldailystock_5
    [table_suffix] => 
    [current_month] => 2026-03
    [has_restrictions] => 
    [available_dates] => Array
        (
            [0] => 2026-03-20
        )

    [unavailable_dates] => Array
        (
        )

    [dry_dates] => Array
        (
        )

    [latest_global_sale] => 
)

[2026-03-20 03:44:17] [INFO] === PAGE ACCESS ===
[2026-03-20 03:44:17] [INFO] Request method: GET
[2026-03-20 03:44:17] [INFO] Search term: ''
[2026-03-20 03:44:17] [INFO] Current session ID: 85b9jcr8jge0rpom1fkrgpmson
[2026-03-20 03:44:17] [INFO] Final session quantities count: 0
[2026-03-20 03:44:17] [INFO] Items in current view: 0
[2026-03-20 03:44:17] [INFO] Sales Page Load Debug Info:
Array
(
    [total_items] => 0
    [current_page] => 1
    [total_pages] => 0
    [session_quantities_count] => 0
    [post_quantities_count] => 0
    [date_range] => 2026-03-20 to 2026-03-20
    [days_count] => 1
    [user_id] => 5
    [comp_id] => 5
    [license_type] => FL-III
    [allowed_classes] => Array
        (
            [0] => W
            [1] => V
            [2] => M
            [3] => F
            [4] => D
            [5] => K
            [6] => G
            [7] => R
        )

    [end_date_day] => 20
    [closing_column] => DAY_20_CLOSING
    [end_date_month] => 2026-03
    [stock_filter] => > 0
    [daily_stock_table] => tbldailystock_5
    [table_suffix] => 
    [current_month] => 2026-03
    [has_restrictions] => 
    [available_dates] => Array
        (
            [0] => 2026-03-20
        )

    [unavailable_dates] => Array
        (
        )

    [dry_dates] => Array
        (
        )

    [latest_global_sale] => 
)

[2026-03-20 03:56:16] [INFO] === PAGE ACCESS ===
[2026-03-20 03:56:16] [INFO] Request method: GET
[2026-03-20 03:56:16] [INFO] Search term: ''
[2026-03-20 03:56:16] [INFO] Current session ID: qu3nd4ta11hh5vlr1g1cpqp41s
[2026-03-20 03:56:16] [INFO] Daily stock for JS fetched for 0 items across 1 dates
[2026-03-20 03:56:16] [INFO] Final session quantities count: 0
[2026-03-20 03:56:16] [INFO] Items in current view: 0
[2026-03-20 03:56:16] [INFO] Sales Page Load Debug Info:
Array
(
    [total_items] => 0
    [current_page] => 1
    [total_pages] => 0
    [session_quantities_count] => 0
    [post_quantities_count] => 0
    [date_range] => 2026-03-20 to 2026-03-20
    [days_count] => 1
    [user_id] => 5
    [comp_id] => 5
    [license_type] => FL-III
    [allowed_classes] => Array
        (
            [0] => W
            [1] => V
            [2] => M
            [3] => F
            [4] => D
            [5] => K
            [6] => G
            [7] => R
        )

    [end_date_day] => 20
    [closing_column] => DAY_20_CLOSING
    [end_date_month] => 2026-03
    [stock_filter] => > 0
    [daily_stock_table] => tbldailystock_5
    [table_suffix] => 
    [current_month] => 2026-03
    [has_restrictions] => 
    [available_dates] => Array
        (
            [0] => 2026-03-20
        )

    [unavailable_dates] => Array
        (
        )

    [dry_dates] => Array
        (
        )

    [latest_global_sale] => 
)

[2026-03-20 03:56:33] [INFO] === PAGE ACCESS ===
[2026-03-20 03:56:33] [INFO] Request method: GET
[2026-03-20 03:56:33] [INFO] Search term: ''
[2026-03-20 03:56:33] [INFO] Current session ID: qu3nd4ta11hh5vlr1g1cpqp41s
[2026-03-20 03:56:34] [INFO] Daily stock for JS fetched for 0 items across 1 dates
[2026-03-20 03:56:34] [INFO] Final session quantities count: 0
[2026-03-20 03:56:34] [INFO] Items in current view: 0
[2026-03-20 03:56:34] [INFO] Sales Page Load Debug Info:
Array
(
    [total_items] => 0
    [current_page] => 1
    [total_pages] => 0
    [session_quantities_count] => 0
    [post_quantities_count] => 0
    [date_range] => 2026-03-20 to 2026-03-20
    [days_count] => 1
    [user_id] => 5
    [comp_id] => 5
    [license_type] => FL-III
    [allowed_classes] => Array
        (
            [0] => W
            [1] => V
            [2] => M
            [3] => F
            [4] => D
            [5] => K
            [6] => G
            [7] => R
        )

    [end_date_day] => 20
    [closing_column] => DAY_20_CLOSING
    [end_date_month] => 2026-03
    [stock_filter] => > 0
    [daily_stock_table] => tbldailystock_5
    [table_suffix] => 
    [current_month] => 2026-03
    [has_restrictions] => 
    [available_dates] => Array
        (
            [0] => 2026-03-20
        )

    [unavailable_dates] => Array
        (
        )

    [dry_dates] => Array
        (
        )

    [latest_global_sale] => 
)

[2026-03-20 03:56:52] [INFO] === PAGE ACCESS ===
[2026-03-20 03:56:52] [INFO] Request method: GET
[2026-03-20 03:56:52] [INFO] Search term: ''
[2026-03-20 03:56:52] [INFO] Current session ID: qu3nd4ta11hh5vlr1g1cpqp41s
[2026-03-20 03:56:52] [INFO] Daily stock for JS fetched for 72 items across 2 dates
[2026-03-20 03:56:52] [INFO] Final session quantities count: 0
[2026-03-20 03:56:52] [INFO] Items in current view: 50
[2026-03-20 03:56:52] [INFO] Sales Page Load Debug Info:
Array
(
    [total_items] => 72
    [current_page] => 1
    [total_pages] => 2
    [session_quantities_count] => 0
    [post_quantities_count] => 0
    [date_range] => 2021-04-01 00:00:00 to 2021-04-02
    [days_count] => 2
    [user_id] => 5
    [comp_id] => 5
    [license_type] => FL-III
    [allowed_classes] => Array
        (
            [0] => W
            [1] => V
            [2] => M
            [3] => F
            [4] => D
            [5] => K
            [6] => G
            [7] => R
        )

    [end_date_day] => 02
    [closing_column] => DAY_02_CLOSING
    [end_date_month] => 2021-04
    [stock_filter] => > 0
    [daily_stock_table] => tbldailystock_5_04_21
    [table_suffix] => _04_21
    [current_month] => 2026-03
    [has_restrictions] => 
    [available_dates] => Array
        (
            [0] => 2021-04-01
            [1] => 2021-04-02
        )

    [unavailable_dates] => Array
        (
        )

    [dry_dates] => Array
        (
        )

    [latest_global_sale] => 
)

[2026-03-20 03:57:07] [INFO] === PAGE ACCESS ===
[2026-03-20 03:57:07] [INFO] Request method: GET
[2026-03-20 03:57:07] [INFO] Search term: ''
[2026-03-20 03:57:07] [INFO] Current session ID: qu3nd4ta11hh5vlr1g1cpqp41s
[2026-03-20 03:59:02] [INFO] === PAGE ACCESS ===
[2026-03-20 03:59:02] [INFO] Request method: GET
[2026-03-20 03:59:02] [INFO] Search term: ''
[2026-03-20 03:59:02] [INFO] Current session ID: qu3nd4ta11hh5vlr1g1cpqp41s
[2026-03-20 03:59:02] [INFO] Final session quantities count: 0
[2026-03-20 03:59:02] [INFO] Items in current view: 50
[2026-03-20 03:59:02] [INFO] Sales Page Load Debug Info:
Array
(
    [total_items] => 72
    [current_page] => 1
    [total_pages] => 2
    [session_quantities_count] => 0
    [post_quantities_count] => 0
    [date_range] => 2021-04-01 00:00:00 to 2021-04-02
    [days_count] => 2
    [user_id] => 5
    [comp_id] => 5
    [license_type] => FL-III
    [allowed_classes] => Array
        (
            [0] => W
            [1] => V
            [2] => M
            [3] => F
            [4] => D
            [5] => K
            [6] => G
            [7] => R
        )

    [end_date_day] => 02
    [closing_column] => DAY_02_CLOSING
    [end_date_month] => 2021-04
    [stock_filter] => > 0
    [daily_stock_table] => tbldailystock_5_04_21
    [table_suffix] => _04_21
    [current_month] => 2026-03
    [has_restrictions] => 
    [available_dates] => Array
        (
            [0] => 2021-04-01
            [1] => 2021-04-02
        )

    [unavailable_dates] => Array
        (
        )

    [dry_dates] => Array
        (
        )

    [latest_global_sale] => 
)

[2026-03-20 03:59:09] [INFO] Session quantity updated: SCMPL0028274 = 5
[2026-03-20 03:59:16] [INFO] Session quantity updated: SCMPL0028274 = 0
[2026-03-20 17:30:12] [INFO] === PAGE ACCESS ===
[2026-03-20 17:30:12] [INFO] Request method: GET
[2026-03-20 17:30:12] [INFO] Search term: ''
[2026-03-20 17:30:12] [INFO] Current session ID: kms2bgh4m60koi5m3sdoth0qhd
[2026-03-20 17:30:12] [INFO] Final session quantities count: 0
[2026-03-20 17:30:12] [INFO] Items in current view: 0
[2026-03-20 17:30:12] [INFO] Sales Page Load Debug Info:
Array
(
    [total_items] => 0
    [current_page] => 1
    [total_pages] => 0
    [session_quantities_count] => 0
    [post_quantities_count] => 0
    [date_range] => 2026-03-20 to 2026-03-20
    [days_count] => 1
    [user_id] => 5
    [comp_id] => 5
    [license_type] => FL-III
    [allowed_classes] => Array
        (
            [0] => W
            [1] => V
            [2] => M
            [3] => F
            [4] => D
            [5] => K
            [6] => G
            [7] => R
        )

    [end_date_day] => 20
    [closing_column] => DAY_20_CLOSING
    [end_date_month] => 2026-03
    [stock_filter] => > 0
    [daily_stock_table] => tbldailystock_5
    [table_suffix] => 
    [current_month] => 2026-03
    [has_restrictions] => 
    [available_dates] => Array
        (
            [0] => 2026-03-20
        )

    [unavailable_dates] => Array
        (
        )

    [dry_dates] => Array
        (
        )

    [latest_global_sale] => 
)

[2026-03-20 17:30:36] [INFO] === PAGE ACCESS ===
[2026-03-20 17:30:36] [INFO] Request method: GET
[2026-03-20 17:30:36] [INFO] Search term: ''
[2026-03-20 17:30:36] [INFO] Current session ID: kms2bgh4m60koi5m3sdoth0qhd
[2026-03-20 17:30:37] [INFO] Daily stock data fetched for 50 items across 1 months
[2026-03-20 17:30:37] [INFO] Final session quantities count: 0
[2026-03-20 17:30:37] [INFO] Items in current view: 50
[2026-03-20 17:30:37] [INFO] Sales Page Load Debug Info:
Array
(
    [total_items] => 81
    [current_page] => 1
    [total_pages] => 2
    [session_quantities_count] => 0
    [post_quantities_count] => 0
    [date_range] => 2021-04-12 to 2021-04-16
    [days_count] => 5
    [user_id] => 5
    [comp_id] => 5
    [license_type] => FL-III
    [allowed_classes] => Array
        (
            [0] => W
            [1] => V
            [2] => M
            [3] => F
            [4] => D
            [5] => K
            [6] => G
            [7] => R
        )

    [end_date_day] => 16
    [closing_column] => DAY_16_CLOSING
    [end_date_month] => 2021-04
    [stock_filter] => > 0
    [daily_stock_table] => tbldailystock_5_04_21
    [table_suffix] => _04_21
    [current_month] => 2026-03
    [has_restrictions] => 
    [available_dates] => Array
        (
            [0] => 2021-04-12
            [1] => 2021-04-13
            [2] => 2021-04-14
            [3] => 2021-04-15
            [4] => 2021-04-16
        )

    [unavailable_dates] => Array
        (
        )

    [dry_dates] => Array
        (
        )

    [latest_global_sale] => 
)

[2026-03-20 17:30:47] [INFO] === PAGE ACCESS ===
[2026-03-20 17:30:47] [INFO] Request method: GET
[2026-03-20 17:30:47] [INFO] Search term: 'jambo'
[2026-03-20 17:30:47] [INFO] Current session ID: kms2bgh4m60koi5m3sdoth0qhd
[2026-03-20 17:30:47] [INFO] Daily stock data fetched for 3 items across 1 months
[2026-03-20 17:30:47] [INFO] Final session quantities count: 0
[2026-03-20 17:30:47] [INFO] Items in current view: 3
[2026-03-20 17:30:47] [INFO] Sales Page Load Debug Info:
Array
(
    [total_items] => 3
    [current_page] => 1
    [total_pages] => 1
    [session_quantities_count] => 0
    [post_quantities_count] => 0
    [date_range] => 2021-04-12 to 2021-04-16
    [days_count] => 5
    [user_id] => 5
    [comp_id] => 5
    [license_type] => FL-III
    [allowed_classes] => Array
        (
            [0] => W
            [1] => V
            [2] => M
            [3] => F
            [4] => D
            [5] => K
            [6] => G
            [7] => R
        )

    [end_date_day] => 16
    [closing_column] => DAY_16_CLOSING
    [end_date_month] => 2021-04
    [stock_filter] => > 0
    [daily_stock_table] => tbldailystock_5_04_21
    [table_suffix] => _04_21
    [current_month] => 2026-03
    [has_restrictions] => 
    [available_dates] => Array
        (
            [0] => 2021-04-12
            [1] => 2021-04-13
            [2] => 2021-04-14
            [3] => 2021-04-15
            [4] => 2021-04-16
        )

    [unavailable_dates] => Array
        (
        )

    [dry_dates] => Array
        (
        )

    [latest_global_sale] => 
)

[2026-03-20 17:30:52] [INFO] Session quantity updated: SCMPL0012497 = 5
[2026-03-20 17:31:26] [INFO] === ULTRA FAST BILL GEN START ===
[2026-03-20 17:31:26] [INFO] Received 1 items and 1 saved distributions
[2026-03-20 17:31:26] [DEBUG] Items received: SCMPL0012497
[2026-03-20 17:31:26] [DEBUG] Distribution keys received: SCMPL0012497
[2026-03-20 17:31:26] [DEBUG] Distribution for SCMPL0012497 (type: string): [0,2,1,1,1]
[2026-03-20 17:31:26] [INFO] Date range: 2021-04-12 to 2021-04-16, Total days: 5, Dry days: 0, Available days: 5
[2026-03-20 17:31:26] [DEBUG] DEBUG: Checking distribution for item SCMPL0012497 - Total Qty: 5
[2026-03-20 17:31:26] [DEBUG] DEBUG: Available distributions: YES
[2026-03-20 17:31:26] [DEBUG] DEBUG: Distribution type for SCMPL0012497: string
[2026-03-20 17:31:26] [DEBUG] DEBUG: Raw distribution string for SCMPL0012497: [0,2,1,1,1]
[2026-03-20 17:31:26] [INFO] SAVED DIST USED (json decoded): SCMPL0012497 = 0, 2, 1, 1, 1
[2026-03-20 17:31:26] [DEBUG] DEBUG: Skipping stock validation for historical date 2021-04-13 (month: 2021-04)
[2026-03-20 17:31:26] [DEBUG] DEBUG: Skipping stock validation for historical date 2021-04-14 (month: 2021-04)
[2026-03-20 17:31:26] [DEBUG] DEBUG: Skipping stock validation for historical date 2021-04-15 (month: 2021-04)
[2026-03-20 17:31:26] [DEBUG] DEBUG: Skipping stock validation for historical date 2021-04-16 (month: 2021-04)
[2026-03-20 17:31:26] [INFO] === FINAL DISTRIBUTION FOR BILLS === Item: SCMPL0012497 | Qty: 5 | Distribution: 0,2,1,1,1 | Sum: 5
[2026-03-20 17:31:26] [INFO] Starting batch processing: 4 bills in 1 batches of 100
[2026-03-20 17:31:26] [INFO] Note: Stock updates would need aggregation during batch processing
[2026-03-20 17:31:26] [INFO] Starting cascade to financial year end 2022-03-31 23:59:59 for item SCMPL0012497 from month 2021-04
[2026-03-20 17:31:26] [INFO] Updated opening for SCMPL0012497 in 2021-05 to 91
[2026-03-20 17:31:26] [INFO] Completed cascading for month 2021-05
[2026-03-20 17:31:26] [INFO] Updated opening for SCMPL0012497 in 2021-06 to 91
[2026-03-20 17:31:27] [INFO] Completed cascading for month 2021-06
[2026-03-20 17:31:27] [INFO] Updated opening for SCMPL0012497 in 2021-07 to 91
[2026-03-20 17:31:27] [INFO] Completed cascading for month 2021-07
[2026-03-20 17:31:27] [INFO] Updated opening for SCMPL0012497 in 2021-08 to 91
[2026-03-20 17:31:27] [INFO] Completed cascading for month 2021-08
[2026-03-20 17:31:27] [INFO] Updated opening for SCMPL0012497 in 2021-09 to 91
[2026-03-20 17:31:27] [INFO] Completed cascading for month 2021-09
[2026-03-20 17:31:27] [INFO] Updated opening for SCMPL0012497 in 2021-10 to 91
[2026-03-20 17:31:27] [INFO] Completed cascading for month 2021-10
[2026-03-20 17:31:27] [INFO] Updated opening for SCMPL0012497 in 2021-11 to 91
[2026-03-20 17:31:27] [INFO] Completed cascading for month 2021-11
[2026-03-20 17:31:27] [INFO] Updated opening for SCMPL0012497 in 2021-12 to 91
[2026-03-20 17:31:27] [INFO] Completed cascading for month 2021-12
[2026-03-20 17:31:27] [INFO] Updated opening for SCMPL0012497 in 2022-01 to 91
[2026-03-20 17:31:27] [INFO] Completed cascading for month 2022-01
[2026-03-20 17:31:27] [INFO] Updated opening for SCMPL0012497 in 2022-02 to 91
[2026-03-20 17:31:27] [INFO] Completed cascading for month 2022-02
[2026-03-20 17:31:27] [INFO] Updated opening for SCMPL0012497 in 2022-03 to 91
[2026-03-20 17:31:27] [INFO] Completed cascading for month 2022-03
[2026-03-20 17:31:27] [INFO] Reached month 2022-04 which extends beyond financial year end 2022-03-31 23:59:59, stopping cascade
[2026-03-20 17:31:28] [INFO] === PAGE ACCESS ===
[2026-03-20 17:31:28] [INFO] Request method: GET
[2026-03-20 17:31:28] [INFO] Search term: 'jambo'
[2026-03-20 17:31:28] [INFO] Current session ID: kms2bgh4m60koi5m3sdoth0qhd
[2026-03-20 17:31:28] [INFO] Daily stock data fetched for 3 items across 1 months
[2026-03-20 17:31:28] [INFO] GLOBAL CHECK: Latest existing sale: 2021-04-16
[2026-03-20 17:31:28] [INFO] Available dates: 
[2026-03-20 17:31:28] [INFO] Unavailable dates (has existing sales): 2021-04-12, 2021-04-13, 2021-04-14, 2021-04-15, 2021-04-16
[2026-03-20 17:31:28] [INFO] Final session quantities count: 0
[2026-03-20 17:31:28] [INFO] Items in current view: 3
[2026-03-20 17:31:28] [INFO] Sales Page Load Debug Info:
Array
(
    [total_items] => 3
    [current_page] => 1
    [total_pages] => 1
    [session_quantities_count] => 0
    [post_quantities_count] => 0
    [date_range] => 2021-04-12 to 2021-04-16
    [days_count] => 5
    [user_id] => 5
    [comp_id] => 5
    [license_type] => FL-III
    [allowed_classes] => Array
        (
            [0] => W
            [1] => V
            [2] => M
            [3] => F
            [4] => D
            [5] => K
            [6] => G
            [7] => R
        )

    [end_date_day] => 16
    [closing_column] => DAY_16_CLOSING
    [end_date_month] => 2021-04
    [stock_filter] => > 0
    [daily_stock_table] => tbldailystock_5_04_21
    [table_suffix] => _04_21
    [current_month] => 2026-03
    [has_restrictions] => 1
    [available_dates] => Array
        (
        )

    [unavailable_dates] => Array
        (
            [0] => 2021-04-12
            [1] => 2021-04-13
            [2] => 2021-04-14
            [3] => 2021-04-15
            [4] => 2021-04-16
        )

    [dry_dates] => Array
        (
        )

    [latest_global_sale] => 2021-04-16
)

