[2026-03-28 13:14:28] [INFO] === PAGE ACCESS ===
[2026-03-28 13:14:28] [INFO] Request method: GET
[2026-03-28 13:14:28] [INFO] Search term: ''
[2026-03-28 13:14:28] [INFO] Current session ID: bqnvea1hp3ufcog1t0qka9sfj5
[2026-03-28 13:14:28] [INFO] Final session quantities count: 0
[2026-03-28 13:14:28] [INFO] Items in current view: 0
[2026-03-28 13:14:28] [INFO] Sales Page Load Debug Info:
Array
(
    [total_items] => 0
    [current_page] => 1
    [total_pages] => 0
    [session_quantities_count] => 0
    [post_quantities_count] => 0
    [date_range] => 2026-03-28 to 2026-03-28
    [days_count] => 1
    [user_id] => 5
    [comp_id] => 5
    [license_type] => FL-III
    [allowed_classes] => Array
        (
            [0] => W
            [1] => V
            [2] => M
            [3] => F
            [4] => D
            [5] => K
            [6] => G
            [7] => R
        )

    [end_date_day] => 28
    [closing_column] => DAY_28_CLOSING
    [end_date_month] => 2026-03
    [stock_filter] => > 0
    [daily_stock_table] => tbldailystock_5
    [table_suffix] => 
    [current_month] => 2026-03
    [has_restrictions] => 
    [available_dates] => Array
        (
            [0] => 2026-03-28
        )

    [unavailable_dates] => Array
        (
        )

    [dry_dates] => Array
        (
        )

    [latest_global_sale] => 
)

[2026-03-28 13:14:47] [INFO] === PAGE ACCESS ===
[2026-03-28 13:14:47] [INFO] Request method: GET
[2026-03-28 13:14:47] [INFO] Search term: ''
[2026-03-28 13:14:47] [INFO] Current session ID: bqnvea1hp3ufcog1t0qka9sfj5
[2026-03-28 13:14:47] [INFO] Final session quantities count: 0
[2026-03-28 13:14:47] [INFO] Items in current view: 0
[2026-03-28 13:14:47] [INFO] Sales Page Load Debug Info:
Array
(
    [total_items] => 0
    [current_page] => 1
    [total_pages] => 0
    [session_quantities_count] => 0
    [post_quantities_count] => 0
    [date_range] => 2021-04-01 00:00:00 to 2021-04-20
    [days_count] => 20
    [user_id] => 5
    [comp_id] => 5
    [license_type] => FL-III
    [allowed_classes] => Array
        (
            [0] => W
            [1] => V
            [2] => M
            [3] => F
            [4] => D
            [5] => K
            [6] => G
            [7] => R
        )

    [end_date_day] => 20
    [closing_column] => DAY_20_CLOSING
    [end_date_month] => 2021-04
    [stock_filter] => > 0
    [daily_stock_table] => tbldailystock_5_04_21
    [table_suffix] => _04_21
    [current_month] => 2026-03
    [has_restrictions] => 
    [available_dates] => Array
        (
            [0] => 2021-04-01
            [1] => 2021-04-02
            [2] => 2021-04-03
            [3] => 2021-04-04
            [4] => 2021-04-05
            [5] => 2021-04-06
            [6] => 2021-04-07
            [7] => 2021-04-08
            [8] => 2021-04-09
            [9] => 2021-04-10
            [10] => 2021-04-11
            [11] => 2021-04-12
            [12] => 2021-04-13
            [13] => 2021-04-14
            [14] => 2021-04-15
            [15] => 2021-04-16
            [16] => 2021-04-17
            [17] => 2021-04-18
            [18] => 2021-04-19
            [19] => 2021-04-20
        )

    [unavailable_dates] => Array
        (
        )

    [dry_dates] => Array
        (
        )

    [latest_global_sale] => 
)

