[2026-04-07 06:08:59] [INFO] Session quantity updated: SCMBR0018182 = 5
[2026-04-07 06:09:03] [INFO] === ULTRA FAST BILL GEN START ===
[2026-04-07 06:09:03] [INFO] Received 1 items and 1 saved distributions
[2026-04-07 06:09:03] [DEBUG] Items received: SCMBR0018182
[2026-04-07 06:09:03] [DEBUG] Distribution keys received: SCMBR0018182
[2026-04-07 06:09:03] [DEBUG] Distribution for SCMBR0018182 (type: string): [5]
[2026-04-07 06:09:03] [INFO] Date range: 2026-04-07 to 2026-04-07, Total days: 1, Dry days: 0, Available days: 1
[2026-04-07 06:09:03] [DEBUG] DEBUG: Checking distribution for item SCMBR0018182 - Total Qty: 5
[2026-04-07 06:09:03] [DEBUG] DEBUG: Available distributions: YES
[2026-04-07 06:09:03] [DEBUG] DEBUG: Distribution type for SCMBR0018182: string
[2026-04-07 06:09:03] [DEBUG] DEBUG: Raw distribution string for SCMBR0018182: [5]
[2026-04-07 06:09:03] [INFO] SAVED DIST USED (json decoded): SCMBR0018182 = 5
[2026-04-07 06:09:03] [DEBUG] TABLE_CHECK: date=2026-04-07, table=tbldailystock_1, column=DAY_07_CLOSING, item=SCMBR0018182
[2026-04-07 06:09:03] [INFO] === FINAL DISTRIBUTION FOR BILLS === Item: SCMBR0018182 | Qty: 5 | Distribution: 5 | Sum: 5
[2026-04-07 06:09:03] [INFO] Starting batch processing: 1 bills in 1 batches of 100
[2026-04-07 06:09:03] [INFO] Note: Stock updates would need aggregation during batch processing
[2026-04-07 06:09:03] [DEBUG] TABLE_CHECK: date=2026-04-07, table=tbldailystock_1, column=DAY_07_SALES, item=SCMBR0018182
[2026-04-07 06:09:03] [DEBUG] TABLE_CHECK: date=2026-04-07, table=tbldailystock_1, item=SCMBR0018182
[2026-04-07 06:09:03] [DEBUG] TABLE_CHECK: date=2026-04-08, table=tbldailystock_1, item=SCMBR0018182
[2026-04-07 06:09:03] [DEBUG] TABLE_CHECK: date=2026-04-09, table=tbldailystock_1, item=SCMBR0018182
[2026-04-07 06:09:03] [DEBUG] TABLE_CHECK: date=2026-04-10, table=tbldailystock_1, item=SCMBR0018182
[2026-04-07 06:09:03] [DEBUG] TABLE_CHECK: date=2026-04-11, table=tbldailystock_1, item=SCMBR0018182
[2026-04-07 06:09:03] [DEBUG] TABLE_CHECK: date=2026-04-12, table=tbldailystock_1, item=SCMBR0018182
[2026-04-07 06:09:03] [DEBUG] TABLE_CHECK: date=2026-04-13, table=tbldailystock_1, item=SCMBR0018182
[2026-04-07 06:09:04] [DEBUG] TABLE_CHECK: date=2026-04-14, table=tbldailystock_1, item=SCMBR0018182
[2026-04-07 06:09:04] [DEBUG] TABLE_CHECK: date=2026-04-15, table=tbldailystock_1, item=SCMBR0018182
[2026-04-07 06:09:04] [DEBUG] TABLE_CHECK: date=2026-04-16, table=tbldailystock_1, item=SCMBR0018182
[2026-04-07 06:09:04] [DEBUG] TABLE_CHECK: date=2026-04-17, table=tbldailystock_1, item=SCMBR0018182
[2026-04-07 06:09:04] [DEBUG] TABLE_CHECK: date=2026-04-18, table=tbldailystock_1, item=SCMBR0018182
[2026-04-07 06:09:04] [DEBUG] TABLE_CHECK: date=2026-04-19, table=tbldailystock_1, item=SCMBR0018182
[2026-04-07 06:09:04] [DEBUG] TABLE_CHECK: date=2026-04-20, table=tbldailystock_1, item=SCMBR0018182
[2026-04-07 06:09:04] [DEBUG] TABLE_CHECK: date=2026-04-21, table=tbldailystock_1, item=SCMBR0018182
[2026-04-07 06:09:04] [DEBUG] TABLE_CHECK: date=2026-04-22, table=tbldailystock_1, item=SCMBR0018182
[2026-04-07 06:09:04] [DEBUG] TABLE_CHECK: date=2026-04-23, table=tbldailystock_1, item=SCMBR0018182
[2026-04-07 06:09:04] [DEBUG] TABLE_CHECK: date=2026-04-24, table=tbldailystock_1, item=SCMBR0018182
[2026-04-07 06:09:04] [DEBUG] TABLE_CHECK: date=2026-04-25, table=tbldailystock_1, item=SCMBR0018182
[2026-04-07 06:09:04] [DEBUG] TABLE_CHECK: date=2026-04-26, table=tbldailystock_1, item=SCMBR0018182
[2026-04-07 06:09:04] [DEBUG] TABLE_CHECK: date=2026-04-27, table=tbldailystock_1, item=SCMBR0018182
[2026-04-07 06:09:04] [DEBUG] TABLE_CHECK: date=2026-04-28, table=tbldailystock_1, item=SCMBR0018182
[2026-04-07 06:09:04] [DEBUG] TABLE_CHECK: date=2026-04-29, table=tbldailystock_1, item=SCMBR0018182
[2026-04-07 06:09:04] [DEBUG] TABLE_CHECK: date=2026-04-30, table=tbldailystock_1, item=SCMBR0018182
[2026-04-07 06:09:04] [INFO] Starting cascade to today for item SCMBR0018182 from month 2026-04 (FY: 7-04-01 to 2027-03-31 23:59:59, today: 2026-04-07)
[2026-04-07 06:09:04] [INFO] Reached month 2026-05 which is after today 2026-04-07, stopping cascade for current FY
[2026-04-07 06:09:04] [INFO] === PAGE ACCESS ===
[2026-04-07 06:09:04] [INFO] Request method: GET
[2026-04-07 06:09:04] [INFO] Search term: ''
[2026-04-07 06:09:04] [INFO] Current session ID: dilkvqk74pds8laeonpoqlr0n4
[2026-04-07 06:09:04] [INFO] Daily stock data fetched for 1 items across 1 months
[2026-04-07 06:09:04] [INFO] GLOBAL CHECK: Latest existing sale: 2026-04-07
[2026-04-07 06:09:04] [INFO] Available dates: 
[2026-04-07 06:09:04] [INFO] Unavailable dates (has existing sales): 2026-04-07
[2026-04-07 06:09:04] [INFO] Final session quantities count: 0
[2026-04-07 06:09:04] [INFO] Items in current view: 1
[2026-04-07 06:09:04] [INFO] Sales Page Load Debug Info:
Array
(
    [total_items] => 1
    [current_page] => 1
    [total_pages] => 1
    [session_quantities_count] => 0
    [post_quantities_count] => 0
    [date_range] => 2026-04-07 to 2026-04-07
    [days_count] => 1
    [user_id] => 1
    [comp_id] => 1
    [license_type] => FL-III
    [allowed_classes] => Array
        (
            [0] => W
            [1] => V
            [2] => M
            [3] => F
            [4] => D
            [5] => K
            [6] => G
            [7] => R
        )

    [end_date_day] => 07
    [closing_column] => DAY_07_CLOSING
    [end_date_month] => 2026-04
    [stock_filter] => > 0
    [daily_stock_table] => tbldailystock_1
    [table_suffix] => 
    [current_month] => 2026-04
    [has_restrictions] => 1
    [available_dates] => Array
        (
        )

    [unavailable_dates] => Array
        (
            [0] => 2026-04-07
        )

    [dry_dates] => Array
        (
        )

    [latest_global_sale] => 2026-04-07
)

[2026-04-07 06:11:43] [INFO] === PAGE ACCESS ===
[2026-04-07 06:11:43] [INFO] Request method: GET
[2026-04-07 06:11:43] [INFO] Search term: ''
[2026-04-07 06:11:43] [INFO] Current session ID: dilkvqk74pds8laeonpoqlr0n4
[2026-04-07 06:11:43] [INFO] Daily stock data fetched for 1 items across 1 months
[2026-04-07 06:11:43] [INFO] Final session quantities count: 0
[2026-04-07 06:11:43] [INFO] Items in current view: 1
[2026-04-07 06:11:43] [INFO] Sales Page Load Debug Info:
Array
(
    [total_items] => 1
    [current_page] => 1
    [total_pages] => 1
    [session_quantities_count] => 0
    [post_quantities_count] => 0
    [date_range] => 2026-04-07 to 2026-04-07
    [days_count] => 1
    [user_id] => 2
    [comp_id] => 2
    [license_type] => FL-II
    [allowed_classes] => Array
        (
            [0] => W
            [1] => V
            [2] => M
            [3] => F
            [4] => D
            [5] => K
            [6] => G
            [7] => R
            [8] => O
        )

    [end_date_day] => 07
    [closing_column] => DAY_07_CLOSING
    [end_date_month] => 2026-04
    [stock_filter] => > 0
    [daily_stock_table] => tbldailystock_2
    [table_suffix] => 
    [current_month] => 2026-04
    [has_restrictions] => 
    [available_dates] => Array
        (
            [0] => 2026-04-07
        )

    [unavailable_dates] => Array
        (
        )

    [dry_dates] => Array
        (
        )

    [latest_global_sale] => 
)

