[2026-03-12 13:56:54] [INFO] === PAGE ACCESS ===
[2026-03-12 13:56:54] [INFO] Request method: GET
[2026-03-12 13:56:54] [INFO] Search term: ''
[2026-03-12 13:56:54] [INFO] Current session ID: qie82tvvuqioajqadualudmp95
[2026-03-12 13:56:54] [INFO] Final session quantities count: 0
[2026-03-12 13:56:54] [INFO] Items in current view: 0
[2026-03-12 13:56:54] [INFO] Sales Page Load Debug Info:
Array
(
    [total_items] => 0
    [current_page] => 1
    [total_pages] => 0
    [session_quantities_count] => 0
    [post_quantities_count] => 0
    [date_range] => 2026-03-12 to 2026-03-12
    [days_count] => 1
    [user_id] => 5
    [comp_id] => 5
    [license_type] => FL-III
    [allowed_classes] => Array
        (
            [0] => W
            [1] => V
            [2] => M
            [3] => F
            [4] => D
            [5] => K
            [6] => G
            [7] => R
        )

    [end_date_day] => 12
    [closing_column] => DAY_12_CLOSING
    [end_date_month] => 2026-03
    [stock_filter] => > 0
    [daily_stock_table] => tbldailystock_5
    [table_suffix] => 
    [current_month] => 2026-03
    [has_restrictions] => 
    [available_dates] => Array
        (
            [0] => 2026-03-12
        )

    [unavailable_dates] => Array
        (
        )

    [dry_dates] => Array
        (
        )

    [latest_global_sale] => 
)

[2026-03-12 16:12:19] [INFO] === PAGE ACCESS ===
[2026-03-12 16:12:19] [INFO] Request method: GET
[2026-03-12 16:12:19] [INFO] Search term: ''
[2026-03-12 16:12:19] [INFO] Current session ID: 9arqda99k7ntba9d3euup7l55a
[2026-03-12 16:12:19] [INFO] Final session quantities count: 0
[2026-03-12 16:12:19] [INFO] Items in current view: 0
[2026-03-12 16:12:19] [INFO] Sales Page Load Debug Info:
Array
(
    [total_items] => 0
    [current_page] => 1
    [total_pages] => 0
    [session_quantities_count] => 0
    [post_quantities_count] => 0
    [date_range] => 2026-03-12 to 2026-03-12
    [days_count] => 1
    [user_id] => 5
    [comp_id] => 5
    [license_type] => FL-III
    [allowed_classes] => Array
        (
            [0] => W
            [1] => V
            [2] => M
            [3] => F
            [4] => D
            [5] => K
            [6] => G
            [7] => R
        )

    [end_date_day] => 12
    [closing_column] => DAY_12_CLOSING
    [end_date_month] => 2026-03
    [stock_filter] => > 0
    [daily_stock_table] => tbldailystock_5
    [table_suffix] => 
    [current_month] => 2026-03
    [has_restrictions] => 
    [available_dates] => Array
        (
            [0] => 2026-03-12
        )

    [unavailable_dates] => Array
        (
        )

    [dry_dates] => Array
        (
        )

    [latest_global_sale] => 
)

[2026-03-12 16:40:38] [INFO] === PAGE ACCESS ===
[2026-03-12 16:40:38] [INFO] Request method: GET
[2026-03-12 16:40:38] [INFO] Search term: ''
[2026-03-12 16:40:38] [INFO] Current session ID: 9arqda99k7ntba9d3euup7l55a
[2026-03-12 16:40:38] [INFO] Final session quantities count: 0
[2026-03-12 16:40:38] [INFO] Items in current view: 0
[2026-03-12 16:40:38] [INFO] Sales Page Load Debug Info:
Array
(
    [total_items] => 0
    [current_page] => 1
    [total_pages] => 0
    [session_quantities_count] => 0
    [post_quantities_count] => 0
    [date_range] => 2026-03-12 to 2026-03-12
    [days_count] => 1
    [user_id] => 5
    [comp_id] => 5
    [license_type] => FL-III
    [allowed_classes] => Array
        (
            [0] => W
            [1] => V
            [2] => M
            [3] => F
            [4] => D
            [5] => K
            [6] => G
            [7] => R
        )

    [end_date_day] => 12
    [closing_column] => DAY_12_CLOSING
    [end_date_month] => 2026-03
    [stock_filter] => > 0
    [daily_stock_table] => tbldailystock_5
    [table_suffix] => 
    [current_month] => 2026-03
    [has_restrictions] => 
    [available_dates] => Array
        (
            [0] => 2026-03-12
        )

    [unavailable_dates] => Array
        (
        )

    [dry_dates] => Array
        (
        )

    [latest_global_sale] => 
)

