[2026-03-21 12:32:29] [INFO] === PAGE ACCESS ===
[2026-03-21 12:32:29] [INFO] Request method: GET
[2026-03-21 12:32:29] [INFO] Search term: ''
[2026-03-21 12:32:29] [INFO] Current session ID: upptui1cfso0vs8l65i08ifkeg
[2026-03-21 12:32:29] [INFO] Final session quantities count: 0
[2026-03-21 12:32:29] [INFO] Items in current view: 0
[2026-03-21 12:32:29] [INFO] Sales Page Load Debug Info:
Array
(
    [total_items] => 0
    [current_page] => 1
    [total_pages] => 0
    [session_quantities_count] => 0
    [post_quantities_count] => 0
    [date_range] => 2026-03-21 to 2026-03-21
    [days_count] => 1
    [user_id] => 5
    [comp_id] => 5
    [license_type] => FL-III
    [allowed_classes] => Array
        (
            [0] => W
            [1] => V
            [2] => M
            [3] => F
            [4] => D
            [5] => K
            [6] => G
            [7] => R
        )

    [end_date_day] => 21
    [closing_column] => DAY_21_CLOSING
    [end_date_month] => 2026-03
    [stock_filter] => > 0
    [daily_stock_table] => tbldailystock_5
    [table_suffix] => 
    [current_month] => 2026-03
    [has_restrictions] => 
    [available_dates] => Array
        (
            [0] => 2026-03-21
        )

    [unavailable_dates] => Array
        (
        )

    [dry_dates] => Array
        (
        )

    [latest_global_sale] => 
)

[2026-03-21 12:32:40] [INFO] === PAGE ACCESS ===
[2026-03-21 12:32:40] [INFO] Request method: GET
[2026-03-21 12:32:40] [INFO] Search term: ''
[2026-03-21 12:32:40] [INFO] Current session ID: upptui1cfso0vs8l65i08ifkeg
[2026-03-21 12:32:41] [INFO] Daily stock data fetched for 50 items across 1 months
[2026-03-21 12:32:41] [INFO] Final session quantities count: 0
[2026-03-21 12:32:41] [INFO] Items in current view: 50
[2026-03-21 12:32:41] [INFO] Sales Page Load Debug Info:
Array
(
    [total_items] => 72
    [current_page] => 1
    [total_pages] => 2
    [session_quantities_count] => 0
    [post_quantities_count] => 0
    [date_range] => 2021-04-01 00:00:00 to 2021-04-05
    [days_count] => 5
    [user_id] => 5
    [comp_id] => 5
    [license_type] => FL-III
    [allowed_classes] => Array
        (
            [0] => W
            [1] => V
            [2] => M
            [3] => F
            [4] => D
            [5] => K
            [6] => G
            [7] => R
        )

    [end_date_day] => 05
    [closing_column] => DAY_05_CLOSING
    [end_date_month] => 2021-04
    [stock_filter] => > 0
    [daily_stock_table] => tbldailystock_5_04_21
    [table_suffix] => _04_21
    [current_month] => 2026-03
    [has_restrictions] => 
    [available_dates] => Array
        (
            [0] => 2021-04-01
            [1] => 2021-04-02
            [2] => 2021-04-03
            [3] => 2021-04-04
            [4] => 2021-04-05
        )

    [unavailable_dates] => Array
        (
        )

    [dry_dates] => Array
        (
        )

    [latest_global_sale] => 
)

[2026-03-21 12:32:44] [INFO] Session quantity updated: SCMPL0028274 = 10
[2026-03-21 12:32:47] [INFO] Session quantity updated: SCMPL0009668 = 5
[2026-03-21 12:32:49] [INFO] Session quantity updated: SCMPL0022280 = 8
[2026-03-21 12:33:00] [INFO] Session quantity updated: SCMPL0009775 = 9
[2026-03-21 12:33:04] [INFO] === ULTRA FAST BILL GEN START ===
[2026-03-21 12:33:04] [INFO] Received 4 items and 4 saved distributions
[2026-03-21 12:33:04] [DEBUG] Items received: SCMPL0028274, SCMPL0009668, SCMPL0022280, SCMPL0009775
[2026-03-21 12:33:04] [DEBUG] Distribution keys received: SCMPL0028274, SCMPL0009668, SCMPL0022280, SCMPL0009775
[2026-03-21 12:33:04] [DEBUG] Distribution for SCMPL0028274 (type: string): [0,2,4,2,2]
[2026-03-21 12:33:04] [DEBUG] Distribution for SCMPL0009668 (type: string): [0,4,1,0,0]
[2026-03-21 12:33:04] [DEBUG] Distribution for SCMPL0022280 (type: string): [1,2,2,1,2]
[2026-03-21 12:33:04] [DEBUG] Distribution for SCMPL0009775 (type: string): [0,0,4,3,2]
[2026-03-21 12:33:04] [INFO] Date range: 2021-04-01 00:00:00 to 2021-04-05, Total days: 5, Dry days: 0, Available days: 5
[2026-03-21 12:33:04] [DEBUG] DEBUG: Checking distribution for item SCMPL0028274 - Total Qty: 10
[2026-03-21 12:33:04] [DEBUG] DEBUG: Available distributions: YES
[2026-03-21 12:33:04] [DEBUG] DEBUG: Distribution type for SCMPL0028274: string
[2026-03-21 12:33:04] [DEBUG] DEBUG: Raw distribution string for SCMPL0028274: [0,2,4,2,2]
[2026-03-21 12:33:04] [INFO] SAVED DIST USED (json decoded): SCMPL0028274 = 0, 2, 4, 2, 2
[2026-03-21 12:33:04] [DEBUG] DEBUG: Skipping stock validation for historical date 2021-04-02 (month: 2021-04)
[2026-03-21 12:33:04] [DEBUG] DEBUG: Skipping stock validation for historical date 2021-04-03 (month: 2021-04)
[2026-03-21 12:33:04] [DEBUG] DEBUG: Skipping stock validation for historical date 2021-04-04 (month: 2021-04)
[2026-03-21 12:33:04] [DEBUG] DEBUG: Skipping stock validation for historical date 2021-04-05 (month: 2021-04)
[2026-03-21 12:33:04] [INFO] === FINAL DISTRIBUTION FOR BILLS === Item: SCMPL0028274 | Qty: 10 | Distribution: 0,2,4,2,2 | Sum: 10
[2026-03-21 12:33:04] [DEBUG] DEBUG: Checking distribution for item SCMPL0009668 - Total Qty: 5
[2026-03-21 12:33:04] [DEBUG] DEBUG: Available distributions: YES
[2026-03-21 12:33:04] [DEBUG] DEBUG: Distribution type for SCMPL0009668: string
[2026-03-21 12:33:04] [DEBUG] DEBUG: Raw distribution string for SCMPL0009668: [0,4,1,0,0]
[2026-03-21 12:33:04] [INFO] SAVED DIST USED (json decoded): SCMPL0009668 = 0, 4, 1, 0, 0
[2026-03-21 12:33:04] [DEBUG] DEBUG: Skipping stock validation for historical date 2021-04-02 (month: 2021-04)
[2026-03-21 12:33:04] [DEBUG] DEBUG: Skipping stock validation for historical date 2021-04-03 (month: 2021-04)
[2026-03-21 12:33:04] [INFO] === FINAL DISTRIBUTION FOR BILLS === Item: SCMPL0009668 | Qty: 5 | Distribution: 0,4,1,0,0 | Sum: 5
[2026-03-21 12:33:04] [DEBUG] DEBUG: Checking distribution for item SCMPL0022280 - Total Qty: 8
[2026-03-21 12:33:04] [DEBUG] DEBUG: Available distributions: YES
[2026-03-21 12:33:04] [DEBUG] DEBUG: Distribution type for SCMPL0022280: string
[2026-03-21 12:33:04] [DEBUG] DEBUG: Raw distribution string for SCMPL0022280: [1,2,2,1,2]
[2026-03-21 12:33:04] [INFO] SAVED DIST USED (json decoded): SCMPL0022280 = 1, 2, 2, 1, 2
[2026-03-21 12:33:04] [DEBUG] DEBUG: Skipping stock validation for historical date 2021-04-01 (month: 2021-04)
[2026-03-21 12:33:04] [DEBUG] DEBUG: Skipping stock validation for historical date 2021-04-02 (month: 2021-04)
[2026-03-21 12:33:04] [DEBUG] DEBUG: Skipping stock validation for historical date 2021-04-03 (month: 2021-04)
[2026-03-21 12:33:04] [DEBUG] DEBUG: Skipping stock validation for historical date 2021-04-04 (month: 2021-04)
[2026-03-21 12:33:04] [DEBUG] DEBUG: Skipping stock validation for historical date 2021-04-05 (month: 2021-04)
[2026-03-21 12:33:04] [INFO] === FINAL DISTRIBUTION FOR BILLS === Item: SCMPL0022280 | Qty: 8 | Distribution: 1,2,2,1,2 | Sum: 8
[2026-03-21 12:33:04] [DEBUG] DEBUG: Checking distribution for item SCMPL0009775 - Total Qty: 9
[2026-03-21 12:33:04] [DEBUG] DEBUG: Available distributions: YES
[2026-03-21 12:33:04] [DEBUG] DEBUG: Distribution type for SCMPL0009775: string
[2026-03-21 12:33:04] [DEBUG] DEBUG: Raw distribution string for SCMPL0009775: [0,0,4,3,2]
[2026-03-21 12:33:04] [INFO] SAVED DIST USED (json decoded): SCMPL0009775 = 0, 0, 4, 3, 2
[2026-03-21 12:33:04] [DEBUG] DEBUG: Skipping stock validation for historical date 2021-04-03 (month: 2021-04)
[2026-03-21 12:33:04] [DEBUG] DEBUG: Skipping stock validation for historical date 2021-04-04 (month: 2021-04)
[2026-03-21 12:33:04] [DEBUG] DEBUG: Skipping stock validation for historical date 2021-04-05 (month: 2021-04)
[2026-03-21 12:33:04] [INFO] === FINAL DISTRIBUTION FOR BILLS === Item: SCMPL0009775 | Qty: 9 | Distribution: 0,0,4,3,2 | Sum: 9
[2026-03-21 12:33:04] [INFO] Starting batch processing: 13 bills in 1 batches of 100
[2026-03-21 12:33:04] [INFO] Note: Stock updates would need aggregation during batch processing
[2026-03-21 12:33:04] [INFO] Starting cascade to financial year end 2022-03-31 23:59:59 for item SCMPL0009668 from month 2021-04
[2026-03-21 12:33:04] [INFO] Updated opening for SCMPL0009668 in 2021-05 to 55
[2026-03-21 12:33:04] [INFO] Completed cascading for month 2021-05
[2026-03-21 12:33:04] [INFO] Updated opening for SCMPL0009668 in 2021-06 to 55
[2026-03-21 12:33:04] [INFO] Completed cascading for month 2021-06
[2026-03-21 12:33:04] [INFO] Updated opening for SCMPL0009668 in 2021-07 to 55
[2026-03-21 12:33:04] [INFO] Completed cascading for month 2021-07
[2026-03-21 12:33:04] [INFO] Updated opening for SCMPL0009668 in 2021-08 to 67
[2026-03-21 12:33:04] [INFO] Completed cascading for month 2021-08
[2026-03-21 12:33:04] [INFO] Updated opening for SCMPL0009668 in 2021-09 to 67
[2026-03-21 12:33:04] [INFO] Completed cascading for month 2021-09
[2026-03-21 12:33:04] [INFO] Updated opening for SCMPL0009668 in 2021-10 to 67
[2026-03-21 12:33:04] [INFO] Completed cascading for month 2021-10
[2026-03-21 12:33:04] [INFO] Updated opening for SCMPL0009668 in 2021-11 to 67
[2026-03-21 12:33:04] [INFO] Completed cascading for month 2021-11
[2026-03-21 12:33:04] [INFO] Updated opening for SCMPL0009668 in 2021-12 to 73
[2026-03-21 12:33:04] [INFO] Completed cascading for month 2021-12
[2026-03-21 12:33:04] [INFO] Updated opening for SCMPL0009668 in 2022-01 to 79
[2026-03-21 12:33:04] [INFO] Completed cascading for month 2022-01
[2026-03-21 12:33:04] [INFO] Updated opening for SCMPL0009668 in 2022-02 to 79
[2026-03-21 12:33:04] [INFO] Completed cascading for month 2022-02
[2026-03-21 12:33:04] [INFO] Updated opening for SCMPL0009668 in 2022-03 to 79
[2026-03-21 12:33:04] [INFO] Completed cascading for month 2022-03
[2026-03-21 12:33:04] [INFO] Reached month 2022-04 which extends beyond financial year end 2022-03-31 23:59:59, stopping cascade
[2026-03-21 12:33:04] [INFO] Starting cascade to financial year end 2022-03-31 23:59:59 for item SCMPL0009775 from month 2021-04
[2026-03-21 12:33:04] [INFO] Updated opening for SCMPL0009775 in 2021-05 to 491
[2026-03-21 12:33:04] [INFO] Completed cascading for month 2021-05
[2026-03-21 12:33:04] [INFO] Updated opening for SCMPL0009775 in 2021-06 to 491
[2026-03-21 12:33:05] [INFO] Completed cascading for month 2021-06
[2026-03-21 12:33:05] [INFO] Updated opening for SCMPL0009775 in 2021-07 to 491
[2026-03-21 12:33:05] [INFO] Completed cascading for month 2021-07
[2026-03-21 12:33:05] [INFO] Updated opening for SCMPL0009775 in 2021-08 to 491
[2026-03-21 12:33:05] [INFO] Completed cascading for month 2021-08
[2026-03-21 12:33:05] [INFO] Updated opening for SCMPL0009775 in 2021-09 to 635
[2026-03-21 12:33:05] [INFO] Completed cascading for month 2021-09
[2026-03-21 12:33:05] [INFO] Updated opening for SCMPL0009775 in 2021-10 to 635
[2026-03-21 12:33:05] [INFO] Completed cascading for month 2021-10
[2026-03-21 12:33:05] [INFO] Updated opening for SCMPL0009775 in 2021-11 to 635
[2026-03-21 12:33:05] [INFO] Completed cascading for month 2021-11
[2026-03-21 12:33:05] [INFO] Updated opening for SCMPL0009775 in 2021-12 to 635
[2026-03-21 12:33:05] [INFO] Completed cascading for month 2021-12
[2026-03-21 12:33:05] [INFO] Updated opening for SCMPL0009775 in 2022-01 to 635
[2026-03-21 12:33:05] [INFO] Completed cascading for month 2022-01
[2026-03-21 12:33:05] [INFO] Updated opening for SCMPL0009775 in 2022-02 to 635
[2026-03-21 12:33:05] [INFO] Completed cascading for month 2022-02
[2026-03-21 12:33:05] [INFO] Updated opening for SCMPL0009775 in 2022-03 to 635
[2026-03-21 12:33:05] [INFO] Completed cascading for month 2022-03
[2026-03-21 12:33:05] [INFO] Reached month 2022-04 which extends beyond financial year end 2022-03-31 23:59:59, stopping cascade
[2026-03-21 12:33:05] [INFO] Starting cascade to financial year end 2022-03-31 23:59:59 for item SCMPL0022280 from month 2021-04
[2026-03-21 12:33:05] [INFO] Updated opening for SCMPL0022280 in 2021-05 to 60
[2026-03-21 12:33:05] [INFO] Completed cascading for month 2021-05
[2026-03-21 12:33:05] [INFO] Updated opening for SCMPL0022280 in 2021-06 to 60
[2026-03-21 12:33:05] [INFO] Completed cascading for month 2021-06
[2026-03-21 12:33:05] [INFO] Updated opening for SCMPL0022280 in 2021-07 to 60
[2026-03-21 12:33:05] [INFO] Completed cascading for month 2021-07
[2026-03-21 12:33:05] [INFO] Updated opening for SCMPL0022280 in 2021-08 to 69
[2026-03-21 12:33:05] [INFO] Completed cascading for month 2021-08
[2026-03-21 12:33:05] [INFO] Updated opening for SCMPL0022280 in 2021-09 to 69
[2026-03-21 12:33:05] [INFO] Completed cascading for month 2021-09
[2026-03-21 12:33:05] [INFO] Updated opening for SCMPL0022280 in 2021-10 to 78
[2026-03-21 12:33:05] [INFO] Completed cascading for month 2021-10
[2026-03-21 12:33:05] [INFO] Updated opening for SCMPL0022280 in 2021-11 to 87
[2026-03-21 12:33:05] [INFO] Completed cascading for month 2021-11
[2026-03-21 12:33:05] [INFO] Updated opening for SCMPL0022280 in 2021-12 to 96
[2026-03-21 12:33:05] [INFO] Completed cascading for month 2021-12
[2026-03-21 12:33:05] [INFO] Updated opening for SCMPL0022280 in 2022-01 to 105
[2026-03-21 12:33:05] [INFO] Completed cascading for month 2022-01
[2026-03-21 12:33:05] [INFO] Updated opening for SCMPL0022280 in 2022-02 to 105
[2026-03-21 12:33:05] [INFO] Completed cascading for month 2022-02
[2026-03-21 12:33:05] [INFO] Updated opening for SCMPL0022280 in 2022-03 to 132
[2026-03-21 12:33:05] [INFO] Completed cascading for month 2022-03
[2026-03-21 12:33:05] [INFO] Reached month 2022-04 which extends beyond financial year end 2022-03-31 23:59:59, stopping cascade
[2026-03-21 12:33:05] [INFO] Starting cascade to financial year end 2022-03-31 23:59:59 for item SCMPL0028274 from month 2021-04
[2026-03-21 12:33:05] [INFO] Updated opening for SCMPL0028274 in 2021-05 to 790
[2026-03-21 12:33:05] [INFO] Completed cascading for month 2021-05
[2026-03-21 12:33:05] [INFO] Updated opening for SCMPL0028274 in 2021-06 to 790
[2026-03-21 12:33:05] [INFO] Completed cascading for month 2021-06
[2026-03-21 12:33:05] [INFO] Updated opening for SCMPL0028274 in 2021-07 to 1190
[2026-03-21 12:33:05] [INFO] Completed cascading for month 2021-07
[2026-03-21 12:33:05] [INFO] Updated opening for SCMPL0028274 in 2021-08 to 1190
[2026-03-21 12:33:05] [INFO] Completed cascading for month 2021-08
[2026-03-21 12:33:05] [INFO] Updated opening for SCMPL0028274 in 2021-09 to 1690
[2026-03-21 12:33:05] [INFO] Completed cascading for month 2021-09
[2026-03-21 12:33:05] [INFO] Updated opening for SCMPL0028274 in 2021-10 to 1690
[2026-03-21 12:33:05] [INFO] Completed cascading for month 2021-10
[2026-03-21 12:33:05] [INFO] Updated opening for SCMPL0028274 in 2021-11 to 1890
[2026-03-21 12:33:05] [INFO] Completed cascading for month 2021-11
[2026-03-21 12:33:05] [INFO] Updated opening for SCMPL0028274 in 2021-12 to 1890
[2026-03-21 12:33:05] [INFO] Completed cascading for month 2021-12
[2026-03-21 12:33:05] [INFO] Updated opening for SCMPL0028274 in 2022-01 to 1995
[2026-03-21 12:33:05] [INFO] Completed cascading for month 2022-01
[2026-03-21 12:33:05] [INFO] Updated opening for SCMPL0028274 in 2022-02 to 2095
[2026-03-21 12:33:05] [INFO] Completed cascading for month 2022-02
[2026-03-21 12:33:05] [INFO] Updated opening for SCMPL0028274 in 2022-03 to 2395
[2026-03-21 12:33:06] [INFO] Completed cascading for month 2022-03
[2026-03-21 12:33:06] [INFO] Reached month 2022-04 which extends beyond financial year end 2022-03-31 23:59:59, stopping cascade
[2026-03-21 12:33:06] [INFO] === PAGE ACCESS ===
[2026-03-21 12:33:06] [INFO] Request method: GET
[2026-03-21 12:33:06] [INFO] Search term: ''
[2026-03-21 12:33:06] [INFO] Current session ID: upptui1cfso0vs8l65i08ifkeg
[2026-03-21 12:33:06] [INFO] Daily stock data fetched for 50 items across 1 months
[2026-03-21 12:33:06] [INFO] GLOBAL CHECK: Latest existing sale: 2021-04-05
[2026-03-21 12:33:06] [INFO] Available dates: 
[2026-03-21 12:33:06] [INFO] Unavailable dates (has existing sales): 2021-04-01, 2021-04-02, 2021-04-03, 2021-04-04, 2021-04-05
[2026-03-21 12:33:06] [INFO] Final session quantities count: 0
[2026-03-21 12:33:06] [INFO] Items in current view: 50
[2026-03-21 12:33:06] [INFO] Sales Page Load Debug Info:
Array
(
    [total_items] => 72
    [current_page] => 1
    [total_pages] => 2
    [session_quantities_count] => 0
    [post_quantities_count] => 0
    [date_range] => 2021-04-01 00:00:00 to 2021-04-05
    [days_count] => 5
    [user_id] => 5
    [comp_id] => 5
    [license_type] => FL-III
    [allowed_classes] => Array
        (
            [0] => W
            [1] => V
            [2] => M
            [3] => F
            [4] => D
            [5] => K
            [6] => G
            [7] => R
        )

    [end_date_day] => 05
    [closing_column] => DAY_05_CLOSING
    [end_date_month] => 2021-04
    [stock_filter] => > 0
    [daily_stock_table] => tbldailystock_5_04_21
    [table_suffix] => _04_21
    [current_month] => 2026-03
    [has_restrictions] => 1
    [available_dates] => Array
        (
        )

    [unavailable_dates] => Array
        (
            [0] => 2021-04-01
            [1] => 2021-04-02
            [2] => 2021-04-03
            [3] => 2021-04-04
            [4] => 2021-04-05
        )

    [dry_dates] => Array
        (
        )

    [latest_global_sale] => 2021-04-05
)

[2026-03-21 12:45:10] [INFO] === PAGE ACCESS ===
[2026-03-21 12:45:10] [INFO] Request method: GET
[2026-03-21 12:45:10] [INFO] Search term: ''
[2026-03-21 12:45:10] [INFO] Current session ID: upptui1cfso0vs8l65i08ifkeg
[2026-03-21 12:45:10] [INFO] Final session quantities count: 0
[2026-03-21 12:45:10] [INFO] Items in current view: 0
[2026-03-21 12:45:10] [INFO] Sales Page Load Debug Info:
Array
(
    [total_items] => 0
    [current_page] => 1
    [total_pages] => 0
    [session_quantities_count] => 0
    [post_quantities_count] => 0
    [date_range] => 2026-03-21 to 2026-03-21
    [days_count] => 1
    [user_id] => 5
    [comp_id] => 5
    [license_type] => FL-III
    [allowed_classes] => Array
        (
            [0] => W
            [1] => V
            [2] => M
            [3] => F
            [4] => D
            [5] => K
            [6] => G
            [7] => R
        )

    [end_date_day] => 21
    [closing_column] => DAY_21_CLOSING
    [end_date_month] => 2026-03
    [stock_filter] => > 0
    [daily_stock_table] => tbldailystock_5
    [table_suffix] => 
    [current_month] => 2026-03
    [has_restrictions] => 
    [available_dates] => Array
        (
            [0] => 2026-03-21
        )

    [unavailable_dates] => Array
        (
        )

    [dry_dates] => Array
        (
        )

    [latest_global_sale] => 
)

[2026-03-21 12:47:19] [INFO] === PAGE ACCESS ===
[2026-03-21 12:47:19] [INFO] Request method: GET
[2026-03-21 12:47:19] [INFO] Search term: ''
[2026-03-21 12:47:19] [INFO] Current session ID: upptui1cfso0vs8l65i08ifkeg
[2026-03-21 12:47:19] [INFO] Final session quantities count: 0
[2026-03-21 12:47:19] [INFO] Items in current view: 0
[2026-03-21 12:47:19] [INFO] Sales Page Load Debug Info:
Array
(
    [total_items] => 0
    [current_page] => 1
    [total_pages] => 0
    [session_quantities_count] => 0
    [post_quantities_count] => 0
    [date_range] => 2026-03-21 to 2026-03-21
    [days_count] => 1
    [user_id] => 5
    [comp_id] => 5
    [license_type] => FL-III
    [allowed_classes] => Array
        (
            [0] => W
            [1] => V
            [2] => M
            [3] => F
            [4] => D
            [5] => K
            [6] => G
            [7] => R
        )

    [end_date_day] => 21
    [closing_column] => DAY_21_CLOSING
    [end_date_month] => 2026-03
    [stock_filter] => > 0
    [daily_stock_table] => tbldailystock_5
    [table_suffix] => 
    [current_month] => 2026-03
    [has_restrictions] => 
    [available_dates] => Array
        (
            [0] => 2026-03-21
        )

    [unavailable_dates] => Array
        (
        )

    [dry_dates] => Array
        (
        )

    [latest_global_sale] => 
)

[2026-03-21 12:47:30] [INFO] === PAGE ACCESS ===
[2026-03-21 12:47:30] [INFO] Request method: GET
[2026-03-21 12:47:30] [INFO] Search term: ''
[2026-03-21 12:47:30] [INFO] Current session ID: upptui1cfso0vs8l65i08ifkeg
[2026-03-21 12:47:31] [INFO] Daily stock data fetched for 50 items across 1 months
[2026-03-21 12:47:31] [INFO] Final session quantities count: 0
[2026-03-21 12:47:31] [INFO] Items in current view: 50
[2026-03-21 12:47:31] [INFO] Sales Page Load Debug Info:
Array
(
    [total_items] => 72
    [current_page] => 1
    [total_pages] => 2
    [session_quantities_count] => 0
    [post_quantities_count] => 0
    [date_range] => 2021-04-01 00:00:00 to 2021-04-05
    [days_count] => 5
    [user_id] => 5
    [comp_id] => 5
    [license_type] => FL-III
    [allowed_classes] => Array
        (
            [0] => W
            [1] => V
            [2] => M
            [3] => F
            [4] => D
            [5] => K
            [6] => G
            [7] => R
        )

    [end_date_day] => 05
    [closing_column] => DAY_05_CLOSING
    [end_date_month] => 2021-04
    [stock_filter] => > 0
    [daily_stock_table] => tbldailystock_5_04_21
    [table_suffix] => _04_21
    [current_month] => 2026-03
    [has_restrictions] => 
    [available_dates] => Array
        (
            [0] => 2021-04-01
            [1] => 2021-04-02
            [2] => 2021-04-03
            [3] => 2021-04-04
            [4] => 2021-04-05
        )

    [unavailable_dates] => Array
        (
        )

    [dry_dates] => Array
        (
        )

    [latest_global_sale] => 
)

[2026-03-21 12:47:35] [INFO] Session quantity updated: SCMPL0028274 = 5
[2026-03-21 12:47:41] [INFO] Session quantity updated: SCMBR0021532 = 5
[2026-03-21 12:47:45] [INFO] Session quantity updated: SCMPL0022280 = 5
[2026-03-21 12:47:50] [INFO] === ULTRA FAST BILL GEN START ===
[2026-03-21 12:47:50] [INFO] Received 3 items and 3 saved distributions
[2026-03-21 12:47:50] [DEBUG] Items received: SCMPL0028274, SCMBR0021532, SCMPL0022280
[2026-03-21 12:47:50] [DEBUG] Distribution keys received: SCMPL0028274, SCMBR0021532, SCMPL0022280
[2026-03-21 12:47:50] [DEBUG] Distribution for SCMPL0028274 (type: string): [1,0,1,2,1]
[2026-03-21 12:47:50] [DEBUG] Distribution for SCMBR0021532 (type: string): [0,1,2,1,1]
[2026-03-21 12:47:50] [DEBUG] Distribution for SCMPL0022280 (type: string): [2,0,1,0,2]
[2026-03-21 12:47:50] [INFO] Date range: 2021-04-01 00:00:00 to 2021-04-05, Total days: 5, Dry days: 0, Available days: 5
[2026-03-21 12:47:50] [DEBUG] DEBUG: Checking distribution for item SCMPL0028274 - Total Qty: 5
[2026-03-21 12:47:50] [DEBUG] DEBUG: Available distributions: YES
[2026-03-21 12:47:50] [DEBUG] DEBUG: Distribution type for SCMPL0028274: string
[2026-03-21 12:47:50] [DEBUG] DEBUG: Raw distribution string for SCMPL0028274: [1,0,1,2,1]
[2026-03-21 12:47:50] [INFO] SAVED DIST USED (json decoded): SCMPL0028274 = 1, 0, 1, 2, 1
[2026-03-21 12:47:50] [DEBUG] DEBUG: Skipping stock validation for historical date 2021-04-01 (month: 2021-04)
[2026-03-21 12:47:50] [DEBUG] DEBUG: Skipping stock validation for historical date 2021-04-03 (month: 2021-04)
[2026-03-21 12:47:50] [DEBUG] DEBUG: Skipping stock validation for historical date 2021-04-04 (month: 2021-04)
[2026-03-21 12:47:50] [DEBUG] DEBUG: Skipping stock validation for historical date 2021-04-05 (month: 2021-04)
[2026-03-21 12:47:50] [INFO] === FINAL DISTRIBUTION FOR BILLS === Item: SCMPL0028274 | Qty: 5 | Distribution: 1,0,1,2,1 | Sum: 5
[2026-03-21 12:47:50] [DEBUG] DEBUG: Checking distribution for item SCMBR0021532 - Total Qty: 5
[2026-03-21 12:47:50] [DEBUG] DEBUG: Available distributions: YES
[2026-03-21 12:47:50] [DEBUG] DEBUG: Distribution type for SCMBR0021532: string
[2026-03-21 12:47:50] [DEBUG] DEBUG: Raw distribution string for SCMBR0021532: [0,1,2,1,1]
[2026-03-21 12:47:50] [INFO] SAVED DIST USED (json decoded): SCMBR0021532 = 0, 1, 2, 1, 1
[2026-03-21 12:47:50] [DEBUG] DEBUG: Skipping stock validation for historical date 2021-04-02 (month: 2021-04)
[2026-03-21 12:47:50] [DEBUG] DEBUG: Skipping stock validation for historical date 2021-04-03 (month: 2021-04)
[2026-03-21 12:47:50] [DEBUG] DEBUG: Skipping stock validation for historical date 2021-04-04 (month: 2021-04)
[2026-03-21 12:47:50] [DEBUG] DEBUG: Skipping stock validation for historical date 2021-04-05 (month: 2021-04)
[2026-03-21 12:47:50] [INFO] === FINAL DISTRIBUTION FOR BILLS === Item: SCMBR0021532 | Qty: 5 | Distribution: 0,1,2,1,1 | Sum: 5
[2026-03-21 12:47:50] [DEBUG] DEBUG: Checking distribution for item SCMPL0022280 - Total Qty: 5
[2026-03-21 12:47:50] [DEBUG] DEBUG: Available distributions: YES
[2026-03-21 12:47:50] [DEBUG] DEBUG: Distribution type for SCMPL0022280: string
[2026-03-21 12:47:50] [DEBUG] DEBUG: Raw distribution string for SCMPL0022280: [2,0,1,0,2]
[2026-03-21 12:47:50] [INFO] SAVED DIST USED (json decoded): SCMPL0022280 = 2, 0, 1, 0, 2
[2026-03-21 12:47:50] [DEBUG] DEBUG: Skipping stock validation for historical date 2021-04-01 (month: 2021-04)
[2026-03-21 12:47:50] [DEBUG] DEBUG: Skipping stock validation for historical date 2021-04-03 (month: 2021-04)
[2026-03-21 12:47:50] [DEBUG] DEBUG: Skipping stock validation for historical date 2021-04-05 (month: 2021-04)
[2026-03-21 12:47:50] [INFO] === FINAL DISTRIBUTION FOR BILLS === Item: SCMPL0022280 | Qty: 5 | Distribution: 2,0,1,0,2 | Sum: 5
[2026-03-21 12:47:50] [INFO] Starting batch processing: 10 bills in 1 batches of 100
[2026-03-21 12:47:50] [INFO] Note: Stock updates would need aggregation during batch processing
[2026-03-21 12:47:50] [INFO] Starting cascade to financial year end 2022-03-31 23:59:59 for item SCMBR0021532 from month 2021-04
[2026-03-21 12:47:50] [INFO] Updated opening for SCMBR0021532 in 2021-05 to 295
[2026-03-21 12:47:50] [INFO] Completed cascading for month 2021-05
[2026-03-21 12:47:50] [INFO] Updated opening for SCMBR0021532 in 2021-06 to 295
[2026-03-21 12:47:50] [INFO] Completed cascading for month 2021-06
[2026-03-21 12:47:50] [INFO] Updated opening for SCMBR0021532 in 2021-07 to 295
[2026-03-21 12:47:50] [INFO] Completed cascading for month 2021-07
[2026-03-21 12:47:50] [INFO] Updated opening for SCMBR0021532 in 2021-08 to 295
[2026-03-21 12:47:50] [INFO] Completed cascading for month 2021-08
[2026-03-21 12:47:50] [INFO] Updated opening for SCMBR0021532 in 2021-09 to 301
[2026-03-21 12:47:50] [INFO] Completed cascading for month 2021-09
[2026-03-21 12:47:50] [INFO] Updated opening for SCMBR0021532 in 2021-10 to 301
[2026-03-21 12:47:50] [INFO] Completed cascading for month 2021-10
[2026-03-21 12:47:50] [INFO] Updated opening for SCMBR0021532 in 2021-11 to 301
[2026-03-21 12:47:50] [INFO] Completed cascading for month 2021-11
[2026-03-21 12:47:50] [INFO] Updated opening for SCMBR0021532 in 2021-12 to 301
[2026-03-21 12:47:50] [INFO] Completed cascading for month 2021-12
[2026-03-21 12:47:50] [INFO] Updated opening for SCMBR0021532 in 2022-01 to 301
[2026-03-21 12:47:50] [INFO] Completed cascading for month 2022-01
[2026-03-21 12:47:50] [INFO] Updated opening for SCMBR0021532 in 2022-02 to 313
[2026-03-21 12:47:51] [INFO] Completed cascading for month 2022-02
[2026-03-21 12:47:51] [INFO] Updated opening for SCMBR0021532 in 2022-03 to 313
[2026-03-21 12:47:51] [INFO] Completed cascading for month 2022-03
[2026-03-21 12:47:51] [INFO] Reached month 2022-04 which extends beyond financial year end 2022-03-31 23:59:59, stopping cascade
[2026-03-21 12:47:51] [INFO] Starting cascade to financial year end 2022-03-31 23:59:59 for item SCMPL0022280 from month 2021-04
[2026-03-21 12:47:51] [INFO] Updated opening for SCMPL0022280 in 2021-05 to 63
[2026-03-21 12:47:51] [INFO] Completed cascading for month 2021-05
[2026-03-21 12:47:51] [INFO] Updated opening for SCMPL0022280 in 2021-06 to 63
[2026-03-21 12:47:51] [INFO] Completed cascading for month 2021-06
[2026-03-21 12:47:51] [INFO] Updated opening for SCMPL0022280 in 2021-07 to 63
[2026-03-21 12:47:51] [INFO] Completed cascading for month 2021-07
[2026-03-21 12:47:51] [INFO] Updated opening for SCMPL0022280 in 2021-08 to 72
[2026-03-21 12:47:51] [INFO] Completed cascading for month 2021-08
[2026-03-21 12:47:51] [INFO] Updated opening for SCMPL0022280 in 2021-09 to 72
[2026-03-21 12:47:51] [INFO] Completed cascading for month 2021-09
[2026-03-21 12:47:51] [INFO] Updated opening for SCMPL0022280 in 2021-10 to 81
[2026-03-21 12:47:51] [INFO] Completed cascading for month 2021-10
[2026-03-21 12:47:51] [INFO] Updated opening for SCMPL0022280 in 2021-11 to 90
[2026-03-21 12:47:51] [INFO] Completed cascading for month 2021-11
[2026-03-21 12:47:51] [INFO] Updated opening for SCMPL0022280 in 2021-12 to 99
[2026-03-21 12:47:51] [INFO] Completed cascading for month 2021-12
[2026-03-21 12:47:51] [INFO] Updated opening for SCMPL0022280 in 2022-01 to 108
[2026-03-21 12:47:51] [INFO] Completed cascading for month 2022-01
[2026-03-21 12:47:51] [INFO] Updated opening for SCMPL0022280 in 2022-02 to 108
[2026-03-21 12:47:51] [INFO] Completed cascading for month 2022-02
[2026-03-21 12:47:51] [INFO] Updated opening for SCMPL0022280 in 2022-03 to 135
[2026-03-21 12:47:51] [INFO] Completed cascading for month 2022-03
[2026-03-21 12:47:51] [INFO] Reached month 2022-04 which extends beyond financial year end 2022-03-31 23:59:59, stopping cascade
[2026-03-21 12:47:51] [INFO] Starting cascade to financial year end 2022-03-31 23:59:59 for item SCMPL0028274 from month 2021-04
[2026-03-21 12:47:51] [INFO] Updated opening for SCMPL0028274 in 2021-05 to 795
[2026-03-21 12:47:51] [INFO] Completed cascading for month 2021-05
[2026-03-21 12:47:51] [INFO] Updated opening for SCMPL0028274 in 2021-06 to 795
[2026-03-21 12:47:51] [INFO] Completed cascading for month 2021-06
[2026-03-21 12:47:51] [INFO] Updated opening for SCMPL0028274 in 2021-07 to 1195
[2026-03-21 12:47:51] [INFO] Completed cascading for month 2021-07
[2026-03-21 12:47:51] [INFO] Updated opening for SCMPL0028274 in 2021-08 to 1195
[2026-03-21 12:47:51] [INFO] Completed cascading for month 2021-08
[2026-03-21 12:47:51] [INFO] Updated opening for SCMPL0028274 in 2021-09 to 1695
[2026-03-21 12:47:51] [INFO] Completed cascading for month 2021-09
[2026-03-21 12:47:51] [INFO] Updated opening for SCMPL0028274 in 2021-10 to 1695
[2026-03-21 12:47:51] [INFO] Completed cascading for month 2021-10
[2026-03-21 12:47:51] [INFO] Updated opening for SCMPL0028274 in 2021-11 to 1895
[2026-03-21 12:47:51] [INFO] Completed cascading for month 2021-11
[2026-03-21 12:47:51] [INFO] Updated opening for SCMPL0028274 in 2021-12 to 1895
[2026-03-21 12:47:51] [INFO] Completed cascading for month 2021-12
[2026-03-21 12:47:51] [INFO] Updated opening for SCMPL0028274 in 2022-01 to 2000
[2026-03-21 12:47:51] [INFO] Completed cascading for month 2022-01
[2026-03-21 12:47:51] [INFO] Updated opening for SCMPL0028274 in 2022-02 to 2100
[2026-03-21 12:47:51] [INFO] Completed cascading for month 2022-02
[2026-03-21 12:47:51] [INFO] Updated opening for SCMPL0028274 in 2022-03 to 2400
[2026-03-21 12:47:51] [INFO] Completed cascading for month 2022-03
[2026-03-21 12:47:51] [INFO] Reached month 2022-04 which extends beyond financial year end 2022-03-31 23:59:59, stopping cascade
[2026-03-21 12:47:52] [INFO] === PAGE ACCESS ===
[2026-03-21 12:47:52] [INFO] Request method: GET
[2026-03-21 12:47:52] [INFO] Search term: ''
[2026-03-21 12:47:52] [INFO] Current session ID: upptui1cfso0vs8l65i08ifkeg
[2026-03-21 12:47:52] [INFO] Daily stock data fetched for 50 items across 1 months
[2026-03-21 12:47:52] [INFO] GLOBAL CHECK: Latest existing sale: 2021-04-05
[2026-03-21 12:47:52] [INFO] Available dates: 
[2026-03-21 12:47:52] [INFO] Unavailable dates (has existing sales): 2021-04-01, 2021-04-02, 2021-04-03, 2021-04-04, 2021-04-05
[2026-03-21 12:47:52] [INFO] Final session quantities count: 0
[2026-03-21 12:47:52] [INFO] Items in current view: 50
[2026-03-21 12:47:52] [INFO] Sales Page Load Debug Info:
Array
(
    [total_items] => 72
    [current_page] => 1
    [total_pages] => 2
    [session_quantities_count] => 0
    [post_quantities_count] => 0
    [date_range] => 2021-04-01 00:00:00 to 2021-04-05
    [days_count] => 5
    [user_id] => 5
    [comp_id] => 5
    [license_type] => FL-III
    [allowed_classes] => Array
        (
            [0] => W
            [1] => V
            [2] => M
            [3] => F
            [4] => D
            [5] => K
            [6] => G
            [7] => R
        )

    [end_date_day] => 05
    [closing_column] => DAY_05_CLOSING
    [end_date_month] => 2021-04
    [stock_filter] => > 0
    [daily_stock_table] => tbldailystock_5_04_21
    [table_suffix] => _04_21
    [current_month] => 2026-03
    [has_restrictions] => 1
    [available_dates] => Array
        (
        )

    [unavailable_dates] => Array
        (
            [0] => 2021-04-01
            [1] => 2021-04-02
            [2] => 2021-04-03
            [3] => 2021-04-04
            [4] => 2021-04-05
        )

    [dry_dates] => Array
        (
        )

    [latest_global_sale] => 2021-04-05
)

