[2026-03-15 07:03:25] [INFO] === PAGE ACCESS ===
[2026-03-15 07:03:25] [INFO] Request method: GET
[2026-03-15 07:03:25] [INFO] Search term: ''
[2026-03-15 07:03:25] [INFO] Current session ID: m921sgbdb2qd7lmn7gqmq59h3b
[2026-03-15 07:03:25] [INFO] Final session quantities count: 1
[2026-03-15 07:03:25] [INFO] Items in current view: 1
[2026-03-15 07:03:25] [INFO] Sales Page Load Debug Info:
Array
(
    [total_items] => 1
    [current_page] => 1
    [total_pages] => 1
    [session_quantities_count] => 1
    [post_quantities_count] => 0
    [date_range] => 2021-04-08 to 2021-04-10
    [days_count] => 3
    [user_id] => 5
    [comp_id] => 5
    [license_type] => FL-III
    [allowed_classes] => Array
        (
            [0] => W
            [1] => V
            [2] => M
            [3] => F
            [4] => D
            [5] => K
            [6] => G
            [7] => R
        )

    [end_date_day] => 10
    [closing_column] => DAY_10_CLOSING
    [end_date_month] => 2021-04
    [stock_filter] => > 0
    [daily_stock_table] => tbldailystock_5_04_21
    [table_suffix] => _04_21
    [current_month] => 2026-03
    [has_restrictions] => 
    [available_dates] => Array
        (
            [0] => 2021-04-08
            [1] => 2021-04-09
            [2] => 2021-04-10
        )

    [unavailable_dates] => Array
        (
        )

    [dry_dates] => Array
        (
        )

    [latest_global_sale] => 
)

[2026-03-15 07:03:29] [INFO] === PAGE ACCESS ===
[2026-03-15 07:03:29] [INFO] Request method: GET
[2026-03-15 07:03:29] [INFO] Search term: ''
[2026-03-15 07:03:29] [INFO] Current session ID: m921sgbdb2qd7lmn7gqmq59h3b
[2026-03-15 07:03:29] [INFO] Final session quantities count: 1
[2026-03-15 07:03:29] [INFO] Items in current view: 1
[2026-03-15 07:03:29] [INFO] Sales Page Load Debug Info:
Array
(
    [total_items] => 1
    [current_page] => 1
    [total_pages] => 1
    [session_quantities_count] => 1
    [post_quantities_count] => 0
    [date_range] => 2021-04-08 to 2021-04-10
    [days_count] => 3
    [user_id] => 5
    [comp_id] => 5
    [license_type] => FL-III
    [allowed_classes] => Array
        (
            [0] => W
            [1] => V
            [2] => M
            [3] => F
            [4] => D
            [5] => K
            [6] => G
            [7] => R
        )

    [end_date_day] => 10
    [closing_column] => DAY_10_CLOSING
    [end_date_month] => 2021-04
    [stock_filter] => > 0
    [daily_stock_table] => tbldailystock_5_04_21
    [table_suffix] => _04_21
    [current_month] => 2026-03
    [has_restrictions] => 
    [available_dates] => Array
        (
            [0] => 2021-04-08
            [1] => 2021-04-09
            [2] => 2021-04-10
        )

    [unavailable_dates] => Array
        (
        )

    [dry_dates] => Array
        (
        )

    [latest_global_sale] => 
)

[2026-03-15 07:11:57] [INFO] === PAGE ACCESS ===
[2026-03-15 07:11:57] [INFO] Request method: GET
[2026-03-15 07:11:57] [INFO] Search term: ''
[2026-03-15 07:11:57] [INFO] Current session ID: m921sgbdb2qd7lmn7gqmq59h3b
[2026-03-15 07:11:58] [INFO] Final session quantities count: 1
[2026-03-15 07:11:58] [INFO] Items in current view: 0
[2026-03-15 07:11:58] [INFO] Sales Page Load Debug Info:
Array
(
    [total_items] => 0
    [current_page] => 1
    [total_pages] => 0
    [session_quantities_count] => 1
    [post_quantities_count] => 0
    [date_range] => 2026-03-15 to 2026-03-15
    [days_count] => 1
    [user_id] => 5
    [comp_id] => 5
    [license_type] => FL-III
    [allowed_classes] => Array
        (
            [0] => W
            [1] => V
            [2] => M
            [3] => F
            [4] => D
            [5] => K
            [6] => G
            [7] => R
        )

    [end_date_day] => 15
    [closing_column] => DAY_15_CLOSING
    [end_date_month] => 2026-03
    [stock_filter] => > 0
    [daily_stock_table] => tbldailystock_5
    [table_suffix] => 
    [current_month] => 2026-03
    [has_restrictions] => 
    [available_dates] => Array
        (
            [0] => 2026-03-15
        )

    [unavailable_dates] => Array
        (
        )

    [dry_dates] => Array
        (
        )

    [latest_global_sale] => 
)

[2026-03-15 07:12:17] [INFO] === PAGE ACCESS ===
[2026-03-15 07:12:17] [INFO] Request method: GET
[2026-03-15 07:12:17] [INFO] Search term: ''
[2026-03-15 07:12:17] [INFO] Current session ID: m921sgbdb2qd7lmn7gqmq59h3b
[2026-03-15 07:12:17] [INFO] Final session quantities count: 1
[2026-03-15 07:12:17] [INFO] Items in current view: 3
[2026-03-15 07:12:17] [INFO] Sales Page Load Debug Info:
Array
(
    [total_items] => 3
    [current_page] => 1
    [total_pages] => 1
    [session_quantities_count] => 1
    [post_quantities_count] => 0
    [date_range] => 2021-04-08 to 2021-04-10
    [days_count] => 3
    [user_id] => 5
    [comp_id] => 5
    [license_type] => FL-III
    [allowed_classes] => Array
        (
            [0] => W
            [1] => V
            [2] => M
            [3] => F
            [4] => D
            [5] => K
            [6] => G
            [7] => R
        )

    [end_date_day] => 10
    [closing_column] => DAY_10_CLOSING
    [end_date_month] => 2021-04
    [stock_filter] => > 0
    [daily_stock_table] => tbldailystock_5_04_21
    [table_suffix] => _04_21
    [current_month] => 2026-03
    [has_restrictions] => 
    [available_dates] => Array
        (
            [0] => 2021-04-08
            [1] => 2021-04-09
            [2] => 2021-04-10
        )

    [unavailable_dates] => Array
        (
        )

    [dry_dates] => Array
        (
        )

    [latest_global_sale] => 
)

[2026-03-15 07:12:36] [INFO] === ULTRA FAST BILL GEN START ===
[2026-03-15 07:12:36] [INFO] Received 1 items and 1 saved distributions
[2026-03-15 07:12:36] [DEBUG] Items received: SCMWN0019724
[2026-03-15 07:12:36] [DEBUG] Distribution keys received: SCMWN0019724
[2026-03-15 07:12:36] [DEBUG] Distribution for SCMWN0019724 (type: string): [4,5,1]
[2026-03-15 07:12:36] [INFO] Date range: 2021-04-08 to 2021-04-10, Total days: 3, Dry days: 0, Available days: 3
[2026-03-15 07:12:36] [DEBUG] DEBUG: Checking distribution for item SCMWN0019724 - Total Qty: 10
[2026-03-15 07:12:36] [DEBUG] DEBUG: Available distributions: YES
[2026-03-15 07:12:36] [DEBUG] DEBUG: Distribution type for SCMWN0019724: string
[2026-03-15 07:12:36] [DEBUG] DEBUG: Raw distribution string for SCMWN0019724: [4,5,1]
[2026-03-15 07:12:36] [INFO] SAVED DIST USED (json decoded): SCMWN0019724 = 4, 5, 1
[2026-03-15 07:12:36] [INFO] === FINAL DISTRIBUTION FOR BILLS === Item: SCMWN0019724 | Qty: 10 | Distribution: 4,5,1 | Sum: 10
[2026-03-15 07:12:36] [INFO] === PAGE ACCESS ===
[2026-03-15 07:12:36] [INFO] Request method: GET
[2026-03-15 07:12:36] [INFO] Search term: ''
[2026-03-15 07:12:36] [INFO] Current session ID: m921sgbdb2qd7lmn7gqmq59h3b
[2026-03-15 07:12:36] [INFO] GLOBAL CHECK: Latest existing sale: 2021-04-10
[2026-03-15 07:12:36] [INFO] Available dates: 
[2026-03-15 07:12:36] [INFO] Unavailable dates (has existing sales): 2021-04-08, 2021-04-09, 2021-04-10
[2026-03-15 07:12:36] [INFO] Final session quantities count: 0
[2026-03-15 07:12:36] [INFO] Items in current view: 3
[2026-03-15 07:12:36] [INFO] Sales Page Load Debug Info:
Array
(
    [total_items] => 3
    [current_page] => 1
    [total_pages] => 1
    [session_quantities_count] => 0
    [post_quantities_count] => 0
    [date_range] => 2021-04-08 to 2021-04-10
    [days_count] => 3
    [user_id] => 5
    [comp_id] => 5
    [license_type] => FL-III
    [allowed_classes] => Array
        (
            [0] => W
            [1] => V
            [2] => M
            [3] => F
            [4] => D
            [5] => K
            [6] => G
            [7] => R
        )

    [end_date_day] => 10
    [closing_column] => DAY_10_CLOSING
    [end_date_month] => 2021-04
    [stock_filter] => > 0
    [daily_stock_table] => tbldailystock_5_04_21
    [table_suffix] => _04_21
    [current_month] => 2026-03
    [has_restrictions] => 1
    [available_dates] => Array
        (
        )

    [unavailable_dates] => Array
        (
            [0] => 2021-04-08
            [1] => 2021-04-09
            [2] => 2021-04-10
        )

    [dry_dates] => Array
        (
        )

    [latest_global_sale] => 2021-04-10
)

