[2026-03-22 11:59:43] [INFO] === PAGE ACCESS ===
[2026-03-22 11:59:43] [INFO] Request method: GET
[2026-03-22 11:59:43] [INFO] Search term: ''
[2026-03-22 11:59:43] [INFO] Current session ID: 1l8k21520i6r51db36ccl01jpt
[2026-03-22 11:59:43] [WARNING] User not logged in, redirecting to index.php
[2026-03-22 13:37:24] [INFO] === PAGE ACCESS ===
[2026-03-22 13:37:24] [INFO] Request method: GET
[2026-03-22 13:37:24] [INFO] Search term: ''
[2026-03-22 13:37:24] [INFO] Current session ID: 8gegp6ieehdecgqkee3fg3r0l9
[2026-03-22 13:37:26] [INFO] Daily stock data fetched for 50 items across 1 months
[2026-03-22 13:37:26] [INFO] Final session quantities count: 0
[2026-03-22 13:37:26] [INFO] Items in current view: 50
[2026-03-22 13:37:26] [INFO] Selected customer: ID  - 
[2026-03-22 13:37:26] [INFO] Sales Page Load Debug Info:
Array
(
    [total_items] => 81
    [current_page] => 1
    [total_pages] => 2
    [session_quantities_count] => 0
    [post_quantities_count] => 0
    [date_range] => 2021-04-12 to 2021-04-16
    [days_count] => 5
    [user_id] => 5
    [comp_id] => 5
    [license_type] => FL-III
    [allowed_classes] => Array
        (
            [0] => W
            [1] => V
            [2] => M
            [3] => F
            [4] => D
            [5] => K
            [6] => G
            [7] => R
        )

    [end_date_day] => 16
    [closing_column] => DAY_16_CLOSING
    [end_date_month] => 2021-04
    [stock_filter] => > 0
    [daily_stock_table] => tbldailystock_5_04_21
    [table_suffix] => _04_21
    [current_month] => 2026-03
    [has_restrictions] => 
    [available_dates] => Array
        (
            [0] => 2021-04-12
            [1] => 2021-04-13
            [2] => 2021-04-14
            [3] => 2021-04-15
            [4] => 2021-04-16
        )

    [unavailable_dates] => Array
        (
        )

    [dry_dates] => Array
        (
        )

    [latest_global_sale] => 
    [selected_customer] => 
    [selected_customer_name] => 
    [customer_prices_count] => 0
)

[2026-03-22 13:37:32] [INFO] === PAGE ACCESS ===
[2026-03-22 13:37:32] [INFO] Request method: POST
[2026-03-22 13:37:32] [INFO] Search term: ''
[2026-03-22 13:37:32] [INFO] Current session ID: 8gegp6ieehdecgqkee3fg3r0l9
[2026-03-22 13:37:32] [INFO] Customer selected: ID 163 - nasir
[2026-03-22 13:37:32] [INFO] === PAGE ACCESS ===
[2026-03-22 13:37:32] [INFO] Request method: GET
[2026-03-22 13:37:32] [INFO] Search term: ''
[2026-03-22 13:37:32] [INFO] Current session ID: 8gegp6ieehdecgqkee3fg3r0l9
[2026-03-22 13:37:32] [INFO] Loaded 0 customer-specific prices for customer ID: 163
[2026-03-22 13:37:33] [INFO] Daily stock data fetched for 50 items across 1 months
[2026-03-22 13:37:33] [INFO] Final session quantities count: 0
[2026-03-22 13:37:33] [INFO] Items in current view: 50
[2026-03-22 13:37:33] [INFO] Selected customer: ID 163 - nasir
[2026-03-22 13:37:33] [INFO] Sales Page Load Debug Info:
Array
(
    [total_items] => 81
    [current_page] => 1
    [total_pages] => 2
    [session_quantities_count] => 0
    [post_quantities_count] => 0
    [date_range] => 2021-04-12 to 2021-04-16
    [days_count] => 5
    [user_id] => 5
    [comp_id] => 5
    [license_type] => FL-III
    [allowed_classes] => Array
        (
            [0] => W
            [1] => V
            [2] => M
            [3] => F
            [4] => D
            [5] => K
            [6] => G
            [7] => R
        )

    [end_date_day] => 16
    [closing_column] => DAY_16_CLOSING
    [end_date_month] => 2021-04
    [stock_filter] => > 0
    [daily_stock_table] => tbldailystock_5_04_21
    [table_suffix] => _04_21
    [current_month] => 2026-03
    [has_restrictions] => 
    [available_dates] => Array
        (
            [0] => 2021-04-12
            [1] => 2021-04-13
            [2] => 2021-04-14
            [3] => 2021-04-15
            [4] => 2021-04-16
        )

    [unavailable_dates] => Array
        (
        )

    [dry_dates] => Array
        (
        )

    [latest_global_sale] => 
    [selected_customer] => 163
    [selected_customer_name] => nasir
    [customer_prices_count] => 0
)

[2026-03-22 13:37:33] [INFO] === PAGE ACCESS ===
[2026-03-22 13:37:33] [INFO] Request method: POST
[2026-03-22 13:37:33] [INFO] Search term: ''
[2026-03-22 13:37:33] [INFO] Current session ID: 8gegp6ieehdecgqkee3fg3r0l9
[2026-03-22 13:37:33] [INFO] Customer selected: ID 163 - nasir
[2026-03-22 13:37:33] [INFO] === PAGE ACCESS ===
[2026-03-22 13:37:33] [INFO] Request method: GET
[2026-03-22 13:37:33] [INFO] Search term: ''
[2026-03-22 13:37:33] [INFO] Current session ID: 8gegp6ieehdecgqkee3fg3r0l9
[2026-03-22 13:37:33] [INFO] Loaded 0 customer-specific prices for customer ID: 163
[2026-03-22 13:37:34] [INFO] Daily stock data fetched for 50 items across 1 months
[2026-03-22 13:37:34] [INFO] Final session quantities count: 0
[2026-03-22 13:37:34] [INFO] Items in current view: 50
[2026-03-22 13:37:34] [INFO] Selected customer: ID 163 - nasir
[2026-03-22 13:37:34] [INFO] Sales Page Load Debug Info:
Array
(
    [total_items] => 81
    [current_page] => 1
    [total_pages] => 2
    [session_quantities_count] => 0
    [post_quantities_count] => 0
    [date_range] => 2021-04-12 to 2021-04-16
    [days_count] => 5
    [user_id] => 5
    [comp_id] => 5
    [license_type] => FL-III
    [allowed_classes] => Array
        (
            [0] => W
            [1] => V
            [2] => M
            [3] => F
            [4] => D
            [5] => K
            [6] => G
            [7] => R
        )

    [end_date_day] => 16
    [closing_column] => DAY_16_CLOSING
    [end_date_month] => 2021-04
    [stock_filter] => > 0
    [daily_stock_table] => tbldailystock_5_04_21
    [table_suffix] => _04_21
    [current_month] => 2026-03
    [has_restrictions] => 
    [available_dates] => Array
        (
            [0] => 2021-04-12
            [1] => 2021-04-13
            [2] => 2021-04-14
            [3] => 2021-04-15
            [4] => 2021-04-16
        )

    [unavailable_dates] => Array
        (
        )

    [dry_dates] => Array
        (
        )

    [latest_global_sale] => 
    [selected_customer] => 163
    [selected_customer_name] => nasir
    [customer_prices_count] => 0
)

[2026-03-22 13:37:41] [INFO] Session quantity updated: SCMPL0028274 = 5
[2026-03-22 13:37:46] [INFO] Session quantity updated: SCMPL0028274 = 0
[2026-03-22 13:37:46] [INFO] Session quantity updated: SCMPL0028274 = 0
[2026-03-22 13:37:48] [INFO] Session quantity updated: SCMPL0028274 = 5
[2026-03-22 13:37:50] [INFO] === ULTRA FAST BILL GEN START ===
[2026-03-22 13:37:50] [INFO] Received 1 items and 1 saved distributions
[2026-03-22 13:37:50] [DEBUG] Items received: SCMPL0028274
[2026-03-22 13:37:50] [DEBUG] Distribution keys received: SCMPL0028274
[2026-03-22 13:37:50] [DEBUG] Distribution for SCMPL0028274 (type: string): [1,1,0,2,1]
[2026-03-22 13:37:50] [INFO] Date range: 2021-04-12 to 2021-04-16, Total days: 5, Dry days: 0, Available days: 5
[2026-03-22 13:37:50] [DEBUG] DEBUG: Checking distribution for item SCMPL0028274 - Total Qty: 5
[2026-03-22 13:37:50] [DEBUG] DEBUG: Available distributions: YES
[2026-03-22 13:37:50] [DEBUG] DEBUG: Distribution type for SCMPL0028274: string
[2026-03-22 13:37:50] [DEBUG] DEBUG: Raw distribution string for SCMPL0028274: [1,1,0,2,1]
[2026-03-22 13:37:50] [INFO] SAVED DIST USED (json decoded): SCMPL0028274 = 1, 1, 0, 2, 1
[2026-03-22 13:37:50] [DEBUG] DEBUG: Skipping stock validation for historical date 2021-04-12 (month: 2021-04)
[2026-03-22 13:37:50] [DEBUG] DEBUG: Skipping stock validation for historical date 2021-04-13 (month: 2021-04)
[2026-03-22 13:37:50] [DEBUG] DEBUG: Skipping stock validation for historical date 2021-04-15 (month: 2021-04)
[2026-03-22 13:37:50] [DEBUG] DEBUG: Skipping stock validation for historical date 2021-04-16 (month: 2021-04)
[2026-03-22 13:37:50] [INFO] === FINAL DISTRIBUTION FOR BILLS === Item: SCMPL0028274 | Qty: 5 | Distribution: 1,1,0,2,1 | Sum: 5
[2026-03-22 13:37:50] [INFO] Starting batch processing: 4 bills in 1 batches of 100
[2026-03-22 13:37:50] [INFO] Note: Stock updates would need aggregation during batch processing
[2026-03-22 13:37:50] [INFO] Starting cascade to financial year end 2022-03-31 23:59:59 for item SCMPL0028274 from month 2021-04
[2026-03-22 13:37:50] [INFO] Updated opening for SCMPL0028274 in 2021-05 to 790
[2026-03-22 13:37:51] [INFO] Completed cascading for month 2021-05
[2026-03-22 13:37:51] [INFO] Updated opening for SCMPL0028274 in 2021-06 to 790
[2026-03-22 13:37:51] [INFO] Completed cascading for month 2021-06
[2026-03-22 13:37:51] [INFO] Updated opening for SCMPL0028274 in 2021-07 to 1190
[2026-03-22 13:37:51] [INFO] Completed cascading for month 2021-07
[2026-03-22 13:37:51] [INFO] Updated opening for SCMPL0028274 in 2021-08 to 1190
[2026-03-22 13:37:51] [INFO] Completed cascading for month 2021-08
[2026-03-22 13:37:51] [INFO] Updated opening for SCMPL0028274 in 2021-09 to 1690
[2026-03-22 13:37:51] [INFO] Completed cascading for month 2021-09
[2026-03-22 13:37:51] [INFO] Updated opening for SCMPL0028274 in 2021-10 to 1690
[2026-03-22 13:37:51] [INFO] Completed cascading for month 2021-10
[2026-03-22 13:37:51] [INFO] Updated opening for SCMPL0028274 in 2021-11 to 1890
[2026-03-22 13:37:51] [INFO] Completed cascading for month 2021-11
[2026-03-22 13:37:51] [INFO] Updated opening for SCMPL0028274 in 2021-12 to 1890
[2026-03-22 13:37:51] [INFO] Completed cascading for month 2021-12
[2026-03-22 13:37:51] [INFO] Updated opening for SCMPL0028274 in 2022-01 to 1995
[2026-03-22 13:37:51] [INFO] Completed cascading for month 2022-01
[2026-03-22 13:37:51] [INFO] Updated opening for SCMPL0028274 in 2022-02 to 2095
[2026-03-22 13:37:51] [INFO] Completed cascading for month 2022-02
[2026-03-22 13:37:51] [INFO] Updated opening for SCMPL0028274 in 2022-03 to 2395
[2026-03-22 13:37:52] [INFO] Completed cascading for month 2022-03
[2026-03-22 13:37:52] [INFO] Reached month 2022-04 which extends beyond financial year end 2022-03-31 23:59:59, stopping cascade
[2026-03-22 13:37:52] [INFO] === PAGE ACCESS ===
[2026-03-22 13:37:52] [INFO] Request method: GET
[2026-03-22 13:37:52] [INFO] Search term: ''
[2026-03-22 13:37:52] [INFO] Current session ID: 8gegp6ieehdecgqkee3fg3r0l9
[2026-03-22 13:37:52] [INFO] Loaded 0 customer-specific prices for customer ID: 163
[2026-03-22 13:37:52] [INFO] Daily stock data fetched for 50 items across 1 months
[2026-03-22 13:37:52] [INFO] GLOBAL CHECK: Latest existing sale: 2021-04-16
[2026-03-22 13:37:52] [INFO] Available dates: 
[2026-03-22 13:37:52] [INFO] Unavailable dates (has existing sales): 2021-04-12, 2021-04-13, 2021-04-14, 2021-04-15, 2021-04-16
[2026-03-22 13:37:52] [INFO] Final session quantities count: 0
[2026-03-22 13:37:52] [INFO] Items in current view: 50
[2026-03-22 13:37:52] [INFO] Selected customer: ID 163 - nasir
[2026-03-22 13:37:52] [INFO] Sales Page Load Debug Info:
Array
(
    [total_items] => 81
    [current_page] => 1
    [total_pages] => 2
    [session_quantities_count] => 0
    [post_quantities_count] => 0
    [date_range] => 2021-04-12 to 2021-04-16
    [days_count] => 5
    [user_id] => 5
    [comp_id] => 5
    [license_type] => FL-III
    [allowed_classes] => Array
        (
            [0] => W
            [1] => V
            [2] => M
            [3] => F
            [4] => D
            [5] => K
            [6] => G
            [7] => R
        )

    [end_date_day] => 16
    [closing_column] => DAY_16_CLOSING
    [end_date_month] => 2021-04
    [stock_filter] => > 0
    [daily_stock_table] => tbldailystock_5_04_21
    [table_suffix] => _04_21
    [current_month] => 2026-03
    [has_restrictions] => 1
    [available_dates] => Array
        (
        )

    [unavailable_dates] => Array
        (
            [0] => 2021-04-12
            [1] => 2021-04-13
            [2] => 2021-04-14
            [3] => 2021-04-15
            [4] => 2021-04-16
        )

    [dry_dates] => Array
        (
        )

    [latest_global_sale] => 2021-04-16
    [selected_customer] => 163
    [selected_customer_name] => nasir
    [customer_prices_count] => 0
)

[2026-03-22 13:39:02] [INFO] === PAGE ACCESS ===
[2026-03-22 13:39:02] [INFO] Request method: GET
[2026-03-22 13:39:02] [INFO] Search term: ''
[2026-03-22 13:39:02] [INFO] Current session ID: 8gegp6ieehdecgqkee3fg3r0l9
[2026-03-22 13:39:02] [INFO] Loaded 0 customer-specific prices for customer ID: 163
[2026-03-22 13:39:03] [INFO] Final session quantities count: 0
[2026-03-22 13:39:03] [INFO] Items in current view: 0
[2026-03-22 13:39:03] [INFO] Selected customer: ID 163 - nasir
[2026-03-22 13:39:03] [INFO] Sales Page Load Debug Info:
Array
(
    [total_items] => 0
    [current_page] => 1
    [total_pages] => 0
    [session_quantities_count] => 0
    [post_quantities_count] => 0
    [date_range] => 2026-03-22 to 2026-03-22
    [days_count] => 1
    [user_id] => 5
    [comp_id] => 5
    [license_type] => FL-III
    [allowed_classes] => Array
        (
            [0] => W
            [1] => V
            [2] => M
            [3] => F
            [4] => D
            [5] => K
            [6] => G
            [7] => R
        )

    [end_date_day] => 22
    [closing_column] => DAY_22_CLOSING
    [end_date_month] => 2026-03
    [stock_filter] => > 0
    [daily_stock_table] => tbldailystock_5
    [table_suffix] => 
    [current_month] => 2026-03
    [has_restrictions] => 
    [available_dates] => Array
        (
            [0] => 2026-03-22
        )

    [unavailable_dates] => Array
        (
        )

    [dry_dates] => Array
        (
        )

    [latest_global_sale] => 
    [selected_customer] => 163
    [selected_customer_name] => nasir
    [customer_prices_count] => 0
)

[2026-03-22 13:39:14] [INFO] === PAGE ACCESS ===
[2026-03-22 13:39:14] [INFO] Request method: POST
[2026-03-22 13:39:14] [INFO] Search term: ''
[2026-03-22 13:39:14] [INFO] Current session ID: 8gegp6ieehdecgqkee3fg3r0l9
[2026-03-22 13:39:14] [INFO] New customer created: Sarang (ID: 164)
[2026-03-22 13:39:14] [INFO] New customer created: Sarang (ID: 164)
[2026-03-22 13:39:14] [INFO] === PAGE ACCESS ===
[2026-03-22 13:39:14] [INFO] Request method: GET
[2026-03-22 13:39:14] [INFO] Search term: ''
[2026-03-22 13:39:14] [INFO] Current session ID: 8gegp6ieehdecgqkee3fg3r0l9
[2026-03-22 13:39:14] [INFO] Loaded 0 customer-specific prices for customer ID: 164
[2026-03-22 13:39:14] [INFO] Final session quantities count: 0
[2026-03-22 13:39:14] [INFO] Items in current view: 0
[2026-03-22 13:39:14] [INFO] Selected customer: ID 164 - Sarang
[2026-03-22 13:39:14] [INFO] Sales Page Load Debug Info:
Array
(
    [total_items] => 0
    [current_page] => 1
    [total_pages] => 0
    [session_quantities_count] => 0
    [post_quantities_count] => 0
    [date_range] => 2026-03-22 to 2026-03-22
    [days_count] => 1
    [user_id] => 5
    [comp_id] => 5
    [license_type] => FL-III
    [allowed_classes] => Array
        (
            [0] => W
            [1] => V
            [2] => M
            [3] => F
            [4] => D
            [5] => K
            [6] => G
            [7] => R
        )

    [end_date_day] => 22
    [closing_column] => DAY_22_CLOSING
    [end_date_month] => 2026-03
    [stock_filter] => > 0
    [daily_stock_table] => tbldailystock_5
    [table_suffix] => 
    [current_month] => 2026-03
    [has_restrictions] => 
    [available_dates] => Array
        (
            [0] => 2026-03-22
        )

    [unavailable_dates] => Array
        (
        )

    [dry_dates] => Array
        (
        )

    [latest_global_sale] => 
    [selected_customer] => 164
    [selected_customer_name] => Sarang
    [customer_prices_count] => 0
)

[2026-03-22 13:39:37] [INFO] === PAGE ACCESS ===
[2026-03-22 13:39:37] [INFO] Request method: GET
[2026-03-22 13:39:37] [INFO] Search term: ''
[2026-03-22 13:39:37] [INFO] Current session ID: 8gegp6ieehdecgqkee3fg3r0l9
[2026-03-22 13:39:37] [INFO] Loaded 0 customer-specific prices for customer ID: 164
[2026-03-22 13:39:38] [INFO] Daily stock data fetched for 50 items across 1 months
[2026-03-22 13:39:38] [INFO] Final session quantities count: 0
[2026-03-22 13:39:38] [INFO] Items in current view: 50
[2026-03-22 13:39:38] [INFO] Selected customer: ID 164 - Sarang
[2026-03-22 13:39:38] [INFO] Sales Page Load Debug Info:
Array
(
    [total_items] => 72
    [current_page] => 1
    [total_pages] => 2
    [session_quantities_count] => 0
    [post_quantities_count] => 0
    [date_range] => 2021-04-01 00:00:00 to 2021-04-05
    [days_count] => 5
    [user_id] => 5
    [comp_id] => 5
    [license_type] => FL-III
    [allowed_classes] => Array
        (
            [0] => W
            [1] => V
            [2] => M
            [3] => F
            [4] => D
            [5] => K
            [6] => G
            [7] => R
        )

    [end_date_day] => 05
    [closing_column] => DAY_05_CLOSING
    [end_date_month] => 2021-04
    [stock_filter] => > 0
    [daily_stock_table] => tbldailystock_5_04_21
    [table_suffix] => _04_21
    [current_month] => 2026-03
    [has_restrictions] => 
    [available_dates] => Array
        (
            [0] => 2021-04-01
            [1] => 2021-04-02
            [2] => 2021-04-03
            [3] => 2021-04-04
            [4] => 2021-04-05
        )

    [unavailable_dates] => Array
        (
        )

    [dry_dates] => Array
        (
        )

    [latest_global_sale] => 
    [selected_customer] => 164
    [selected_customer_name] => Sarang
    [customer_prices_count] => 0
)

[2026-03-22 13:39:43] [INFO] Session quantity updated: SCMPL0028274 = 5
[2026-03-22 13:39:48] [INFO] === ULTRA FAST BILL GEN START ===
[2026-03-22 13:39:48] [INFO] Received 1 items and 1 saved distributions
[2026-03-22 13:39:48] [DEBUG] Items received: SCMPL0028274
[2026-03-22 13:39:48] [DEBUG] Distribution keys received: SCMPL0028274
[2026-03-22 13:39:48] [DEBUG] Distribution for SCMPL0028274 (type: string): [1,1,2,0,1]
[2026-03-22 13:39:48] [INFO] Date range: 2021-04-01 00:00:00 to 2021-04-05, Total days: 5, Dry days: 0, Available days: 5
[2026-03-22 13:39:48] [DEBUG] DEBUG: Checking distribution for item SCMPL0028274 - Total Qty: 5
[2026-03-22 13:39:48] [DEBUG] DEBUG: Available distributions: YES
[2026-03-22 13:39:48] [DEBUG] DEBUG: Distribution type for SCMPL0028274: string
[2026-03-22 13:39:48] [DEBUG] DEBUG: Raw distribution string for SCMPL0028274: [1,1,2,0,1]
[2026-03-22 13:39:48] [INFO] SAVED DIST USED (json decoded): SCMPL0028274 = 1, 1, 2, 0, 1
[2026-03-22 13:39:48] [DEBUG] DEBUG: Skipping stock validation for historical date 2021-04-01 (month: 2021-04)
[2026-03-22 13:39:48] [DEBUG] DEBUG: Skipping stock validation for historical date 2021-04-02 (month: 2021-04)
[2026-03-22 13:39:48] [DEBUG] DEBUG: Skipping stock validation for historical date 2021-04-03 (month: 2021-04)
[2026-03-22 13:39:48] [DEBUG] DEBUG: Skipping stock validation for historical date 2021-04-05 (month: 2021-04)
[2026-03-22 13:39:48] [INFO] === FINAL DISTRIBUTION FOR BILLS === Item: SCMPL0028274 | Qty: 5 | Distribution: 1,1,2,0,1 | Sum: 5
[2026-03-22 13:39:48] [INFO] Starting batch processing: 4 bills in 1 batches of 100
[2026-03-22 13:39:48] [INFO] Note: Stock updates would need aggregation during batch processing
[2026-03-22 13:39:49] [INFO] Starting cascade to financial year end 2022-03-31 23:59:59 for item SCMPL0028274 from month 2021-04
[2026-03-22 13:39:49] [INFO] Updated opening for SCMPL0028274 in 2021-05 to 795
[2026-03-22 13:39:49] [INFO] Completed cascading for month 2021-05
[2026-03-22 13:39:49] [INFO] Updated opening for SCMPL0028274 in 2021-06 to 795
[2026-03-22 13:39:49] [INFO] Completed cascading for month 2021-06
[2026-03-22 13:39:49] [INFO] Updated opening for SCMPL0028274 in 2021-07 to 1195
[2026-03-22 13:39:49] [INFO] Completed cascading for month 2021-07
[2026-03-22 13:39:49] [INFO] Updated opening for SCMPL0028274 in 2021-08 to 1195
[2026-03-22 13:39:49] [INFO] Completed cascading for month 2021-08
[2026-03-22 13:39:49] [INFO] Updated opening for SCMPL0028274 in 2021-09 to 1695
[2026-03-22 13:39:49] [INFO] Completed cascading for month 2021-09
[2026-03-22 13:39:49] [INFO] Updated opening for SCMPL0028274 in 2021-10 to 1695
[2026-03-22 13:39:49] [INFO] Completed cascading for month 2021-10
[2026-03-22 13:39:49] [INFO] Updated opening for SCMPL0028274 in 2021-11 to 1895
[2026-03-22 13:39:49] [INFO] Completed cascading for month 2021-11
[2026-03-22 13:39:49] [INFO] Updated opening for SCMPL0028274 in 2021-12 to 1895
[2026-03-22 13:39:49] [INFO] Completed cascading for month 2021-12
[2026-03-22 13:39:49] [INFO] Updated opening for SCMPL0028274 in 2022-01 to 2000
[2026-03-22 13:39:49] [INFO] Completed cascading for month 2022-01
[2026-03-22 13:39:50] [INFO] Updated opening for SCMPL0028274 in 2022-02 to 2100
[2026-03-22 13:39:50] [INFO] Completed cascading for month 2022-02
[2026-03-22 13:39:50] [INFO] Updated opening for SCMPL0028274 in 2022-03 to 2400
[2026-03-22 13:39:50] [INFO] Completed cascading for month 2022-03
[2026-03-22 13:39:50] [INFO] Reached month 2022-04 which extends beyond financial year end 2022-03-31 23:59:59, stopping cascade
[2026-03-22 13:39:50] [INFO] === PAGE ACCESS ===
[2026-03-22 13:39:50] [INFO] Request method: GET
[2026-03-22 13:39:50] [INFO] Search term: ''
[2026-03-22 13:39:50] [INFO] Current session ID: 8gegp6ieehdecgqkee3fg3r0l9
[2026-03-22 13:39:50] [INFO] Loaded 0 customer-specific prices for customer ID: 164
[2026-03-22 13:39:51] [INFO] Daily stock data fetched for 50 items across 1 months
[2026-03-22 13:39:51] [INFO] GLOBAL CHECK: Latest existing sale: 2021-04-05
[2026-03-22 13:39:51] [INFO] Available dates: 
[2026-03-22 13:39:51] [INFO] Unavailable dates (has existing sales): 2021-04-01, 2021-04-02, 2021-04-03, 2021-04-04, 2021-04-05
[2026-03-22 13:39:51] [INFO] Final session quantities count: 0
[2026-03-22 13:39:51] [INFO] Items in current view: 50
[2026-03-22 13:39:51] [INFO] Selected customer: ID 164 - Sarang
[2026-03-22 13:39:51] [INFO] Sales Page Load Debug Info:
Array
(
    [total_items] => 72
    [current_page] => 1
    [total_pages] => 2
    [session_quantities_count] => 0
    [post_quantities_count] => 0
    [date_range] => 2021-04-01 00:00:00 to 2021-04-05
    [days_count] => 5
    [user_id] => 5
    [comp_id] => 5
    [license_type] => FL-III
    [allowed_classes] => Array
        (
            [0] => W
            [1] => V
            [2] => M
            [3] => F
            [4] => D
            [5] => K
            [6] => G
            [7] => R
        )

    [end_date_day] => 05
    [closing_column] => DAY_05_CLOSING
    [end_date_month] => 2021-04
    [stock_filter] => > 0
    [daily_stock_table] => tbldailystock_5_04_21
    [table_suffix] => _04_21
    [current_month] => 2026-03
    [has_restrictions] => 1
    [available_dates] => Array
        (
        )

    [unavailable_dates] => Array
        (
            [0] => 2021-04-01
            [1] => 2021-04-02
            [2] => 2021-04-03
            [3] => 2021-04-04
            [4] => 2021-04-05
        )

    [dry_dates] => Array
        (
        )

    [latest_global_sale] => 2021-04-05
    [selected_customer] => 164
    [selected_customer_name] => Sarang
    [customer_prices_count] => 0
)

[2026-03-22 13:45:28] [INFO] === PAGE ACCESS ===
[2026-03-22 13:45:28] [INFO] Request method: GET
[2026-03-22 13:45:28] [INFO] Search term: ''
[2026-03-22 13:45:28] [INFO] Current session ID: 8gegp6ieehdecgqkee3fg3r0l9
[2026-03-22 13:45:28] [INFO] Loaded 0 customer-specific prices for customer ID: 164
[2026-03-22 13:45:28] [INFO] Final session quantities count: 0
[2026-03-22 13:45:28] [INFO] Items in current view: 0
[2026-03-22 13:45:28] [INFO] Selected customer: ID 164 - Sarang
[2026-03-22 13:45:28] [INFO] Sales Page Load Debug Info:
Array
(
    [total_items] => 0
    [current_page] => 1
    [total_pages] => 0
    [session_quantities_count] => 0
    [post_quantities_count] => 0
    [date_range] => 2026-03-22 to 2026-03-22
    [days_count] => 1
    [user_id] => 5
    [comp_id] => 5
    [license_type] => FL-III
    [allowed_classes] => Array
        (
            [0] => W
            [1] => V
            [2] => M
            [3] => F
            [4] => D
            [5] => K
            [6] => G
            [7] => R
        )

    [end_date_day] => 22
    [closing_column] => DAY_22_CLOSING
    [end_date_month] => 2026-03
    [stock_filter] => > 0
    [daily_stock_table] => tbldailystock_5
    [table_suffix] => 
    [current_month] => 2026-03
    [has_restrictions] => 
    [available_dates] => Array
        (
            [0] => 2026-03-22
        )

    [unavailable_dates] => Array
        (
        )

    [dry_dates] => Array
        (
        )

    [latest_global_sale] => 
    [selected_customer] => 164
    [selected_customer_name] => Sarang
    [customer_prices_count] => 0
)

[2026-03-22 14:09:34] [INFO] === PAGE ACCESS ===
[2026-03-22 14:09:34] [INFO] Request method: GET
[2026-03-22 14:09:34] [INFO] Search term: ''
[2026-03-22 14:09:34] [INFO] Current session ID: 8gegp6ieehdecgqkee3fg3r0l9
[2026-03-22 14:09:34] [INFO] Loaded 0 customer-specific prices for customer ID: 164
[2026-03-22 14:09:34] [INFO] Final session quantities count: 0
[2026-03-22 14:09:34] [INFO] Items in current view: 0
[2026-03-22 14:09:34] [INFO] Selected customer: ID 164 - Sarang
[2026-03-22 14:09:34] [INFO] Sales Page Load Debug Info:
Array
(
    [total_items] => 0
    [current_page] => 1
    [total_pages] => 0
    [session_quantities_count] => 0
    [post_quantities_count] => 0
    [date_range] => 2026-03-22 to 2026-03-22
    [days_count] => 1
    [user_id] => 5
    [comp_id] => 5
    [license_type] => FL-III
    [allowed_classes] => Array
        (
            [0] => W
            [1] => V
            [2] => M
            [3] => F
            [4] => D
            [5] => K
            [6] => G
            [7] => R
        )

    [end_date_day] => 22
    [closing_column] => DAY_22_CLOSING
    [end_date_month] => 2026-03
    [stock_filter] => > 0
    [daily_stock_table] => tbldailystock_5
    [table_suffix] => 
    [current_month] => 2026-03
    [has_restrictions] => 
    [available_dates] => Array
        (
            [0] => 2026-03-22
        )

    [unavailable_dates] => Array
        (
        )

    [dry_dates] => Array
        (
        )

    [latest_global_sale] => 
    [selected_customer] => 164
    [selected_customer_name] => Sarang
    [customer_prices_count] => 0
)

[2026-03-22 14:20:26] [INFO] === PAGE ACCESS ===
[2026-03-22 14:20:26] [INFO] Request method: GET
[2026-03-22 14:20:26] [INFO] Search term: ''
[2026-03-22 14:20:26] [INFO] Current session ID: 8gegp6ieehdecgqkee3fg3r0l9
[2026-03-22 14:20:26] [INFO] Loaded 0 customer-specific prices for customer ID: 164
[2026-03-22 14:20:27] [INFO] Final session quantities count: 0
[2026-03-22 14:20:27] [INFO] Items in current view: 0
[2026-03-22 14:20:27] [INFO] Selected customer: ID 164 - Sarang
[2026-03-22 14:20:27] [INFO] Sales Page Load Debug Info:
Array
(
    [total_items] => 0
    [current_page] => 1
    [total_pages] => 0
    [session_quantities_count] => 0
    [post_quantities_count] => 0
    [date_range] => 2026-03-22 to 2026-03-22
    [days_count] => 1
    [user_id] => 5
    [comp_id] => 5
    [license_type] => FL-III
    [allowed_classes] => Array
        (
            [0] => W
            [1] => V
            [2] => M
            [3] => F
            [4] => D
            [5] => K
            [6] => G
            [7] => R
        )

    [end_date_day] => 22
    [closing_column] => DAY_22_CLOSING
    [end_date_month] => 2026-03
    [stock_filter] => > 0
    [daily_stock_table] => tbldailystock_5
    [table_suffix] => 
    [current_month] => 2026-03
    [has_restrictions] => 
    [available_dates] => Array
        (
            [0] => 2026-03-22
        )

    [unavailable_dates] => Array
        (
        )

    [dry_dates] => Array
        (
        )

    [latest_global_sale] => 
    [selected_customer] => 164
    [selected_customer_name] => Sarang
    [customer_prices_count] => 0
)

[2026-03-22 14:20:29] [INFO] === PAGE ACCESS ===
[2026-03-22 14:20:29] [INFO] Request method: POST
[2026-03-22 14:20:29] [INFO] Search term: ''
[2026-03-22 14:20:29] [INFO] Current session ID: 8gegp6ieehdecgqkee3fg3r0l9
[2026-03-22 14:20:29] [INFO] Customer already exists: Sarang (ID: 164)
[2026-03-22 14:20:29] [INFO] New customer created: Sarang (ID: 164)
[2026-03-22 14:20:29] [INFO] === PAGE ACCESS ===
[2026-03-22 14:20:29] [INFO] Request method: GET
[2026-03-22 14:20:29] [INFO] Search term: ''
[2026-03-22 14:20:29] [INFO] Current session ID: 8gegp6ieehdecgqkee3fg3r0l9
[2026-03-22 14:20:29] [INFO] Loaded 0 customer-specific prices for customer ID: 164
[2026-03-22 14:20:29] [INFO] Final session quantities count: 0
[2026-03-22 14:20:29] [INFO] Items in current view: 0
[2026-03-22 14:20:29] [INFO] Selected customer: ID 164 - Sarang
[2026-03-22 14:20:29] [INFO] Sales Page Load Debug Info:
Array
(
    [total_items] => 0
    [current_page] => 1
    [total_pages] => 0
    [session_quantities_count] => 0
    [post_quantities_count] => 0
    [date_range] => 2026-03-22 to 2026-03-22
    [days_count] => 1
    [user_id] => 5
    [comp_id] => 5
    [license_type] => FL-III
    [allowed_classes] => Array
        (
            [0] => W
            [1] => V
            [2] => M
            [3] => F
            [4] => D
            [5] => K
            [6] => G
            [7] => R
        )

    [end_date_day] => 22
    [closing_column] => DAY_22_CLOSING
    [end_date_month] => 2026-03
    [stock_filter] => > 0
    [daily_stock_table] => tbldailystock_5
    [table_suffix] => 
    [current_month] => 2026-03
    [has_restrictions] => 
    [available_dates] => Array
        (
            [0] => 2026-03-22
        )

    [unavailable_dates] => Array
        (
        )

    [dry_dates] => Array
        (
        )

    [latest_global_sale] => 
    [selected_customer] => 164
    [selected_customer_name] => Sarang
    [customer_prices_count] => 0
)

[2026-03-22 14:20:44] [INFO] === PAGE ACCESS ===
[2026-03-22 14:20:44] [INFO] Request method: GET
[2026-03-22 14:20:44] [INFO] Search term: ''
[2026-03-22 14:20:44] [INFO] Current session ID: 8gegp6ieehdecgqkee3fg3r0l9
[2026-03-22 14:20:44] [INFO] Loaded 0 customer-specific prices for customer ID: 164
[2026-03-22 14:20:44] [INFO] Daily stock data fetched for 50 items across 1 months
[2026-03-22 14:20:44] [INFO] Final session quantities count: 0
[2026-03-22 14:20:44] [INFO] Items in current view: 50
[2026-03-22 14:20:44] [INFO] Selected customer: ID 164 - Sarang
[2026-03-22 14:20:44] [INFO] Sales Page Load Debug Info:
Array
(
    [total_items] => 72
    [current_page] => 1
    [total_pages] => 2
    [session_quantities_count] => 0
    [post_quantities_count] => 0
    [date_range] => 2021-04-01 00:00:00 to 2021-04-05
    [days_count] => 5
    [user_id] => 5
    [comp_id] => 5
    [license_type] => FL-III
    [allowed_classes] => Array
        (
            [0] => W
            [1] => V
            [2] => M
            [3] => F
            [4] => D
            [5] => K
            [6] => G
            [7] => R
        )

    [end_date_day] => 05
    [closing_column] => DAY_05_CLOSING
    [end_date_month] => 2021-04
    [stock_filter] => > 0
    [daily_stock_table] => tbldailystock_5_04_21
    [table_suffix] => _04_21
    [current_month] => 2026-03
    [has_restrictions] => 
    [available_dates] => Array
        (
            [0] => 2021-04-01
            [1] => 2021-04-02
            [2] => 2021-04-03
            [3] => 2021-04-04
            [4] => 2021-04-05
        )

    [unavailable_dates] => Array
        (
        )

    [dry_dates] => Array
        (
        )

    [latest_global_sale] => 
    [selected_customer] => 164
    [selected_customer_name] => Sarang
    [customer_prices_count] => 0
)

[2026-03-22 14:20:49] [INFO] Session quantity updated: SCMPL0028274 = 5
[2026-03-22 14:20:53] [INFO] === ULTRA FAST BILL GEN START ===
[2026-03-22 14:20:53] [INFO] Received 1 items and 1 saved distributions
[2026-03-22 14:20:53] [DEBUG] Items received: SCMPL0028274
[2026-03-22 14:20:53] [DEBUG] Distribution keys received: SCMPL0028274
[2026-03-22 14:20:53] [DEBUG] Distribution for SCMPL0028274 (type: string): [0,2,0,2,1]
[2026-03-22 14:20:53] [INFO] Date range: 2021-04-01 00:00:00 to 2021-04-05, Total days: 5, Dry days: 0, Available days: 5
[2026-03-22 14:20:53] [DEBUG] DEBUG: Checking distribution for item SCMPL0028274 - Total Qty: 5
[2026-03-22 14:20:53] [DEBUG] DEBUG: Available distributions: YES
[2026-03-22 14:20:53] [DEBUG] DEBUG: Distribution type for SCMPL0028274: string
[2026-03-22 14:20:53] [DEBUG] DEBUG: Raw distribution string for SCMPL0028274: [0,2,0,2,1]
[2026-03-22 14:20:53] [INFO] SAVED DIST USED (json decoded): SCMPL0028274 = 0, 2, 0, 2, 1
[2026-03-22 14:20:53] [DEBUG] DEBUG: Skipping stock validation for historical date 2021-04-02 (month: 2021-04)
[2026-03-22 14:20:53] [DEBUG] DEBUG: Skipping stock validation for historical date 2021-04-04 (month: 2021-04)
[2026-03-22 14:20:53] [DEBUG] DEBUG: Skipping stock validation for historical date 2021-04-05 (month: 2021-04)
[2026-03-22 14:20:53] [INFO] === FINAL DISTRIBUTION FOR BILLS === Item: SCMPL0028274 | Qty: 5 | Distribution: 0,2,0,2,1 | Sum: 5
[2026-03-22 14:20:53] [INFO] Starting batch processing: 3 bills in 1 batches of 100
[2026-03-22 14:20:53] [DEBUG] DEBUG: Session check in generate_bills_ultra_fast - selected_customer: 164
[2026-03-22 14:20:53] [DEBUG] DEBUG: All relevant session vars: {"selected_customer":164,"customer_prices":0}
[2026-03-22 14:20:53] [DEBUG] DEBUG: After casting - selectedCustomer: 164
[2026-03-22 14:20:53] [INFO] Recording customer sales for customer ID: 164
[2026-03-22 14:20:53] [DEBUG] Recording customer sale - BillNo: 1, Item: SCMPL0028274, Qty: 2, Rate: 1131
[2026-03-22 14:20:53] [INFO] Customer sale recorded: BillNo=1, Customer=164, Item=SCMPL0028274, Qty=2
[2026-03-22 14:20:53] [DEBUG] Recording customer sale - BillNo: 2, Item: SCMPL0028274, Qty: 2, Rate: 1131
[2026-03-22 14:20:53] [INFO] Customer sale recorded: BillNo=2, Customer=164, Item=SCMPL0028274, Qty=2
[2026-03-22 14:20:53] [DEBUG] Recording customer sale - BillNo: 3, Item: SCMPL0028274, Qty: 1, Rate: 1131
[2026-03-22 14:20:53] [INFO] Customer sale recorded: BillNo=3, Customer=164, Item=SCMPL0028274, Qty=1
[2026-03-22 14:20:53] [INFO] Note: Stock updates would need aggregation during batch processing
[2026-03-22 14:20:54] [INFO] Starting cascade to financial year end 2022-03-31 23:59:59 for item SCMPL0028274 from month 2021-04
[2026-03-22 14:20:54] [INFO] Updated opening for SCMPL0028274 in 2021-05 to 795
[2026-03-22 14:20:54] [INFO] Completed cascading for month 2021-05
[2026-03-22 14:20:54] [INFO] Updated opening for SCMPL0028274 in 2021-06 to 795
[2026-03-22 14:20:54] [INFO] Completed cascading for month 2021-06
[2026-03-22 14:20:54] [INFO] Updated opening for SCMPL0028274 in 2021-07 to 1195
[2026-03-22 14:20:54] [INFO] Completed cascading for month 2021-07
[2026-03-22 14:20:54] [INFO] Updated opening for SCMPL0028274 in 2021-08 to 1195
[2026-03-22 14:20:54] [INFO] Completed cascading for month 2021-08
[2026-03-22 14:20:54] [INFO] Updated opening for SCMPL0028274 in 2021-09 to 1695
[2026-03-22 14:20:54] [INFO] Completed cascading for month 2021-09
[2026-03-22 14:20:54] [INFO] Updated opening for SCMPL0028274 in 2021-10 to 1695
[2026-03-22 14:20:54] [INFO] Completed cascading for month 2021-10
[2026-03-22 14:20:54] [INFO] Updated opening for SCMPL0028274 in 2021-11 to 1895
[2026-03-22 14:20:54] [INFO] Completed cascading for month 2021-11
[2026-03-22 14:20:54] [INFO] Updated opening for SCMPL0028274 in 2021-12 to 1895
[2026-03-22 14:20:54] [INFO] Completed cascading for month 2021-12
[2026-03-22 14:20:54] [INFO] Updated opening for SCMPL0028274 in 2022-01 to 2000
[2026-03-22 14:20:54] [INFO] Completed cascading for month 2022-01
[2026-03-22 14:20:54] [INFO] Updated opening for SCMPL0028274 in 2022-02 to 2100
[2026-03-22 14:20:54] [INFO] Completed cascading for month 2022-02
[2026-03-22 14:20:54] [INFO] Updated opening for SCMPL0028274 in 2022-03 to 2400
[2026-03-22 14:20:55] [INFO] Completed cascading for month 2022-03
[2026-03-22 14:20:55] [INFO] Reached month 2022-04 which extends beyond financial year end 2022-03-31 23:59:59, stopping cascade
[2026-03-22 14:20:55] [INFO] === PAGE ACCESS ===
[2026-03-22 14:20:55] [INFO] Request method: GET
[2026-03-22 14:20:55] [INFO] Search term: ''
[2026-03-22 14:20:55] [INFO] Current session ID: 8gegp6ieehdecgqkee3fg3r0l9
[2026-03-22 14:20:55] [INFO] Loaded 0 customer-specific prices for customer ID: 164
[2026-03-22 14:20:55] [INFO] Daily stock data fetched for 50 items across 1 months
[2026-03-22 14:20:55] [INFO] GLOBAL CHECK: Latest existing sale: 2021-04-05
[2026-03-22 14:20:55] [INFO] Available dates: 
[2026-03-22 14:20:55] [INFO] Unavailable dates (has existing sales): 2021-04-01, 2021-04-02, 2021-04-03, 2021-04-04, 2021-04-05
[2026-03-22 14:20:55] [INFO] Final session quantities count: 0
[2026-03-22 14:20:55] [INFO] Items in current view: 50
[2026-03-22 14:20:55] [INFO] Selected customer: ID 164 - Sarang
[2026-03-22 14:20:55] [INFO] Sales Page Load Debug Info:
Array
(
    [total_items] => 72
    [current_page] => 1
    [total_pages] => 2
    [session_quantities_count] => 0
    [post_quantities_count] => 0
    [date_range] => 2021-04-01 00:00:00 to 2021-04-05
    [days_count] => 5
    [user_id] => 5
    [comp_id] => 5
    [license_type] => FL-III
    [allowed_classes] => Array
        (
            [0] => W
            [1] => V
            [2] => M
            [3] => F
            [4] => D
            [5] => K
            [6] => G
            [7] => R
        )

    [end_date_day] => 05
    [closing_column] => DAY_05_CLOSING
    [end_date_month] => 2021-04
    [stock_filter] => > 0
    [daily_stock_table] => tbldailystock_5_04_21
    [table_suffix] => _04_21
    [current_month] => 2026-03
    [has_restrictions] => 1
    [available_dates] => Array
        (
        )

    [unavailable_dates] => Array
        (
            [0] => 2021-04-01
            [1] => 2021-04-02
            [2] => 2021-04-03
            [3] => 2021-04-04
            [4] => 2021-04-05
        )

    [dry_dates] => Array
        (
        )

    [latest_global_sale] => 2021-04-05
    [selected_customer] => 164
    [selected_customer_name] => Sarang
    [customer_prices_count] => 0
)

[2026-03-22 14:21:33] [INFO] === PAGE ACCESS ===
[2026-03-22 14:21:33] [INFO] Request method: GET
[2026-03-22 14:21:33] [INFO] Search term: ''
[2026-03-22 14:21:33] [INFO] Current session ID: 8gegp6ieehdecgqkee3fg3r0l9
[2026-03-22 14:21:33] [INFO] Final session quantities count: 0
[2026-03-22 14:21:33] [INFO] Items in current view: 0
[2026-03-22 14:21:33] [INFO] Sales Page Load Debug Info:
Array
(
    [total_items] => 0
    [current_page] => 1
    [total_pages] => 0
    [session_quantities_count] => 0
    [post_quantities_count] => 0
    [date_range] => 2026-03-22 to 2026-03-22
    [days_count] => 1
    [user_id] => 5
    [comp_id] => 5
    [license_type] => FL-III
    [allowed_classes] => Array
        (
            [0] => W
            [1] => V
            [2] => M
            [3] => F
            [4] => D
            [5] => K
            [6] => G
            [7] => R
        )

    [end_date_day] => 22
    [closing_column] => DAY_22_CLOSING
    [end_date_month] => 2026-03
    [stock_filter] => > 0
    [daily_stock_table] => tbldailystock_5
    [table_suffix] => 
    [current_month] => 2026-03
    [has_restrictions] => 
    [available_dates] => Array
        (
            [0] => 2026-03-22
        )

    [unavailable_dates] => Array
        (
        )

    [dry_dates] => Array
        (
        )

    [latest_global_sale] => 
)

[2026-03-22 14:21:51] [INFO] === PAGE ACCESS ===
[2026-03-22 14:21:51] [INFO] Request method: GET
[2026-03-22 14:21:51] [INFO] Search term: ''
[2026-03-22 14:21:51] [INFO] Current session ID: 8gegp6ieehdecgqkee3fg3r0l9
[2026-03-22 14:21:51] [INFO] Daily stock data fetched for 50 items across 1 months
[2026-03-22 14:21:51] [INFO] Final session quantities count: 0
[2026-03-22 14:21:51] [INFO] Items in current view: 50
[2026-03-22 14:21:51] [INFO] Sales Page Load Debug Info:
Array
(
    [total_items] => 74
    [current_page] => 1
    [total_pages] => 2
    [session_quantities_count] => 0
    [post_quantities_count] => 0
    [date_range] => 2021-04-06 to 2021-04-08
    [days_count] => 3
    [user_id] => 5
    [comp_id] => 5
    [license_type] => FL-III
    [allowed_classes] => Array
        (
            [0] => W
            [1] => V
            [2] => M
            [3] => F
            [4] => D
            [5] => K
            [6] => G
            [7] => R
        )

    [end_date_day] => 08
    [closing_column] => DAY_08_CLOSING
    [end_date_month] => 2021-04
    [stock_filter] => > 0
    [daily_stock_table] => tbldailystock_5_04_21
    [table_suffix] => _04_21
    [current_month] => 2026-03
    [has_restrictions] => 
    [available_dates] => Array
        (
            [0] => 2021-04-06
            [1] => 2021-04-07
            [2] => 2021-04-08
        )

    [unavailable_dates] => Array
        (
        )

    [dry_dates] => Array
        (
        )

    [latest_global_sale] => 
)

[2026-03-22 14:21:56] [INFO] Session quantity updated: SCMPL0028274 = 5
[2026-03-22 14:21:59] [INFO] === ULTRA FAST BILL GEN START ===
[2026-03-22 14:21:59] [INFO] Received 1 items and 1 saved distributions
[2026-03-22 14:21:59] [DEBUG] Items received: SCMPL0028274
[2026-03-22 14:21:59] [DEBUG] Distribution keys received: SCMPL0028274
[2026-03-22 14:21:59] [DEBUG] Distribution for SCMPL0028274 (type: string): [2,3,0]
[2026-03-22 14:21:59] [INFO] Date range: 2021-04-06 to 2021-04-08, Total days: 3, Dry days: 0, Available days: 3
[2026-03-22 14:21:59] [DEBUG] DEBUG: Checking distribution for item SCMPL0028274 - Total Qty: 5
[2026-03-22 14:21:59] [DEBUG] DEBUG: Available distributions: YES
[2026-03-22 14:21:59] [DEBUG] DEBUG: Distribution type for SCMPL0028274: string
[2026-03-22 14:21:59] [DEBUG] DEBUG: Raw distribution string for SCMPL0028274: [2,3,0]
[2026-03-22 14:21:59] [INFO] SAVED DIST USED (json decoded): SCMPL0028274 = 2, 3, 0
[2026-03-22 14:21:59] [DEBUG] DEBUG: Skipping stock validation for historical date 2021-04-06 (month: 2021-04)
[2026-03-22 14:21:59] [DEBUG] DEBUG: Skipping stock validation for historical date 2021-04-07 (month: 2021-04)
[2026-03-22 14:21:59] [INFO] === FINAL DISTRIBUTION FOR BILLS === Item: SCMPL0028274 | Qty: 5 | Distribution: 2,3,0 | Sum: 5
[2026-03-22 14:21:59] [INFO] Starting batch processing: 2 bills in 1 batches of 100
[2026-03-22 14:21:59] [DEBUG] DEBUG: Session check in generate_bills_ultra_fast - selected_customer: 164
[2026-03-22 14:21:59] [DEBUG] DEBUG: All relevant session vars: {"selected_customer":164,"customer_prices":0}
[2026-03-22 14:21:59] [DEBUG] DEBUG: After casting - selectedCustomer: 164
[2026-03-22 14:21:59] [INFO] Recording customer sales for customer ID: 164
[2026-03-22 14:21:59] [DEBUG] Recording customer sale - BillNo: 4, Item: SCMPL0028274, Qty: 2, Rate: 1131
[2026-03-22 14:21:59] [INFO] Customer sale recorded: BillNo=4, Customer=164, Item=SCMPL0028274, Qty=2
[2026-03-22 14:21:59] [DEBUG] Recording customer sale - BillNo: 5, Item: SCMPL0028274, Qty: 3, Rate: 1131
[2026-03-22 14:21:59] [INFO] Customer sale recorded: BillNo=5, Customer=164, Item=SCMPL0028274, Qty=3
[2026-03-22 14:21:59] [INFO] Note: Stock updates would need aggregation during batch processing
[2026-03-22 14:22:00] [INFO] Starting cascade to financial year end 2022-03-31 23:59:59 for item SCMPL0028274 from month 2021-04
[2026-03-22 14:22:00] [INFO] Updated opening for SCMPL0028274 in 2021-05 to 790
[2026-03-22 14:22:00] [INFO] Completed cascading for month 2021-05
[2026-03-22 14:22:00] [INFO] Updated opening for SCMPL0028274 in 2021-06 to 790
[2026-03-22 14:22:00] [INFO] Completed cascading for month 2021-06
[2026-03-22 14:22:00] [INFO] Updated opening for SCMPL0028274 in 2021-07 to 1190
[2026-03-22 14:22:00] [INFO] Completed cascading for month 2021-07
[2026-03-22 14:22:00] [INFO] Updated opening for SCMPL0028274 in 2021-08 to 1190
[2026-03-22 14:22:00] [INFO] Completed cascading for month 2021-08
[2026-03-22 14:22:00] [INFO] Updated opening for SCMPL0028274 in 2021-09 to 1690
[2026-03-22 14:22:00] [INFO] Completed cascading for month 2021-09
[2026-03-22 14:22:00] [INFO] Updated opening for SCMPL0028274 in 2021-10 to 1690
[2026-03-22 14:22:00] [INFO] Completed cascading for month 2021-10
[2026-03-22 14:22:00] [INFO] Updated opening for SCMPL0028274 in 2021-11 to 1890
[2026-03-22 14:22:00] [INFO] Completed cascading for month 2021-11
[2026-03-22 14:22:00] [INFO] Updated opening for SCMPL0028274 in 2021-12 to 1890
[2026-03-22 14:22:00] [INFO] Completed cascading for month 2021-12
[2026-03-22 14:22:00] [INFO] Updated opening for SCMPL0028274 in 2022-01 to 1995
[2026-03-22 14:22:00] [INFO] Completed cascading for month 2022-01
[2026-03-22 14:22:00] [INFO] Updated opening for SCMPL0028274 in 2022-02 to 2095
[2026-03-22 14:22:00] [INFO] Completed cascading for month 2022-02
[2026-03-22 14:22:00] [INFO] Updated opening for SCMPL0028274 in 2022-03 to 2395
[2026-03-22 14:22:00] [INFO] Completed cascading for month 2022-03
[2026-03-22 14:22:00] [INFO] Reached month 2022-04 which extends beyond financial year end 2022-03-31 23:59:59, stopping cascade
[2026-03-22 14:22:00] [INFO] === PAGE ACCESS ===
[2026-03-22 14:22:00] [INFO] Request method: GET
[2026-03-22 14:22:00] [INFO] Search term: ''
[2026-03-22 14:22:00] [INFO] Current session ID: 8gegp6ieehdecgqkee3fg3r0l9
[2026-03-22 14:22:01] [INFO] Daily stock data fetched for 50 items across 1 months
[2026-03-22 14:22:01] [INFO] GLOBAL CHECK: Latest existing sale: 2021-04-07
[2026-03-22 14:22:01] [INFO] Available dates: 2021-04-08
[2026-03-22 14:22:01] [INFO] Unavailable dates (has existing sales): 2021-04-06, 2021-04-07
[2026-03-22 14:22:01] [INFO] Final session quantities count: 0
[2026-03-22 14:22:01] [INFO] Items in current view: 50
[2026-03-22 14:22:01] [INFO] Sales Page Load Debug Info:
Array
(
    [total_items] => 74
    [current_page] => 1
    [total_pages] => 2
    [session_quantities_count] => 0
    [post_quantities_count] => 0
    [date_range] => 2021-04-06 to 2021-04-08
    [days_count] => 3
    [user_id] => 5
    [comp_id] => 5
    [license_type] => FL-III
    [allowed_classes] => Array
        (
            [0] => W
            [1] => V
            [2] => M
            [3] => F
            [4] => D
            [5] => K
            [6] => G
            [7] => R
        )

    [end_date_day] => 08
    [closing_column] => DAY_08_CLOSING
    [end_date_month] => 2021-04
    [stock_filter] => > 0
    [daily_stock_table] => tbldailystock_5_04_21
    [table_suffix] => _04_21
    [current_month] => 2026-03
    [has_restrictions] => 1
    [available_dates] => Array
        (
            [0] => 2021-04-08
        )

    [unavailable_dates] => Array
        (
            [0] => 2021-04-06
            [1] => 2021-04-07
        )

    [dry_dates] => Array
        (
        )

    [latest_global_sale] => 2021-04-07
)

[2026-03-22 14:22:40] [INFO] === PAGE ACCESS ===
[2026-03-22 14:22:40] [INFO] Request method: GET
[2026-03-22 14:22:40] [INFO] Search term: ''
[2026-03-22 14:22:40] [INFO] Current session ID: 8gegp6ieehdecgqkee3fg3r0l9
[2026-03-22 14:22:40] [INFO] Final session quantities count: 0
[2026-03-22 14:22:40] [INFO] Items in current view: 0
[2026-03-22 14:22:40] [INFO] Sales Page Load Debug Info:
Array
(
    [total_items] => 0
    [current_page] => 1
    [total_pages] => 0
    [session_quantities_count] => 0
    [post_quantities_count] => 0
    [date_range] => 2026-03-22 to 2026-03-22
    [days_count] => 1
    [user_id] => 5
    [comp_id] => 5
    [license_type] => FL-III
    [allowed_classes] => Array
        (
            [0] => W
            [1] => V
            [2] => M
            [3] => F
            [4] => D
            [5] => K
            [6] => G
            [7] => R
        )

    [end_date_day] => 22
    [closing_column] => DAY_22_CLOSING
    [end_date_month] => 2026-03
    [stock_filter] => > 0
    [daily_stock_table] => tbldailystock_5
    [table_suffix] => 
    [current_month] => 2026-03
    [has_restrictions] => 
    [available_dates] => Array
        (
            [0] => 2026-03-22
        )

    [unavailable_dates] => Array
        (
        )

    [dry_dates] => Array
        (
        )

    [latest_global_sale] => 
)

[2026-03-22 14:22:52] [INFO] === PAGE ACCESS ===
[2026-03-22 14:22:52] [INFO] Request method: GET
[2026-03-22 14:22:52] [INFO] Search term: ''
[2026-03-22 14:22:52] [INFO] Current session ID: 8gegp6ieehdecgqkee3fg3r0l9
[2026-03-22 14:22:52] [INFO] Daily stock data fetched for 50 items across 1 months
[2026-03-22 14:22:52] [INFO] Final session quantities count: 0
[2026-03-22 14:22:52] [INFO] Items in current view: 50
[2026-03-22 14:22:52] [INFO] Sales Page Load Debug Info:
Array
(
    [total_items] => 74
    [current_page] => 1
    [total_pages] => 2
    [session_quantities_count] => 0
    [post_quantities_count] => 0
    [date_range] => 2021-04-08 to 2021-04-08
    [days_count] => 1
    [user_id] => 5
    [comp_id] => 5
    [license_type] => FL-III
    [allowed_classes] => Array
        (
            [0] => W
            [1] => V
            [2] => M
            [3] => F
            [4] => D
            [5] => K
            [6] => G
            [7] => R
        )

    [end_date_day] => 08
    [closing_column] => DAY_08_CLOSING
    [end_date_month] => 2021-04
    [stock_filter] => > 0
    [daily_stock_table] => tbldailystock_5_04_21
    [table_suffix] => _04_21
    [current_month] => 2026-03
    [has_restrictions] => 
    [available_dates] => Array
        (
            [0] => 2021-04-08
        )

    [unavailable_dates] => Array
        (
        )

    [dry_dates] => Array
        (
        )

    [latest_global_sale] => 
)

[2026-03-22 14:22:55] [INFO] Session quantity updated: SCMPL0028274 = 10
[2026-03-22 14:22:59] [INFO] === ULTRA FAST BILL GEN START ===
[2026-03-22 14:22:59] [INFO] Received 1 items and 1 saved distributions
[2026-03-22 14:22:59] [DEBUG] Items received: SCMPL0028274
[2026-03-22 14:22:59] [DEBUG] Distribution keys received: SCMPL0028274
[2026-03-22 14:22:59] [DEBUG] Distribution for SCMPL0028274 (type: string): [10]
[2026-03-22 14:22:59] [INFO] Date range: 2021-04-08 to 2021-04-08, Total days: 1, Dry days: 0, Available days: 1
[2026-03-22 14:22:59] [DEBUG] DEBUG: Checking distribution for item SCMPL0028274 - Total Qty: 10
[2026-03-22 14:22:59] [DEBUG] DEBUG: Available distributions: YES
[2026-03-22 14:22:59] [DEBUG] DEBUG: Distribution type for SCMPL0028274: string
[2026-03-22 14:22:59] [DEBUG] DEBUG: Raw distribution string for SCMPL0028274: [10]
[2026-03-22 14:22:59] [INFO] SAVED DIST USED (json decoded): SCMPL0028274 = 10
[2026-03-22 14:22:59] [DEBUG] DEBUG: Skipping stock validation for historical date 2021-04-08 (month: 2021-04)
[2026-03-22 14:22:59] [INFO] === FINAL DISTRIBUTION FOR BILLS === Item: SCMPL0028274 | Qty: 10 | Distribution: 10 | Sum: 10
[2026-03-22 14:22:59] [INFO] Starting batch processing: 1 bills in 1 batches of 100
[2026-03-22 14:22:59] [DEBUG] DEBUG: Session check in generate_bills_ultra_fast - selected_customer: 164
[2026-03-22 14:22:59] [DEBUG] DEBUG: All relevant session vars: {"selected_customer":164,"customer_prices":0}
[2026-03-22 14:22:59] [DEBUG] DEBUG: After casting - selectedCustomer: 164
[2026-03-22 14:22:59] [INFO] Recording customer sales for customer ID: 164
[2026-03-22 14:22:59] [DEBUG] Recording customer sale - BillNo: 6, Item: SCMPL0028274, Qty: 10, Rate: 1131
[2026-03-22 14:22:59] [INFO] Customer sale recorded: BillNo=6, Customer=164, Item=SCMPL0028274, Qty=10
[2026-03-22 14:22:59] [INFO] Note: Stock updates would need aggregation during batch processing
[2026-03-22 14:22:59] [INFO] Starting cascade to financial year end 2022-03-31 23:59:59 for item SCMPL0028274 from month 2021-04
[2026-03-22 14:22:59] [INFO] Updated opening for SCMPL0028274 in 2021-05 to 780
[2026-03-22 14:22:59] [INFO] Completed cascading for month 2021-05
[2026-03-22 14:22:59] [INFO] Updated opening for SCMPL0028274 in 2021-06 to 780
[2026-03-22 14:22:59] [INFO] Completed cascading for month 2021-06
[2026-03-22 14:22:59] [INFO] Updated opening for SCMPL0028274 in 2021-07 to 1180
[2026-03-22 14:22:59] [INFO] Completed cascading for month 2021-07
[2026-03-22 14:22:59] [INFO] Updated opening for SCMPL0028274 in 2021-08 to 1180
[2026-03-22 14:23:00] [INFO] Completed cascading for month 2021-08
[2026-03-22 14:23:00] [INFO] Updated opening for SCMPL0028274 in 2021-09 to 1680
[2026-03-22 14:23:00] [INFO] Completed cascading for month 2021-09
[2026-03-22 14:23:00] [INFO] Updated opening for SCMPL0028274 in 2021-10 to 1680
[2026-03-22 14:23:00] [INFO] Completed cascading for month 2021-10
[2026-03-22 14:23:00] [INFO] Updated opening for SCMPL0028274 in 2021-11 to 1880
[2026-03-22 14:23:00] [INFO] Completed cascading for month 2021-11
[2026-03-22 14:23:00] [INFO] Updated opening for SCMPL0028274 in 2021-12 to 1880
[2026-03-22 14:23:00] [INFO] Completed cascading for month 2021-12
[2026-03-22 14:23:00] [INFO] Updated opening for SCMPL0028274 in 2022-01 to 1985
[2026-03-22 14:23:00] [INFO] Completed cascading for month 2022-01
[2026-03-22 14:23:00] [INFO] Updated opening for SCMPL0028274 in 2022-02 to 2085
[2026-03-22 14:23:00] [INFO] Completed cascading for month 2022-02
[2026-03-22 14:23:00] [INFO] Updated opening for SCMPL0028274 in 2022-03 to 2385
[2026-03-22 14:23:00] [INFO] Completed cascading for month 2022-03
[2026-03-22 14:23:00] [INFO] Reached month 2022-04 which extends beyond financial year end 2022-03-31 23:59:59, stopping cascade
[2026-03-22 14:23:00] [INFO] === PAGE ACCESS ===
[2026-03-22 14:23:00] [INFO] Request method: GET
[2026-03-22 14:23:00] [INFO] Search term: ''
[2026-03-22 14:23:00] [INFO] Current session ID: 8gegp6ieehdecgqkee3fg3r0l9
[2026-03-22 14:23:01] [INFO] Daily stock data fetched for 50 items across 1 months
[2026-03-22 14:23:01] [INFO] GLOBAL CHECK: Latest existing sale: 2021-04-08
[2026-03-22 14:23:01] [INFO] Available dates: 
[2026-03-22 14:23:01] [INFO] Unavailable dates (has existing sales): 2021-04-08
[2026-03-22 14:23:01] [INFO] Final session quantities count: 0
[2026-03-22 14:23:01] [INFO] Items in current view: 50
[2026-03-22 14:23:01] [INFO] Sales Page Load Debug Info:
Array
(
    [total_items] => 74
    [current_page] => 1
    [total_pages] => 2
    [session_quantities_count] => 0
    [post_quantities_count] => 0
    [date_range] => 2021-04-08 to 2021-04-08
    [days_count] => 1
    [user_id] => 5
    [comp_id] => 5
    [license_type] => FL-III
    [allowed_classes] => Array
        (
            [0] => W
            [1] => V
            [2] => M
            [3] => F
            [4] => D
            [5] => K
            [6] => G
            [7] => R
        )

    [end_date_day] => 08
    [closing_column] => DAY_08_CLOSING
    [end_date_month] => 2021-04
    [stock_filter] => > 0
    [daily_stock_table] => tbldailystock_5_04_21
    [table_suffix] => _04_21
    [current_month] => 2026-03
    [has_restrictions] => 1
    [available_dates] => Array
        (
        )

    [unavailable_dates] => Array
        (
            [0] => 2021-04-08
        )

    [dry_dates] => Array
        (
        )

    [latest_global_sale] => 2021-04-08
)

[2026-03-22 14:24:24] [INFO] === PAGE ACCESS ===
[2026-03-22 14:24:24] [INFO] Request method: GET
[2026-03-22 14:24:24] [INFO] Search term: ''
[2026-03-22 14:24:24] [INFO] Current session ID: 8gegp6ieehdecgqkee3fg3r0l9
[2026-03-22 14:24:25] [INFO] Final session quantities count: 0
[2026-03-22 14:24:25] [INFO] Items in current view: 0
[2026-03-22 14:24:25] [INFO] Sales Page Load Debug Info:
Array
(
    [total_items] => 0
    [current_page] => 1
    [total_pages] => 0
    [session_quantities_count] => 0
    [post_quantities_count] => 0
    [date_range] => 2026-03-22 to 2026-03-22
    [days_count] => 1
    [user_id] => 5
    [comp_id] => 5
    [license_type] => FL-III
    [allowed_classes] => Array
        (
            [0] => W
            [1] => V
            [2] => M
            [3] => F
            [4] => D
            [5] => K
            [6] => G
            [7] => R
        )

    [end_date_day] => 22
    [closing_column] => DAY_22_CLOSING
    [end_date_month] => 2026-03
    [stock_filter] => > 0
    [daily_stock_table] => tbldailystock_5
    [table_suffix] => 
    [current_month] => 2026-03
    [has_restrictions] => 
    [available_dates] => Array
        (
            [0] => 2026-03-22
        )

    [unavailable_dates] => Array
        (
        )

    [dry_dates] => Array
        (
        )

    [latest_global_sale] => 
)

[2026-03-22 14:24:39] [INFO] === PAGE ACCESS ===
[2026-03-22 14:24:39] [INFO] Request method: GET
[2026-03-22 14:24:39] [INFO] Search term: ''
[2026-03-22 14:24:39] [INFO] Current session ID: 8gegp6ieehdecgqkee3fg3r0l9
[2026-03-22 14:24:39] [INFO] Daily stock data fetched for 50 items across 1 months
[2026-03-22 14:24:39] [INFO] Final session quantities count: 0
[2026-03-22 14:24:39] [INFO] Items in current view: 50
[2026-03-22 14:24:39] [INFO] Sales Page Load Debug Info:
Array
(
    [total_items] => 72
    [current_page] => 1
    [total_pages] => 2
    [session_quantities_count] => 0
    [post_quantities_count] => 0
    [date_range] => 2021-04-01 00:00:00 to 2021-04-02
    [days_count] => 2
    [user_id] => 5
    [comp_id] => 5
    [license_type] => FL-III
    [allowed_classes] => Array
        (
            [0] => W
            [1] => V
            [2] => M
            [3] => F
            [4] => D
            [5] => K
            [6] => G
            [7] => R
        )

    [end_date_day] => 02
    [closing_column] => DAY_02_CLOSING
    [end_date_month] => 2021-04
    [stock_filter] => > 0
    [daily_stock_table] => tbldailystock_5_04_21
    [table_suffix] => _04_21
    [current_month] => 2026-03
    [has_restrictions] => 
    [available_dates] => Array
        (
            [0] => 2021-04-01
            [1] => 2021-04-02
        )

    [unavailable_dates] => Array
        (
        )

    [dry_dates] => Array
        (
        )

    [latest_global_sale] => 
)

[2026-03-22 14:24:42] [INFO] Session quantity updated: SCMPL0028274 = 5
[2026-03-22 14:25:01] [INFO] === ULTRA FAST BILL GEN START ===
[2026-03-22 14:25:01] [INFO] Received 1 items and 1 saved distributions
[2026-03-22 14:25:01] [DEBUG] Items received: SCMPL0028274
[2026-03-22 14:25:01] [DEBUG] Distribution keys received: SCMPL0028274
[2026-03-22 14:25:01] [DEBUG] Distribution for SCMPL0028274 (type: string): [1,4]
[2026-03-22 14:25:01] [INFO] Date range: 2021-04-01 00:00:00 to 2021-04-02, Total days: 2, Dry days: 0, Available days: 2
[2026-03-22 14:25:01] [DEBUG] DEBUG: Checking distribution for item SCMPL0028274 - Total Qty: 5
[2026-03-22 14:25:01] [DEBUG] DEBUG: Available distributions: YES
[2026-03-22 14:25:01] [DEBUG] DEBUG: Distribution type for SCMPL0028274: string
[2026-03-22 14:25:01] [DEBUG] DEBUG: Raw distribution string for SCMPL0028274: [1,4]
[2026-03-22 14:25:01] [INFO] SAVED DIST USED (json decoded): SCMPL0028274 = 1, 4
[2026-03-22 14:25:01] [DEBUG] DEBUG: Skipping stock validation for historical date 2021-04-01 (month: 2021-04)
[2026-03-22 14:25:01] [DEBUG] DEBUG: Skipping stock validation for historical date 2021-04-02 (month: 2021-04)
[2026-03-22 14:25:01] [INFO] === FINAL DISTRIBUTION FOR BILLS === Item: SCMPL0028274 | Qty: 5 | Distribution: 1,4 | Sum: 5
[2026-03-22 14:25:01] [INFO] Starting batch processing: 2 bills in 1 batches of 100
[2026-03-22 14:25:01] [INFO] Note: Stock updates would need aggregation during batch processing
[2026-03-22 14:25:01] [INFO] Starting cascade to financial year end 2022-03-31 23:59:59 for item SCMPL0028274 from month 2021-04
[2026-03-22 14:25:01] [INFO] Updated opening for SCMPL0028274 in 2021-05 to 795
[2026-03-22 14:25:02] [INFO] Completed cascading for month 2021-05
[2026-03-22 14:25:02] [INFO] Updated opening for SCMPL0028274 in 2021-06 to 795
[2026-03-22 14:25:02] [INFO] Completed cascading for month 2021-06
[2026-03-22 14:25:02] [INFO] Updated opening for SCMPL0028274 in 2021-07 to 1195
[2026-03-22 14:25:02] [INFO] Completed cascading for month 2021-07
[2026-03-22 14:25:02] [INFO] Updated opening for SCMPL0028274 in 2021-08 to 1195
[2026-03-22 14:25:02] [INFO] Completed cascading for month 2021-08
[2026-03-22 14:25:02] [INFO] Updated opening for SCMPL0028274 in 2021-09 to 1695
[2026-03-22 14:25:02] [INFO] Completed cascading for month 2021-09
[2026-03-22 14:25:02] [INFO] Updated opening for SCMPL0028274 in 2021-10 to 1695
[2026-03-22 14:25:02] [INFO] Completed cascading for month 2021-10
[2026-03-22 14:25:02] [INFO] Updated opening for SCMPL0028274 in 2021-11 to 1895
[2026-03-22 14:25:02] [INFO] Completed cascading for month 2021-11
[2026-03-22 14:25:02] [INFO] Updated opening for SCMPL0028274 in 2021-12 to 1895
[2026-03-22 14:25:02] [INFO] Completed cascading for month 2021-12
[2026-03-22 14:25:02] [INFO] Updated opening for SCMPL0028274 in 2022-01 to 2000
[2026-03-22 14:25:02] [INFO] Completed cascading for month 2022-01
[2026-03-22 14:25:02] [INFO] Updated opening for SCMPL0028274 in 2022-02 to 2100
[2026-03-22 14:25:02] [INFO] Completed cascading for month 2022-02
[2026-03-22 14:25:02] [INFO] Updated opening for SCMPL0028274 in 2022-03 to 2400
[2026-03-22 14:25:02] [INFO] Completed cascading for month 2022-03
[2026-03-22 14:25:02] [INFO] Reached month 2022-04 which extends beyond financial year end 2022-03-31 23:59:59, stopping cascade
[2026-03-22 14:25:03] [INFO] === PAGE ACCESS ===
[2026-03-22 14:25:03] [INFO] Request method: GET
[2026-03-22 14:25:03] [INFO] Search term: ''
[2026-03-22 14:25:03] [INFO] Current session ID: 8gegp6ieehdecgqkee3fg3r0l9
[2026-03-22 14:25:04] [INFO] Daily stock data fetched for 50 items across 1 months
[2026-03-22 14:25:04] [INFO] GLOBAL CHECK: Latest existing sale: 2021-04-02
[2026-03-22 14:25:04] [INFO] Available dates: 
[2026-03-22 14:25:04] [INFO] Unavailable dates (has existing sales): 2021-04-01, 2021-04-02
[2026-03-22 14:25:04] [INFO] Final session quantities count: 0
[2026-03-22 14:25:04] [INFO] Items in current view: 50
[2026-03-22 14:25:04] [INFO] Sales Page Load Debug Info:
Array
(
    [total_items] => 72
    [current_page] => 1
    [total_pages] => 2
    [session_quantities_count] => 0
    [post_quantities_count] => 0
    [date_range] => 2021-04-01 00:00:00 to 2021-04-02
    [days_count] => 2
    [user_id] => 5
    [comp_id] => 5
    [license_type] => FL-III
    [allowed_classes] => Array
        (
            [0] => W
            [1] => V
            [2] => M
            [3] => F
            [4] => D
            [5] => K
            [6] => G
            [7] => R
        )

    [end_date_day] => 02
    [closing_column] => DAY_02_CLOSING
    [end_date_month] => 2021-04
    [stock_filter] => > 0
    [daily_stock_table] => tbldailystock_5_04_21
    [table_suffix] => _04_21
    [current_month] => 2026-03
    [has_restrictions] => 1
    [available_dates] => Array
        (
        )

    [unavailable_dates] => Array
        (
            [0] => 2021-04-01
            [1] => 2021-04-02
        )

    [dry_dates] => Array
        (
        )

    [latest_global_sale] => 2021-04-02
)

[2026-03-22 14:26:11] [INFO] === PAGE ACCESS ===
[2026-03-22 14:26:11] [INFO] Request method: GET
[2026-03-22 14:26:11] [INFO] Search term: ''
[2026-03-22 14:26:11] [INFO] Current session ID: 8gegp6ieehdecgqkee3fg3r0l9
[2026-03-22 14:26:11] [INFO] Loaded 0 customer-specific prices for customer ID: 164
[2026-03-22 14:26:11] [INFO] Final session quantities count: 0
[2026-03-22 14:26:11] [INFO] Items in current view: 0
[2026-03-22 14:26:11] [INFO] Selected customer: ID 164 - Sarang
[2026-03-22 14:26:11] [INFO] Sales Page Load Debug Info:
Array
(
    [total_items] => 0
    [current_page] => 1
    [total_pages] => 0
    [session_quantities_count] => 0
    [post_quantities_count] => 0
    [date_range] => 2026-03-22 to 2026-03-22
    [days_count] => 1
    [user_id] => 5
    [comp_id] => 5
    [license_type] => FL-III
    [allowed_classes] => Array
        (
            [0] => W
            [1] => V
            [2] => M
            [3] => F
            [4] => D
            [5] => K
            [6] => G
            [7] => R
        )

    [end_date_day] => 22
    [closing_column] => DAY_22_CLOSING
    [end_date_month] => 2026-03
    [stock_filter] => > 0
    [daily_stock_table] => tbldailystock_5
    [table_suffix] => 
    [current_month] => 2026-03
    [has_restrictions] => 
    [available_dates] => Array
        (
            [0] => 2026-03-22
        )

    [unavailable_dates] => Array
        (
        )

    [dry_dates] => Array
        (
        )

    [latest_global_sale] => 
    [selected_customer] => 164
    [selected_customer_name] => Sarang
    [customer_prices_count] => 0
)

[2026-03-22 14:26:14] [INFO] === PAGE ACCESS ===
[2026-03-22 14:26:14] [INFO] Request method: POST
[2026-03-22 14:26:14] [INFO] Search term: ''
[2026-03-22 14:26:14] [INFO] Current session ID: 8gegp6ieehdecgqkee3fg3r0l9
[2026-03-22 14:26:14] [INFO] Customer already exists: Sarang (ID: 164)
[2026-03-22 14:26:14] [INFO] New customer created: Sarang (ID: 164)
[2026-03-22 14:26:14] [INFO] === PAGE ACCESS ===
[2026-03-22 14:26:14] [INFO] Request method: GET
[2026-03-22 14:26:14] [INFO] Search term: ''
[2026-03-22 14:26:14] [INFO] Current session ID: 8gegp6ieehdecgqkee3fg3r0l9
[2026-03-22 14:26:14] [INFO] Loaded 0 customer-specific prices for customer ID: 164
[2026-03-22 14:26:14] [INFO] Final session quantities count: 0
[2026-03-22 14:26:14] [INFO] Items in current view: 0
[2026-03-22 14:26:14] [INFO] Selected customer: ID 164 - Sarang
[2026-03-22 14:26:14] [INFO] Sales Page Load Debug Info:
Array
(
    [total_items] => 0
    [current_page] => 1
    [total_pages] => 0
    [session_quantities_count] => 0
    [post_quantities_count] => 0
    [date_range] => 2026-03-22 to 2026-03-22
    [days_count] => 1
    [user_id] => 5
    [comp_id] => 5
    [license_type] => FL-III
    [allowed_classes] => Array
        (
            [0] => W
            [1] => V
            [2] => M
            [3] => F
            [4] => D
            [5] => K
            [6] => G
            [7] => R
        )

    [end_date_day] => 22
    [closing_column] => DAY_22_CLOSING
    [end_date_month] => 2026-03
    [stock_filter] => > 0
    [daily_stock_table] => tbldailystock_5
    [table_suffix] => 
    [current_month] => 2026-03
    [has_restrictions] => 
    [available_dates] => Array
        (
            [0] => 2026-03-22
        )

    [unavailable_dates] => Array
        (
        )

    [dry_dates] => Array
        (
        )

    [latest_global_sale] => 
    [selected_customer] => 164
    [selected_customer_name] => Sarang
    [customer_prices_count] => 0
)

[2026-03-22 14:26:28] [INFO] === PAGE ACCESS ===
[2026-03-22 14:26:28] [INFO] Request method: GET
[2026-03-22 14:26:28] [INFO] Search term: ''
[2026-03-22 14:26:28] [INFO] Current session ID: 8gegp6ieehdecgqkee3fg3r0l9
[2026-03-22 14:26:28] [INFO] Loaded 0 customer-specific prices for customer ID: 164
[2026-03-22 14:26:28] [INFO] Daily stock data fetched for 50 items across 1 months
[2026-03-22 14:26:28] [INFO] Final session quantities count: 0
[2026-03-22 14:26:28] [INFO] Items in current view: 50
[2026-03-22 14:26:28] [INFO] Selected customer: ID 164 - Sarang
[2026-03-22 14:26:28] [INFO] Sales Page Load Debug Info:
Array
(
    [total_items] => 72
    [current_page] => 1
    [total_pages] => 2
    [session_quantities_count] => 0
    [post_quantities_count] => 0
    [date_range] => 2021-04-01 00:00:00 to 2021-04-02
    [days_count] => 2
    [user_id] => 5
    [comp_id] => 5
    [license_type] => FL-III
    [allowed_classes] => Array
        (
            [0] => W
            [1] => V
            [2] => M
            [3] => F
            [4] => D
            [5] => K
            [6] => G
            [7] => R
        )

    [end_date_day] => 02
    [closing_column] => DAY_02_CLOSING
    [end_date_month] => 2021-04
    [stock_filter] => > 0
    [daily_stock_table] => tbldailystock_5_04_21
    [table_suffix] => _04_21
    [current_month] => 2026-03
    [has_restrictions] => 
    [available_dates] => Array
        (
            [0] => 2021-04-01
            [1] => 2021-04-02
        )

    [unavailable_dates] => Array
        (
        )

    [dry_dates] => Array
        (
        )

    [latest_global_sale] => 
    [selected_customer] => 164
    [selected_customer_name] => Sarang
    [customer_prices_count] => 0
)

[2026-03-22 14:26:32] [INFO] Session quantity updated: SCMPL0028274 = 4
[2026-03-22 14:26:33] [INFO] Session quantity updated: SCMPL0028274 = 5
[2026-03-22 14:32:44] [INFO] === PAGE ACCESS ===
[2026-03-22 14:32:44] [INFO] Request method: GET
[2026-03-22 14:32:44] [INFO] Search term: ''
[2026-03-22 14:32:44] [INFO] Current session ID: 8gegp6ieehdecgqkee3fg3r0l9
[2026-03-22 14:32:45] [INFO] Loaded 0 customer-specific prices for customer ID: 164
[2026-03-22 14:32:45] [INFO] Daily stock data fetched for 50 items across 1 months
[2026-03-22 14:32:45] [INFO] Final session quantities count: 1
[2026-03-22 14:32:45] [INFO] Items in current view: 50
[2026-03-22 14:32:45] [INFO] Selected customer: ID 164 - Sarang
[2026-03-22 14:32:45] [INFO] Sales Page Load Debug Info:
Array
(
    [total_items] => 72
    [current_page] => 1
    [total_pages] => 2
    [session_quantities_count] => 1
    [post_quantities_count] => 0
    [date_range] => 2021-04-01 00:00:00 to 2021-04-02
    [days_count] => 2
    [user_id] => 5
    [comp_id] => 5
    [license_type] => FL-III
    [allowed_classes] => Array
        (
            [0] => W
            [1] => V
            [2] => M
            [3] => F
            [4] => D
            [5] => K
            [6] => G
            [7] => R
        )

    [end_date_day] => 02
    [closing_column] => DAY_02_CLOSING
    [end_date_month] => 2021-04
    [stock_filter] => > 0
    [daily_stock_table] => tbldailystock_5_04_21
    [table_suffix] => _04_21
    [current_month] => 2026-03
    [has_restrictions] => 
    [available_dates] => Array
        (
            [0] => 2021-04-01
            [1] => 2021-04-02
        )

    [unavailable_dates] => Array
        (
        )

    [dry_dates] => Array
        (
        )

    [latest_global_sale] => 
    [selected_customer] => 164
    [selected_customer_name] => Sarang
    [customer_prices_count] => 0
)

[2026-03-22 14:32:51] [INFO] === ULTRA FAST BILL GEN START ===
[2026-03-22 14:32:51] [INFO] Received 1 items and 1 saved distributions
[2026-03-22 14:32:51] [DEBUG] Items received: SCMPL0028274
[2026-03-22 14:32:51] [DEBUG] Distribution keys received: SCMPL0028274
[2026-03-22 14:32:51] [DEBUG] Distribution for SCMPL0028274 (type: string): [2,3]
[2026-03-22 14:32:51] [INFO] Date range: 2021-04-01 00:00:00 to 2021-04-02, Total days: 2, Dry days: 0, Available days: 2
[2026-03-22 14:32:51] [DEBUG] DEBUG: Checking distribution for item SCMPL0028274 - Total Qty: 5
[2026-03-22 14:32:51] [DEBUG] DEBUG: Available distributions: YES
[2026-03-22 14:32:51] [DEBUG] DEBUG: Distribution type for SCMPL0028274: string
[2026-03-22 14:32:51] [DEBUG] DEBUG: Raw distribution string for SCMPL0028274: [2,3]
[2026-03-22 14:32:51] [INFO] SAVED DIST USED (json decoded): SCMPL0028274 = 2, 3
[2026-03-22 14:32:51] [DEBUG] DEBUG: Skipping stock validation for historical date 2021-04-01 (month: 2021-04)
[2026-03-22 14:32:51] [DEBUG] DEBUG: Skipping stock validation for historical date 2021-04-02 (month: 2021-04)
[2026-03-22 14:32:51] [INFO] === FINAL DISTRIBUTION FOR BILLS === Item: SCMPL0028274 | Qty: 5 | Distribution: 2,3 | Sum: 5
[2026-03-22 14:32:51] [INFO] Starting batch processing: 2 bills in 1 batches of 100
[2026-03-22 14:32:51] [DEBUG] DEBUG: Session check in generate_bills_ultra_fast - selected_customer: 164
[2026-03-22 14:32:51] [DEBUG] DEBUG: All relevant session vars: {"selected_customer":164,"customer_prices":0}
[2026-03-22 14:32:51] [DEBUG] DEBUG: After casting - selectedCustomer: 164
[2026-03-22 14:32:51] [INFO] Recording customer sales for customer ID: 164
[2026-03-22 14:32:51] [DEBUG] Recording customer sale - BillNo: 1, Item: SCMPL0028274, Qty: 2, Rate: 1131
[2026-03-22 14:32:51] [INFO] Customer sale recorded: BillNo=1, Customer=164, Item=SCMPL0028274, Qty=2
[2026-03-22 14:32:51] [DEBUG] Recording customer sale - BillNo: 2, Item: SCMPL0028274, Qty: 3, Rate: 1131
[2026-03-22 14:32:51] [INFO] Customer sale recorded: BillNo=2, Customer=164, Item=SCMPL0028274, Qty=3
[2026-03-22 14:32:51] [INFO] Note: Stock updates would need aggregation during batch processing
[2026-03-22 14:32:51] [INFO] Starting cascade to financial year end 2022-03-31 23:59:59 for item SCMPL0028274 from month 2021-04
[2026-03-22 14:32:51] [INFO] Updated opening for SCMPL0028274 in 2021-05 to 795
[2026-03-22 14:32:51] [INFO] Completed cascading for month 2021-05
[2026-03-22 14:32:51] [INFO] Updated opening for SCMPL0028274 in 2021-06 to 795
[2026-03-22 14:32:51] [INFO] Completed cascading for month 2021-06
[2026-03-22 14:32:51] [INFO] Updated opening for SCMPL0028274 in 2021-07 to 1195
[2026-03-22 14:32:51] [INFO] Completed cascading for month 2021-07
[2026-03-22 14:32:52] [INFO] Updated opening for SCMPL0028274 in 2021-08 to 1195
[2026-03-22 14:32:52] [INFO] Completed cascading for month 2021-08
[2026-03-22 14:32:52] [INFO] Updated opening for SCMPL0028274 in 2021-09 to 1695
[2026-03-22 14:32:52] [INFO] Completed cascading for month 2021-09
[2026-03-22 14:32:52] [INFO] Updated opening for SCMPL0028274 in 2021-10 to 1695
[2026-03-22 14:32:52] [INFO] Completed cascading for month 2021-10
[2026-03-22 14:32:52] [INFO] Updated opening for SCMPL0028274 in 2021-11 to 1895
[2026-03-22 14:32:52] [INFO] Completed cascading for month 2021-11
[2026-03-22 14:32:52] [INFO] Updated opening for SCMPL0028274 in 2021-12 to 1895
[2026-03-22 14:32:52] [INFO] Completed cascading for month 2021-12
[2026-03-22 14:32:52] [INFO] Updated opening for SCMPL0028274 in 2022-01 to 2000
[2026-03-22 14:32:52] [INFO] Completed cascading for month 2022-01
[2026-03-22 14:32:52] [INFO] Updated opening for SCMPL0028274 in 2022-02 to 2100
[2026-03-22 14:32:52] [INFO] Completed cascading for month 2022-02
[2026-03-22 14:32:52] [INFO] Updated opening for SCMPL0028274 in 2022-03 to 2400
[2026-03-22 14:32:52] [INFO] Completed cascading for month 2022-03
[2026-03-22 14:32:52] [INFO] Reached month 2022-04 which extends beyond financial year end 2022-03-31 23:59:59, stopping cascade
[2026-03-22 14:32:52] [INFO] === PAGE ACCESS ===
[2026-03-22 14:32:52] [INFO] Request method: GET
[2026-03-22 14:32:52] [INFO] Search term: ''
[2026-03-22 14:32:52] [INFO] Current session ID: 8gegp6ieehdecgqkee3fg3r0l9
[2026-03-22 14:32:52] [INFO] Loaded 0 customer-specific prices for customer ID: 164
[2026-03-22 14:32:53] [INFO] Daily stock data fetched for 50 items across 1 months
[2026-03-22 14:32:53] [INFO] GLOBAL CHECK: Latest existing sale: 2021-04-02
[2026-03-22 14:32:53] [INFO] Available dates: 
[2026-03-22 14:32:53] [INFO] Unavailable dates (has existing sales): 2021-04-01, 2021-04-02
[2026-03-22 14:32:53] [INFO] Final session quantities count: 0
[2026-03-22 14:32:53] [INFO] Items in current view: 50
[2026-03-22 14:32:53] [INFO] Selected customer: ID 164 - Sarang
[2026-03-22 14:32:53] [INFO] Sales Page Load Debug Info:
Array
(
    [total_items] => 72
    [current_page] => 1
    [total_pages] => 2
    [session_quantities_count] => 0
    [post_quantities_count] => 0
    [date_range] => 2021-04-01 00:00:00 to 2021-04-02
    [days_count] => 2
    [user_id] => 5
    [comp_id] => 5
    [license_type] => FL-III
    [allowed_classes] => Array
        (
            [0] => W
            [1] => V
            [2] => M
            [3] => F
            [4] => D
            [5] => K
            [6] => G
            [7] => R
        )

    [end_date_day] => 02
    [closing_column] => DAY_02_CLOSING
    [end_date_month] => 2021-04
    [stock_filter] => > 0
    [daily_stock_table] => tbldailystock_5_04_21
    [table_suffix] => _04_21
    [current_month] => 2026-03
    [has_restrictions] => 1
    [available_dates] => Array
        (
        )

    [unavailable_dates] => Array
        (
            [0] => 2021-04-01
            [1] => 2021-04-02
        )

    [dry_dates] => Array
        (
        )

    [latest_global_sale] => 2021-04-02
    [selected_customer] => 164
    [selected_customer_name] => Sarang
    [customer_prices_count] => 0
)

[2026-03-22 14:33:23] [INFO] === PAGE ACCESS ===
[2026-03-22 14:33:23] [INFO] Request method: GET
[2026-03-22 14:33:23] [INFO] Search term: ''
[2026-03-22 14:33:23] [INFO] Current session ID: 8gegp6ieehdecgqkee3fg3r0l9
[2026-03-22 14:33:23] [INFO] Loaded 0 customer-specific prices for customer ID: 164
[2026-03-22 14:33:23] [INFO] Final session quantities count: 0
[2026-03-22 14:33:23] [INFO] Items in current view: 0
[2026-03-22 14:33:23] [INFO] Selected customer: ID 164 - Sarang
[2026-03-22 14:33:23] [INFO] Sales Page Load Debug Info:
Array
(
    [total_items] => 0
    [current_page] => 1
    [total_pages] => 0
    [session_quantities_count] => 0
    [post_quantities_count] => 0
    [date_range] => 2026-03-22 to 2026-03-22
    [days_count] => 1
    [user_id] => 5
    [comp_id] => 5
    [license_type] => FL-III
    [allowed_classes] => Array
        (
            [0] => W
            [1] => V
            [2] => M
            [3] => F
            [4] => D
            [5] => K
            [6] => G
            [7] => R
        )

    [end_date_day] => 22
    [closing_column] => DAY_22_CLOSING
    [end_date_month] => 2026-03
    [stock_filter] => > 0
    [daily_stock_table] => tbldailystock_5
    [table_suffix] => 
    [current_month] => 2026-03
    [has_restrictions] => 
    [available_dates] => Array
        (
            [0] => 2026-03-22
        )

    [unavailable_dates] => Array
        (
        )

    [dry_dates] => Array
        (
        )

    [latest_global_sale] => 
    [selected_customer] => 164
    [selected_customer_name] => Sarang
    [customer_prices_count] => 0
)

[2026-03-22 14:33:35] [INFO] === PAGE ACCESS ===
[2026-03-22 14:33:35] [INFO] Request method: GET
[2026-03-22 14:33:35] [INFO] Search term: ''
[2026-03-22 14:33:35] [INFO] Current session ID: 8gegp6ieehdecgqkee3fg3r0l9
[2026-03-22 14:33:35] [INFO] Loaded 0 customer-specific prices for customer ID: 164
[2026-03-22 14:33:36] [INFO] Daily stock data fetched for 50 items across 1 months
[2026-03-22 14:33:36] [INFO] Final session quantities count: 0
[2026-03-22 14:33:36] [INFO] Items in current view: 50
[2026-03-22 14:33:36] [INFO] Selected customer: ID 164 - Sarang
[2026-03-22 14:33:36] [INFO] Sales Page Load Debug Info:
Array
(
    [total_items] => 72
    [current_page] => 1
    [total_pages] => 2
    [session_quantities_count] => 0
    [post_quantities_count] => 0
    [date_range] => 2021-04-01 00:00:00 to 2021-04-02
    [days_count] => 2
    [user_id] => 5
    [comp_id] => 5
    [license_type] => FL-III
    [allowed_classes] => Array
        (
            [0] => W
            [1] => V
            [2] => M
            [3] => F
            [4] => D
            [5] => K
            [6] => G
            [7] => R
        )

    [end_date_day] => 02
    [closing_column] => DAY_02_CLOSING
    [end_date_month] => 2021-04
    [stock_filter] => > 0
    [daily_stock_table] => tbldailystock_5_04_21
    [table_suffix] => _04_21
    [current_month] => 2026-03
    [has_restrictions] => 
    [available_dates] => Array
        (
            [0] => 2021-04-01
            [1] => 2021-04-02
        )

    [unavailable_dates] => Array
        (
        )

    [dry_dates] => Array
        (
        )

    [latest_global_sale] => 
    [selected_customer] => 164
    [selected_customer_name] => Sarang
    [customer_prices_count] => 0
)

[2026-03-22 14:33:40] [INFO] Session quantity updated: SCMPL0028274 = 5
[2026-03-22 14:33:42] [INFO] === ULTRA FAST BILL GEN START ===
[2026-03-22 14:33:42] [INFO] Received 1 items and 1 saved distributions
[2026-03-22 14:33:42] [DEBUG] Items received: SCMPL0028274
[2026-03-22 14:33:42] [DEBUG] Distribution keys received: SCMPL0028274
[2026-03-22 14:33:42] [DEBUG] Distribution for SCMPL0028274 (type: string): [2,3]
[2026-03-22 14:33:42] [INFO] Date range: 2021-04-01 00:00:00 to 2021-04-02, Total days: 2, Dry days: 0, Available days: 2
[2026-03-22 14:33:42] [DEBUG] DEBUG: Checking distribution for item SCMPL0028274 - Total Qty: 5
[2026-03-22 14:33:42] [DEBUG] DEBUG: Available distributions: YES
[2026-03-22 14:33:42] [DEBUG] DEBUG: Distribution type for SCMPL0028274: string
[2026-03-22 14:33:42] [DEBUG] DEBUG: Raw distribution string for SCMPL0028274: [2,3]
[2026-03-22 14:33:42] [INFO] SAVED DIST USED (json decoded): SCMPL0028274 = 2, 3
[2026-03-22 14:33:42] [DEBUG] DEBUG: Skipping stock validation for historical date 2021-04-01 (month: 2021-04)
[2026-03-22 14:33:42] [DEBUG] DEBUG: Skipping stock validation for historical date 2021-04-02 (month: 2021-04)
[2026-03-22 14:33:42] [INFO] === FINAL DISTRIBUTION FOR BILLS === Item: SCMPL0028274 | Qty: 5 | Distribution: 2,3 | Sum: 5
[2026-03-22 14:33:42] [INFO] Starting batch processing: 2 bills in 1 batches of 100
[2026-03-22 14:33:42] [DEBUG] DEBUG: Session check in generate_bills_ultra_fast - selected_customer: 164
[2026-03-22 14:33:42] [DEBUG] DEBUG: All relevant session vars: {"selected_customer":164,"customer_prices":0}
[2026-03-22 14:33:42] [DEBUG] DEBUG: After casting - selectedCustomer: 164
[2026-03-22 14:33:42] [INFO] Recording customer sales for customer ID: 164
[2026-03-22 14:33:42] [DEBUG] Recording customer sale - BillNo: 1, Item: SCMPL0028274, Qty: 2, Rate: 1131
[2026-03-22 14:33:42] [INFO] Customer sale recorded: BillNo=1, Customer=164, Item=SCMPL0028274, Qty=2
[2026-03-22 14:33:42] [DEBUG] Recording customer sale - BillNo: 2, Item: SCMPL0028274, Qty: 3, Rate: 1131
[2026-03-22 14:33:43] [INFO] Customer sale recorded: BillNo=2, Customer=164, Item=SCMPL0028274, Qty=3
[2026-03-22 14:33:43] [INFO] Note: Stock updates would need aggregation during batch processing
[2026-03-22 14:33:43] [INFO] Starting cascade to financial year end 2022-03-31 23:59:59 for item SCMPL0028274 from month 2021-04
[2026-03-22 14:33:43] [INFO] Updated opening for SCMPL0028274 in 2021-05 to 795
[2026-03-22 14:33:43] [INFO] Completed cascading for month 2021-05
[2026-03-22 14:33:43] [INFO] Updated opening for SCMPL0028274 in 2021-06 to 795
[2026-03-22 14:33:43] [INFO] Completed cascading for month 2021-06
[2026-03-22 14:33:43] [INFO] Updated opening for SCMPL0028274 in 2021-07 to 1195
[2026-03-22 14:33:43] [INFO] Completed cascading for month 2021-07
[2026-03-22 14:33:43] [INFO] Updated opening for SCMPL0028274 in 2021-08 to 1195
[2026-03-22 14:33:43] [INFO] Completed cascading for month 2021-08
[2026-03-22 14:33:43] [INFO] Updated opening for SCMPL0028274 in 2021-09 to 1695
[2026-03-22 14:33:43] [INFO] Completed cascading for month 2021-09
[2026-03-22 14:33:43] [INFO] Updated opening for SCMPL0028274 in 2021-10 to 1695
[2026-03-22 14:33:43] [INFO] Completed cascading for month 2021-10
[2026-03-22 14:33:43] [INFO] Updated opening for SCMPL0028274 in 2021-11 to 1895
[2026-03-22 14:33:43] [INFO] Completed cascading for month 2021-11
[2026-03-22 14:33:43] [INFO] Updated opening for SCMPL0028274 in 2021-12 to 1895
[2026-03-22 14:33:43] [INFO] Completed cascading for month 2021-12
[2026-03-22 14:33:43] [INFO] Updated opening for SCMPL0028274 in 2022-01 to 2000
[2026-03-22 14:33:43] [INFO] Completed cascading for month 2022-01
[2026-03-22 14:33:44] [INFO] Updated opening for SCMPL0028274 in 2022-02 to 2100
[2026-03-22 14:33:44] [INFO] Completed cascading for month 2022-02
[2026-03-22 14:33:44] [INFO] Updated opening for SCMPL0028274 in 2022-03 to 2400
[2026-03-22 14:33:44] [INFO] Completed cascading for month 2022-03
[2026-03-22 14:33:44] [INFO] Reached month 2022-04 which extends beyond financial year end 2022-03-31 23:59:59, stopping cascade
[2026-03-22 14:33:44] [INFO] === PAGE ACCESS ===
[2026-03-22 14:33:44] [INFO] Request method: GET
[2026-03-22 14:33:44] [INFO] Search term: ''
[2026-03-22 14:33:44] [INFO] Current session ID: 8gegp6ieehdecgqkee3fg3r0l9
[2026-03-22 14:33:44] [INFO] Loaded 0 customer-specific prices for customer ID: 164
[2026-03-22 14:33:44] [INFO] Daily stock data fetched for 50 items across 1 months
[2026-03-22 14:33:44] [INFO] GLOBAL CHECK: Latest existing sale: 2021-04-02
[2026-03-22 14:33:44] [INFO] Available dates: 
[2026-03-22 14:33:44] [INFO] Unavailable dates (has existing sales): 2021-04-01, 2021-04-02
[2026-03-22 14:33:44] [INFO] Final session quantities count: 0
[2026-03-22 14:33:44] [INFO] Items in current view: 50
[2026-03-22 14:33:44] [INFO] Selected customer: ID 164 - Sarang
[2026-03-22 14:33:44] [INFO] Sales Page Load Debug Info:
Array
(
    [total_items] => 72
    [current_page] => 1
    [total_pages] => 2
    [session_quantities_count] => 0
    [post_quantities_count] => 0
    [date_range] => 2021-04-01 00:00:00 to 2021-04-02
    [days_count] => 2
    [user_id] => 5
    [comp_id] => 5
    [license_type] => FL-III
    [allowed_classes] => Array
        (
            [0] => W
            [1] => V
            [2] => M
            [3] => F
            [4] => D
            [5] => K
            [6] => G
            [7] => R
        )

    [end_date_day] => 02
    [closing_column] => DAY_02_CLOSING
    [end_date_month] => 2021-04
    [stock_filter] => > 0
    [daily_stock_table] => tbldailystock_5_04_21
    [table_suffix] => _04_21
    [current_month] => 2026-03
    [has_restrictions] => 1
    [available_dates] => Array
        (
        )

    [unavailable_dates] => Array
        (
            [0] => 2021-04-01
            [1] => 2021-04-02
        )

    [dry_dates] => Array
        (
        )

    [latest_global_sale] => 2021-04-02
    [selected_customer] => 164
    [selected_customer_name] => Sarang
    [customer_prices_count] => 0
)

