[2026-03-07 14:31:43] [INFO] === PAGE ACCESS ===
[2026-03-07 14:31:43] [INFO] Request method: GET
[2026-03-07 14:31:43] [INFO] Search term: ''
[2026-03-07 14:31:43] [INFO] Current session ID: nkrp9ugu9svr83e3suktrrf5ut
[2026-03-07 14:31:43] [INFO] Final session quantities count: 0
[2026-03-07 14:31:43] [INFO] Items in current view: 0
[2026-03-07 14:31:43] [INFO] Sales Page Load Debug Info:
Array
(
    [total_items] => 0
    [current_page] => 1
    [total_pages] => 0
    [session_quantities_count] => 0
    [post_quantities_count] => 0
    [date_range] => 2026-03-07 to 2026-03-07
    [days_count] => 1
    [user_id] => 5
    [comp_id] => 5
    [license_type] => FL-III
    [allowed_classes] => Array
        (
            [0] => W
            [1] => V
            [2] => F
            [3] => M
        )

    [end_date_day] => 07
    [closing_column] => DAY_07_CLOSING
    [end_date_month] => 2026-03
    [stock_filter] => > 0
    [daily_stock_table] => tbldailystock_5
    [table_suffix] => 
    [current_month] => 2026-03
    [has_restrictions] => 
    [available_dates] => Array
        (
            [0] => 2026-03-07
        )

    [unavailable_dates] => Array
        (
        )

    [dry_dates] => Array
        (
        )

    [latest_global_sale] => 
)

[2026-03-07 14:31:47] [INFO] === PAGE ACCESS ===
[2026-03-07 14:31:47] [INFO] Request method: GET
[2026-03-07 14:31:47] [INFO] Search term: 'SCMPL0009866'
[2026-03-07 14:31:47] [INFO] Current session ID: nkrp9ugu9svr83e3suktrrf5ut
[2026-03-07 14:31:47] [INFO] Final session quantities count: 0
[2026-03-07 14:31:47] [INFO] Items in current view: 0
[2026-03-07 14:31:47] [INFO] Sales Page Load Debug Info:
Array
(
    [total_items] => 0
    [current_page] => 1
    [total_pages] => 0
    [session_quantities_count] => 0
    [post_quantities_count] => 0
    [date_range] => 2026-03-07 to 2022-03-31 23:59:59
    [days_count] => 0
    [user_id] => 5
    [comp_id] => 5
    [license_type] => FL-III
    [allowed_classes] => Array
        (
            [0] => W
            [1] => V
            [2] => F
            [3] => M
        )

    [end_date_day] => 31
    [closing_column] => DAY_31_CLOSING
    [end_date_month] => 2022-03
    [stock_filter] => > 0
    [daily_stock_table] => tbldailystock_5_03_22
    [table_suffix] => _03_22
    [current_month] => 2026-03
    [has_restrictions] => 
    [available_dates] => Array
        (
        )

    [unavailable_dates] => Array
        (
        )

    [dry_dates] => Array
        (
        )

    [latest_global_sale] => 
)

[2026-03-07 14:31:59] [INFO] === PAGE ACCESS ===
[2026-03-07 14:31:59] [INFO] Request method: GET
[2026-03-07 14:31:59] [INFO] Search term: 'SCMBR0009853'
[2026-03-07 14:31:59] [INFO] Current session ID: nkrp9ugu9svr83e3suktrrf5ut
[2026-03-07 14:31:59] [INFO] Final session quantities count: 0
[2026-03-07 14:31:59] [INFO] Items in current view: 0
[2026-03-07 14:31:59] [INFO] Sales Page Load Debug Info:
Array
(
    [total_items] => 0
    [current_page] => 1
    [total_pages] => 0
    [session_quantities_count] => 0
    [post_quantities_count] => 0
    [date_range] => 2026-03-07 to 2022-03-31 23:59:59
    [days_count] => 0
    [user_id] => 5
    [comp_id] => 5
    [license_type] => FL-III
    [allowed_classes] => Array
        (
            [0] => W
            [1] => V
            [2] => F
            [3] => M
        )

    [end_date_day] => 31
    [closing_column] => DAY_31_CLOSING
    [end_date_month] => 2022-03
    [stock_filter] => > 0
    [daily_stock_table] => tbldailystock_5_03_22
    [table_suffix] => _03_22
    [current_month] => 2026-03
    [has_restrictions] => 
    [available_dates] => Array
        (
        )

    [unavailable_dates] => Array
        (
        )

    [dry_dates] => Array
        (
        )

    [latest_global_sale] => 
)

[2026-03-07 14:32:31] [INFO] === PAGE ACCESS ===
[2026-03-07 14:32:31] [INFO] Request method: GET
[2026-03-07 14:32:31] [INFO] Search term: 'SCMBR0009853'
[2026-03-07 14:32:31] [INFO] Current session ID: nkrp9ugu9svr83e3suktrrf5ut
[2026-03-07 14:32:31] [INFO] Final session quantities count: 0
[2026-03-07 14:32:31] [INFO] Items in current view: 0
[2026-03-07 14:32:31] [INFO] Sales Page Load Debug Info:
Array
(
    [total_items] => 0
    [current_page] => 1
    [total_pages] => 0
    [session_quantities_count] => 0
    [post_quantities_count] => 0
    [date_range] => 2021-04-01 00:00:00 to 2022-02-18
    [days_count] => 324
    [user_id] => 5
    [comp_id] => 5
    [license_type] => FL-III
    [allowed_classes] => Array
        (
            [0] => W
            [1] => V
            [2] => F
            [3] => M
        )

    [end_date_day] => 18
    [closing_column] => DAY_18_CLOSING
    [end_date_month] => 2022-02
    [stock_filter] => > 0
    [daily_stock_table] => tbldailystock_5_02_22
    [table_suffix] => _02_22
    [current_month] => 2026-03
    [has_restrictions] => 
    [available_dates] => Array
        (
            [0] => 2021-04-01
            [1] => 2021-04-02
            [2] => 2021-04-03
            [3] => 2021-04-04
            [4] => 2021-04-05
            [5] => 2021-04-06
            [6] => 2021-04-07
            [7] => 2021-04-08
            [8] => 2021-04-09
            [9] => 2021-04-10
            [10] => 2021-04-11
            [11] => 2021-04-12
            [12] => 2021-04-13
            [13] => 2021-04-14
            [14] => 2021-04-15
            [15] => 2021-04-16
            [16] => 2021-04-17
            [17] => 2021-04-18
            [18] => 2021-04-19
            [19] => 2021-04-20
            [20] => 2021-04-21
            [21] => 2021-04-22
            [22] => 2021-04-23
            [23] => 2021-04-24
            [24] => 2021-04-25
            [25] => 2021-04-26
            [26] => 2021-04-27
            [27] => 2021-04-28
            [28] => 2021-04-29
            [29] => 2021-04-30
            [30] => 2021-05-01
            [31] => 2021-05-02
            [32] => 2021-05-03
            [33] => 2021-05-04
            [34] => 2021-05-05
            [35] => 2021-05-06
            [36] => 2021-05-07
            [37] => 2021-05-08
            [38] => 2021-05-09
            [39] => 2021-05-10
            [40] => 2021-05-11
            [41] => 2021-05-12
            [42] => 2021-05-13
            [43] => 2021-05-14
            [44] => 2021-05-15
            [45] => 2021-05-16
            [46] => 2021-05-17
            [47] => 2021-05-18
            [48] => 2021-05-19
            [49] => 2021-05-20
            [50] => 2021-05-21
            [51] => 2021-05-22
            [52] => 2021-05-23
            [53] => 2021-05-24
            [54] => 2021-05-25
            [55] => 2021-05-26
            [56] => 2021-05-27
            [57] => 2021-05-28
            [58] => 2021-05-29
            [59] => 2021-05-30
            [60] => 2021-05-31
            [61] => 2021-06-01
            [62] => 2021-06-02
            [63] => 2021-06-03
            [64] => 2021-06-04
            [65] => 2021-06-05
            [66] => 2021-06-06
            [67] => 2021-06-07
            [68] => 2021-06-08
            [69] => 2021-06-09
            [70] => 2021-06-10
            [71] => 2021-06-11
            [72] => 2021-06-12
            [73] => 2021-06-13
            [74] => 2021-06-14
            [75] => 2021-06-15
            [76] => 2021-06-16
            [77] => 2021-06-17
            [78] => 2021-06-18
            [79] => 2021-06-19
            [80] => 2021-06-20
            [81] => 2021-06-21
            [82] => 2021-06-22
            [83] => 2021-06-23
            [84] => 2021-06-24
            [85] => 2021-06-25
            [86] => 2021-06-26
            [87] => 2021-06-27
            [88] => 2021-06-28
            [89] => 2021-06-29
            [90] => 2021-06-30
            [91] => 2021-07-01
            [92] => 2021-07-02
            [93] => 2021-07-03
            [94] => 2021-07-04
            [95] => 2021-07-05
            [96] => 2021-07-06
            [97] => 2021-07-07
            [98] => 2021-07-08
            [99] => 2021-07-09
            [100] => 2021-07-10
            [101] => 2021-07-11
            [102] => 2021-07-12
            [103] => 2021-07-13
            [104] => 2021-07-14
            [105] => 2021-07-15
            [106] => 2021-07-16
            [107] => 2021-07-17
            [108] => 2021-07-18
            [109] => 2021-07-19
            [110] => 2021-07-20
            [111] => 2021-07-21
            [112] => 2021-07-22
            [113] => 2021-07-23
            [114] => 2021-07-24
            [115] => 2021-07-25
            [116] => 2021-07-26
            [117] => 2021-07-27
            [118] => 2021-07-28
            [119] => 2021-07-29
            [120] => 2021-07-30
            [121] => 2021-07-31
            [122] => 2021-08-01
            [123] => 2021-08-02
            [124] => 2021-08-03
            [125] => 2021-08-04
            [126] => 2021-08-05
            [127] => 2021-08-06
            [128] => 2021-08-07
            [129] => 2021-08-08
            [130] => 2021-08-09
            [131] => 2021-08-10
            [132] => 2021-08-11
            [133] => 2021-08-12
            [134] => 2021-08-13
            [135] => 2021-08-14
            [136] => 2021-08-15
            [137] => 2021-08-16
            [138] => 2021-08-17
            [139] => 2021-08-18
            [140] => 2021-08-19
            [141] => 2021-08-20
            [142] => 2021-08-21
            [143] => 2021-08-22
            [144] => 2021-08-23
            [145] => 2021-08-24
            [146] => 2021-08-25
            [147] => 2021-08-26
            [148] => 2021-08-27
            [149] => 2021-08-28
            [150] => 2021-08-29
            [151] => 2021-08-30
            [152] => 2021-08-31
            [153] => 2021-09-01
            [154] => 2021-09-02
            [155] => 2021-09-03
            [156] => 2021-09-04
            [157] => 2021-09-05
            [158] => 2021-09-06
            [159] => 2021-09-07
            [160] => 2021-09-08
            [161] => 2021-09-09
            [162] => 2021-09-10
            [163] => 2021-09-11
            [164] => 2021-09-12
            [165] => 2021-09-13
            [166] => 2021-09-14
            [167] => 2021-09-15
            [168] => 2021-09-16
            [169] => 2021-09-17
            [170] => 2021-09-18
            [171] => 2021-09-19
            [172] => 2021-09-20
            [173] => 2021-09-21
            [174] => 2021-09-22
            [175] => 2021-09-23
            [176] => 2021-09-24
            [177] => 2021-09-25
            [178] => 2021-09-26
            [179] => 2021-09-27
            [180] => 2021-09-28
            [181] => 2021-09-29
            [182] => 2021-09-30
            [183] => 2021-10-01
            [184] => 2021-10-02
            [185] => 2021-10-03
            [186] => 2021-10-04
            [187] => 2021-10-05
            [188] => 2021-10-06
            [189] => 2021-10-07
            [190] => 2021-10-08
            [191] => 2021-10-09
            [192] => 2021-10-10
            [193] => 2021-10-11
            [194] => 2021-10-12
            [195] => 2021-10-13
            [196] => 2021-10-14
            [197] => 2021-10-15
            [198] => 2021-10-16
            [199] => 2021-10-17
            [200] => 2021-10-18
            [201] => 2021-10-19
            [202] => 2021-10-20
            [203] => 2021-10-21
            [204] => 2021-10-22
            [205] => 2021-10-23
            [206] => 2021-10-24
            [207] => 2021-10-25
            [208] => 2021-10-26
            [209] => 2021-10-27
            [210] => 2021-10-28
            [211] => 2021-10-29
            [212] => 2021-10-30
            [213] => 2021-10-31
            [214] => 2021-11-01
            [215] => 2021-11-02
            [216] => 2021-11-03
            [217] => 2021-11-04
            [218] => 2021-11-05
            [219] => 2021-11-06
            [220] => 2021-11-07
            [221] => 2021-11-08
            [222] => 2021-11-09
            [223] => 2021-11-10
            [224] => 2021-11-11
            [225] => 2021-11-12
            [226] => 2021-11-13
            [227] => 2021-11-14
            [228] => 2021-11-15
            [229] => 2021-11-16
            [230] => 2021-11-17
            [231] => 2021-11-18
            [232] => 2021-11-19
            [233] => 2021-11-20
            [234] => 2021-11-21
            [235] => 2021-11-22
            [236] => 2021-11-23
            [237] => 2021-11-24
            [238] => 2021-11-25
            [239] => 2021-11-26
            [240] => 2021-11-27
            [241] => 2021-11-28
            [242] => 2021-11-29
            [243] => 2021-11-30
            [244] => 2021-12-01
            [245] => 2021-12-02
            [246] => 2021-12-03
            [247] => 2021-12-04
            [248] => 2021-12-05
            [249] => 2021-12-06
            [250] => 2021-12-07
            [251] => 2021-12-08
            [252] => 2021-12-09
            [253] => 2021-12-10
            [254] => 2021-12-11
            [255] => 2021-12-12
            [256] => 2021-12-13
            [257] => 2021-12-14
            [258] => 2021-12-15
            [259] => 2021-12-16
            [260] => 2021-12-17
            [261] => 2021-12-18
            [262] => 2021-12-19
            [263] => 2021-12-20
            [264] => 2021-12-21
            [265] => 2021-12-22
            [266] => 2021-12-23
            [267] => 2021-12-24
            [268] => 2021-12-25
            [269] => 2021-12-26
            [270] => 2021-12-27
            [271] => 2021-12-28
            [272] => 2021-12-29
            [273] => 2021-12-30
            [274] => 2021-12-31
            [275] => 2022-01-01
            [276] => 2022-01-02
            [277] => 2022-01-03
            [278] => 2022-01-04
            [279] => 2022-01-05
            [280] => 2022-01-06
            [281] => 2022-01-07
            [282] => 2022-01-08
            [283] => 2022-01-09
            [284] => 2022-01-10
            [285] => 2022-01-11
            [286] => 2022-01-12
            [287] => 2022-01-13
            [288] => 2022-01-14
            [289] => 2022-01-15
            [290] => 2022-01-16
            [291] => 2022-01-17
            [292] => 2022-01-18
            [293] => 2022-01-19
            [294] => 2022-01-20
            [295] => 2022-01-21
            [296] => 2022-01-22
            [297] => 2022-01-23
            [298] => 2022-01-24
            [299] => 2022-01-25
            [300] => 2022-01-26
            [301] => 2022-01-27
            [302] => 2022-01-28
            [303] => 2022-01-29
            [304] => 2022-01-30
            [305] => 2022-01-31
            [306] => 2022-02-01
            [307] => 2022-02-02
            [308] => 2022-02-03
            [309] => 2022-02-04
            [310] => 2022-02-05
            [311] => 2022-02-06
            [312] => 2022-02-07
            [313] => 2022-02-08
            [314] => 2022-02-09
            [315] => 2022-02-10
            [316] => 2022-02-11
            [317] => 2022-02-12
            [318] => 2022-02-13
            [319] => 2022-02-14
            [320] => 2022-02-15
            [321] => 2022-02-16
            [322] => 2022-02-17
            [323] => 2022-02-18
        )

    [unavailable_dates] => Array
        (
        )

    [dry_dates] => Array
        (
        )

    [latest_global_sale] => 
)

[2026-03-07 14:32:34] [INFO] === PAGE ACCESS ===
[2026-03-07 14:32:34] [INFO] Request method: GET
[2026-03-07 14:32:34] [INFO] Search term: 'SCMBR0009853'
[2026-03-07 14:32:34] [INFO] Current session ID: nkrp9ugu9svr83e3suktrrf5ut
[2026-03-07 14:32:34] [INFO] Final session quantities count: 0
[2026-03-07 14:32:34] [INFO] Items in current view: 0
[2026-03-07 14:32:34] [INFO] Sales Page Load Debug Info:
Array
(
    [total_items] => 0
    [current_page] => 1
    [total_pages] => 0
    [session_quantities_count] => 0
    [post_quantities_count] => 0
    [date_range] => 2021-04-01 00:00:00 to 2022-02-18
    [days_count] => 324
    [user_id] => 5
    [comp_id] => 5
    [license_type] => FL-III
    [allowed_classes] => Array
        (
            [0] => W
            [1] => V
            [2] => F
            [3] => M
        )

    [end_date_day] => 18
    [closing_column] => DAY_18_CLOSING
    [end_date_month] => 2022-02
    [stock_filter] => > 0
    [daily_stock_table] => tbldailystock_5_02_22
    [table_suffix] => _02_22
    [current_month] => 2026-03
    [has_restrictions] => 
    [available_dates] => Array
        (
            [0] => 2021-04-01
            [1] => 2021-04-02
            [2] => 2021-04-03
            [3] => 2021-04-04
            [4] => 2021-04-05
            [5] => 2021-04-06
            [6] => 2021-04-07
            [7] => 2021-04-08
            [8] => 2021-04-09
            [9] => 2021-04-10
            [10] => 2021-04-11
            [11] => 2021-04-12
            [12] => 2021-04-13
            [13] => 2021-04-14
            [14] => 2021-04-15
            [15] => 2021-04-16
            [16] => 2021-04-17
            [17] => 2021-04-18
            [18] => 2021-04-19
            [19] => 2021-04-20
            [20] => 2021-04-21
            [21] => 2021-04-22
            [22] => 2021-04-23
            [23] => 2021-04-24
            [24] => 2021-04-25
            [25] => 2021-04-26
            [26] => 2021-04-27
            [27] => 2021-04-28
            [28] => 2021-04-29
            [29] => 2021-04-30
            [30] => 2021-05-01
            [31] => 2021-05-02
            [32] => 2021-05-03
            [33] => 2021-05-04
            [34] => 2021-05-05
            [35] => 2021-05-06
            [36] => 2021-05-07
            [37] => 2021-05-08
            [38] => 2021-05-09
            [39] => 2021-05-10
            [40] => 2021-05-11
            [41] => 2021-05-12
            [42] => 2021-05-13
            [43] => 2021-05-14
            [44] => 2021-05-15
            [45] => 2021-05-16
            [46] => 2021-05-17
            [47] => 2021-05-18
            [48] => 2021-05-19
            [49] => 2021-05-20
            [50] => 2021-05-21
            [51] => 2021-05-22
            [52] => 2021-05-23
            [53] => 2021-05-24
            [54] => 2021-05-25
            [55] => 2021-05-26
            [56] => 2021-05-27
            [57] => 2021-05-28
            [58] => 2021-05-29
            [59] => 2021-05-30
            [60] => 2021-05-31
            [61] => 2021-06-01
            [62] => 2021-06-02
            [63] => 2021-06-03
            [64] => 2021-06-04
            [65] => 2021-06-05
            [66] => 2021-06-06
            [67] => 2021-06-07
            [68] => 2021-06-08
            [69] => 2021-06-09
            [70] => 2021-06-10
            [71] => 2021-06-11
            [72] => 2021-06-12
            [73] => 2021-06-13
            [74] => 2021-06-14
            [75] => 2021-06-15
            [76] => 2021-06-16
            [77] => 2021-06-17
            [78] => 2021-06-18
            [79] => 2021-06-19
            [80] => 2021-06-20
            [81] => 2021-06-21
            [82] => 2021-06-22
            [83] => 2021-06-23
            [84] => 2021-06-24
            [85] => 2021-06-25
            [86] => 2021-06-26
            [87] => 2021-06-27
            [88] => 2021-06-28
            [89] => 2021-06-29
            [90] => 2021-06-30
            [91] => 2021-07-01
            [92] => 2021-07-02
            [93] => 2021-07-03
            [94] => 2021-07-04
            [95] => 2021-07-05
            [96] => 2021-07-06
            [97] => 2021-07-07
            [98] => 2021-07-08
            [99] => 2021-07-09
            [100] => 2021-07-10
            [101] => 2021-07-11
            [102] => 2021-07-12
            [103] => 2021-07-13
            [104] => 2021-07-14
            [105] => 2021-07-15
            [106] => 2021-07-16
            [107] => 2021-07-17
            [108] => 2021-07-18
            [109] => 2021-07-19
            [110] => 2021-07-20
            [111] => 2021-07-21
            [112] => 2021-07-22
            [113] => 2021-07-23
            [114] => 2021-07-24
            [115] => 2021-07-25
            [116] => 2021-07-26
            [117] => 2021-07-27
            [118] => 2021-07-28
            [119] => 2021-07-29
            [120] => 2021-07-30
            [121] => 2021-07-31
            [122] => 2021-08-01
            [123] => 2021-08-02
            [124] => 2021-08-03
            [125] => 2021-08-04
            [126] => 2021-08-05
            [127] => 2021-08-06
            [128] => 2021-08-07
            [129] => 2021-08-08
            [130] => 2021-08-09
            [131] => 2021-08-10
            [132] => 2021-08-11
            [133] => 2021-08-12
            [134] => 2021-08-13
            [135] => 2021-08-14
            [136] => 2021-08-15
            [137] => 2021-08-16
            [138] => 2021-08-17
            [139] => 2021-08-18
            [140] => 2021-08-19
            [141] => 2021-08-20
            [142] => 2021-08-21
            [143] => 2021-08-22
            [144] => 2021-08-23
            [145] => 2021-08-24
            [146] => 2021-08-25
            [147] => 2021-08-26
            [148] => 2021-08-27
            [149] => 2021-08-28
            [150] => 2021-08-29
            [151] => 2021-08-30
            [152] => 2021-08-31
            [153] => 2021-09-01
            [154] => 2021-09-02
            [155] => 2021-09-03
            [156] => 2021-09-04
            [157] => 2021-09-05
            [158] => 2021-09-06
            [159] => 2021-09-07
            [160] => 2021-09-08
            [161] => 2021-09-09
            [162] => 2021-09-10
            [163] => 2021-09-11
            [164] => 2021-09-12
            [165] => 2021-09-13
            [166] => 2021-09-14
            [167] => 2021-09-15
            [168] => 2021-09-16
            [169] => 2021-09-17
            [170] => 2021-09-18
            [171] => 2021-09-19
            [172] => 2021-09-20
            [173] => 2021-09-21
            [174] => 2021-09-22
            [175] => 2021-09-23
            [176] => 2021-09-24
            [177] => 2021-09-25
            [178] => 2021-09-26
            [179] => 2021-09-27
            [180] => 2021-09-28
            [181] => 2021-09-29
            [182] => 2021-09-30
            [183] => 2021-10-01
            [184] => 2021-10-02
            [185] => 2021-10-03
            [186] => 2021-10-04
            [187] => 2021-10-05
            [188] => 2021-10-06
            [189] => 2021-10-07
            [190] => 2021-10-08
            [191] => 2021-10-09
            [192] => 2021-10-10
            [193] => 2021-10-11
            [194] => 2021-10-12
            [195] => 2021-10-13
            [196] => 2021-10-14
            [197] => 2021-10-15
            [198] => 2021-10-16
            [199] => 2021-10-17
            [200] => 2021-10-18
            [201] => 2021-10-19
            [202] => 2021-10-20
            [203] => 2021-10-21
            [204] => 2021-10-22
            [205] => 2021-10-23
            [206] => 2021-10-24
            [207] => 2021-10-25
            [208] => 2021-10-26
            [209] => 2021-10-27
            [210] => 2021-10-28
            [211] => 2021-10-29
            [212] => 2021-10-30
            [213] => 2021-10-31
            [214] => 2021-11-01
            [215] => 2021-11-02
            [216] => 2021-11-03
            [217] => 2021-11-04
            [218] => 2021-11-05
            [219] => 2021-11-06
            [220] => 2021-11-07
            [221] => 2021-11-08
            [222] => 2021-11-09
            [223] => 2021-11-10
            [224] => 2021-11-11
            [225] => 2021-11-12
            [226] => 2021-11-13
            [227] => 2021-11-14
            [228] => 2021-11-15
            [229] => 2021-11-16
            [230] => 2021-11-17
            [231] => 2021-11-18
            [232] => 2021-11-19
            [233] => 2021-11-20
            [234] => 2021-11-21
            [235] => 2021-11-22
            [236] => 2021-11-23
            [237] => 2021-11-24
            [238] => 2021-11-25
            [239] => 2021-11-26
            [240] => 2021-11-27
            [241] => 2021-11-28
            [242] => 2021-11-29
            [243] => 2021-11-30
            [244] => 2021-12-01
            [245] => 2021-12-02
            [246] => 2021-12-03
            [247] => 2021-12-04
            [248] => 2021-12-05
            [249] => 2021-12-06
            [250] => 2021-12-07
            [251] => 2021-12-08
            [252] => 2021-12-09
            [253] => 2021-12-10
            [254] => 2021-12-11
            [255] => 2021-12-12
            [256] => 2021-12-13
            [257] => 2021-12-14
            [258] => 2021-12-15
            [259] => 2021-12-16
            [260] => 2021-12-17
            [261] => 2021-12-18
            [262] => 2021-12-19
            [263] => 2021-12-20
            [264] => 2021-12-21
            [265] => 2021-12-22
            [266] => 2021-12-23
            [267] => 2021-12-24
            [268] => 2021-12-25
            [269] => 2021-12-26
            [270] => 2021-12-27
            [271] => 2021-12-28
            [272] => 2021-12-29
            [273] => 2021-12-30
            [274] => 2021-12-31
            [275] => 2022-01-01
            [276] => 2022-01-02
            [277] => 2022-01-03
            [278] => 2022-01-04
            [279] => 2022-01-05
            [280] => 2022-01-06
            [281] => 2022-01-07
            [282] => 2022-01-08
            [283] => 2022-01-09
            [284] => 2022-01-10
            [285] => 2022-01-11
            [286] => 2022-01-12
            [287] => 2022-01-13
            [288] => 2022-01-14
            [289] => 2022-01-15
            [290] => 2022-01-16
            [291] => 2022-01-17
            [292] => 2022-01-18
            [293] => 2022-01-19
            [294] => 2022-01-20
            [295] => 2022-01-21
            [296] => 2022-01-22
            [297] => 2022-01-23
            [298] => 2022-01-24
            [299] => 2022-01-25
            [300] => 2022-01-26
            [301] => 2022-01-27
            [302] => 2022-01-28
            [303] => 2022-01-29
            [304] => 2022-01-30
            [305] => 2022-01-31
            [306] => 2022-02-01
            [307] => 2022-02-02
            [308] => 2022-02-03
            [309] => 2022-02-04
            [310] => 2022-02-05
            [311] => 2022-02-06
            [312] => 2022-02-07
            [313] => 2022-02-08
            [314] => 2022-02-09
            [315] => 2022-02-10
            [316] => 2022-02-11
            [317] => 2022-02-12
            [318] => 2022-02-13
            [319] => 2022-02-14
            [320] => 2022-02-15
            [321] => 2022-02-16
            [322] => 2022-02-17
            [323] => 2022-02-18
        )

    [unavailable_dates] => Array
        (
        )

    [dry_dates] => Array
        (
        )

    [latest_global_sale] => 
)

[2026-03-07 14:32:56] [INFO] === PAGE ACCESS ===
[2026-03-07 14:32:56] [INFO] Request method: GET
[2026-03-07 14:32:56] [INFO] Search term: 'SCMPL0009770'
[2026-03-07 14:32:56] [INFO] Current session ID: nkrp9ugu9svr83e3suktrrf5ut
[2026-03-07 14:32:56] [INFO] Final session quantities count: 0
[2026-03-07 14:32:56] [INFO] Items in current view: 1
[2026-03-07 14:32:56] [INFO] Sales Page Load Debug Info:
Array
(
    [total_items] => 1
    [current_page] => 1
    [total_pages] => 1
    [session_quantities_count] => 0
    [post_quantities_count] => 0
    [date_range] => 2021-04-01 00:00:00 to 2022-02-18
    [days_count] => 324
    [user_id] => 5
    [comp_id] => 5
    [license_type] => FL-III
    [allowed_classes] => Array
        (
            [0] => W
            [1] => V
            [2] => F
            [3] => M
        )

    [end_date_day] => 18
    [closing_column] => DAY_18_CLOSING
    [end_date_month] => 2022-02
    [stock_filter] => > 0
    [daily_stock_table] => tbldailystock_5_02_22
    [table_suffix] => _02_22
    [current_month] => 2026-03
    [has_restrictions] => 
    [available_dates] => Array
        (
            [0] => 2021-04-01
            [1] => 2021-04-02
            [2] => 2021-04-03
            [3] => 2021-04-04
            [4] => 2021-04-05
            [5] => 2021-04-06
            [6] => 2021-04-07
            [7] => 2021-04-08
            [8] => 2021-04-09
            [9] => 2021-04-10
            [10] => 2021-04-11
            [11] => 2021-04-12
            [12] => 2021-04-13
            [13] => 2021-04-14
            [14] => 2021-04-15
            [15] => 2021-04-16
            [16] => 2021-04-17
            [17] => 2021-04-18
            [18] => 2021-04-19
            [19] => 2021-04-20
            [20] => 2021-04-21
            [21] => 2021-04-22
            [22] => 2021-04-23
            [23] => 2021-04-24
            [24] => 2021-04-25
            [25] => 2021-04-26
            [26] => 2021-04-27
            [27] => 2021-04-28
            [28] => 2021-04-29
            [29] => 2021-04-30
            [30] => 2021-05-01
            [31] => 2021-05-02
            [32] => 2021-05-03
            [33] => 2021-05-04
            [34] => 2021-05-05
            [35] => 2021-05-06
            [36] => 2021-05-07
            [37] => 2021-05-08
            [38] => 2021-05-09
            [39] => 2021-05-10
            [40] => 2021-05-11
            [41] => 2021-05-12
            [42] => 2021-05-13
            [43] => 2021-05-14
            [44] => 2021-05-15
            [45] => 2021-05-16
            [46] => 2021-05-17
            [47] => 2021-05-18
            [48] => 2021-05-19
            [49] => 2021-05-20
            [50] => 2021-05-21
            [51] => 2021-05-22
            [52] => 2021-05-23
            [53] => 2021-05-24
            [54] => 2021-05-25
            [55] => 2021-05-26
            [56] => 2021-05-27
            [57] => 2021-05-28
            [58] => 2021-05-29
            [59] => 2021-05-30
            [60] => 2021-05-31
            [61] => 2021-06-01
            [62] => 2021-06-02
            [63] => 2021-06-03
            [64] => 2021-06-04
            [65] => 2021-06-05
            [66] => 2021-06-06
            [67] => 2021-06-07
            [68] => 2021-06-08
            [69] => 2021-06-09
            [70] => 2021-06-10
            [71] => 2021-06-11
            [72] => 2021-06-12
            [73] => 2021-06-13
            [74] => 2021-06-14
            [75] => 2021-06-15
            [76] => 2021-06-16
            [77] => 2021-06-17
            [78] => 2021-06-18
            [79] => 2021-06-19
            [80] => 2021-06-20
            [81] => 2021-06-21
            [82] => 2021-06-22
            [83] => 2021-06-23
            [84] => 2021-06-24
            [85] => 2021-06-25
            [86] => 2021-06-26
            [87] => 2021-06-27
            [88] => 2021-06-28
            [89] => 2021-06-29
            [90] => 2021-06-30
            [91] => 2021-07-01
            [92] => 2021-07-02
            [93] => 2021-07-03
            [94] => 2021-07-04
            [95] => 2021-07-05
            [96] => 2021-07-06
            [97] => 2021-07-07
            [98] => 2021-07-08
            [99] => 2021-07-09
            [100] => 2021-07-10
            [101] => 2021-07-11
            [102] => 2021-07-12
            [103] => 2021-07-13
            [104] => 2021-07-14
            [105] => 2021-07-15
            [106] => 2021-07-16
            [107] => 2021-07-17
            [108] => 2021-07-18
            [109] => 2021-07-19
            [110] => 2021-07-20
            [111] => 2021-07-21
            [112] => 2021-07-22
            [113] => 2021-07-23
            [114] => 2021-07-24
            [115] => 2021-07-25
            [116] => 2021-07-26
            [117] => 2021-07-27
            [118] => 2021-07-28
            [119] => 2021-07-29
            [120] => 2021-07-30
            [121] => 2021-07-31
            [122] => 2021-08-01
            [123] => 2021-08-02
            [124] => 2021-08-03
            [125] => 2021-08-04
            [126] => 2021-08-05
            [127] => 2021-08-06
            [128] => 2021-08-07
            [129] => 2021-08-08
            [130] => 2021-08-09
            [131] => 2021-08-10
            [132] => 2021-08-11
            [133] => 2021-08-12
            [134] => 2021-08-13
            [135] => 2021-08-14
            [136] => 2021-08-15
            [137] => 2021-08-16
            [138] => 2021-08-17
            [139] => 2021-08-18
            [140] => 2021-08-19
            [141] => 2021-08-20
            [142] => 2021-08-21
            [143] => 2021-08-22
            [144] => 2021-08-23
            [145] => 2021-08-24
            [146] => 2021-08-25
            [147] => 2021-08-26
            [148] => 2021-08-27
            [149] => 2021-08-28
            [150] => 2021-08-29
            [151] => 2021-08-30
            [152] => 2021-08-31
            [153] => 2021-09-01
            [154] => 2021-09-02
            [155] => 2021-09-03
            [156] => 2021-09-04
            [157] => 2021-09-05
            [158] => 2021-09-06
            [159] => 2021-09-07
            [160] => 2021-09-08
            [161] => 2021-09-09
            [162] => 2021-09-10
            [163] => 2021-09-11
            [164] => 2021-09-12
            [165] => 2021-09-13
            [166] => 2021-09-14
            [167] => 2021-09-15
            [168] => 2021-09-16
            [169] => 2021-09-17
            [170] => 2021-09-18
            [171] => 2021-09-19
            [172] => 2021-09-20
            [173] => 2021-09-21
            [174] => 2021-09-22
            [175] => 2021-09-23
            [176] => 2021-09-24
            [177] => 2021-09-25
            [178] => 2021-09-26
            [179] => 2021-09-27
            [180] => 2021-09-28
            [181] => 2021-09-29
            [182] => 2021-09-30
            [183] => 2021-10-01
            [184] => 2021-10-02
            [185] => 2021-10-03
            [186] => 2021-10-04
            [187] => 2021-10-05
            [188] => 2021-10-06
            [189] => 2021-10-07
            [190] => 2021-10-08
            [191] => 2021-10-09
            [192] => 2021-10-10
            [193] => 2021-10-11
            [194] => 2021-10-12
            [195] => 2021-10-13
            [196] => 2021-10-14
            [197] => 2021-10-15
            [198] => 2021-10-16
            [199] => 2021-10-17
            [200] => 2021-10-18
            [201] => 2021-10-19
            [202] => 2021-10-20
            [203] => 2021-10-21
            [204] => 2021-10-22
            [205] => 2021-10-23
            [206] => 2021-10-24
            [207] => 2021-10-25
            [208] => 2021-10-26
            [209] => 2021-10-27
            [210] => 2021-10-28
            [211] => 2021-10-29
            [212] => 2021-10-30
            [213] => 2021-10-31
            [214] => 2021-11-01
            [215] => 2021-11-02
            [216] => 2021-11-03
            [217] => 2021-11-04
            [218] => 2021-11-05
            [219] => 2021-11-06
            [220] => 2021-11-07
            [221] => 2021-11-08
            [222] => 2021-11-09
            [223] => 2021-11-10
            [224] => 2021-11-11
            [225] => 2021-11-12
            [226] => 2021-11-13
            [227] => 2021-11-14
            [228] => 2021-11-15
            [229] => 2021-11-16
            [230] => 2021-11-17
            [231] => 2021-11-18
            [232] => 2021-11-19
            [233] => 2021-11-20
            [234] => 2021-11-21
            [235] => 2021-11-22
            [236] => 2021-11-23
            [237] => 2021-11-24
            [238] => 2021-11-25
            [239] => 2021-11-26
            [240] => 2021-11-27
            [241] => 2021-11-28
            [242] => 2021-11-29
            [243] => 2021-11-30
            [244] => 2021-12-01
            [245] => 2021-12-02
            [246] => 2021-12-03
            [247] => 2021-12-04
            [248] => 2021-12-05
            [249] => 2021-12-06
            [250] => 2021-12-07
            [251] => 2021-12-08
            [252] => 2021-12-09
            [253] => 2021-12-10
            [254] => 2021-12-11
            [255] => 2021-12-12
            [256] => 2021-12-13
            [257] => 2021-12-14
            [258] => 2021-12-15
            [259] => 2021-12-16
            [260] => 2021-12-17
            [261] => 2021-12-18
            [262] => 2021-12-19
            [263] => 2021-12-20
            [264] => 2021-12-21
            [265] => 2021-12-22
            [266] => 2021-12-23
            [267] => 2021-12-24
            [268] => 2021-12-25
            [269] => 2021-12-26
            [270] => 2021-12-27
            [271] => 2021-12-28
            [272] => 2021-12-29
            [273] => 2021-12-30
            [274] => 2021-12-31
            [275] => 2022-01-01
            [276] => 2022-01-02
            [277] => 2022-01-03
            [278] => 2022-01-04
            [279] => 2022-01-05
            [280] => 2022-01-06
            [281] => 2022-01-07
            [282] => 2022-01-08
            [283] => 2022-01-09
            [284] => 2022-01-10
            [285] => 2022-01-11
            [286] => 2022-01-12
            [287] => 2022-01-13
            [288] => 2022-01-14
            [289] => 2022-01-15
            [290] => 2022-01-16
            [291] => 2022-01-17
            [292] => 2022-01-18
            [293] => 2022-01-19
            [294] => 2022-01-20
            [295] => 2022-01-21
            [296] => 2022-01-22
            [297] => 2022-01-23
            [298] => 2022-01-24
            [299] => 2022-01-25
            [300] => 2022-01-26
            [301] => 2022-01-27
            [302] => 2022-01-28
            [303] => 2022-01-29
            [304] => 2022-01-30
            [305] => 2022-01-31
            [306] => 2022-02-01
            [307] => 2022-02-02
            [308] => 2022-02-03
            [309] => 2022-02-04
            [310] => 2022-02-05
            [311] => 2022-02-06
            [312] => 2022-02-07
            [313] => 2022-02-08
            [314] => 2022-02-09
            [315] => 2022-02-10
            [316] => 2022-02-11
            [317] => 2022-02-12
            [318] => 2022-02-13
            [319] => 2022-02-14
            [320] => 2022-02-15
            [321] => 2022-02-16
            [322] => 2022-02-17
            [323] => 2022-02-18
        )

    [unavailable_dates] => Array
        (
        )

    [dry_dates] => Array
        (
        )

    [latest_global_sale] => 
)

